    Checking boardstudio-web v0.1.0 (/home/chris/.local/share/boardstudio/worktrees/migration-m1-continuation-20261001/web)
error: this function has too many arguments (9/7)
   --> src/presentation/keymap/binding_controller.rs:454:1
    |
454 | / pub(in crate::presentation) fn use_binding_operations(
455 | |     runtime: Rc<Runtime>,
456 | |     source: Option<LayerSource>,
457 | |     view: Option<Rc<KeymapView>>,
...   |
463 | |     admission_current: Rc<dyn Fn() -> bool>,
464 | | ) -> BindingActions {
    | |___________________^
    |
    = help: for further information visit https://rust-lang.github.io/rust-clippy/rust-1.98.0/index.html#too_many_arguments
    = note: `-D clippy::too-many-arguments` implied by `-D warnings`
    = help: to override `-D warnings` add `#[allow(clippy::too_many_arguments)]`

error: this function has too many arguments (8/7)
   --> src/presentation/keymap/binding_controller.rs:945:1
    |
945 | / fn current_binding_for_request(
946 | |     snapshot: &AcceptedSnapshot,
947 | |     request: &BindingEditRequest,
948 | |     active_layer_id: &str,
...   |
953 | |     require_exact_input_identity: bool,
954 | | ) -> Option<BindingEditorProjection> {
    | |____________________________________^
    |
    = help: for further information visit https://rust-lang.github.io/rust-clippy/rust-1.98.0/index.html#too_many_arguments

error: could not compile `boardstudio-web` (bin "boardstudio-web") due to 2 previous errors
warning: build failed, waiting for other jobs to finish...
error: could not compile `boardstudio-web` (bin "boardstudio-web" test) due to 2 previous errors
