warning: function `validate_prepared` is never used
   --> src/cad_jobs.rs:399:4
    |
399 | fn validate_prepared(
    |    ^^^^^^^^^^^^^^^^^
    |
    = note: `#[warn(dead_code)]` (part of `#[warn(unused)]`) on by default

warning: function `effective_case_inputs` is never used
   --> src/cad_jobs.rs:427:4
    |
427 | fn effective_case_inputs(
    |    ^^^^^^^^^^^^^^^^^^^^^

warning: function `effective_instance_configuration` is never used
   --> src/cad_jobs.rs:527:4
    |
527 | fn effective_instance_configuration(
    |    ^^^^^^^^^^^^^^^^^^^^^^^^^^^^^^^^

warning: function `mechanical_defaults` is never used
   --> src/cad_jobs.rs:604:4
    |
604 | fn mechanical_defaults(
    |    ^^^^^^^^^^^^^^^^^^^

warning: function `preparation_request` is never used
   --> src/cad_jobs.rs:715:4
    |
715 | fn preparation_request(
    |    ^^^^^^^^^^^^^^^^^^^

warning: `boardstudio-web` (lib) generated 5 warnings
    Finished `dev` profile [unoptimized + debuginfo] target(s) in 0.08s
Reference mechanical presets: 8 copied-fixture/board/settings cases passed.
