warning: struct `ArchiveOptionCaptures` is never constructed
  --> src/archive_export.rs:14:19
   |
14 | pub(crate) struct ArchiveOptionCaptures(BTreeMap<OperationId, bool>);
   |                   ^^^^^^^^^^^^^^^^^^^^^
   |
   = note: `#[warn(dead_code)]` (part of `#[warn(unused)]`) on by default

warning: methods `capture`, `take`, and `remove` are never used
  --> src/archive_export.rs:17:19
   |
16 | impl ArchiveOptionCaptures {
   | -------------------------- methods in this implementation
17 |     pub(crate) fn capture(&mut self, operation: OperationId, embed_used_models: bool) {
   |                   ^^^^^^^
...
21 |     pub(crate) fn take(&mut self, operation: OperationId) -> Option<bool> {
   |                   ^^^^
...
25 |     pub(crate) fn remove(&mut self, operation: OperationId) {
   |                   ^^^^^^

warning: struct `ArchiveExportOptions` is never constructed
  --> src/archive_export.rs:33:19
   |
33 | pub(crate) struct ArchiveExportOptions {
   |                   ^^^^^^^^^^^^^^^^^^^^

warning: methods `embed_used_models`, `set_embed_used_models`, `begin_archive`, `settle`, `cancel`, and `dispatch` are never used
  --> src/archive_export.rs:48:19
   |
47 | impl ArchiveExportOptions {
   | ------------------------- methods in this implementation
48 |     pub(crate) fn embed_used_models(&self) -> bool {
   |                   ^^^^^^^^^^^^^^^^^
...
52 |     pub(crate) fn set_embed_used_models(&self, value: bool) -> bool {
   |                   ^^^^^^^^^^^^^^^^^^^^^
...
56 |     pub(crate) fn begin_archive(&self, operation: OperationId) {
   |                   ^^^^^^^^^^^^^
...
62 |     pub(crate) fn settle(&self, operation: OperationId) {
   |                   ^^^^^^
...
66 |     pub(crate) fn cancel(&self, operation: OperationId) {
   |                   ^^^^^^
...
72 |     pub(crate) fn dispatch<T>(
   |                   ^^^^^^^^

warning: function `archive_filename` is never used
  --> src/archive_export.rs:94:15
   |
94 | pub(crate) fn archive_filename(accepted_project_name: &str) -> String {
   |               ^^^^^^^^^^^^^^^^

warning: struct `BundledModel` is never constructed
 --> src/bundled_models.rs:2:19
  |
2 | pub(crate) struct BundledModel {
  |                   ^^^^^^^^^^^^

warning: static `BUNDLED_MODELS` is never used
 --> /home/chris/.local/share/boardstudio/worktrees/keymap08-runtime-mime-join-20261002/web/target/debug/build/boardstudio-web-48013cb2a9dbe4b5/out/bundled_ergogen_models.rs:1:19
  |
1 | pub(super) static BUNDLED_MODELS: &[BundledModel] = &[
  |                   ^^^^^^^^^^^^^^

warning: function `bundled_model` is never used
  --> src/bundled_models.rs:12:15
   |
12 | pub(crate) fn bundled_model(id: &str) -> Option<&'static BundledModel> {
   |               ^^^^^^^^^^^^^

warning: struct `PreparedArchive` is never constructed
 --> src/portable_archive.rs:5:19
  |
5 | pub(crate) struct PreparedArchive {
  |                   ^^^^^^^^^^^^^^^

warning: function `prepare_archive` is never used
  --> src/portable_archive.rs:10:15
   |
10 | pub(crate) fn prepare_archive(
   |               ^^^^^^^^^^^^^^^

warning: function `hex_digest` is never used
  --> src/portable_archive.rs:98:4
   |
98 | fn hex_digest(bytes: &[u8]) -> String {
   |    ^^^^^^^^^^

warning: function `referenced_models` is never used
   --> src/portable_archive.rs:110:15
    |
110 | pub(crate) fn referenced_models(
    |               ^^^^^^^^^^^^^^^^^

   Compiling boardstudio-web v0.1.0 (/home/chris/.local/share/boardstudio/worktrees/firmware-adapter-parity-repair-20261002/web)
warning: `boardstudio-web` (bin "boardstudio-web") generated 12 warnings
    Finished `test` profile [unoptimized + debuginfo] target(s) in 1.56s
     Running tests/firmware_request_adapter.rs (/home/chris/.local/share/boardstudio/worktrees/keymap08-runtime-mime-join-20261002/web/target/debug/deps/firmware_request_adapter-bb903ec0b7e194be)

running 7 tests
test matrix_and_direct_plans_keep_scan_rows_keys_and_bindings ... ok
test module_diagnostics_are_forwarded_while_other_plan_errors_block_export ... ok
test mixed_encoder_profile_failure_is_not_replaced_by_empty_peripheral_overlays ... ok
test peripheral_helper_emits_source_verified_display_overlay_and_config ... ok
test legacy_encoder_uses_resolved_c_terminal_and_shared_sensor_overlay_order ... ok
test split_wired_request_preserves_peripheral_offset_and_reverses_uart ... ok
test split_profiled_encoders_keep_each_plans_identity_and_gpio ... ok

test result: ok. 7 passed; 0 failed; 0 ignored; 0 measured; 0 filtered out; finished in 0.00s

