warning: struct `ArchiveOptionCaptures` is never constructed
  --> src/archive_export.rs:14:19
   |
14 | pub(crate) struct ArchiveOptionCaptures(BTreeMap<OperationId, bool>);
   |                   ^^^^^^^^^^^^^^^^^^^^^
   |
   = note: `#[warn(dead_code)]` (part of `#[warn(unused)]`) on by default

warning: methods `capture`, `take`, and `remove` are never used
  --> src/archive_export.rs:17:19
   |
16 | impl ArchiveOptionCaptures {
   | -------------------------- methods in this implementation
17 |     pub(crate) fn capture(&mut self, operation: OperationId, embed_used_models: bool) {
   |                   ^^^^^^^
...
21 |     pub(crate) fn take(&mut self, operation: OperationId) -> Option<bool> {
   |                   ^^^^
...
25 |     pub(crate) fn remove(&mut self, operation: OperationId) {
   |                   ^^^^^^

warning: struct `ArchiveExportOptions` is never constructed
  --> src/archive_export.rs:33:19
   |
33 | pub(crate) struct ArchiveExportOptions {
   |                   ^^^^^^^^^^^^^^^^^^^^

warning: methods `embed_used_models`, `set_embed_used_models`, `begin_archive`, `settle`, `cancel`, and `dispatch` are never used
  --> src/archive_export.rs:48:19
   |
47 | impl ArchiveExportOptions {
   | ------------------------- methods in this implementation
48 |     pub(crate) fn embed_used_models(&self) -> bool {
   |                   ^^^^^^^^^^^^^^^^^
...
52 |     pub(crate) fn set_embed_used_models(&self, value: bool) -> bool {
   |                   ^^^^^^^^^^^^^^^^^^^^^
...
56 |     pub(crate) fn begin_archive(&self, operation: OperationId) {
   |                   ^^^^^^^^^^^^^
...
62 |     pub(crate) fn settle(&self, operation: OperationId) {
   |                   ^^^^^^
...
66 |     pub(crate) fn cancel(&self, operation: OperationId) {
   |                   ^^^^^^
...
72 |     pub(crate) fn dispatch<T>(
   |                   ^^^^^^^^

warning: function `archive_filename` is never used
  --> src/archive_export.rs:94:15
   |
94 | pub(crate) fn archive_filename(accepted_project_name: &str) -> String {
   |               ^^^^^^^^^^^^^^^^

warning: struct `BundledModel` is never constructed
 --> src/bundled_models.rs:2:19
  |
2 | pub(crate) struct BundledModel {
  |                   ^^^^^^^^^^^^

warning: static `BUNDLED_MODELS` is never used
 --> /home/chris/.local/share/boardstudio/worktrees/keymap08-runtime-mime-join-20261002/web/target/debug/build/boardstudio-web-48013cb2a9dbe4b5/out/bundled_ergogen_models.rs:1:19
  |
1 | pub(super) static BUNDLED_MODELS: &[BundledModel] = &[
  |                   ^^^^^^^^^^^^^^

warning: function `bundled_model` is never used
  --> src/bundled_models.rs:12:15
   |
12 | pub(crate) fn bundled_model(id: &str) -> Option<&'static BundledModel> {
   |               ^^^^^^^^^^^^^

warning: struct `PreparedArchive` is never constructed
 --> src/portable_archive.rs:5:19
  |
5 | pub(crate) struct PreparedArchive {
  |                   ^^^^^^^^^^^^^^^

warning: function `prepare_archive` is never used
  --> src/portable_archive.rs:10:15
   |
10 | pub(crate) fn prepare_archive(
   |               ^^^^^^^^^^^^^^^

warning: function `hex_digest` is never used
  --> src/portable_archive.rs:98:4
   |
98 | fn hex_digest(bytes: &[u8]) -> String {
   |    ^^^^^^^^^^

warning: function `referenced_models` is never used
   --> src/portable_archive.rs:110:15
    |
110 | pub(crate) fn referenced_models(
    |               ^^^^^^^^^^^^^^^^^

   Compiling boardstudio-web v0.1.0 (/home/chris/.local/share/boardstudio/worktrees/firmware-adapter-parity-repair-20261002/web)
warning: `boardstudio-web` (bin "boardstudio-web") generated 12 warnings
    Finished `test` profile [unoptimized + debuginfo] target(s) in 1.66s
     Running tests/firmware_request_adapter.rs (/home/chris/.local/share/boardstudio/worktrees/keymap08-runtime-mime-join-20261002/web/target/debug/deps/firmware_request_adapter-bb903ec0b7e194be)

running 7 tests
test legacy_encoder_uses_resolved_c_terminal_and_shared_sensor_overlay_order ... FAILED
test module_diagnostics_are_forwarded_while_other_plan_errors_block_export ... ok
test peripheral_helper_emits_source_verified_display_overlay_and_config ... ok
test matrix_and_direct_plans_keep_scan_rows_keys_and_bindings ... ok
test split_wired_request_preserves_peripheral_offset_and_reverses_uart ... ok
test mixed_encoder_profile_failure_is_not_replaced_by_empty_peripheral_overlays ... FAILED
test split_profiled_encoders_keep_each_plans_identity_and_gpio ... FAILED

failures:

---- legacy_encoder_uses_resolved_c_terminal_and_shared_sensor_overlay_order stdout ----

thread 'legacy_encoder_uses_resolved_c_terminal_and_shared_sensor_overlay_order' (2877801) panicked at tests/firmware_request_adapter.rs:376:6:
source-matched legacy C terminal is supported: "No resolved GPIO for peripheral function left-knob/encoder/C"
note: run with `RUST_BACKTRACE=1` environment variable to display a backtrace

---- mixed_encoder_profile_failure_is_not_replaced_by_empty_peripheral_overlays stdout ----

thread 'mixed_encoder_profile_failure_is_not_replaced_by_empty_peripheral_overlays' (2877803) panicked at tests/firmware_request_adapter.rs:346:10:
React throws when the outer peripheral legacy overlay cannot be built: (FirmwareRequest { qualification: Some(FirmwareQualification { board_id: "left", parts: [] }), hardware: Some(FirmwareHardware { board_id: "left", physical_instance_id: Some("left-half"), modules: [], physical_instances: [], module_findings: [], embedded_circuit_ids: [] }), encoders: [], keymap: None, encoder_ids: ["left-knob", "right-knob"], controller_profile: "ceoloide/mcu_nice_nano", board_name: "left", rows: [ScanPin { terminal: "ROW0", gpio: "P0.31" }], columns: [ScanPin { terminal: "COL0", gpio: "P0.29" }], keys: [FirmwareKey { id: "left/SW1", row: 0, column: 0 }], diode_direction: "col2row", mode: Matrix, direct_pins: [], auxiliary_pins: [], key_bindings: ["&kp A"], peripheral_config: ["CONFIG_EC11=y", "CONFIG_EC11_TRIGGER_GLOBAL_THREAD=y"], transport: None, uart_tx: None, uart_rx: None, peripheral_overlays: ["/ { encoder_6c6566742d6b6e6f62: encoder_6c6566742d6b6e6f62 { compatible = \"alps,ec11\"; status = \"okay\"; a-gpios = <&gpio0 2 (GPIO_ACTIVE_HIGH | GPIO_PULL_UP)>; b-gpios = <&gpio0 3 (GPIO_ACTIVE_HIGH | GPIO_PULL_UP)>; steps = <80>; }; };", "/ { encoder_72696768742d6b6e6f62: encoder_72696768742d6b6e6f62 { compatible = \"alps,ec11\"; status = \"disabled\"; }; };", "/ { sensors { compatible = \"zmk,keymap-sensors\"; sensors = <&encoder_6c6566742d6b6e6f62 &encoder_72696768742d6b6e6f62>; triggers-per-rotation = <20>; }; };"], peripheral: Some(FirmwareRequest { qualification: Some(FirmwareQualification { board_id: "left", parts: [] }), hardware: Some(FirmwareHardware { board_id: "left", physical_instance_id: Some("left-half"), modules: [], physical_instances: [], module_findings: [], embedded_circuit_ids: [] }), encoders: [FirmwareEncoder { id: "right-knob", profile: RotaryProfile { a: "A", b: "D", common: "common", steps: Some(24), triggers_per_rotation: Some(4), driver: Some(Ec11) }, a_gpio: "P0.12", b_gpio: "P0.13" }], keymap: None, encoder_ids: ["right-knob"], controller_profile: "ceoloide/mcu_nice_nano", board_name: "left", rows: [ScanPin { terminal: "ROW0", gpio: "P0.31" }], columns: [ScanPin { terminal: "COL0", gpio: "P0.29" }], keys: [FirmwareKey { id: "left/SW1", row: 0, column: 0 }], diode_direction: "col2row", mode: Matrix, direct_pins: [], auxiliary_pins: [], key_bindings: ["&kp A"], peripheral_config: [], transport: None, uart_tx: None, uart_rx: None, peripheral_overlays: [], peripheral: None, matrix_row_offset: 1 }), matrix_row_offset: 0 }, [])

---- split_profiled_encoders_keep_each_plans_identity_and_gpio stdout ----

thread 'split_profiled_encoders_keep_each_plans_identity_and_gpio' (2877806) panicked at tests/firmware_request_adapter.rs:299:9:
assertion `left == right` failed: central sensor membership must match React's current-plan projection
  left: ["left-knob", "right-knob"]
 right: ["left-knob"]


failures:
    legacy_encoder_uses_resolved_c_terminal_and_shared_sensor_overlay_order
    mixed_encoder_profile_failure_is_not_replaced_by_empty_peripheral_overlays
    split_profiled_encoders_keep_each_plans_identity_and_gpio

test result: FAILED. 4 passed; 3 failed; 0 ignored; 0 measured; 0 filtered out; finished in 0.00s

error: test failed, to rerun pass `--test firmware_request_adapter`
