   Compiling boardstudio-web v0.1.0 (/home/chris/.local/share/boardstudio/worktrees/layout-outline-navigation-20261002/web)
    Finished `test` profile [unoptimized + debuginfo] target(s) in 2.38s
     Running tests/outline_lifecycle.rs (web/target/debug/deps/outline_lifecycle-1c24cc6e92e7f409)

running 14 tests
test operation_outcomes::tests::dropped_view_and_unrelated_completion_do_not_acknowledge_current_view ... ok
test operation_outcomes::tests::identical_session_rejections_settle_their_own_operations ... ok
test presentation::outline_lifecycle::lifecycle_tests::different_context_hides_inspector_and_rejects_retained_copy ... ok
test presentation::outline_lifecycle::lifecycle_tests::completed_old_epoch_retires_before_replacement_readiness ... ok
test presentation::outline_lifecycle::lifecycle_tests::activation_retains_observed_slot_after_editor_unmount ... FAILED
test presentation::outline_lifecycle::lifecycle_tests::completed_without_accepted_snapshot_retires_before_reopen ... ok
test presentation::outline_lifecycle::lifecycle_tests::activation_rejects_stale_rendered_token ... FAILED
test presentation::outline_lifecycle::lifecycle_tests::stale_rendered_copy_generation_is_rejected_after_callback_refresh ... ok
test presentation::outline_lifecycle::lifecycle_tests::completed_current_source_in_recovery_retires_with_failure ... ok
test presentation::outline_lifecycle::lifecycle_tests::stale_rendered_delete_generation_is_rejected_after_callback_refresh ... ok
test presentation::outline_lifecycle::lifecycle_tests::hidden_inspector_retains_exact_success_until_same_owner_returns ... ok
test presentation::outline_lifecycle::lifecycle_tests::admitted_outcome_survives_editor_unmount_until_terminal ... ok
test presentation::outline_lifecycle::lifecycle_tests::activation_requires_saved_source ... FAILED
test presentation::outline_lifecycle::lifecycle_tests::exact_rejection_allows_fresh_operation_retry ... ok

failures:

---- presentation::outline_lifecycle::lifecycle_tests::activation_retains_observed_slot_after_editor_unmount stdout ----

thread 'presentation::outline_lifecycle::lifecycle_tests::activation_retains_observed_slot_after_editor_unmount' (2658970) panicked at tests/support/../../src/presentation/outline_lifecycle_tests.rs:50:9:
exact admitted observer must survive Editor unmount
note: run with `RUST_BACKTRACE=1` environment variable to display a backtrace

---- presentation::outline_lifecycle::lifecycle_tests::activation_rejects_stale_rendered_token stdout ----

thread 'presentation::outline_lifecycle::lifecycle_tests::activation_rejects_stale_rendered_token' (2658968) panicked at tests/support/../../src/presentation/outline_lifecycle_tests.rs:326:5:
assertion `left == right` failed
  left: 1
 right: 0

---- presentation::outline_lifecycle::lifecycle_tests::activation_requires_saved_source stdout ----

thread 'presentation::outline_lifecycle::lifecycle_tests::activation_requires_saved_source' (2658969) panicked at tests/support/../../src/presentation/outline_lifecycle_tests.rs:315:5:
assertion `left == right` failed
  left: 1
 right: 0


failures:
    presentation::outline_lifecycle::lifecycle_tests::activation_rejects_stale_rendered_token
    presentation::outline_lifecycle::lifecycle_tests::activation_requires_saved_source
    presentation::outline_lifecycle::lifecycle_tests::activation_retains_observed_slot_after_editor_unmount

test result: FAILED. 11 passed; 3 failed; 0 ignored; 0 measured; 0 filtered out; finished in 0.00s

error: test failed, to rerun pass `--test outline_lifecycle`
