warning: variant `Row` is never constructed
  --> tests/support/../../src/presentation/objects/tree.rs:83:5
   |
81 | pub(super) enum Grouping {
   |                 -------- variant in this enum
82 |     Column,
83 |     Row,
   |     ^^^
   |
   = note: `Grouping` has derived impls for the traits `Debug` and `Clone`, but these are intentionally ignored during dead code analysis
   = note: `#[warn(dead_code)]` (part of `#[warn(unused)]`) on by default

warning: associated function `from_storage` is never used
  --> tests/support/../../src/presentation/objects/tree.rs:87:12
   |
86 | impl Grouping {
   | ------------- associated function in this implementation
87 |     pub fn from_storage(value: Option<String>) -> Self {
   |            ^^^^^^^^^^^^

warning: function `default_disclosures` is never used
   --> tests/support/../../src/presentation/objects/tree.rs:118:15
    |
118 | pub(super) fn default_disclosures(document: &ProjectDoc, board_id: &str) -> BTreeSet<String> {
    |               ^^^^^^^^^^^^^^^^^^^

warning: function `matrix_for_board` is never used
   --> tests/support/../../src/presentation/objects/tree.rs:861:4
    |
861 | fn matrix_for_board<'a>(
    |    ^^^^^^^^^^^^^^^^

warning: function `resolve_selection` is never used
   --> tests/support/../../src/presentation/objects/tree.rs:885:15
    |
885 | pub(super) fn resolve_selection(
    |               ^^^^^^^^^^^^^^^^^

warning: function `context_for_part` is never used
    --> tests/support/../../src/presentation/objects/tree.rs:1118:15
     |
1118 | pub(super) fn context_for_part(
     |               ^^^^^^^^^^^^^^^^

warning: function `context_for_cell` is never used
    --> tests/support/../../src/presentation/objects/tree.rs:1192:15
     |
1192 | pub(super) fn context_for_cell(
     |               ^^^^^^^^^^^^^^^^

warning: function `context_label` is never used
    --> tests/support/../../src/presentation/objects/tree.rs:1233:15
     |
1233 | pub(super) fn context_label(
     |               ^^^^^^^^^^^^^

   Compiling boardstudio-web v0.1.0 (/home/chris/.local/share/boardstudio/worktrees/layout-outline-navigation-20261002/web)
warning: `boardstudio-web` (test "outline_tree") generated 8 warnings
    Finished `test` profile [unoptimized + debuginfo] target(s) in 1.02s
     Running unittests src/lib.rs (web/target/debug/deps/boardstudio_web-76821323ab88a8f3)

running 12 tests
test cad_jobs::tests::cad_revision_boundary_rejects_values_that_would_lose_integer_identity ... ok
test persistence_contract::tests::rejects_unsafe_json_integer_values_before_indexeddb_serialization ... ok
test offline::tests::path_hex_encoding_separates_root_and_subpath_cache_names ... ok
test cad_jobs::tests::exact_accepts_public_case_payload_without_optional_bounds ... ok
test cad_jobs::tests::completed_cad_reply_requires_current_operation_and_valid_payload ... ok
test cad_jobs::tests::scope_or_scene_revision_mismatch_is_rejected_before_core_work ... ok
test persistence_contract::tests::allows_safe_json_integer_values ... ok
test persistence_contract::tests::asset_sha256_matches_standard_digest ... ok
test offline::tests::validates_complete_normalized_manifest ... ok
test cad_jobs::tests::captured_document_and_scene_prepare_through_the_public_core_provider ... ok
test cad_jobs::tests::flipped_instance_reflects_only_its_board_parts_and_scene_transform ... ok
test core_protocol::tests::text_frame_preserves_full_u64_revision_without_a_js_number_round_trip ... ok

test result: ok. 12 passed; 0 failed; 0 ignored; 0 measured; 0 filtered out; finished in 0.00s

     Running unittests src/main.rs (web/target/debug/deps/boardstudio_web-0dcc001240dd1db6)

running 36 tests
test firmware_position_projection::tests::exact_outcome_waits_across_revision_and_save_then_confirms_latest_value ... ok
test firmware_position_projection::tests::persistence_failure_keeps_accepted_value_and_moved_target_suppresses_feedback ... ok
test closure_clearance::tests::key_rounding_matches_javascript_fixed_decimal_behavior ... ok
test footprint_forms::tests::projects_nested_graphics_into_pad_coordinates_and_decodes_text ... ok
test footprint_forms::tests::projects_native_and_legacy_arcs_and_nested_keepouts ... ok
test case_display::tests::partial_reference_alias_colors_remain_resettable ... ok
test case_display::tests::pcb_color_reads_reference_alias_and_changes_or_resets_all_aliases ... ok
test case_display::tests::gasket_upper_lower_share_color_without_changing_visibility ... ok
test mechanical_feedback::tests::rejected_request_reaches_its_field_while_older_request_is_pending ... ok
test case_generation_admission::tests::unconfigured_unready_physical_scope_disables_case_generation ... ok
test instance_selection::tests::fallback_uses_board_order_without_requiring_mechanical_configuration ... ok
test instance_selection::tests::board_fallback_does_not_replace_explicit_preference ... ok
test instance_selection::tests::restored_instance_recovers_preference_and_reopen_resets_it ... ok
test mechanical_feedback::tests::failed_feedback_survives_token_advance_and_unrelated_field_change ... ok
test mechanical_feedback::tests::saved_feedback_is_hidden_after_undo_changes_its_field_again ... ok
test closure_clearance::tests::positive_and_negative_zero_deduplicate_to_one_js_compatible_key ... ok
test mechanical_feedback::tests::summary_relevance_tracks_its_field_not_unrelated_configuration_values ... ok
test operation_outcomes::tests::dropped_view_and_unrelated_completion_do_not_acknowledge_current_view ... ok
test closure_clearance::tests::screw_clearance_uses_hole_diameter_and_empty_mounts_remove_owned_projection ... ok
test closure_clearance::tests::projects_canonical_and_flipped_instance_union_and_preserves_other_parts ... ok
test instance_selection::tests::automatic_navigation_waits_for_real_session_open_and_save ... ok
test operation_outcomes::tests::identical_session_rejections_settle_their_own_operations ... ok
test physical_setup::tests::new_physical_instances_use_the_existing_mechanical_defaults_factory ... ok
test physical_setup::tests::topology_noop_and_invalid_transport_are_rejected_without_changing_input ... ok
test physical_setup::tests::topology_falls_back_to_board_matching_primary_and_resolved_mechanics_for_shared_construction ... ok
test closure_clearance::tests::safe_mh_reference_and_output_count_boundaries_remain_allocatable ... ok
test physical_setup::tests::reversible_changes_document_flag_and_only_eligible_existing_part_overrides ... ok
test physical_setup::tests::topology_uses_matching_canonical_board_mechanics_before_the_defaults_factory ... ok
test renderer_host_source_sync::private_page_host_matches_normalized_library_host ... ok
test physical_setup::tests::topology_preserves_flipped_primary_and_shared_construction_and_adds_reversible_secondary ... ok
test physical_setup::tests::transport_changes_only_the_transport_field ... ok
test closure_clearance::tests::unsafe_or_exhausted_mh_references_fail_before_any_core_edit ... ok
test firmware_position_projection::tests::current_real_plan_preserves_matrix_order_labels_and_selected_board_bindings ... ok
test firmware_position_projection::tests::lifecycle_and_mismatched_plan_never_look_like_current_empty_inputs ... ok
test firmware_position_projection::tests::settled_feedback_survives_plan_refresh_but_not_target_or_key_changes ... ok
test firmware_position_projection::tests::admission_and_exact_session_core_outcome_follow_the_accepted_board ... ok

test result: ok. 36 passed; 0 failed; 0 ignored; 0 measured; 0 filtered out; finished in 0.07s

     Running tests/keycaps_fit_lifecycle.rs (web/target/debug/deps/keycaps_fit_lifecycle-d3c67d6a1fed0db1)

running 6 tests
test keycaps_fit::tests::same_source_retry_and_failure_keep_retained_result_stale ... ok
test keycaps_fit::tests::findings_are_deduplicated_severity_sorted_and_grouped_like_react ... ok
test absent_source_settles_without_requests ... ok
test pending_browser_request_does_not_touch_signals_after_inspector_unmounts ... ok
test accepted_source_settles_after_one_resolution ... ok
test completed_browser_request_settles_against_mounted_inspector ... ok

test result: ok. 6 passed; 0 failed; 0 ignored; 0 measured; 0 filtered out; finished in 0.00s

     Running tests/outline_lifecycle.rs (web/target/debug/deps/outline_lifecycle-1c24cc6e92e7f409)

running 17 tests
test operation_outcomes::tests::dropped_view_and_unrelated_completion_do_not_acknowledge_current_view ... ok
test operation_outcomes::tests::identical_session_rejections_settle_their_own_operations ... ok
test presentation::outline_lifecycle::lifecycle_tests::admitted_outcome_survives_editor_unmount_until_terminal ... ok
test presentation::outline_lifecycle::lifecycle_tests::activation_retains_observed_slot_after_editor_unmount ... ok
test presentation::outline_lifecycle::lifecycle_tests::different_context_hides_inspector_and_rejects_retained_copy ... ok
test presentation::outline_lifecycle::lifecycle_tests::completed_old_epoch_retires_before_replacement_readiness ... ok
test presentation::outline_lifecycle::lifecycle_tests::activation_rejects_stale_generation_at_refreshed_dispatch ... ok
test presentation::outline_lifecycle::lifecycle_tests::activation_rejects_stale_rendered_token ... ok
test presentation::outline_lifecycle::lifecycle_tests::activation_requires_saved_source ... ok
test presentation::outline_lifecycle::lifecycle_tests::activation_checks_target_membership_and_selected_version ... ok
test presentation::outline_lifecycle::lifecycle_tests::completed_without_accepted_snapshot_retires_before_reopen ... ok
test presentation::outline_lifecycle::lifecycle_tests::completed_current_source_in_recovery_retires_with_failure ... ok
test presentation::outline_lifecycle::lifecycle_tests::stale_rendered_copy_generation_is_rejected_after_callback_refresh ... ok
test presentation::outline_lifecycle::lifecycle_tests::exact_rejection_allows_fresh_operation_retry ... ok
test presentation::outline_lifecycle::lifecycle_tests::activation_settles_exact_generated_target_while_hidden ... ok
test presentation::outline_lifecycle::lifecycle_tests::hidden_inspector_retains_exact_success_until_same_owner_returns ... ok
test presentation::outline_lifecycle::lifecycle_tests::stale_rendered_delete_generation_is_rejected_after_callback_refresh ... ok

test result: ok. 17 passed; 0 failed; 0 ignored; 0 measured; 0 filtered out; finished in 0.00s

     Running tests/outline_tree.rs (web/target/debug/deps/outline_tree-ee3a04cf80068b3a)

running 1 test
test presentation::tree::tests::bridge_has_same_board_selection_at_outline_and_owning_matrix_occurrences ... ok

test result: ok. 1 passed; 0 failed; 0 ignored; 0 measured; 0 filtered out; finished in 0.00s

   Doc-tests boardstudio_web

running 0 tests

test result: ok. 0 passed; 0 failed; 0 ignored; 0 measured; 0 filtered out; finished in 0.00s

