    Checking boardstudio-web v0.1.0 (/home/chris/.local/share/boardstudio/worktrees/migration-m1-continuation-20261001/web)
error[E0525]: expected a closure that implements the `Fn` trait, but this closure only implements `FnMut`
  --> src/presentation/case_controller.rs:48:17
   |
47 |                let dispatch = Rc::new(
   |  _____________________________-
48 | |/                 move |edit: CaseBodyEdit,
49 | ||                       scope: boardstudio_application::Scope,
50 | ||                       snapshot_token: boardstudio_application::SnapshotToken,
51 | ||                       revision: u64| {
   | ||____________________________________^ this closure implements `FnMut`, not `Fn`
...  |
58 | |                      request_sequence.set(request_id);
   | |                      ---------------- closure is `FnMut` because it mutates the variable `request_sequence` here
...  |
82 | |                  },
83 | |              ) as super::case_viewer::CaseBodyEditDispatch;
   | |______________- the requirement to implement `Fn` derives from here
   |
   = note: required for the cast from `std::rc::Rc<{closure@src/presentation/case_controller.rs:48:17: 51:37}>` to `Rc<dyn Fn(CaseBodyEdit, Scope, SnapshotToken, u64)>`
   = note: the full name for the type has been written to '/home/chris/.local/share/boardstudio/worktrees/case-current-result-status-repair-20261003/web/target/wasm32-unknown-unknown/debug/deps/boardstudio_web-4e41659080763857.long-type-2737828001302187930.txt'
   = note: consider using `--verbose` to print the full type name to the console

error[E0525]: expected a closure that implements the `Fn` trait, but this closure only implements `FnMut`
  --> src/presentation/case_controller.rs:48:17
   |
47 |                let dispatch = Rc::new(
   |  _____________________________-
48 | |/                 move |edit: CaseBodyEdit,
49 | ||                       scope: boardstudio_application::Scope,
50 | ||                       snapshot_token: boardstudio_application::SnapshotToken,
51 | ||                       revision: u64| {
   | ||____________________________________^ this closure implements `FnMut`, not `Fn`
...  |
58 | |                      request_sequence.set(request_id);
   | |                      ---------------- closure is `FnMut` because it mutates the variable `request_sequence` here
...  |
82 | |                  },
83 | |              ) as super::case_viewer::CaseBodyEditDispatch;
   | |______________- the requirement to implement `Fn` derives from here
   |
   = note: required for the cast from `std::rc::Rc<{closure@src/presentation/case_controller.rs:48:17: 51:37}>` to `Rc<dyn Fn(CaseBodyEdit, Scope, SnapshotToken, u64)>`
   = note: the full name for the type has been written to '/home/chris/.local/share/boardstudio/worktrees/case-current-result-status-repair-20261003/web/target/wasm32-unknown-unknown/debug/deps/boardstudio_web-b07d7d0c8b9c3dc3.long-type-5986081108008210446.txt'
   = note: consider using `--verbose` to print the full type name to the console

error: variable does not need to be mutable
   --> src/presentation/case_viewer.rs:610:9
    |
610 |         mut selection,
    |         ----^^^^^^^^^
    |         |
    |         help: remove this `mut`
    |
    = note: `-D unused-mut` implied by `-D warnings`
    = help: to override `-D warnings` add `#[allow(unused_mut)]`

For more information about this error, try `rustc --explain E0525`.
error: could not compile `boardstudio-web` (bin "boardstudio-web") due to 2 previous errors
warning: build failed, waiting for other jobs to finish...
error: could not compile `boardstudio-web` (bin "boardstudio-web" test) due to 2 previous errors
