    Checking boardstudio-web v0.1.0 (/home/chris/.local/share/boardstudio/worktrees/migration-m1-continuation-20261001/web)
error: returning the result of a `let` binding from a block
  --> src/presentation/case_controller.rs:84:13
   |
44 | /             let dispatch = Rc::new(
45 | |                 move |edit: CaseBodyEdit,
46 | |                       scope: boardstudio_application::Scope,
47 | |                       snapshot_token: boardstudio_application::SnapshotToken,
...  |
82 | |                 },
83 | |             ) as super::case_viewer::CaseBodyEditDispatch;
   | |__________________________________________________________- unnecessary `let` binding
84 |               dispatch
   |               ^^^^^^^^
   |
   = help: for further information visit https://rust-lang.github.io/rust-clippy/rust-1.98.0/index.html#let_and_return
   = note: `-D clippy::let-and-return` implied by `-D warnings`
   = help: to override `-D warnings` add `#[allow(clippy::let_and_return)]`
help: return the expression directly
   |
44 ~             
45 ~             Rc::new(
46 +                 move |edit: CaseBodyEdit,
47 +                       scope: boardstudio_application::Scope,
48 +                       snapshot_token: boardstudio_application::SnapshotToken,
49 +                       revision: u64| {
50 +                     let mut request_sequence = request_sequence;
51 +                     let mut pending = pending;
52 +                     let mut feedback = feedback;
53 +                     if !(portal.editable)() {
54 +                         return;
55 +                     }
56 +                     let Some(request_id) = request_sequence().checked_add(1) else {
57 +                         return;
58 +                     };
59 +                     request_sequence.set(request_id);
60 +                     let body_id = edit.body_id();
61 +                     let mount_id = match &edit {
62 +                         CaseBodyEdit::SetMountPosition { mount_id, .. } => Some(mount_id.as_str()),
63 +                         _ => None,
64 +                     };
65 +                     submit_body_edit(
66 +                         &runtime,
67 +                         instance_selection,
68 +                         editor_instance_id,
69 +                         &mut pending,
70 +                         &mut feedback,
71 +                         CaseBodyRequest {
72 +                             editor_instance_id,
73 +                             request_id,
74 +                             field_id: body_id.zip(mount_id).map(|(body, mount)| {
75 +                                 format!("case-body:{body}:mount:{mount}:position")
76 +                             }),
77 +                             scope,
78 +                             snapshot_token,
79 +                             revision,
80 +                             edit,
81 +                         },
82 +                     );
83 +                 },
84 +             ) as super::case_viewer::CaseBodyEditDispatch
   |

error: could not compile `boardstudio-web` (bin "boardstudio-web") due to 1 previous error
warning: build failed, waiting for other jobs to finish...
error: could not compile `boardstudio-web` (bin "boardstudio-web" test) due to 1 previous error
