    Checking boardstudio-web v0.1.0 (/home/chris/.local/share/boardstudio/worktrees/migration-m1-continuation-20261001/web)
error[E0433]: cannot find `case_viewer` in `super`
    --> src/presentation/case_workspace.rs:1452:62
     |
1452 |         let body_edit_dispatch = use_signal(|| None::<super::case_viewer::CaseBodyEditDispatch>);
     |                                                              ^^^^^^^^^^^ could not find `case_viewer` in `super`
     |
help: consider importing this module
     |
1289 +     use crate::presentation::case_viewer;
     |
help: if you import `case_viewer`, refer to it directly
     |
1452 -         let body_edit_dispatch = use_signal(|| None::<super::case_viewer::CaseBodyEditDispatch>);
1452 +         let body_edit_dispatch = use_signal(|| None::<case_viewer::CaseBodyEditDispatch>);
     |

error[E0433]: cannot find `case_viewer` in `super`
    --> src/presentation/case_workspace.rs:1458:38
     |
1458 |             body_edit_portal: super::case_viewer::CaseBodyEditPortal {
     |                                      ^^^^^^^^^^^ could not find `case_viewer` in `super`
     |
help: consider importing this module
     |
1289 +     use crate::presentation::case_viewer;
     |
help: if you import `case_viewer`, refer to it directly
     |
1458 -             body_edit_portal: super::case_viewer::CaseBodyEditPortal {
1458 +             body_edit_portal: case_viewer::CaseBodyEditPortal {
     |

error[E0599]: no method named `editable` found for struct `presentation::case_viewer::CaseBodyEditPortal` in the current scope
  --> src/presentation/case_controller.rs:52:32
   |
52 |                     if !portal.editable() {
   |                                ^^^^^^^^ field, not a method
   |
  ::: src/presentation/case_viewer.rs:39:1
   |
39 | pub(super) struct CaseBodyEditPortal {
   | ------------------------------------ method `editable` not found for this struct
   |
help: to call the trait object stored in `editable`, surround the field access with parentheses
   |
52 |                     if !(portal.editable)() {
   |                         +               +

error[E0599]: no method named `editable` found for struct `presentation::case_viewer::CaseBodyEditPortal` in the current scope
   --> src/presentation/case_controller.rs:305:25
    |
305 |     if body_edit_portal.editable() != editable {
    |                         ^^^^^^^^ field, not a method
    |
   ::: src/presentation/case_viewer.rs:39:1
    |
 39 | pub(super) struct CaseBodyEditPortal {
    | ------------------------------------ method `editable` not found for this struct
    |
help: to call the trait object stored in `editable`, surround the field access with parentheses
    |
305 |     if (body_edit_portal.editable)() != editable {
    |        +                         +

error[E0599]: no method named `editable` found for struct `presentation::case_viewer::CaseBodyEditPortal` in the current scope
   --> src/presentation/case_viewer.rs:142:36
    |
 39 | pub(super) struct CaseBodyEditPortal {
    | ------------------------------------ method `editable` not found for this struct
...
142 |         selection.body_edit_portal.editable(),
    |                                    ^^^^^^^^ field, not a method
    |
help: to call the trait object stored in `editable`, surround the field access with parentheses
    |
142 |         (selection.body_edit_portal.editable)(),
    |         +                                   +

error[E0609]: no field `revision` on type `&presentation::shared_viewer::ViewerIdentity`
   --> src/presentation/case_viewer.rs:615:57
    |
615 |         && scene.snapshot.document.revision == identity.revision
    |                                                         ^^^^^^^^ unknown field
    |
    = note: available fields are: `scope`, `snapshot_token`, `viewer_instance`, `projection_generation`, `renderer_sequence`

error[E0599]: no method named `editable` found for struct `presentation::case_viewer::CaseBodyEditPortal` in the current scope
   --> src/presentation/case_viewer.rs:689:73
    |
 39 | pub(super) struct CaseBodyEditPortal {
    | ------------------------------------ method `editable` not found for this struct
...
689 |                     if !identity_current || !selection.body_edit_portal.editable() {
    |                                                                         ^^^^^^^^ field, not a method
    |
help: to call the trait object stored in `editable`, surround the field access with parentheses
    |
689 |                     if !identity_current || !(selection.body_edit_portal.editable)() {
    |                                              +                                   +

error[E0609]: no field `revision` on type `&presentation::shared_viewer::ViewerIdentity`
   --> src/presentation/case_viewer.rs:913:34
    |
913 |                         identity.revision,
    |                                  ^^^^^^^^ unknown field
    |
    = note: available fields are: `scope`, `snapshot_token`, `viewer_instance`, `projection_generation`, `renderer_sequence`

error: variable does not need to be mutable
  --> src/presentation/panels.rs:41:9
   |
41 |     let mut objects_open = state.objects_open;
   |         ----^^^^^^^^^^^^
   |         |
   |         help: remove this `mut`
   |
   = note: `-D unused-mut` implied by `-D warnings`
   = help: to override `-D warnings` add `#[allow(unused_mut)]`

error: variable does not need to be mutable
  --> src/presentation/panels.rs:42:9
   |
42 |     let mut inspector_open = state.inspector_open;
   |         ----^^^^^^^^^^^^^^
   |         |
   |         help: remove this `mut`

Some errors have detailed explanations: E0599, E0609.
For more information about an error, try `rustc --explain E0599`.
error: could not compile `boardstudio-web` (bin "boardstudio-web") due to 8 previous errors
warning: build failed, waiting for other jobs to finish...
Some errors have detailed explanations: E0433, E0599, E0609.
For more information about an error, try `rustc --explain E0433`.
error: could not compile `boardstudio-web` (bin "boardstudio-web" test) due to 10 previous errors
