   Compiling boardstudio-web v0.1.0 (/home/chris/.local/share/boardstudio/worktrees/migration-m1-continuation-20261001/web)
    Finished `test` profile [unoptimized + debuginfo] target(s) in 0.45s
     Running unittests src/lib.rs (web/target/debug/deps/boardstudio_web-2bdfb441158914b4)

running 12 tests
test cad_jobs::tests::cad_revision_boundary_rejects_values_that_would_lose_integer_identity ... ok
test cad_jobs::tests::completed_cad_reply_requires_current_operation_and_valid_payload ... ok
test cad_jobs::tests::scope_or_scene_revision_mismatch_is_rejected_before_core_work ... ok
test cad_jobs::tests::exact_accepts_public_case_payload_without_optional_bounds ... ok
test offline::tests::path_hex_encoding_separates_root_and_subpath_cache_names ... ok
test persistence_contract::tests::allows_safe_json_integer_values ... ok
test offline::tests::validates_complete_normalized_manifest ... ok
test cad_jobs::tests::flipped_instance_reflects_only_its_board_parts_and_scene_transform ... ok
test persistence_contract::tests::rejects_unsafe_json_integer_values_before_indexeddb_serialization ... ok
test cad_jobs::tests::captured_document_and_scene_prepare_through_the_public_core_provider ... ok
test persistence_contract::tests::asset_sha256_matches_standard_digest ... ok
test core_protocol::tests::text_frame_preserves_full_u64_revision_without_a_js_number_round_trip ... ok

test result: ok. 12 passed; 0 failed; 0 ignored; 0 measured; 0 filtered out; finished in 0.00s

     Running unittests src/main.rs (web/target/debug/deps/boardstudio_web-988979d317bb4d4f)

running 12 tests
test footprint_forms::tests::projects_nested_graphics_into_pad_coordinates_and_decodes_text ... ok
test case_display::tests::partial_reference_alias_colors_remain_resettable ... ok
test case_display::tests::gasket_upper_lower_share_color_without_changing_visibility ... ok
test case_display::tests::pcb_color_reads_reference_alias_and_changes_or_resets_all_aliases ... ok
test footprint_forms::tests::projects_native_and_legacy_arcs_and_nested_keepouts ... ok
test instance_selection::tests::board_fallback_does_not_replace_explicit_preference ... ok
test instance_selection::tests::fallback_uses_board_order_without_requiring_mechanical_configuration ... ok
test instance_selection::tests::restored_instance_recovers_preference_and_reopen_resets_it ... ok
test operation_outcomes::tests::dropped_view_and_unrelated_completion_do_not_acknowledge_current_view ... ok
test renderer_host_source_sync::private_page_host_matches_normalized_library_host ... ok
test operation_outcomes::tests::identical_session_rejections_settle_their_own_operations ... ok
test instance_selection::tests::automatic_navigation_waits_for_real_session_open_and_save ... ok

test result: ok. 12 passed; 0 failed; 0 ignored; 0 measured; 0 filtered out; finished in 0.00s

   Doc-tests boardstudio_web

running 0 tests

test result: ok. 0 passed; 0 failed; 0 ignored; 0 measured; 0 filtered out; finished in 0.00s

