    Finished `test` profile [unoptimized + debuginfo] target(s) in 0.14s
     Running unittests src/main.rs (web/target/wasm32-unknown-unknown/debug/deps/boardstudio_web-7af3c43e9b3cea42.wasm)
Running headless tests in Chrome on `http://127.0.0.1:43015/`
Try find `webdriver.json` for configure browser's capabilities:
Not found
Loading Wasm module...
using deprecated parameters for the initialization function; pass a single object instead

running 11 tests
Invoking test: presentation::pcb_layers::tests::through_hole_pad_remains_visible_until_both_copper_faces_or_pads_are_hidden
test presentation::pcb_layers::tests::through_hole_pad_remains_visible_until_both_copper_faces_or_pads_are_hidden ... ok
Invoking test: presentation::pcb_layers::tests::pad_layers_follow_pad_and_part_sides_and_through_holes_span_both_copper_faces
test presentation::pcb_layers::tests::pad_layers_follow_pad_and_part_sides_and_through_holes_span_both_copper_faces ... ok
Invoking test: presentation::pcb_layers::tests::back_graphics_swap_only_front_and_back_layer_prefixes
test presentation::pcb_layers::tests::back_graphics_swap_only_front_and_back_layer_prefixes ... ok
Invoking test: presentation::pcb_scene::mounted_layer_tests::pcb_rows_do_not_offer_the_layout_only_footprints_toggle
test presentation::pcb_scene::mounted_layer_tests::pcb_rows_do_not_offer_the_layout_only_footprints_toggle ... ok
Invoking test: presentation::pcb_scene::mounted_layer_tests::mounted_controls_toggle_only_their_accepted_pcb_scene_layers
test presentation::pcb_scene::mounted_layer_tests::mounted_controls_toggle_only_their_accepted_pcb_scene_layers ... ok
Invoking test: presentation::mechanical_settings::contextual_layer_tests::selected_plate_uses_contextual_inspector_and_returns_to_assembly_settings
test presentation::mechanical_settings::contextual_layer_tests::selected_plate_uses_contextual_inspector_and_returns_to_assembly_settings ... ok
Invoking test: presentation::case_assembly_layers::tests::physical_rows_keep_preview_order_and_exact_model_id_join
test presentation::case_assembly_layers::tests::physical_rows_keep_preview_order_and_exact_model_id_join ... ok
Invoking test: presentation::case_assembly_layers::tests::missing_delivery_never_marks_a_preview_model_available
test presentation::case_assembly_layers::tests::missing_delivery_never_marks_a_preview_model_available ... ok
Invoking test: presentation::case_assembly_layers::tests::layer_menu_toggles_exact_rows_and_unavailable_rows_are_not_checked
test presentation::case_assembly_layers::tests::layer_menu_toggles_exact_rows_and_unavailable_rows_are_not_checked ... ok
Invoking test: presentation::case_assembly_layers::tests::configured_stack_keeps_unmeshed_battery_unavailable_and_generated_plate_available
test presentation::case_assembly_layers::tests::configured_stack_keeps_unmeshed_battery_unavailable_and_generated_plate_available ... ok
Invoking test: presentation::case_assembly_layers::tests::assembly_controls_keep_distinct_visibility_ids_and_generated_rows
test presentation::case_assembly_layers::tests::assembly_controls_keep_distinct_visibility_ids_and_generated_rows ... ok

test result: ok. 11 passed; 0 failed; 0 ignored; 78 filtered out; finished in 1.38s

