   Compiling boardstudio-web v0.1.0 (/home/chris/.local/share/boardstudio/worktrees/migration-m1-continuation-20261001/web)
warning: unused import: `MechanicalBottomStyle`
 --> src/mechanical_feedback.rs:9:5
  |
9 |     MechanicalBottomStyle, MechanicalConfiguration, MechanicalMount, PlateMethod,
  |     ^^^^^^^^^^^^^^^^^^^^^
  |
  = note: `#[warn(unused_imports)]` (part of `#[warn(unused)]`) on by default

warning: unused variable: `configuration`
  --> src/mechanical_feedback.rs:69:5
   |
69 |     configuration: Option<&MechanicalConfiguration>,
   |     ^^^^^^^^^^^^^ help: if this is intentional, prefix it with an underscore: `_configuration`
   |
   = note: `#[warn(unused_variables)]` (part of `#[warn(unused)]`) on by default

warning: field `basis` is never read
  --> src/mechanical_feedback.rs:50:16
   |
46 | pub(crate) struct FeedbackRecord {
   |                   -------------- field in this struct
...
50 |     pub(crate) basis: Option<Rc<MechanicalConfiguration>>,
   |                ^^^^^
   |
   = note: `FeedbackRecord` has a derived impl for the trait `Clone`, but this is intentionally ignored during dead code analysis
   = note: `#[warn(dead_code)]` (part of `#[warn(unused)]`) on by default

warning: function `same_field_value` is never used
   --> src/mechanical_feedback.rs:108:4
    |
108 | fn same_field_value(
    |    ^^^^^^^^^^^^^^^^

warning: function `same_process_methods` is never used
   --> src/mechanical_feedback.rs:150:4
    |
150 | fn same_process_methods(
    |    ^^^^^^^^^^^^^^^^^^^^

warning: `boardstudio-web` (bin "boardstudio-web" test) generated 5 warnings (run `cargo fix --bin "boardstudio-web" -p boardstudio-web --tests` to apply 2 suggestions)
    Finished `test` profile [unoptimized + debuginfo] target(s) in 1.30s
     Running unittests src/lib.rs (web/target/debug/deps/boardstudio_web-2bdfb441158914b4)

running 0 tests

test result: ok. 0 passed; 0 failed; 0 ignored; 0 measured; 12 filtered out; finished in 0.00s

     Running unittests src/main.rs (web/target/debug/deps/boardstudio_web-988979d317bb4d4f)

running 4 tests
test mechanical_feedback::tests::saved_feedback_is_hidden_after_undo_changes_its_field_again ... ok
test mechanical_feedback::tests::failed_feedback_survives_token_advance_and_unrelated_field_change ... FAILED
test mechanical_feedback::tests::rejected_request_reaches_its_field_while_older_request_is_pending ... FAILED
test mechanical_feedback::tests::summary_relevance_tracks_its_field_not_unrelated_configuration_values ... FAILED

failures:

---- mechanical_feedback::tests::failed_feedback_survives_token_advance_and_unrelated_field_change stdout ----

thread 'mechanical_feedback::tests::failed_feedback_survives_token_advance_and_unrelated_field_change' (1657965) panicked at src/mechanical_feedback.rs:317:9:
assertion `left == right` failed
  left: None
 right: Some(Failed)
note: run with `RUST_BACKTRACE=1` environment variable to display a backtrace

---- mechanical_feedback::tests::rejected_request_reaches_its_field_while_older_request_is_pending stdout ----

thread 'mechanical_feedback::tests::rejected_request_reaches_its_field_while_older_request_is_pending' (1657966) panicked at src/mechanical_feedback.rs:292:9:
assertion `left == right` failed
  left: None
 right: Some((2, Failed))

---- mechanical_feedback::tests::summary_relevance_tracks_its_field_not_unrelated_configuration_values stdout ----

thread 'mechanical_feedback::tests::summary_relevance_tracks_its_field_not_unrelated_configuration_values' (1657968) panicked at src/mechanical_feedback.rs:356:9:
assertion failed: relevant_summary(&entries, &owner, Some(&unrelated), false).is_some()


failures:
    mechanical_feedback::tests::failed_feedback_survives_token_advance_and_unrelated_field_change
    mechanical_feedback::tests::rejected_request_reaches_its_field_while_older_request_is_pending
    mechanical_feedback::tests::summary_relevance_tracks_its_field_not_unrelated_configuration_values

test result: FAILED. 1 passed; 3 failed; 0 ignored; 0 measured; 18 filtered out; finished in 0.00s

error: test failed, to rerun pass `--bin boardstudio-web`
