    Finished `test` profile [unoptimized + debuginfo] target(s) in 0.37s
     Running unittests src/lib.rs (web/target/debug/deps/boardstudio_web-818f0b7c5e16e43c)

running 12 tests
test cad_jobs::tests::cad_revision_boundary_rejects_values_that_would_lose_integer_identity ... ok
test persistence_contract::tests::rejects_unsafe_json_integer_values_before_indexeddb_serialization ... ok
test persistence_contract::tests::allows_safe_json_integer_values ... ok
test offline::tests::path_hex_encoding_separates_root_and_subpath_cache_names ... ok
test cad_jobs::tests::completed_cad_reply_requires_current_operation_and_valid_payload ... ok
test cad_jobs::tests::scope_or_scene_revision_mismatch_is_rejected_before_core_work ... ok
test cad_jobs::tests::exact_accepts_public_case_payload_without_optional_bounds ... ok
test persistence_contract::tests::asset_sha256_matches_standard_digest ... ok
test cad_jobs::tests::flipped_instance_reflects_only_its_board_parts_and_scene_transform ... ok
test cad_jobs::tests::captured_document_and_scene_prepare_through_the_public_core_provider ... ok
test core_protocol::tests::text_frame_preserves_full_u64_revision_without_a_js_number_round_trip ... ok
test offline::tests::validates_complete_normalized_manifest ... ok

test result: ok. 12 passed; 0 failed; 0 ignored; 0 measured; 0 filtered out; finished in 0.00s

     Running unittests src/main.rs (web/target/debug/deps/boardstudio_web-da56af8cfb3fbb68)

running 37 tests
test firmware_position_projection::tests::exact_outcome_waits_across_revision_and_save_then_confirms_latest_value ... ok
test firmware_position_projection::tests::persistence_failure_keeps_accepted_value_and_moved_target_suppresses_feedback ... ok
test case_generation_admission::tests::unconfigured_unready_physical_scope_disables_case_generation ... ok
test closure_clearance::tests::key_rounding_matches_javascript_fixed_decimal_behavior ... ok
test footprint_forms::tests::projects_nested_graphics_into_pad_coordinates_and_decodes_text ... ok
test footprint_forms::tests::projects_native_and_legacy_arcs_and_nested_keepouts ... ok
test case_display::tests::gasket_upper_lower_share_color_without_changing_visibility ... ok
test case_display::tests::partial_reference_alias_colors_remain_resettable ... ok
test case_display::tests::pcb_color_reads_reference_alias_and_changes_or_resets_all_aliases ... ok
test instance_selection::tests::board_fallback_does_not_replace_explicit_preference ... ok
test instance_selection::tests::fallback_uses_board_order_without_requiring_mechanical_configuration ... ok
test instance_selection::tests::restored_instance_recovers_preference_and_reopen_resets_it ... ok
test mechanical_feedback::tests::failed_feedback_survives_token_advance_and_unrelated_field_change ... ok
test mechanical_feedback::tests::rejected_request_reaches_its_field_while_older_request_is_pending ... ok
test closure_clearance::tests::positive_and_negative_zero_deduplicate_to_one_js_compatible_key ... ok
test instance_selection::tests::automatic_navigation_waits_for_real_session_open_and_save ... ok
test closure_clearance::tests::screw_clearance_uses_hole_diameter_and_empty_mounts_remove_owned_projection ... ok
test closure_clearance::tests::projects_canonical_and_flipped_instance_union_and_preserves_other_parts ... ok
test mechanical_feedback::tests::saved_feedback_is_hidden_after_undo_changes_its_field_again ... ok
test mechanical_feedback::tests::summary_relevance_tracks_its_field_not_unrelated_configuration_values ... ok
test operation_outcomes::tests::dropped_view_and_unrelated_completion_do_not_acknowledge_current_view ... ok
test operation_outcomes::tests::identical_session_rejections_settle_their_own_operations ... ok
test physical_setup::tests::selection_reconciliation_requires_the_exact_accepted_proposal ... ok
test physical_setup::tests::new_physical_instances_use_the_existing_mechanical_defaults_factory ... ok
test physical_setup::tests::topology_noop_and_invalid_transport_are_rejected_without_changing_input ... ok
test closure_clearance::tests::safe_mh_reference_and_output_count_boundaries_remain_allocatable ... ok
test physical_setup::tests::topology_falls_back_to_board_matching_primary_and_resolved_mechanics_for_shared_construction ... ok
test physical_setup::tests::reversible_changes_document_flag_and_only_eligible_existing_part_overrides ... ok
test physical_setup::tests::topology_uses_matching_canonical_board_mechanics_before_the_defaults_factory ... ok
test renderer_host_source_sync::private_page_host_matches_normalized_library_host ... ok
test physical_setup::tests::transport_changes_only_the_transport_field ... ok
test physical_setup::tests::topology_preserves_flipped_primary_and_shared_construction_and_adds_reversible_secondary ... ok
test closure_clearance::tests::unsafe_or_exhausted_mh_references_fail_before_any_core_edit ... ok
test firmware_position_projection::tests::lifecycle_and_mismatched_plan_never_look_like_current_empty_inputs ... ok
test firmware_position_projection::tests::current_real_plan_preserves_matrix_order_labels_and_selected_board_bindings ... ok
test firmware_position_projection::tests::settled_feedback_survives_plan_refresh_but_not_target_or_key_changes ... ok
test firmware_position_projection::tests::admission_and_exact_session_core_outcome_follow_the_accepted_board ... ok

test result: ok. 37 passed; 0 failed; 0 ignored; 0 measured; 0 filtered out; finished in 0.11s

     Running tests/keycaps_fit_lifecycle.rs (web/target/debug/deps/keycaps_fit_lifecycle-11f6ff1e65057ab9)

running 6 tests
test keycaps_fit::tests::same_source_retry_and_failure_keep_retained_result_stale ... ok
test keycaps_fit::tests::findings_are_deduplicated_severity_sorted_and_grouped_like_react ... ok
test absent_source_settles_without_requests ... ok
test pending_browser_request_does_not_touch_signals_after_inspector_unmounts ... ok
test accepted_source_settles_after_one_resolution ... ok
test completed_browser_request_settles_against_mounted_inspector ... ok

test result: ok. 6 passed; 0 failed; 0 ignored; 0 measured; 0 filtered out; finished in 0.00s

     Running tests/physical_setup_lifecycle.rs (web/target/debug/deps/physical_setup_lifecycle-8afd191e48b7e009)

running 19 tests
test operation_outcomes::tests::dropped_view_and_unrelated_completion_do_not_acknowledge_current_view ... ok
test operation_outcomes::tests::identical_session_rejections_settle_their_own_operations ... ok
test physical_setup::tests::selection_reconciliation_requires_the_exact_accepted_proposal ... ok
test physical_setup::tests::new_physical_instances_use_the_existing_mechanical_defaults_factory ... ok
test physical_setup::tests::topology_noop_and_invalid_transport_are_rejected_without_changing_input ... ok
test physical_setup::tests::topology_falls_back_to_board_matching_primary_and_resolved_mechanics_for_shared_construction ... ok
test physical_setup::tests::reversible_changes_document_flag_and_only_eligible_existing_part_overrides ... ok
test physical_setup::tests::topology_uses_matching_canonical_board_mechanics_before_the_defaults_factory ... ok
test physical_setup::tests::topology_preserves_flipped_primary_and_shared_construction_and_adds_reversible_secondary ... ok
test physical_setup::tests::transport_changes_only_the_transport_field ... ok
test presentation::tests::retained_rendered_controls_cannot_retarget_another_project ... ok
test presentation::tests::case_transport_keeps_the_rendered_scope ... ok
test presentation::tests::exact_accepted_proposal_advances_only_its_feedback_attribution ... ok
test presentation::tests::hidden_guide_keeps_observer_and_restores_only_same_owner_result ... ok
test presentation::tests::delayed_preparation_error_and_noop_do_not_appear_under_new_source ... ok
test presentation::tests::closing_project_stage_during_normalization_prevents_submission ... ok
test presentation::tests::retained_rendered_controls_reject_replaced_token_and_generation ... ok
test presentation::tests::detached_normalization_and_outcome_survive_unmount_without_signal_access ... ok
test presentation::tests::terminal_results_keep_exact_observer_but_never_retarget_feedback ... ok

test result: ok. 19 passed; 0 failed; 0 ignored; 0 measured; 0 filtered out; finished in 0.00s

   Doc-tests boardstudio_web

running 0 tests

test result: ok. 0 passed; 0 failed; 0 ignored; 0 measured; 0 filtered out; finished in 0.00s

