   Compiling boardstudio-web v0.1.0 (/home/chris/.local/share/boardstudio/worktrees/f56-physical-intents-ticket06-20261002/web)
    Finished `test` profile [unoptimized + debuginfo] target(s) in 2.88s
     Running tests/physical_setup_lifecycle.rs (web/target/debug/deps/physical_setup_lifecycle-8afd191e48b7e009)

running 19 tests
test operation_outcomes::tests::identical_session_rejections_settle_their_own_operations ... ok
test physical_setup::tests::reversible_changes_document_flag_and_only_eligible_existing_part_overrides ... ok
test physical_setup::tests::new_physical_instances_use_the_existing_mechanical_defaults_factory ... ok
test physical_setup::tests::selection_reconciliation_requires_the_exact_accepted_proposal ... ok
test physical_setup::tests::topology_falls_back_to_board_matching_primary_and_resolved_mechanics_for_shared_construction ... ok
test presentation::tests::retained_rendered_controls_cannot_retarget_another_project ... ok
test physical_setup::tests::topology_preserves_flipped_primary_and_shared_construction_and_adds_reversible_secondary ... ok
test presentation::tests::retained_rendered_controls_reject_replaced_token_and_generation ... ok
test physical_setup::tests::topology_noop_and_invalid_transport_are_rejected_without_changing_input ... ok
test physical_setup::tests::topology_uses_matching_canonical_board_mechanics_before_the_defaults_factory ... ok
test presentation::tests::terminal_results_keep_exact_observer_but_never_retarget_feedback ... ok
test physical_setup::tests::transport_changes_only_the_transport_field ... ok
test presentation::tests::case_transport_keeps_the_rendered_scope ... ok
test presentation::tests::closing_project_stage_during_normalization_prevents_submission ... ok
test presentation::tests::delayed_preparation_error_and_noop_do_not_appear_under_new_source ... ok
test presentation::tests::detached_normalization_and_outcome_survive_unmount_without_signal_access ... ok
test presentation::tests::exact_accepted_proposal_advances_only_its_feedback_attribution ... ok
test presentation::tests::hidden_guide_keeps_observer_and_restores_only_same_owner_result ... ok
test operation_outcomes::tests::dropped_view_and_unrelated_completion_do_not_acknowledge_current_view ... ok

test result: ok. 19 passed; 0 failed; 0 ignored; 0 measured; 0 filtered out; finished in 0.01s

