   Compiling boardstudio-web v0.1.0 (/home/chris/.local/share/boardstudio/worktrees/f56-physical-intents-ticket06-20261002/web)
warning: variant `CaseTransport` is never constructed
  --> tests/../src/presentation/pcb_physical_setup/controller.rs:39:5
   |
35 | pub(in crate::presentation) enum PhysicalSetupIntent {
   |                                  ------------------- variant in this enum
...
39 |     CaseTransport(HardwareTransport),
   |     ^^^^^^^^^^^^^
   |
   = note: `PhysicalSetupIntent` has derived impls for the traits `Debug` and `Clone`, but these are intentionally ignored during dead code analysis
   = note: `#[warn(dead_code)]` (part of `#[warn(unused)]`) on by default

warning: `boardstudio-web` (test "physical_setup_lifecycle") generated 1 warning
    Finished `test` profile [unoptimized + debuginfo] target(s) in 2.94s
     Running tests/physical_setup_lifecycle.rs (web/target/debug/deps/physical_setup_lifecycle-8afd191e48b7e009)

running 15 tests
test operation_outcomes::tests::dropped_view_and_unrelated_completion_do_not_acknowledge_current_view ... ok
test operation_outcomes::tests::identical_session_rejections_settle_their_own_operations ... ok
test physical_setup::tests::new_physical_instances_use_the_existing_mechanical_defaults_factory ... ok
test physical_setup::tests::selection_reconciliation_requires_the_exact_accepted_proposal ... ok
test physical_setup::tests::reversible_changes_document_flag_and_only_eligible_existing_part_overrides ... ok
test physical_setup::tests::topology_falls_back_to_board_matching_primary_and_resolved_mechanics_for_shared_construction ... ok
test presentation::tests::retained_rendered_controls_reject_replaced_token_and_generation ... FAILED
test physical_setup::tests::topology_noop_and_invalid_transport_are_rejected_without_changing_input ... ok
test presentation::tests::terminal_results_keep_exact_observer_but_never_retarget_feedback ... FAILED
test presentation::tests::delayed_preparation_error_and_noop_do_not_appear_under_new_source ... FAILED
test physical_setup::tests::topology_preserves_flipped_primary_and_shared_construction_and_adds_reversible_secondary ... ok
test physical_setup::tests::topology_uses_matching_canonical_board_mechanics_before_the_defaults_factory ... ok
test presentation::tests::retained_rendered_controls_cannot_retarget_another_project ... FAILED
test physical_setup::tests::transport_changes_only_the_transport_field ... ok
test presentation::tests::closing_project_stage_during_normalization_prevents_submission ... FAILED

failures:

---- presentation::tests::retained_rendered_controls_reject_replaced_token_and_generation stdout ----

thread 'presentation::tests::retained_rendered_controls_reject_replaced_token_and_generation' (2514648) panicked at tests/../src/presentation/pcb_physical_setup/tests.rs:157:9:
assertion `left == right` failed: stale rendered source cannot be refreshed at dispatch
  left: 1
 right: 0
note: run with `RUST_BACKTRACE=1` environment variable to display a backtrace

---- presentation::tests::terminal_results_keep_exact_observer_but_never_retarget_feedback stdout ----

thread 'presentation::tests::terminal_results_keep_exact_observer_but_never_retarget_feedback' (2514649) panicked at tests/../src/presentation/pcb_physical_setup/tests.rs:218:9:
B must not display A terminal result

---- presentation::tests::delayed_preparation_error_and_noop_do_not_appear_under_new_source stdout ----

thread 'presentation::tests::delayed_preparation_error_and_noop_do_not_appear_under_new_source' (2514646) panicked at tests/../src/presentation/pcb_physical_setup/tests.rs:196:9:
B must not display A preparation result

---- presentation::tests::retained_rendered_controls_cannot_retarget_another_project stdout ----

thread 'presentation::tests::retained_rendered_controls_cannot_retarget_another_project' (2514647) panicked at tests/../src/presentation/pcb_physical_setup/tests.rs:140:5:
assertion `left == right` failed: retained A control must not submit an Edit for B
  left: 1
 right: 0

---- presentation::tests::closing_project_stage_during_normalization_prevents_submission stdout ----

thread 'presentation::tests::closing_project_stage_during_normalization_prevents_submission' (2514645) panicked at tests/../src/presentation/pcb_physical_setup/tests.rs:174:5:
assertion `left == right` failed: hidden Project stage must fail async admission
  left: 1
 right: 0


failures:
    presentation::tests::closing_project_stage_during_normalization_prevents_submission
    presentation::tests::delayed_preparation_error_and_noop_do_not_appear_under_new_source
    presentation::tests::retained_rendered_controls_cannot_retarget_another_project
    presentation::tests::retained_rendered_controls_reject_replaced_token_and_generation
    presentation::tests::terminal_results_keep_exact_observer_but_never_retarget_feedback

test result: FAILED. 10 passed; 5 failed; 0 ignored; 0 measured; 0 filtered out; finished in 0.00s

error: test failed, to rerun pass `--test physical_setup_lifecycle`
