$ build_id="start-$(git rev-parse --short HEAD)-$(date -u +%Y%m%dT%H%M%SZ)-$$"; python3 scripts/build-m1.py "$build_id" && python3 scripts/serve-candidate.py "$build_id" 4173
rustc-version: rustc --version
cargo-version: cargo --version
dx-version: dx --version
wasm-pack-version: wasm-pack --version
node-version: node --version
pnpm-version: pnpm --version
page-check: cargo check --manifest-path web/Cargo.toml --locked --target wasm32-unknown-unknown --no-default-features --features page --bin boardstudio-web
core: wasm-pack build /home/chris/.local/share/boardstudio/worktrees/migration-m1-continuation-20261001/core --target web --release --locked
core-worker: wasm-pack build /home/chris/.local/share/boardstudio/worktrees/migration-m1-continuation-20261001/web --target web --out-name m1_core_worker --out-dir /home/chris/.local/share/boardstudio/worktrees/migration-m1-continuation-20261001/web/target/builds/start-f4107630-20261005T181117Z-3535061/core-worker --release --locked --no-default-features --features core-worker
cad-worker: wasm-pack build /home/chris/.local/share/boardstudio/worktrees/migration-m1-continuation-20261001/web --target web --out-name m1_cad_worker --out-dir /home/chris/.local/share/boardstudio/worktrees/migration-m1-continuation-20261001/web/target/builds/start-f4107630-20261005T181117Z-3535061/cad-worker --release --locked --no-default-features --features cad-worker
renderer: wasm-pack build /home/chris/.local/share/boardstudio/worktrees/migration-m1-continuation-20261001/renderer --target web --out-dir /home/chris/.local/share/boardstudio/worktrees/migration-m1-continuation-20261001/web/target/builds/start-f4107630-20261005T181117Z-3535061/renderer --out-name boardstudio_renderer_wasm --release --locked
cad: pnpm --dir cad run build:wasm
fixtures: node /home/chris/.local/share/boardstudio/worktrees/migration-m1-continuation-20261001/scripts/prepare-m1-fixtures.mjs /home/chris/.local/share/boardstudio/worktrees/migration-m1-continuation-20261001/web/target/builds/start-f4107630-20261005T181117Z-3535061/fixtures
ergogen-catalogue: pnpm --dir ergogen run prepare:catalog
layout-generators: node /home/chris/.local/share/boardstudio/worktrees/migration-m1-continuation-20261001/scripts/web/build-layout-generators.mjs /home/chris/.local/share/boardstudio/worktrees/migration-m1-continuation-20261001/web/assets
preview-generator: node /home/chris/.local/share/boardstudio/worktrees/migration-m1-continuation-20261001/scripts/web/build-preview-generator.mjs /home/chris/.local/share/boardstudio/worktrees/migration-m1-continuation-20261001/web/assets
ergogen-models: /usr/bin/python3 /home/chris/.local/share/boardstudio/worktrees/migration-m1-continuation-20261001/scripts/stage-ergogen-models.py --source-root /home/chris/.local/share/boardstudio/worktrees/migration-m1-continuation-20261001/ergogen/library/vendor --destination /home/chris/.local/share/boardstudio/worktrees/migration-m1-continuation-20261001/web/assets/ergogen-models --manifest /home/chris/.local/share/boardstudio/worktrees/migration-m1-continuation-20261001/web/target/builds/start-f4107630-20261005T181117Z-3535061/ergogen-models-catalog.json
page-root: dx build --web --release --base-path / --no-default-features --features page --cargo-args=--locked
offline-worker-root: wasm-pack build /home/chris/.local/share/boardstudio/worktrees/migration-m1-continuation-20261001/web --target web --out-name boardstudio_offline_worker --out-dir /home/chris/.local/share/boardstudio/worktrees/migration-m1-continuation-20261001/web/target/builds/start-f4107630-20261005T181117Z-3535061/offline-root --release --locked --no-default-features --features service-worker
embed-offline-root: node /home/chris/.local/share/boardstudio/worktrees/migration-m1-continuation-20261001/scripts/web/embed-worker-wasm.mjs /home/chris/.local/share/boardstudio/worktrees/migration-m1-continuation-20261001/web/target/builds/start-f4107630-20261005T181117Z-3535061/offline-root /home/chris/.local/share/boardstudio/worktrees/migration-m1-continuation-20261001/web/target/builds/start-f4107630-20261005T181117Z-3535061/offline-manifest-root.json /home/chris/.local/share/boardstudio/worktrees/migration-m1-continuation-20261001/web/target/builds/start-f4107630-20261005T181117Z-3535061/site-root/service-worker.js
page-subpath: dx build --web --release --base-path /boardstudio/ --no-default-features --features page --cargo-args=--locked
offline-worker-subpath: wasm-pack build /home/chris/.local/share/boardstudio/worktrees/migration-m1-continuation-20261001/web --target web --out-name boardstudio_offline_worker --out-dir /home/chris/.local/share/boardstudio/worktrees/migration-m1-continuation-20261001/web/target/builds/start-f4107630-20261005T181117Z-3535061/offline-subpath --release --locked --no-default-features --features service-worker
embed-offline-subpath: node /home/chris/.local/share/boardstudio/worktrees/migration-m1-continuation-20261001/scripts/web/embed-worker-wasm.mjs /home/chris/.local/share/boardstudio/worktrees/migration-m1-continuation-20261001/web/target/builds/start-f4107630-20261005T181117Z-3535061/offline-subpath /home/chris/.local/share/boardstudio/worktrees/migration-m1-continuation-20261001/web/target/builds/start-f4107630-20261005T181117Z-3535061/offline-manifest-subpath.json /home/chris/.local/share/boardstudio/worktrees/migration-m1-continuation-20261001/web/target/builds/start-f4107630-20261005T181117Z-3535061/site-subpath/boardstudio/service-worker.js
/home/chris/.local/share/boardstudio/worktrees/migration-m1-continuation-20261001/web/target/builds/start-f4107630-20261005T181117Z-3535061
