$ node --test scripts/repo-check.test.mjs && node scripts/repo-check.mjs
✔ follows workers, dynamic imports, and type-only imports while finding dead modules (40.454707ms)
✔ reports missing explicit roots without treating package imports as local edges (8.922454ms)
✔ tracks re-export chains, type imports, namespaces, defaults, and worker URLs (8.81995ms)
✔ scopes dependency usage to the package and distinguishes side effects from comments (7.757853ms)
✔ checks valid Markdown directories and reports missing local paths (7.245399ms)
✔ enforces presentation and export ownership while allowing type-only worker contracts (9.640564ms)
✔ keymap presentation submits field edits instead of replacing the project (7.028662ms)
ℹ tests 7
ℹ suites 0
ℹ pass 7
ℹ fail 0
ℹ cancelled 0
ℹ skipped 0
ℹ todo 0
ℹ duration_ms 164.079239
unused-export: ergogen/src/index.ts — Export modelAssetIdsForPaths has no import or re-export consumer
broken-markdown-link: docs/migration/history/POST-PORT-REFACTOR-before-20261003-streamline.md — Local link does not resolve: ../../.scratch/dioxus-frontend-v1/refactor-findings.json
broken-markdown-link: docs/migration/history/POST-PORT-REFACTOR-before-20261003-streamline.md — Local link does not resolve: dioxus-frontend-v1-run.json
broken-markdown-link: docs/migration/history/POST-PORT-REFACTOR-before-20261003-streamline.md — Local link does not resolve: ../../.scratch/dioxus-pcb-view/issues/11-board-wiring-pin-lock-controls.md
broken-markdown-link: docs/migration/history/POST-PORT-REFACTOR-before-20261003-streamline.md — Local link does not resolve: ../../.scratch/dioxus-pcb-view/evidence/pcb-apply-mode-disabled-20261002/private-probe-20261003.md
broken-markdown-link: docs/migration/history/POST-PORT-REFACTOR-before-20261003-streamline.md — Local link does not resolve: ../../.scratch/dioxus-layout-authoring/specs/F34d-outline-canvas-editing.md
broken-markdown-link: docs/migration/history/POST-PORT-REFACTOR-before-20261003-streamline.md — Local link does not resolve: ../../.scratch/dioxus-layout-authoring/issues/14-outline-canvas-editing.md
broken-markdown-link: docs/migration/history/POST-PORT-REFACTOR-before-20261003-streamline.md — Local link does not resolve: ../../.scratch/dioxus-layout-authoring/specs/F31-board-inspector.md
broken-markdown-link: docs/migration/history/POST-PORT-REFACTOR-before-20261003-streamline.md — Local link does not resolve: ../../.scratch/dioxus-layout-authoring/issues/15-board-inspector.md
broken-markdown-link: docs/migration/history/POST-PORT-REFACTOR-before-20261003-streamline.md — Local link does not resolve: ../../web/src/presentation.rs
broken-markdown-link: docs/migration/history/POST-PORT-REFACTOR-before-20261003-streamline.md — Local link does not resolve: ../../web/src/runtime.rs
broken-markdown-link: docs/migration/history/POST-PORT-REFACTOR-before-20261003-streamline.md — Local link does not resolve: ../../app/src/ui/Workbench.tsx
broken-markdown-link: docs/migration/history/POST-PORT-REFACTOR-before-20261003-streamline.md — Local link does not resolve: ../../.scratch/dioxus-pcb-view/evidence/21-empty-board-entry-20261003/public-34762.json
broken-markdown-link: docs/migration/history/POST-PORT-REFACTOR-before-20261003-streamline.md — Local link does not resolve: ../../.scratch/dioxus-pcb-view/evidence/20-add-object-20261003/public-34762-hint.json
broken-markdown-link: docs/migration/history/POST-PORT-REFACTOR-before-20261003-streamline.md — Local link does not resolve: ../../.scratch/dioxus-frontend-v1/evidence/case-shared3d-parity-reset-20261002/AUDIT.md
broken-markdown-link: docs/migration/history/POST-PORT-REFACTOR-before-20261003-streamline.md — Local link does not resolve: ../../.scratch/dioxus-workbench-parity/evidence/workbench-composition-contract-v3-reviewed.md
broken-markdown-link: docs/migration/history/POST-PORT-REFACTOR-before-20261003-streamline.md — Local link does not resolve: ../../.scratch/dioxus-workbench-parity/issues/01-private-workbench-composition.md
broken-markdown-link: docs/migration/history/POST-PORT-REFACTOR-before-20261003-streamline.md — Local link does not resolve: ../../.scratch/dioxus-pcb-view/evidence/wiring-context-20261002/audit.md
broken-markdown-link: docs/migration/history/POST-PORT-REFACTOR-before-20261003-streamline.md — Local link does not resolve: ../../.scratch/dioxus-pcb-view/evidence/wiring-context-20261002/implementation-handoff.md
broken-markdown-link: docs/migration/history/POST-PORT-REFACTOR-before-20261003-streamline.md — Local link does not resolve: ../../.scratch/dioxus-pcb-view/issues/12-protected-electrical-remap-review.md
broken-markdown-link: docs/migration/history/POST-PORT-REFACTOR-before-20261003-streamline.md — Local link does not resolve: ../../.scratch/dioxus-pcb-view/evidence/pcb-protected-remap-20261003/followup-core-session-correction.md
broken-markdown-link: docs/migration/history/POST-PORT-REFACTOR-before-20261003-streamline.md — Local link does not resolve: ../../.scratch/dioxus-pcb-view/issues/13-canvas-command-pill.md
broken-markdown-link: docs/migration/history/POST-PORT-REFACTOR-before-20261003-streamline.md — Local link does not resolve: ../../.scratch/dioxus-pcb-view/evidence/pcb-modifier-click-repair-20261003/red.json
broken-markdown-link: docs/migration/history/POST-PORT-REFACTOR-before-20261003-streamline.md — Local link does not resolve: ../../.scratch/dioxus-pcb-view/issues/14-mounted-module-footprints.md
broken-markdown-link: docs/migration/history/POST-PORT-REFACTOR-before-20261003-streamline.md — Local link does not resolve: ../../.scratch/dioxus-pcb-view/issues/22-mounted-module-placement-inspector.md
broken-markdown-link: docs/migration/history/POST-PORT-REFACTOR-before-20261003-streamline.md — Local link does not resolve: ../../.scratch/dioxus-frontend-tranche-1/issues/20-project-demo-cards-fresh-copies.md
broken-markdown-link: docs/migration/history/POST-PORT-REFACTOR-before-20261003-streamline.md — Local link does not resolve: ../../.scratch/dioxus-frontend-tranche-1/evidence/project-demo-cards-fresh-copies-34767/RESULTS.md
broken-markdown-link: docs/migration/history/POST-PORT-REFACTOR-before-20261003-streamline.md — Local link does not resolve: ../../web/src/lib.rs
broken-markdown-link: docs/migration/history/POST-PORT-REFACTOR-before-20261003-streamline.md — Local link does not resolve: ../../web/src/cad_jobs.rs
broken-markdown-link: docs/migration/history/POST-PORT-REFACTOR-before-20261003-streamline.md — Local link does not resolve: ../../web/src/renderer_host.rs
broken-markdown-link: docs/migration/history/POST-PORT-REFACTOR-before-20261003-streamline.md — Local link does not resolve: ../../.scratch/dioxus-frontend-v1/evidence/layout-toolbar-paired-20261002/RESULTS.md
broken-markdown-link: docs/migration/history/POST-PORT-REFACTOR-before-20261003-streamline.md — Local link does not resolve: ../../web/src/case_generation_admission.rs
broken-markdown-link: docs/migration/history/POST-PORT-REFACTOR-before-20261003-streamline.md — Local link does not resolve: ../../cad/wasm/src/model/keycaps.rs
broken-markdown-link: docs/migration/history/POST-PORT-REFACTOR-before-20261003-streamline.md — Local link does not resolve: ../../cad/wasm/src/lib.rs
broken-markdown-link: docs/migration/history/POST-PORT-REFACTOR-before-20261003-streamline.md — Local link does not resolve: ../../cad/src/index.ts
broken-markdown-link: docs/migration/history/POST-PORT-REFACTOR-before-20261003-streamline.md — Local link does not resolve: ../../app/src/CaseClient.ts
broken-markdown-link: docs/migration/history/POST-PORT-REFACTOR-before-20261003-streamline.md — Local link does not resolve: ../../web/src/cad_jobs.rs
broken-markdown-link: docs/migration/history/POST-PORT-REFACTOR-before-20261003-streamline.md — Local link does not resolve: ../../web/src/cad_worker.rs
broken-markdown-link: docs/migration/history/POST-PORT-REFACTOR-before-20261003-streamline.md — Local link does not resolve: ../../.scratch/dioxus-frontend-v1/evidence/case-shared3d-parity-reset-20261002/AUDIT.md
broken-markdown-link: docs/migration/history/POST-PORT-REFACTOR-before-20261003-streamline.md — Local link does not resolve: ../../.scratch/dioxus-frontend-v1/evidence/case-readiness-parity-20261002/RESULTS.md
broken-markdown-link: docs/migration/history/POST-PORT-REFACTOR-before-20261003-streamline.md — Local link does not resolve: /tmp/frontend-parity-reset-20261002/case/readiness-mismatch.md
broken-markdown-link: docs/migration/history/POST-PORT-REFACTOR-before-20261003-streamline.md — Local link does not resolve: ../../application/src/session.rs
broken-markdown-link: docs/migration/history/POST-PORT-REFACTOR-before-20261003-streamline.md — Local link does not resolve: ../../app/src/exports/context.ts
broken-markdown-link: docs/migration/history/POST-PORT-REFACTOR-before-20261003-streamline.md — Local link does not resolve: ../../app/src/exports/pcb.ts
broken-markdown-link: docs/migration/history/POST-PORT-REFACTOR-before-20261003-streamline.md — Local link does not resolve: ../../web/src/runtime.rs
broken-markdown-link: docs/migration/history/POST-PORT-REFACTOR-before-20261003-streamline.md — Local link does not resolve: ../../.scratch/dioxus-frontend-v1/issues/08-export-pcb-handoff-slice.md
broken-markdown-link: docs/migration/history/POST-PORT-REFACTOR-before-20261003-streamline.md — Local link does not resolve: ../../.scratch/dioxus-frontend-v1/evidence/export-pcb-handoff-20261003/REACT-RECEIPT.md
broken-markdown-link: docs/migration/history/POST-PORT-REFACTOR-before-20261003-streamline.md — Local link does not resolve: ../../app/src/ui/planKeycapResize.ts
broken-markdown-link: docs/migration/history/POST-PORT-REFACTOR-before-20261003-streamline.md — Local link does not resolve: ../../app/src/ui/keycapReflow.ts
broken-markdown-link: docs/migration/history/POST-PORT-REFACTOR-before-20261003-streamline.md — Local link does not resolve: ../../application/src/interactions.rs
broken-markdown-link: docs/migration/history/POST-PORT-REFACTOR-before-20261003-streamline.md — Local link does not resolve: ../../core/src/matrix/layout.rs
broken-markdown-link: docs/migration/history/POST-PORT-REFACTOR-before-20261003-streamline.md — Local link does not resolve: ../../app/src/closureClearance.ts
broken-markdown-link: docs/migration/history/POST-PORT-REFACTOR-before-20261003-streamline.md — Local link does not resolve: ../../app/src/createProjectActions.ts
broken-markdown-link: docs/migration/history/POST-PORT-REFACTOR-before-20261003-streamline.md — Local link does not resolve: ../../core/src/lib.rs
broken-markdown-link: docs/migration/history/POST-PORT-REFACTOR-before-20261003-streamline.md — Local link does not resolve: ../../.scratch/dioxus-case-workspace/evidence/mechanical-settings-contract/implementation-contract.md
broken-markdown-link: docs/migration/history/POST-PORT-REFACTOR-before-20261003-streamline.md — Local link does not resolve: ../../.scratch/dioxus-frontend-v1/evidence/planning/mechanical-effective-projection-cost-20261002.md
broken-markdown-link: docs/migration/history/POST-PORT-REFACTOR-before-20261003-streamline.md — Local link does not resolve: ../../app/src/ui/Workbench.tsx
broken-markdown-link: docs/migration/history/POST-PORT-REFACTOR-before-20261003-streamline.md — Local link does not resolve: ../../app/src/ui/LibraryWorkspace.tsx
broken-markdown-link: docs/migration/history/POST-PORT-REFACTOR-before-20261003-streamline.md — Local link does not resolve: ../../app/src/exports/cases.ts
broken-markdown-link: docs/migration/history/POST-PORT-REFACTOR-before-20261003-streamline.md — Local link does not resolve: ../../web/src/cad_jobs.rs
broken-markdown-link: docs/migration/history/POST-PORT-REFACTOR-before-20261003-streamline.md — Local link does not resolve: ../../.scratch/dioxus-frontend-v1/evidence/planning/mechanical-effective-projection-cost-20261002.md
broken-markdown-link: docs/migration/history/POST-PORT-REFACTOR-before-20261003-streamline.md — Local link does not resolve: ../../.scratch/dioxus-pcb-view/evidence/wiring-context-20261002/implementation-handoff.md
broken-markdown-link: docs/migration/history/POST-PORT-REFACTOR-before-20261003-streamline.md — Local link does not resolve: evidence/new-keyboard-guide-paired-20261002/README.md
broken-markdown-link: docs/migration/history/POST-PORT-REFACTOR-before-20261003-streamline.md — Local link does not resolve: ../../web/src/runtime.rs
broken-markdown-link: docs/migration/history/POST-PORT-REFACTOR-before-20261003-streamline.md — Local link does not resolve: ../../app/src/storage.ts
broken-markdown-link: docs/migration/history/POST-PORT-REFACTOR-before-20261003-streamline.md — Local link does not resolve: ../../app/src/ui/Workbench.tsx
broken-markdown-link: docs/migration/history/POST-PORT-REFACTOR-before-20261003-streamline.md — Local link does not resolve: ../../web/src/runtime.rs
broken-markdown-link: docs/migration/history/POST-PORT-REFACTOR-before-20261003-streamline.md — Local link does not resolve: ../../.scratch/dioxus-frontend-v1/evidence/export-footprints-20261003/RECEIPT.md
broken-markdown-link: docs/migration/history/POST-PORT-REFACTOR-before-20261003-streamline.md — Local link does not resolve: ../../.scratch/dioxus-frontend-v1/evidence/candidate-34769-20261003/fixture-url-decoding-regression.json
broken-markdown-link: docs/migration/history/POST-PORT-REFACTOR-before-20261003-streamline.md — Local link does not resolve: ../../.scratch/dioxus-frontend-v1/evidence/tsx-inventory.json
broken-markdown-link: docs/migration/history/POST-PORT-REFACTOR-before-20261003-streamline.md — Local link does not resolve: ../../CONSTRAINTS.md
broken-markdown-link: docs/migration/history/POST-PORT-REFACTOR-before-20261003-streamline.md — Local link does not resolve: ../../app/playwright.config.ts
broken-markdown-link: docs/migration/history/POST-PORT-REFACTOR-before-20261003-streamline.md — Local link does not resolve: ../../.scratch/m1-production/ACCEPTANCE.md
broken-markdown-link: docs/migration/history/POST-PORT-REFACTOR-before-20261003-streamline.md — Local link does not resolve: ../../.scratch/dioxus-frontend-v1/evidence/case-shared3d-parity-reset-20261002/AUDIT.md
broken-markdown-link: docs/migration/history/POST-PORT-REFACTOR-before-20261003-streamline.md — Local link does not resolve: ../../.scratch/dioxus-frontend-v1/issues/07-case-3d-parity-reset-addendum.md
broken-markdown-link: docs/migration/history/POST-PORT-REFACTOR-before-20261003-streamline.md — Local link does not resolve: ../../.scratch/dioxus-parts-catalogue/evidence/parts-preview-source-corrections/refactor-handoff.md
broken-markdown-link: docs/migration/history/POST-PORT-REFACTOR-before-20261003-streamline.md — Local link does not resolve: ../../.scratch/dioxus-keymap-layers/evidence/encoder-select-regression/refactor-handoff.md
broken-markdown-link: docs/migration/history/POST-PORT-REFACTOR-before-20261003-streamline.md — Local link does not resolve: ../../.scratch/dioxus-keymap-layers/evidence/encoder-public-workflow/
broken-markdown-link: docs/migration/history/POST-PORT-REFACTOR-before-20261003-streamline.md — Local link does not resolve: ../../.scratch/dioxus-keymap-layers/evidence/encoder-select-regression/
broken-markdown-link: docs/migration/history/POST-PORT-REFACTOR-before-20261003-streamline.md — Local link does not resolve: ../../.scratch/dioxus-pcb-view/evidence/wiring-context-20261002/audit.md
broken-markdown-link: docs/migration/history/POST-PORT-REFACTOR-before-20261003-streamline.md — Local link does not resolve: ../../.scratch/dioxus-pcb-view/drafts/F5.2a-wiring-preview-and-switch-context.md
broken-markdown-link: docs/migration/history/POST-PORT-REFACTOR-before-20261003-streamline.md — Local link does not resolve: ../../.scratch/dioxus-pcb-view/evidence/wiring-context-20261002/implementation-handoff.md
broken-markdown-link: docs/migration/history/POST-PORT-REFACTOR-before-20261003-streamline.md — Local link does not resolve: ../../.scratch/dioxus-pcb-view/evidence/apply-current-plan-20261002/core-apply-lock-audit.md
broken-markdown-link: docs/migration/history/POST-PORT-REFACTOR-before-20261003-streamline.md — Local link does not resolve: ../../.scratch/dioxus-pcb-view/drafts/tickets/09-core-apply-electrical-honors-saved-locks.md
broken-markdown-link: docs/migration/history/POST-PORT-REFACTOR-before-20261003-streamline.md — Local link does not resolve: ../../.scratch/dioxus-frontend-v1/evidence/packaging-page-rust-reuse-20261003/RESULTS.md
broken-markdown-link: docs/migration/history/POST-PORT-REFACTOR-before-20261003-streamline.md — Local link does not resolve: ../../.scratch/dioxus-pcb-view/evidence/pcb-protected-remap-20261003/followup-core-session-correction.md
broken-markdown-link: docs/migration/history/POST-PORT-REFACTOR-before-20261003-streamline.md — Local link does not resolve: ../../.scratch/dioxus-frontend-v1/evidence/candidate-34769-20261003/
broken-markdown-link: docs/migration/history/POST-PORT-REFACTOR-before-20261003-streamline.md — Local link does not resolve: ../architecture.md
broken-markdown-link: docs/migration/history/POST-PORT-REFACTOR-before-20261003-streamline.md — Local link does not resolve: ../../cad/src/index.ts
broken-markdown-link: docs/migration/history/POST-PORT-REFACTOR-before-20261003-streamline.md — Local link does not resolve: ../../web/src/cad_worker.rs
broken-markdown-link: docs/migration/history/POST-PORT-REFACTOR-before-20261003-streamline.md — Local link does not resolve: ../../cad/wasm/src/model/keycaps.rs
broken-markdown-link: docs/migration/history/POST-PORT-REFACTOR-before-20261003-streamline.md — Local link does not resolve: ../../web/src/cad_jobs.rs
broken-markdown-link: docs/migration/history/POST-PORT-REFACTOR-before-20261003-streamline.md — Local link does not resolve: ../../web/src/renderer_host.rs
broken-markdown-link: docs/migration/history/POST-PORT-REFACTOR-before-20261003-streamline.md — Local link does not resolve: ../../renderer/src/wasm.rs
broken-markdown-link: docs/migration/history/POST-PORT-REFACTOR-before-20261003-streamline.md — Local link does not resolve: ../../.scratch/dioxus-frontend-v1/evidence/tree-and-parts-4b05d451/tree-515f390d-a11y.json
broken-markdown-link: docs/migration/history/POST-PORT-REFACTOR-before-20261003-streamline.md — Local link does not resolve: ../../.scratch/dioxus-frontend-v1/evidence/tree-and-parts-4b05d451/tree-react-a11y.json
broken-markdown-link: docs/migration/history/POST-PORT-REFACTOR-before-20261003-streamline.md — Local link does not resolve: ../../.scratch/dioxus-frontend-v1/evidence/tree-and-parts-4b05d451/tree-515f390d-hierarchy.json
broken-markdown-link: docs/migration/history/POST-PORT-REFACTOR-before-20261003-streamline.md — Local link does not resolve: ../../.scratch/dioxus-frontend-v1/evidence/tree-and-parts-4b05d451/source-review-reference.md
broken-markdown-link: docs/migration/history/POST-PORT-REFACTOR-before-20261003-streamline.md — Local link does not resolve: ../../.scratch/dioxus-frontend-v1/evidence/planning/refactor-review.md
broken-markdown-link: docs/migration/history/POST-PORT-REFACTOR-before-20261003-streamline.md — Local link does not resolve: ../../.scratch/dioxus-frontend-tranche-1/PROPOSAL.md
broken-markdown-link: docs/migration/history/POST-PORT-REFACTOR-before-20261003-streamline.md — Local link does not resolve: ../../.scratch/dioxus-frontend-tranche-1/SOURCE-NOTES.md
broken-markdown-link: docs/migration/history/POST-PORT-REFACTOR-before-20261003-streamline.md — Local link does not resolve: ../../.scratch/dioxus-frontend-tranche-1/evidence/int1-integrated/README.md
broken-markdown-link: docs/migration/history/POST-PORT-REFACTOR-before-20261003-streamline.md — Local link does not resolve: ../../.scratch/dioxus-parts-catalogue/evidence/astra-final-review.md
broken-markdown-link: docs/migration/history/POST-PORT-REFACTOR-before-20261003-streamline.md — Local link does not resolve: ../../.scratch/dioxus-frontend-tranche-1/evidence/contracts-active/open-supersession-diagnosis.md
broken-markdown-link: docs/migration/history/POST-PORT-REFACTOR-before-20261003-streamline.md — Local link does not resolve: ../../.scratch/dioxus-frontend-tranche-1/evidence/contracts-active/tolerant-listing-api-proposal.md
broken-markdown-link: docs/migration/history/POST-PORT-REFACTOR-before-20261003-streamline.md — Local link does not resolve: ../../.scratch/dioxus-frontend-tranche-1/evidence/cards-panels-2030c9a3/cards-panels-standards.md
broken-markdown-link: docs/migration/history/POST-PORT-REFACTOR-before-20261003-streamline.md — Local link does not resolve: ../../.scratch/dioxus-frontend-tranche-1/evidence/panels-fixed-47cf655b/record.json
broken-markdown-link: docs/migration/history/POST-PORT-REFACTOR-before-20261003-streamline.md — Local link does not resolve: ../../.scratch/dioxus-frontend-v1/evidence/case-keymap-current/refactor-handoff.md
broken-markdown-link: docs/migration/history/POST-PORT-REFACTOR-before-20261003-streamline.md — Local link does not resolve: ../../.scratch/dioxus-frontend-v1/evidence/planning/binding-focus-continuity-handoff-20261002.md
broken-markdown-link: docs/migration/history/POST-PORT-REFACTOR-before-20261003-streamline.md — Local link does not resolve: ../../.scratch/dioxus-case-workspace/evidence/public-mechanical-settings/candidate-0cad7577/RESULTS.md
broken-markdown-link: docs/migration/history/POST-PORT-REFACTOR-before-20261003-streamline.md — Local link does not resolve: ../../.scratch/dioxus-keymap-layers/evidence/public-macro-editor/RESULTS.md
broken-markdown-link: docs/migration/history/POST-PORT-REFACTOR-before-20261003-streamline.md — Local link does not resolve: ../../.scratch/dioxus-case-workspace/evidence/compact-containment-public/
broken-markdown-link: docs/migration/history/POST-PORT-REFACTOR-before-20261003-streamline.md — Local link does not resolve: ../../.scratch/dioxus-case-workspace/evidence/compact-focus-reveal/
broken-markdown-link: docs/migration/history/POST-PORT-REFACTOR-before-20261003-streamline.md — Local link does not resolve: ../../.scratch/dioxus-case-workspace/evidence/compact-focus-resize-final-public/
broken-markdown-link: docs/migration/history/POST-PORT-REFACTOR-before-20261003-streamline.md — Local link does not resolve: ../../.scratch/dioxus-workbench-parity/evidence/integration-handoff-20261002.md
broken-markdown-link: docs/migration/history/POST-PORT-REFACTOR-before-20261003-streamline.md — Local link does not resolve: ../../.scratch/dioxus-workbench-parity/evidence/matrix-keycaps-wave-20261002/RESULTS.md
broken-markdown-link: docs/migration/history/POST-PORT-REFACTOR-before-20261003-streamline.md — Local link does not resolve: ../../.scratch/dioxus-workbench-parity/evidence/matrix-keycaps-wave-20261002/keycaps-selection-diagnosis/DIAGNOSIS.md
broken-markdown-link: docs/migration/history/POST-PORT-REFACTOR-before-20261003-streamline.md — Local link does not resolve: ../../.scratch/dioxus-frontend-v1/evidence/source-wave-20261002/spec-review.md
broken-markdown-link: docs/migration/history/POST-PORT-REFACTOR-before-20261003-streamline.md — Local link does not resolve: ../../.scratch/dioxus-frontend-v1/evidence/source-wave-20261002/standards-review.md
broken-markdown-link: docs/migration/history/POST-PORT-REFACTOR-before-20261003-streamline.md — Local link does not resolve: ../../.scratch/dioxus-layout-authoring/evidence/transform-align/rf-handoff.md
broken-markdown-link: docs/migration/history/POST-PORT-REFACTOR-before-20261003-streamline.md — Local link does not resolve: ../../.scratch/dioxus-case-workspace/evidence/case13-wireless-right-transport-admission-20261002/implementation-handoff.md
broken-markdown-link: docs/migration/history/POST-PORT-REFACTOR-before-20261003-streamline.md — Local link does not resolve: ../../.scratch/dioxus-frontend-tranche-1/evidence/idb-observer-repair-20261002/FINDING.md
broken-markdown-link: docs/migration/history/POST-PORT-REFACTOR-before-20261003-streamline.md — Local link does not resolve: ../../.scratch/dioxus-shared-viewer/evidence/layout-canonical-layer-controls-20261002/planning-evidence.md
broken-markdown-link: docs/migration/history/POST-PORT-REFACTOR-before-20261003-streamline.md — Local link does not resolve: ../../.scratch/dioxus-parts-catalogue/evidence/parts13-implementation-handoff-20261002.md
broken-markdown-link: docs/migration/history/POST-PORT-REFACTOR-before-20261003-streamline.md — Local link does not resolve: ../../.scratch/dioxus-frontend-v1/evidence/layout-case-transport-public-20261002/README.md
broken-markdown-link: docs/migration/history/POST-PORT-REFACTOR-before-20261003-streamline.md — Local link does not resolve: ../../.scratch/dioxus-pcb-view/issues/13-canvas-command-pill.md
broken-markdown-link: docs/migration/history/POST-PORT-REFACTOR-before-20261003-streamline.md — Local link does not resolve: ../../.scratch/dioxus-pcb-view/evidence/pcb-modifier-click-repair-20261003/final-green.json
broken-markdown-link: docs/migration/history/POST-PORT-REFACTOR-before-20261003-streamline.md — Local link does not resolve: ../../.scratch/dioxus-keycap-cad-bridge/evidence/source-contract.md
broken-markdown-link: docs/migration/history/POST-PORT-REFACTOR-before-20261003-streamline.md — Local link does not resolve: ../../.scratch/dioxus-frontend-v1/evidence/keycaps-3d-preview-20261003/RECEIPT.md
broken-markdown-link: docs/migration/history/POST-PORT-REFACTOR-before-20261003-streamline.md — Local link does not resolve: ../../.scratch/dioxus-pcb-view/evidence/22-mounted-module-placement-inspector-20261003/undo-redo-settled-34765.md
broken-markdown-link: docs/migration/history/POST-PORT-REFACTOR-before-20261003-streamline.md — Local link does not resolve: ../../.scratch/dioxus-pcb-view/issues/23-mounted-module-supports-and-clearance.md
broken-markdown-link: docs/migration/history/POST-PORT-REFACTOR-before-20261003-streamline.md — Local link does not resolve: ../../.scratch/dioxus-pcb-view/evidence/22-mounted-module-inspector-20261003/placement-save-reopen.md
broken-markdown-link: docs/migration/history/POST-PORT-REFACTOR-before-20261003-streamline.md — Local link does not resolve: ../../.scratch/dioxus-keymap-layers/evidence/keymap-compact-inspector-20261003/paired-receipt.md
[ELIFECYCLE] Command failed with exit code 1.
