Diff in /home/chris/.local/share/boardstudio/worktrees/m1-providers-worker-20261001/cad/wasm/src/model/construction/gasket_features.rs:159:
                     {"x":x,"y":2},{"x":x+3.,"y":2},{"x":x+3.,"y":4},{"x":x,"y":4}],"z":1,"height":2}]},
             "regions":[{"outer":[{"x":0,"y":0},{"x":10,"y":0},{"x":10,"y":10},{"x":0,"y":10}]}]
         })).unwrap();
-        let error = build_body(&ir)
-            .expect_err("outside support must be rejected");
+        let error = build_body(&ir).expect_err("outside support must be rejected");
         assert!(error.contains("outside"), "{error}");
     }
 }
Diff in /home/chris/.local/share/boardstudio/worktrees/m1-providers-worker-20261001/cad/wasm/src/model/construction/planar_mesh.rs:209:
                     let sample_stride = (mesh.positions.len() / 9 / 32).max(1);
                     for (triangle_index, (triangle, normals)) in mesh
                         .positions
-                        .as_chunks::<9>().0.iter()
+                        .as_chunks::<9>()
+                        .0
+                        .iter()
                         .zip(mesh.normals.as_chunks::<9>().0.iter())
                         .enumerate()
                     {
Diff in /home/chris/.local/share/boardstudio/worktrees/m1-providers-worker-20261001/cad/wasm/src/model/construction/planar_mesh.rs:216:
                         let points: Vec<_> = triangle
-                            .as_chunks::<3>().0.iter()
+                            .as_chunks::<3>()
+                            .0
+                            .iter()
                             .map(|p| DVec3::new(p[0] as f64, p[1] as f64, p[2] as f64))
                             .collect();
                         let cross = (points[1] - points[0]).cross(points[2] - points[0]);
Diff in /home/chris/.local/share/boardstudio/worktrees/m1-providers-worker-20261001/cad/wasm/src/model/construction/planar_mesh.rs:239:
                         }
                         volume += points[0].dot(points[1].cross(points[2])) / 6.;
                         let keys: Vec<[u32; 3]> = triangle
-                            .as_chunks::<3>().0.iter()
+                            .as_chunks::<3>()
+                            .0
+                            .iter()
                             .map(|p| [p[0].to_bits(), p[1].to_bits(), p[2].to_bits()])
                             .collect();
                         for i in 0..3 {
Diff in /home/chris/.local/share/boardstudio/worktrees/m1-providers-worker-20261001/cad/wasm/src/model/construction.rs:530:
             let within = middle > rect_x[0] && middle < rect_x[1];
             if within
                 && !ys
-                    .as_chunks::<2>().0.iter()
+                    .as_chunks::<2>()
+                    .0
+                    .iter()
                     .any(|pair| pair[0] <= rect_y[0] && pair[1] >= rect_y[1])
             {
                 contains_rectangle = false;
Diff in /home/chris/.local/share/boardstudio/worktrees/m1-providers-worker-20261001/cad/wasm/src/model/keycaps.rs:214:
     let sign = if s.side == Side::Back { -1.0 } else { 1.0 };
     let convert = |input: &[f32], normal: bool| {
         input
-            .as_chunks::<3>().0.iter()
+            .as_chunks::<3>()
+            .0
+            .iter()
             .flat_map(|p| {
                 let x = f64::from(p[0]);
                 let y = f64::from(p[1]) * sign;
