run-wasm-tests: selection: web/src/presentation/pcb_module_inspector.rs -> direct module prefix 'presentation::pcb_module_inspector::': presentation::pcb_module_inspector::mounted_save_replacement_tests::, presentation::pcb_module_inspector::remove_feedback_tests::, presentation::pcb_module_inspector::wasm_tests::
run-wasm-tests: selection: web/src/renderer_host_page.rs -> direct module prefix 'renderer_host_page::': renderer_host_page::lifecycle_tests::
run-wasm-tests: [1/4] presentation::pcb_module_inspector::mounted_save_replacement_tests::
run-wasm-tests: [2/4] presentation::pcb_module_inspector::remove_feedback_tests::
run-wasm-tests: [3/4] presentation::pcb_module_inspector::wasm_tests::
run-wasm-tests: [4/4] renderer_host_page::lifecycle_tests::
run-wasm-tests: incomplete execution; invoked tests did not report a terminal result: presentation::pcb_module_inspector::mounted_save_replacement_tests::mounted_save_persist_settlement_cannot_cross_replacement_with_colliding_ids
run-wasm-tests: listed tests were not completed for filter presentation::pcb_module_inspector::mounted_save_replacement_tests::: presentation::pcb_module_inspector::mounted_save_replacement_tests::mounted_save_persist_settlement_cannot_cross_replacement_with_colliding_ids
--- presentation::pcb_module_inspector::mounted_save_replacement_tests:: ---
5282 |         let _ = input.blur();
     |         +++++++

warning: unused `std::result::Result` that must be used
    --> src/presentation/mechanical_settings.rs:5301:9
     |
5301 |         input.blur();
     |         ^^^^^^^^^^^^
     |
     = note: this `Result` may be an `Err` variant, which should be handled
help: use `let _ = ...` to ignore the resulting value
     |
5301 |         let _ = input.blur();
     |         +++++++

warning: unused `std::result::Result` that must be used
    --> src/presentation/mechanical_settings.rs:5318:9
     |
5318 |         input.blur();
     |         ^^^^^^^^^^^^
     |
     = note: this `Result` may be an `Err` variant, which should be handled
help: use `let _ = ...` to ignore the resulting value
     |
5318 |         let _ = input.blur();
     |         +++++++

warning: `boardstudio-web` (bin "boardstudio-web" test) generated 21 warnings (run `cargo fix --bin "boardstudio-web" -p boardstudio-web --tests` to apply 13 suggestions)
    Finished `test` profile [unoptimized + debuginfo] target(s) in 0.12s
     Running unittests src/main.rs (target/wasm32-unknown-unknown/debug/deps/boardstudio_web-ade5ef492b9e030c.wasm)
Error: some tests failed
error: test failed, to rerun pass `--bin boardstudio-web`

Caused by:
  process didn't exit successfully: `/home/chris/.cache/.wasm-pack/wasm-bindgen-9411bdb1a3e2bbb9/wasm-bindgen-test-runner /home/chris/.local/share/boardstudio/worktrees/migration-m1-continuation-20261001/web/target/wasm32-unknown-unknown/debug/deps/boardstudio_web-ade5ef492b9e030c.wasm 'presentation::pcb_module_inspector::mounted_save_replacement_tests::'` (exit status: 1)
note: test exited abnormally; to see the full output pass --no-capture to the harness.
Error: Running Wasm tests with wasm-bindgen-test failed
Caused by: Running Wasm tests with wasm-bindgen-test failed
Caused by: failed to execute `cargo test`: exited with exit status: 1
  full command: cd "web" && CARGO_TARGET_WASM32_UNKNOWN_UNKNOWN_RUNNER="/home/chris/.cache/.wasm-pack/wasm-bindgen-9411bdb1a3e2bbb9/wasm-bindgen-test-runner" CHROMEDRIVER="/usr/bin/chromedriver" WASM_BINDGEN_TEST_ONLY_WEB="1" "cargo" "test" "--target" "wasm32-unknown-unknown" "--no-default-features" "--features" "page" "--bin" "boardstudio-web" "--" "presentation::pcb_module_inspector::mounted_save_replacement_tests::"
--- presentation::pcb_module_inspector::mounted_save_replacement_tests:: ---
5282 |         let _ = input.blur();
     |         +++++++

warning: unused `std::result::Result` that must be used
    --> src/presentation/mechanical_settings.rs:5301:9
     |
5301 |         input.blur();
     |         ^^^^^^^^^^^^
     |
     = note: this `Result` may be an `Err` variant, which should be handled
help: use `let _ = ...` to ignore the resulting value
     |
5301 |         let _ = input.blur();
     |         +++++++

warning: unused `std::result::Result` that must be used
    --> src/presentation/mechanical_settings.rs:5318:9
     |
5318 |         input.blur();
     |         ^^^^^^^^^^^^
     |
     = note: this `Result` may be an `Err` variant, which should be handled
help: use `let _ = ...` to ignore the resulting value
     |
5318 |         let _ = input.blur();
     |         +++++++

warning: `boardstudio-web` (bin "boardstudio-web" test) generated 21 warnings (run `cargo fix --bin "boardstudio-web" -p boardstudio-web --tests` to apply 13 suggestions)
    Finished `test` profile [unoptimized + debuginfo] target(s) in 0.12s
     Running unittests src/main.rs (target/wasm32-unknown-unknown/debug/deps/boardstudio_web-ade5ef492b9e030c.wasm)
Error: some tests failed
error: test failed, to rerun pass `--bin boardstudio-web`

Caused by:
  process didn't exit successfully: `/home/chris/.cache/.wasm-pack/wasm-bindgen-9411bdb1a3e2bbb9/wasm-bindgen-test-runner /home/chris/.local/share/boardstudio/worktrees/migration-m1-continuation-20261001/web/target/wasm32-unknown-unknown/debug/deps/boardstudio_web-ade5ef492b9e030c.wasm 'presentation::pcb_module_inspector::mounted_save_replacement_tests::'` (exit status: 1)
note: test exited abnormally; to see the full output pass --no-capture to the harness.
Error: Running Wasm tests with wasm-bindgen-test failed
Caused by: Running Wasm tests with wasm-bindgen-test failed
Caused by: failed to execute `cargo test`: exited with exit status: 1
  full command: cd "web" && CARGO_TARGET_WASM32_UNKNOWN_UNKNOWN_RUNNER="/home/chris/.cache/.wasm-pack/wasm-bindgen-9411bdb1a3e2bbb9/wasm-bindgen-test-runner" CHROMEDRIVER="/usr/bin/chromedriver" WASM_BINDGEN_TEST_ONLY_WEB="1" "cargo" "test" "--target" "wasm32-unknown-unknown" "--no-default-features" "--features" "page" "--bin" "boardstudio-web" "--" "presentation::pcb_module_inspector::mounted_save_replacement_tests::"
run-wasm-tests: executed 9, failed 0 (filters: presentation::pcb_module_inspector::mounted_save_replacement_tests::, presentation::pcb_module_inspector::remove_feedback_tests::, presentation::pcb_module_inspector::wasm_tests::, renderer_host_page::lifecycle_tests::)
