   Compiling boardstudio-web v0.1.0 (/home/chris/.local/share/boardstudio/worktrees/migration-m1-continuation-20261001/web)
warning: unused import: `ProjectDoc`
 --> src/presentation/case_controller.rs:9:82
  |
9 |     CaseBody, CaseKind, EditCommand, EditOperation, EditPhase, Mount, MountKind, ProjectDoc, Vec2,
  |                                                                                  ^^^^^^^^^^
  |
  = note: `#[warn(unused_imports)]` (part of `#[warn(unused)]`) on by default

warning: unused import: `wasm_bindgen_futures::spawn_local`
  --> src/presentation/mechanical_settings.rs:20:5
   |
20 | use wasm_bindgen_futures::spawn_local;
   |     ^^^^^^^^^^^^^^^^^^^^^^^^^^^^^^^^^

warning: unused import: `dioxus::prelude::*`
    --> src/presentation/pcb_module_inspector.rs:1078:9
     |
1078 |     use dioxus::prelude::*;
     |         ^^^^^^^^^^^^^^^^^^

warning: unused imports: `SessionEpoch` and `SnapshotToken`
    --> src/presentation/pcb_wiring.rs:1111:35
     |
1111 |     use boardstudio_application::{SessionEpoch, SnapshotToken};
     |                                   ^^^^^^^^^^^^  ^^^^^^^^^^^^^

warning: use of deprecated unit struct `presentation::mechanical_settings::ManufacturingControls::{closure#2}::_::Warning`: Keys are only allowed on the first node in the block.
    --> src/presentation/mechanical_settings.rs:2754:38
     |
2754 | ...                   key: "process-thickness:{target.part_id}",
     |                            ^^^^^^^^^^^^^^^^^^^^^^^^^^^^^^^^^^^^
     |
     = note: `#[warn(deprecated)]` on by default

warning: variable does not need to be mutable
   --> src/presentation/objects/matrix_transform_inspector_tests.rs:693:9
    |
693 |     let mut dom = VirtualDom::new(matrix_transform_host);
    |         ----^^^
    |         |
    |         help: remove this `mut`
    |
    = note: `#[warn(unused_mut)]` (part of `#[warn(unused)]`) on by default

warning: variable does not need to be mutable
    --> src/presentation/mechanical_settings.rs:3212:9
     |
3212 |     let mut geometry_state = use_signal(|| None::<MechanicalGeometry>);
     |         ----^^^^^^^^^^^^^^
     |         |
     |         help: remove this `mut`

warning: variable does not need to be mutable
    --> src/presentation/mechanical_settings.rs:3213:9
     |
3213 |     let mut selected = use_signal(|| Vec::<String>::new());
     |         ----^^^^^^^^
     |         |
     |         help: remove this `mut`

warning: variable does not need to be mutable
    --> src/presentation/mechanical_settings.rs:3214:9
     |
3214 |     let mut purposes = use_signal(|| Vec::<MechanicalPurposeMapping>::new());
     |         ----^^^^^^^^
     |         |
     |         help: remove this `mut`

warning: variable does not need to be mutable
    --> src/presentation/mechanical_settings.rs:3215:9
     |
3215 |     let mut busy = use_signal(|| false);
     |         ----^^^^
     |         |
     |         help: remove this `mut`

warning: variable does not need to be mutable
    --> src/presentation/mechanical_settings.rs:3216:9
     |
3216 |     let mut error = use_signal(String::new);
     |         ----^^^^^
     |         |
     |         help: remove this `mut`

warning: variable does not need to be mutable
    --> src/presentation/mechanical_settings.rs:3322:37
     |
3322 | ...                   let mut sequence = props.request_sequence;
     |                           ----^^^^^^^^
     |                           |
     |                           help: remove this `mut`

warning: variable does not need to be mutable
    --> src/presentation/mechanical_settings.rs:4765:13
     |
4765 |         let mut extracted_definition_ids = use_signal(Vec::<String>::new);
     |             ----^^^^^^^^^^^^^^^^^^^^^^^^
     |             |
     |             help: remove this `mut`

warning: variable does not need to be mutable
    --> src/presentation/parts/preview.rs:1120:13
     |
1120 |         let mut selection = use_signal(|| None::<(Option<Scope>, String)>);
     |             ----^^^^^^^^^
     |             |
     |             help: remove this `mut`

warning: struct `ModuleGroup` is never constructed
  --> src/presentation/parts/modules_catalogue.rs:32:19
   |
32 | pub(super) struct ModuleGroup {
   |                   ^^^^^^^^^^^
   |
   = note: `#[warn(dead_code)]` (part of `#[warn(unused)]`) on by default

warning: method `matches` is never used
  --> src/presentation/parts/modules_catalogue.rs:39:12
   |
38 | impl ModuleGroup {
   | ---------------- method in this implementation
39 |     pub fn matches(&self, query: &str) -> bool {
   |            ^^^^^^^

warning: function `group_choices` is never used
   --> src/presentation/parts/modules_catalogue.rs:328:15
    |
328 | pub(super) fn group_choices(entries: &[ModuleEntry]) -> Vec<ModuleGroup> {
    |               ^^^^^^^^^^^^^

warning: unused `std::result::Result` that must be used
   --> src/presentation/layout_component_inspector_tests.rs:964:5
    |
964 |     x.blur();
    |     ^^^^^^^^
    |
    = note: this `Result` may be an `Err` variant, which should be handled
    = note: `#[warn(unused_must_use)]` (part of `#[warn(unused)]`) on by default
help: use `let _ = ...` to ignore the resulting value
    |
964 |     let _ = x.blur();
    |     +++++++

warning: unused `std::result::Result` that must be used
    --> src/presentation/mechanical_settings.rs:5462:9
     |
5462 |         input.blur();
     |         ^^^^^^^^^^^^
     |
     = note: this `Result` may be an `Err` variant, which should be handled
help: use `let _ = ...` to ignore the resulting value
     |
5462 |         let _ = input.blur();
     |         +++++++

warning: unused `std::result::Result` that must be used
    --> src/presentation/mechanical_settings.rs:5481:9
     |
5481 |         input.blur();
     |         ^^^^^^^^^^^^
     |
     = note: this `Result` may be an `Err` variant, which should be handled
help: use `let _ = ...` to ignore the resulting value
     |
5481 |         let _ = input.blur();
     |         +++++++

warning: unused `std::result::Result` that must be used
    --> src/presentation/mechanical_settings.rs:5498:9
     |
5498 |         input.blur();
     |         ^^^^^^^^^^^^
     |
     = note: this `Result` may be an `Err` variant, which should be handled
help: use `let _ = ...` to ignore the resulting value
     |
5498 |         let _ = input.blur();
     |         +++++++

warning: `boardstudio-web` (bin "boardstudio-web" test) generated 21 warnings (run `cargo fix --bin "boardstudio-web" -p boardstudio-web --tests` to apply 13 suggestions)
    Finished `test` profile [unoptimized + debuginfo] target(s) in 29.90s
     Running unittests src/main.rs (web/target/wasm32-unknown-unknown/debug/deps/boardstudio_web-ade5ef492b9e030c.wasm)
Error: some tests failed
error: test failed, to rerun pass `--bin boardstudio-web`

Caused by:
  process didn't exit successfully: `/home/chris/.cache/.wasm-pack/wasm-bindgen-9411bdb1a3e2bbb9/wasm-bindgen-test-runner /home/chris/.local/share/boardstudio/worktrees/migration-m1-continuation-20261001/web/target/wasm32-unknown-unknown/debug/deps/boardstudio_web-ade5ef492b9e030c.wasm 'presentation::pcb_module_inspector::mounted_save_replacement_tests::mounted_save_persist_settlement_cannot_cross_replacement_with_colliding_ids' --exact` (exit status: 1)
note: test exited abnormally; to see the full output pass --no-capture to the harness.
Running headless tests in Chrome on `http://127.0.0.1:44891/`
Try find `webdriver.json` for configure browser's capabilities:
Not found
Loading Wasm module...

running 1 test
test presentation::pcb_module_inspector::mounted_save_replacement_tests::mounted_save_persist_settlement_cannot_cross_replacement_with_colliding_ids ... FAIL

failures:

---- presentation::pcb_module_inspector::mounted_save_replacement_tests::mounted_save_persist_settlement_cannot_cross_replacement_with_colliding_ids output ----
    error output:
        panicked at src/presentation/pcb_module_inspector.rs:1379:9:
        assertion `left == right` failed: the mounted Save was applied to the old accepted project before persistence
          left: 1.0
         right: 7.25
        
        Stack:
        
        Error
            at http://127.0.0.1:32937/wasm-bindgen-test:1717:25
            at logError (http://127.0.0.1:32937/wasm-bindgen-test:2935:18)
            at __wbg_new_9a14630036bbdb92 (http://127.0.0.1:32937/wasm-bindgen-test:1716:57)
            at boardstudio_web-ade5ef492b9e030c.wasm.<<wasm_bindgen_test[dbba4523c43e7f95]::__rt::Context>::new::panic_handling::Error>::new::__wbg_new_9a14630036bbdb92 externref shim (http://127.0.0.1:32937/wasm-bindgen-test_bg.wasm:wasm-function[211260]:0x272529e)
            at boardstudio_web-ade5ef492b9e030c.wasm.<<wasm_bindgen_test[dbba4523c43e7f95]::__rt::Context>::new::panic_handling::Error>::new (http://127.0.0.1:32937/wasm-bindgen-test_bg.wasm:wasm-function[120481]:0x234f4a2)
            at boardstudio_web-ade5ef492b9e030c.wasm.<wasm_bindgen_test[dbba4523c43e7f95]::__rt::Context>::new::panic_handling (http://127.0.0.1:32937/wasm-bindgen-test_bg.wasm:wasm-function[39317]:0x1a2a3d0)
            at boardstudio_web-ade5ef492b9e030c.wasm.<wasm_bindgen_test[dbba4523c43e7f95]::__rt::Context>::new::{closure#0}::{closure#0} (http://127.0.0.1:32937/wasm-bindgen-test_bg.wasm:wasm-function[126638]:0x23ad7cd)
            at boardstudio_web-ade5ef492b9e030c.wasm.std[2b356c9112ee3216]::panicking::panic_with_hook (http://127.0.0.1:32937/wasm-bindgen-test_bg.wasm:wasm-function[33248]:0x18d7bf7)
            at boardstudio_web-ade5ef492b9e030c.wasm.std[2b356c9112ee3216]::panicking::panic_handler::{closure#0} (http://127.0.0.1:32937/wasm-bindgen-test_bg.wasm:wasm-function[70031]:0x1eef285)
            at boardstudio_web-ade5ef492b9e030c.wasm.std[2b356c9112ee3216]::sys::backtrace::__rust_end_short_backtrace::<std[2b356c9112ee3216]::panicking::panic_handler::{closure#0}, !> (http://127.0.0.1:32937/wasm-bindgen-test_bg.wasm:wasm-function[214168]:0x272de73)
        
        
    
    JS exception that was thrown:
        RuntimeError: unreachable
            at boardstudio_web-ade5ef492b9e030c.wasm.__rustc[4b1ee1ef74718a7b]::__rust_abort (http://127.0.0.1:32937/wasm-bindgen-test_bg.wasm:wasm-function[214800]:0x272f157)
            at boardstudio_web-ade5ef492b9e030c.wasm.__rustc[4b1ee1ef74718a7b]::__rust_start_panic (http://127.0.0.1:32937/wasm-bindgen-test_bg.wasm:wasm-function[214699]:0x272ef92)
            at boardstudio_web-ade5ef492b9e030c.wasm.__rustc[4b1ee1ef74718a7b]::rust_panic (http://127.0.0.1:32937/wasm-bindgen-test_bg.wasm:wasm-function[212045]:0x2727be9)
            at boardstudio_web-ade5ef492b9e030c.wasm.std[2b356c9112ee3216]::panicking::panic_with_hook (http://127.0.0.1:32937/wasm-bindgen-test_bg.wasm:wasm-function[33248]:0x18d7c6a)
            at boardstudio_web-ade5ef492b9e030c.wasm.std[2b356c9112ee3216]::panicking::panic_handler::{closure#0} (http://127.0.0.1:32937/wasm-bindgen-test_bg.wasm:wasm-function[70031]:0x1eef285)
            at boardstudio_web-ade5ef492b9e030c.wasm.std[2b356c9112ee3216]::sys::backtrace::__rust_end_short_backtrace::<std[2b356c9112ee3216]::panicking::panic_handler::{closure#0}, !> (http://127.0.0.1:32937/wasm-bindgen-test_bg.wasm:wasm-function[214168]:0x272de73)
            at boardstudio_web-ade5ef492b9e030c.wasm.__rustc[4b1ee1ef74718a7b]::rust_begin_unwind (http://127.0.0.1:32937/wasm-bindgen-test_bg.wasm:wasm-function[164469]:0x258d968)
            at boardstudio_web-ade5ef492b9e030c.wasm.core[f0fd674eaa06beef]::panicking::panic_fmt (http://127.0.0.1:32937/wasm-bindgen-test_bg.wasm:wasm-function[124277]:0x238a2bd)
            at boardstudio_web-ade5ef492b9e030c.wasm.core[f0fd674eaa06beef]::panicking::assert_failed_inner (http://127.0.0.1:32937/wasm-bindgen-test_bg.wasm:wasm-function[28915]:0x17bcfad)
            at boardstudio_web-ade5ef492b9e030c.wasm.core[f0fd674eaa06beef]::panicking::assert_failed::<f64, f64> (http://127.0.0.1:32937/wasm-bindgen-test_bg.wasm:wasm-function[94208]:0x216e3a3)

failures:

    presentation::pcb_module_inspector::mounted_save_replacement_tests::mounted_save_persist_settlement_cannot_cross_replacement_with_colliding_ids

test result: FAILED. 0 passed; 1 failed; 0 ignored; 316 filtered out; finished in 0.38s

console output:
    using deprecated parameters for the initialization function; pass a single object instead
    Invoking test: presentation::pcb_module_inspector::mounted_save_replacement_tests::mounted_save_persist_settlement_cannot_cross_replacement_with_colliding_ids
    panicked at src/presentation/pcb_module_inspector.rs:1379:9:
    assertion `left == right` failed: the mounted Save was applied to the old accepted project before persistence
      left: 1.0
     right: 7.25
    
    Stack:
    
    Error
        at http://127.0.0.1:32937/wasm-bindgen-test:1717:25
        at logError (http://127.0.0.1:32937/wasm-bindgen-test:2935:18)
        at __wbg_new_9a14630036bbdb92 (http://127.0.0.1:32937/wasm-bindgen-test:1716:57)
        at boardstudio_web-ade5ef492b9e030c.wasm.<<wasm_bindgen_test[dbba4523c43e7f95]::__rt::Context>::new::panic_handling::Error>::new::__wbg_new_9a14630036bbdb92 externref shim (http://127.0.0.1:32937/wasm-bindgen-test_bg.wasm:wasm-function[211260]:0x272529e)
        at boardstudio_web-ade5ef492b9e030c.wasm.<<wasm_bindgen_test[dbba4523c43e7f95]::__rt::Context>::new::panic_handling::Error>::new (http://127.0.0.1:32937/wasm-bindgen-test_bg.wasm:wasm-function[120481]:0x234f4a2)
        at boardstudio_web-ade5ef492b9e030c.wasm.<wasm_bindgen_test[dbba4523c43e7f95]::__rt::Context>::new::panic_handling (http://127.0.0.1:32937/wasm-bindgen-test_bg.wasm:wasm-function[39317]:0x1a2a3d0)
        at boardstudio_web-ade5ef492b9e030c.wasm.<wasm_bindgen_test[dbba4523c43e7f95]::__rt::Context>::new::{closure#0}::{closure#0} (http://127.0.0.1:32937/wasm-bindgen-test_bg.wasm:wasm-function[126638]:0x23ad7cd)
        at boardstudio_web-ade5ef492b9e030c.wasm.std[2b356c9112ee3216]::panicking::panic_with_hook (http://127.0.0.1:32937/wasm-bindgen-test_bg.wasm:wasm-function[33248]:0x18d7bf7)
        at boardstudio_web-ade5ef492b9e030c.wasm.std[2b356c9112ee3216]::panicking::panic_handler::{closure#0} (http://127.0.0.1:32937/wasm-bindgen-test_bg.wasm:wasm-function[70031]:0x1eef285)
        at boardstudio_web-ade5ef492b9e030c.wasm.std[2b356c9112ee3216]::sys::backtrace::__rust_end_short_backtrace::<std[2b356c9112ee3216]::panicking::panic_handler::{closure#0}, !> (http://127.0.0.1:32937/wasm-bindgen-test_bg.wasm:wasm-function[214168]:0x272de73)
    
    
migration-deliver: focused-test status=failed command_exit=1 started=2026-10-05T08:05:27+00:00 ended=2026-10-05T08:06:43+00:00 duration=75.49s
