   Compiling boardstudio-web v0.1.0 (/home/chris/.local/share/boardstudio/worktrees/migration-m1-continuation-20261001/web)
warning: unused import: `ProjectDoc`
 --> src/presentation/case_controller.rs:9:82
  |
9 |     CaseBody, CaseKind, EditCommand, EditOperation, EditPhase, Mount, MountKind, ProjectDoc, Vec2,
  |                                                                                  ^^^^^^^^^^
  |
  = note: `#[warn(unused_imports)]` (part of `#[warn(unused)]`) on by default

warning: unused imports: `SessionEpoch` and `SnapshotToken`
    --> src/presentation/pcb_wiring.rs:1111:35
     |
1111 |     use boardstudio_application::{SessionEpoch, SnapshotToken};
     |                                   ^^^^^^^^^^^^  ^^^^^^^^^^^^^

warning: use of deprecated unit struct `presentation::mechanical_settings::ManufacturingControls::{closure#2}::_::Warning`: Keys are only allowed on the first node in the block.
    --> src/presentation/mechanical_settings.rs:2723:38
     |
2723 | ...                   key: "process-thickness:{target.part_id}",
     |                            ^^^^^^^^^^^^^^^^^^^^^^^^^^^^^^^^^^^^
     |
     = note: `#[warn(deprecated)]` on by default

error[E0277]: can't compare `std::string::String` with `&std::string::String`
   --> src/presentation/selection.rs:435:63
    |
435 |             if matrix_id.as_ref().is_some_and(|matrix| matrix != &current) {
    |                                                               ^^ no implementation for `std::string::String == &std::string::String`
    |
    = help: the trait `PartialEq<&std::string::String>` is not implemented for `std::string::String`
    = note: required for `&std::string::String` to implement `PartialEq<&&std::string::String>`
help: consider removing the borrow
    |
435 -             if matrix_id.as_ref().is_some_and(|matrix| matrix != &current) {
435 +             if matrix_id.as_ref().is_some_and(|matrix| matrix != current) {
    |

error[E0308]: mismatched types
   --> src/presentation/selection.rs:438:30
    |
438 |             matrix_id = Some(current);
    |                         ---- ^^^^^^^ expected `String`, found `&String`
    |                         |
    |                         arguments to this enum variant are incorrect
    |
help: the type constructed contains `&std::string::String` due to the type of the argument passed
   --> src/presentation/selection.rs:438:25
    |
438 |             matrix_id = Some(current);
    |                         ^^^^^-------^
    |                              |
    |                              this argument influences the type of `Some`
note: tuple variant defined here
   --> /rustc/88d9e12ae178fab0fb5cc050a94da85685d449ea/library/core/src/option.rs:606:4
help: try using a conversion method
    |
438 |             matrix_id = Some(current.to_string());
    |                                     ++++++++++++

Some errors have detailed explanations: E0277, E0308.
For more information about an error, try `rustc --explain E0277`.
warning: `boardstudio-web` (bin "boardstudio-web") generated 2 warnings
error: could not compile `boardstudio-web` (bin "boardstudio-web") due to 2 previous errors; 2 warnings emitted
warning: build failed, waiting for other jobs to finish...
warning: variable does not need to be mutable
   --> src/presentation/objects/matrix_transform_inspector_tests.rs:641:9
    |
641 |     let mut dom = VirtualDom::new(matrix_transform_host);
    |         ----^^^
    |         |
    |         help: remove this `mut`
    |
    = note: `#[warn(unused_mut)]` (part of `#[warn(unused)]`) on by default

warning: variable does not need to be mutable
    --> src/presentation/parts/preview.rs:1120:13
     |
1120 |         let mut selection = use_signal(|| None::<(Option<Scope>, String)>);
     |             ----^^^^^^^^^
     |             |
     |             help: remove this `mut`

warning: `boardstudio-web` (bin "boardstudio-web" test) generated 5 warnings (2 duplicates)
error: could not compile `boardstudio-web` (bin "boardstudio-web" test) due to 2 previous errors; 5 warnings emitted
Error: Compilation of your program failed
Caused by: Compilation of your program failed
Caused by: failed to execute `cargo build`: exited with exit status: 101
  full command: cd "web" && CARGO_BUILD_TARGET="wasm32-unknown-unknown" "cargo" "build" "--tests" "--no-default-features" "--features" "page" "--bin" "boardstudio-web"
migration-deliver: focused-test status=failed command_exit=1 started=2026-10-05T05:12:04+00:00 ended=2026-10-05T05:12:12+00:00 duration=7.63s
