warning: unused variable: `base_token`
  --> src/mirrored_pair_geometry.rs:40:5
   |
40 |     base_token: SnapshotToken,
   |     ^^^^^^^^^^ help: if this is intentional, prefix it with an underscore: `_base_token`
   |
   = note: `#[warn(unused_variables)]` (part of `#[warn(unused)]`) on by default

warning: fields `contours` and `path_assets` are never read
  --> src/case_preview.rs:87:16
   |
83 | pub(crate) struct NativePreviewSnapshot {
   |                   --------------------- fields in this struct
...
87 |     pub(crate) contours: Vec<boardstudio_core::model::Contour>,
   |                ^^^^^^^^
88 |     pub(crate) path_assets: BTreeMap<String, String>,
   |                ^^^^^^^^^^^
   |
   = note: `NativePreviewSnapshot` has derived impls for the traits `Debug` and `Clone`, but these are intentionally ignored during dead code analysis
   = note: `#[warn(dead_code)]` (part of `#[warn(unused)]`) on by default

warning: function `prepare_artifact` is never used
   --> src/case_preview.rs:510:15
    |
510 | pub(crate) fn prepare_artifact(id: String, capture: &NativePreviewCapture) -> ArtifactRequest {
    |               ^^^^^^^^^^^^^^^^

warning: associated items `new` and `is_current_owner` are never used
  --> src/presentation/model_delivery.rs:37:19
   |
36 | impl ModelOwnerIdentity {
   | ----------------------- associated items in this implementation
37 |     pub(crate) fn new(
   |                   ^^^
...
64 |     pub(crate) fn is_current_owner(
   |                   ^^^^^^^^^^^^^^^^

warning: associated function `new` is never used
  --> src/presentation/model_delivery.rs:98:19
   |
97 | impl ModelBatchIdentity {
   | ----------------------- associated function in this implementation
98 |     pub(crate) fn new(
   |                   ^^^

warning: fields `positions`, `normals`, and `colors` are never read
   --> src/presentation/model_delivery.rs:311:16
    |
310 | pub(crate) struct ValidatedMesh {
    |                   ------------- fields in this struct
311 |     pub(crate) positions: Rc<[f32]>,
    |                ^^^^^^^^^
312 |     pub(crate) normals: Rc<[f32]>,
    |                ^^^^^^^
313 |     pub(crate) colors: Option<Rc<[f32]>>,
    |                ^^^^^^
    |
    = note: `ValidatedMesh` has derived impls for the traits `Debug` and `Clone`, but these are intentionally ignored during dead code analysis

warning: constant `PITCH_MM` is never used
 --> src/matrix_setup_operation.rs:5:7
  |
5 | const PITCH_MM: f64 = 19.05;
  |       ^^^^^^^^

warning: constant `MAX_MATRIX_CELLS` is never used
 --> src/matrix_setup_operation.rs:6:7
  |
6 | const MAX_MATRIX_CELLS: u32 = 4096;
  |       ^^^^^^^^^^^^^^^^

warning: enum `MatrixSetupPreset` is never used
 --> src/matrix_setup_operation.rs:9:17
  |
9 | pub(crate) enum MatrixSetupPreset {
  |                 ^^^^^^^^^^^^^^^^^

warning: struct `MatrixSetupRequest` is never constructed
  --> src/matrix_setup_operation.rs:21:19
   |
21 | pub(crate) struct MatrixSetupRequest {
   |                   ^^^^^^^^^^^^^^^^^^

warning: methods `as_str` and `config` are never used
  --> src/matrix_setup_operation.rs:28:19
   |
27 | impl MatrixSetupPreset {
   | ---------------------- methods in this implementation
28 |     pub(crate) fn as_str(self) -> &'static str {
   |                   ^^^^^^
...
41 |     fn config(self) -> PresetConfig {
   |        ^^^^^^

warning: struct `PresetConfig` is never constructed
  --> src/matrix_setup_operation.rs:95:8
   |
95 | struct PresetConfig {
   |        ^^^^^^^^^^^^

warning: struct `PreparedMatrix` is never constructed
   --> src/matrix_setup_operation.rs:102:19
    |
102 | pub(crate) struct PreparedMatrix {
    |                   ^^^^^^^^^^^^^^

warning: function `next_matrix_id` is never used
   --> src/matrix_setup_operation.rs:107:15
    |
107 | pub(crate) fn next_matrix_id(
    |               ^^^^^^^^^^^^^^

warning: function `prepare_matrix` is never used
   --> src/matrix_setup_operation.rs:142:15
    |
142 | pub(crate) fn prepare_matrix(
    |               ^^^^^^^^^^^^^^

warning: function `required_catalogue_definition` is never used
   --> src/matrix_setup_operation.rs:320:4
    |
320 | fn required_catalogue_definition<'a>(
    |    ^^^^^^^^^^^^^^^^^^^^^^^^^^^^^

warning: function `snapshot_definition` is never used
   --> src/matrix_setup_operation.rs:337:4
    |
337 | fn snapshot_definition(
    |    ^^^^^^^^^^^^^^^^^^^

warning: `boardstudio-web` (bin "boardstudio-web" test) generated 17 warnings (run `cargo fix --bin "boardstudio-web" -p boardstudio-web --tests` to apply 1 suggestion)
    Finished `test` profile [unoptimized + debuginfo] target(s) in 0.32s
     Running unittests src/main.rs (/tmp/layout-linked-target/debug/deps/boardstudio_web-c956bc983d5567da)

running 1 test

thread 'mirrored_pair_geometry::tests::created_pair_selection_requires_exact_advanced_saved_result' (3025756) panicked at src/mirrored_pair_geometry.rs:393:9:
assertion failed: !result_snapshot_is_current(base, 11, base, 12, base, 12, true, &saved)
note: run with `RUST_BACKTRACE=1` environment variable to display a backtrace
test mirrored_pair_geometry::tests::created_pair_selection_requires_exact_advanced_saved_result ... FAILED

failures:

failures:
    mirrored_pair_geometry::tests::created_pair_selection_requires_exact_advanced_saved_result

test result: FAILED. 0 passed; 1 failed; 0 ignored; 0 measured; 97 filtered out; finished in 0.00s

error: test failed, to rerun pass `--bin boardstudio-web`
