[INFO]: 🎯  Checking for the Wasm target...
    Finished `dev` profile [unoptimized + debuginfo] target(s) in 0.18s
[INFO]: ⬇️  Installing wasm-bindgen...
    Finished `test` profile [unoptimized + debuginfo] target(s) in 0.15s
     Running unittests src/main.rs (target/wasm32-unknown-unknown/debug/deps/boardstudio_web-104ce8f672267721.wasm)
Running headless tests in Chrome on `http://127.0.0.1:43627/`
Try find `webdriver.json` for configure browser's capabilities:
Not found
Loading Wasm module...

running 9 tests
test presentation::keycaps_navigation::tests::stale_route_and_changed_target_produce_no_ui_effects ... ok
test presentation::keycaps_navigation::tests::mounted_layout_fit_drops_when_selection_changes_without_scope_change ... ok
test presentation::keycaps_navigation::tests::mounted_delayed_focus_runs_for_current_owner_and_stops_after_unmount ... ok
test presentation::keycaps_navigation::tests::mounted_delayed_focus_rechecks_same_scope_selection_before_focusing ... ok
test presentation::keycaps_navigation::tests::mounted_accepted_route_publishes_layout_marker_then_retires_it_on_workspace_change ... ok
test presentation::keycaps_navigation::tests::generated_layer_uses_case_early_route_without_desktop_pin ... ok
test presentation::keycaps_navigation::tests::destination_fit_uses_layout_bounds_and_suppresses_stale_side_effects ... ok
test presentation::keycaps_navigation::tests::current_part_route_selects_layout_and_pins_inspector ... ok
test presentation::keycaps_navigation::tests::active_case_layer_replaces_retained_body_as_inspector_owner ... ok

test result: ok. 9 passed; 0 failed; 0 ignored; 26 filtered out; finished in 0.17s

