    Checking boardstudio-web v0.1.0 (/home/chris/.local/share/boardstudio/worktrees/migration-m1-continuation-20261001/web)
error: redundant redefinition of a binding `placement`
   --> src/presentation/objects/matrix_placement_controller.rs:174:9
    |
174 |         let placement = placement;
    |         ^^^^^^^^^^^^^^^^^^^^^^^^^^
    |
help: `placement` is initially defined here
   --> src/presentation/objects/matrix_placement_controller.rs:56:9
    |
 56 |     let placement = use_signal(|| None::<MatrixPlacementProjection>);
    |         ^^^^^^^^^
    = help: for further information visit https://rust-lang.github.io/rust-clippy/rust-1.98.0/index.html#redundant_locals
    = note: `-D clippy::redundant-locals` implied by `-D warnings`
    = help: to override `-D warnings` add `#[allow(clippy::redundant_locals)]`

error: redundant redefinition of a binding `workspace`
   --> src/presentation/objects/matrix_placement_controller.rs:319:9
    |
319 |         let workspace = workspace;
    |         ^^^^^^^^^^^^^^^^^^^^^^^^^^
    |
help: `workspace` is initially defined here
   --> src/presentation/objects/matrix_placement_controller.rs:36:9
    |
 36 |         workspace,
    |         ^^^^^^^^^
    = help: for further information visit https://rust-lang.github.io/rust-clippy/rust-1.98.0/index.html#redundant_locals

error: redundant redefinition of a binding `scope_generation`
   --> src/presentation/objects/matrix_placement_controller.rs:320:9
    |
320 |         let scope_generation = scope_generation;
    |         ^^^^^^^^^^^^^^^^^^^^^^^^^^^^^^^^^^^^^^^^
    |
help: `scope_generation` is initially defined here
   --> src/presentation/objects/matrix_placement_controller.rs:37:9
    |
 37 |         scope_generation,
    |         ^^^^^^^^^^^^^^^^
    = help: for further information visit https://rust-lang.github.io/rust-clippy/rust-1.98.0/index.html#redundant_locals

error: redundant redefinition of a binding `pending`
   --> src/presentation/objects/matrix_placement_controller.rs:346:9
    |
346 |         let pending = pending;
    |         ^^^^^^^^^^^^^^^^^^^^^^
    |
help: `pending` is initially defined here
   --> src/presentation/objects/matrix_placement_controller.rs:57:9
    |
 57 |     let pending = use_signal(|| None::<PendingPlacement>);
    |         ^^^^^^^
    = help: for further information visit https://rust-lang.github.io/rust-clippy/rust-1.98.0/index.html#redundant_locals

error: redundant redefinition of a binding `workspace`
   --> src/presentation/objects/matrix_placement_controller.rs:370:9
    |
370 |         let workspace = workspace;
    |         ^^^^^^^^^^^^^^^^^^^^^^^^^^
    |
help: `workspace` is initially defined here
   --> src/presentation/objects/matrix_placement_controller.rs:36:9
    |
 36 |         workspace,
    |         ^^^^^^^^^
    = help: for further information visit https://rust-lang.github.io/rust-clippy/rust-1.98.0/index.html#redundant_locals

error: redundant redefinition of a binding `scope_generation`
   --> src/presentation/objects/matrix_placement_controller.rs:371:9
    |
371 |         let scope_generation = scope_generation;
    |         ^^^^^^^^^^^^^^^^^^^^^^^^^^^^^^^^^^^^^^^^
    |
help: `scope_generation` is initially defined here
   --> src/presentation/objects/matrix_placement_controller.rs:37:9
    |
 37 |         scope_generation,
    |         ^^^^^^^^^^^^^^^^
    = help: for further information visit https://rust-lang.github.io/rust-clippy/rust-1.98.0/index.html#redundant_locals

error: could not compile `boardstudio-web` (bin "boardstudio-web") due to 6 previous errors
warning: build failed, waiting for other jobs to finish...
error: could not compile `boardstudio-web` (bin "boardstudio-web" test) due to 6 previous errors
