    Checking boardstudio-web v0.1.0 (/home/chris/.local/share/boardstudio/worktrees/migration-m1-continuation-20261001/web)
error: expected identifier
    --> src/presentation.rs:7213:43
     |
7213 | ...                   let cells = crate::mirrored_pair_geometry::preview_cells(&active.scene, &active.matrix);
     |                                 ^

error[E0425]: cannot find type `MatrixPlacementMount` in module `objects`
    --> src/presentation.rs:1742:24
     |
1742 |     matrices: objects::MatrixPlacementMount,
     |                        ^^^^^^^^^^^^^^^^^^^^
     |
    ::: src/presentation/objects/matrix_setup.rs:81:1
     |
  81 | pub(in crate::presentation) struct MatrixPlacementInput {
     | ------------------------------------------------------- similarly named struct `MatrixPlacementInput` defined here
     |
note: struct `crate::presentation::objects::matrix_setup::MatrixPlacementMount` exists but is inaccessible
    --> src/presentation/objects/matrix_setup.rs:69:1
     |
  69 | pub(in crate::presentation) struct MatrixPlacementMount {
     | ^^^^^^^^^^^^^^^^^^^^^^^^^^^^^^^^^^^^^^^^^^^^^^^^^^^^^^^ not accessible
help: a struct with a similar name exists
     |
1742 -     matrices: objects::MatrixPlacementMount,
1742 +     matrices: objects::MatrixPlacementInput,
     |

error[E0422]: cannot find struct, variant or union type `MatrixPlacementMove` in module `objects`
    --> src/presentation.rs:5009:40
     |
5009 |                         .call(objects::MatrixPlacementMove { owner, center });
     |                                        ^^^^^^^^^^^^^^^^^^^
     |
    ::: src/presentation/objects/matrix_setup.rs:81:1
     |
  81 | pub(in crate::presentation) struct MatrixPlacementInput {
     | ------------------------------------------------------- similarly named struct `MatrixPlacementInput` defined here
     |
note: struct `crate::presentation::objects::matrix_setup::MatrixPlacementMove` exists but is inaccessible
    --> src/presentation/objects/matrix_setup.rs:63:1
     |
  63 | pub(in crate::presentation) struct MatrixPlacementMove {
     | ^^^^^^^^^^^^^^^^^^^^^^^^^^^^^^^^^^^^^^^^^^^^^^^^^^^^^^ not accessible
help: a struct with a similar name exists
     |
5009 -                         .call(objects::MatrixPlacementMove { owner, center });
5009 +                         .call(objects::MatrixPlacementInput { owner, center });
     |

error[E0422]: cannot find struct, variant or union type `MatrixPlacementMove` in module `objects`
    --> src/presentation.rs:5224:44
     |
5224 | ...                   .call(objects::MatrixPlacementMove { owner, center });
     |                                      ^^^^^^^^^^^^^^^^^^^
     |
    ::: src/presentation/objects/matrix_setup.rs:81:1
     |
  81 | pub(in crate::presentation) struct MatrixPlacementInput {
     | ------------------------------------------------------- similarly named struct `MatrixPlacementInput` defined here
     |
note: struct `crate::presentation::objects::matrix_setup::MatrixPlacementMove` exists but is inaccessible
    --> src/presentation/objects/matrix_setup.rs:63:1
     |
  63 | pub(in crate::presentation) struct MatrixPlacementMove {
     | ^^^^^^^^^^^^^^^^^^^^^^^^^^^^^^^^^^^^^^^^^^^^^^^^^^^^^^ not accessible
help: a struct with a similar name exists
     |
5224 -                             .call(objects::MatrixPlacementMove { owner, center });
5224 +                             .call(objects::MatrixPlacementInput { owner, center });
     |

error[E0422]: cannot find struct, variant or union type `MatrixPlacementMove` in module `objects`
    --> src/presentation.rs:5464:40
     |
5464 |                         .call(objects::MatrixPlacementMove {
     |                                        ^^^^^^^^^^^^^^^^^^^
     |
    ::: src/presentation/objects/matrix_setup.rs:81:1
     |
  81 | pub(in crate::presentation) struct MatrixPlacementInput {
     | ------------------------------------------------------- similarly named struct `MatrixPlacementInput` defined here
     |
note: struct `crate::presentation::objects::matrix_setup::MatrixPlacementMove` exists but is inaccessible
    --> src/presentation/objects/matrix_setup.rs:63:1
     |
  63 | pub(in crate::presentation) struct MatrixPlacementMove {
     | ^^^^^^^^^^^^^^^^^^^^^^^^^^^^^^^^^^^^^^^^^^^^^^^^^^^^^^ not accessible
help: a struct with a similar name exists
     |
5464 -                         .call(objects::MatrixPlacementMove {
5464 +                         .call(objects::MatrixPlacementInput {
     |

error[E0422]: cannot find struct, variant or union type `MatrixPlacementMove` in module `objects`
    --> src/presentation.rs:5487:60
     |
5487 |                     matrix_placement.on_move.call(objects::MatrixPlacementMove {
     |                                                            ^^^^^^^^^^^^^^^^^^^
     |
    ::: src/presentation/objects/matrix_setup.rs:81:1
     |
  81 | pub(in crate::presentation) struct MatrixPlacementInput {
     | ------------------------------------------------------- similarly named struct `MatrixPlacementInput` defined here
     |
note: struct `crate::presentation::objects::matrix_setup::MatrixPlacementMove` exists but is inaccessible
    --> src/presentation/objects/matrix_setup.rs:63:1
     |
  63 | pub(in crate::presentation) struct MatrixPlacementMove {
     | ^^^^^^^^^^^^^^^^^^^^^^^^^^^^^^^^^^^^^^^^^^^^^^^^^^^^^^ not accessible
help: a struct with a similar name exists
     |
5487 -                     matrix_placement.on_move.call(objects::MatrixPlacementMove {
5487 +                     matrix_placement.on_move.call(objects::MatrixPlacementInput {
     |

error: unused import: `OperationId`
  --> src/presentation/objects/matrix_placement_controller.rs:14:53
   |
14 |     AcceptedSnapshot, Durability, Event, Lifecycle, OperationId, Scope, TerminalOutcome,
   |                                                     ^^^^^^^^^^^
   |
   = note: `-D unused-imports` implied by `-D warnings`
   = help: to override `-D warnings` add `#[allow(unused_imports)]`

error: unused import: `MirroredPairCanvasOverlay`
  --> src/presentation/objects.rs:54:5
   |
54 |     MirroredPairCanvasOverlay, MirroredPairCreated, MirroredPairMount, MirroredPairMove,
   |     ^^^^^^^^^^^^^^^^^^^^^^^^^

error: unused import: `canvas_layers::CanvasLayers`
  --> src/presentation.rs:62:5
   |
62 | use canvas_layers::CanvasLayers;
   |     ^^^^^^^^^^^^^^^^^^^^^^^^^^^

error: unused imports: `InspectorPanel` and `ObjectsPanel`
  --> src/presentation.rs:68:5
   |
68 |     InspectorPanel, ObjectsPanel, PanelMode, PanelSettings, PanelSide, use_panel_settings,
   |     ^^^^^^^^^^^^^^  ^^^^^^^^^^^^

error: unused import: `footprint_graphics::FootprintGraphics`
  --> src/presentation.rs:89:5
   |
89 | use footprint_graphics::FootprintGraphics;
   |     ^^^^^^^^^^^^^^^^^^^^^^^^^^^^^^^^^^^^^

error[E0283]: type annotations needed
   --> src/presentation/library.rs:429:76
    |
429 |                 DemoKeyboardPreview { preview: graphic, fallback: fallback.into() }
    |                                                         --------           ^^^^
    |                                                         |
    |                                                         required by a bound introduced by this call
    |
    = note: the type must implement `std::fmt::Display`
note: required by a bound in `presentation::library::DemoKeyboardPreviewPropsBuilder::<(__preview, ())>::fallback`
   --> src/presentation/library.rs:347:1
    |
347 | #[component]
    | ^^^^^^^^^^^^ required by this bound in `DemoKeyboardPreviewPropsBuilder::<(__preview, ())>::fallback`
348 | fn DemoKeyboardPreview(preview: Option<Preview>, fallback: String) -> Element {
    |                                                  -------- required by a bound in this associated function
    = note: this error originates in the derive macro `Props` (in Nightly builds, run with -Z macro-backtrace for more info)
help: try using a fully qualified path to specify the expected types
    |
429 -                 DemoKeyboardPreview { preview: graphic, fallback: fallback.into() }
429 +                 DemoKeyboardPreview { preview: graphic, fallback: <&str as std::convert::Into<T>>::into(fallback) }
    |
help: consider removing this method call, as the receiver has type `&str` and `&str: std::fmt::Display` trivially holds
    |
429 -                 DemoKeyboardPreview { preview: graphic, fallback: fallback.into() }
429 +                 DemoKeyboardPreview { preview: graphic, fallback: fallback }
    |

error[E0308]: mismatched types
   --> src/presentation/objects/matrix_placement_controller.rs:155:58
    |
155 |                         || !same_session_scope(&runtime, owner)
    |                             ------------------           ^^^^^ expected `&MatrixPlacementOwner`, found `MatrixPlacementOwner`
    |                             |
    |                             arguments to this function are incorrect
    |
note: function defined here
   --> src/presentation/objects/matrix_placement_controller.rs:491:4
    |
491 | fn same_session_scope(runtime: &Runtime, owner: &MatrixPlacementOwner) -> bool {
    |    ^^^^^^^^^^^^^^^^^^                    ----------------------------
help: consider borrowing here
    |
155 |                         || !same_session_scope(&runtime, &owner)
    |                                                          +

error[E0308]: mismatched types
   --> src/presentation/objects/matrix_placement_controller.rs:156:60
    |
156 |                         || !same_accepted_source(&runtime, owner))
    |                             --------------------           ^^^^^ expected `&MatrixPlacementOwner`, found `MatrixPlacementOwner`
    |                             |
    |                             arguments to this function are incorrect
    |
note: function defined here
   --> src/presentation/objects/matrix_placement_controller.rs:499:4
    |
499 | fn same_accepted_source(runtime: &Runtime, owner: &MatrixPlacementOwner) -> bool {
    |    ^^^^^^^^^^^^^^^^^^^^                    ----------------------------
help: consider borrowing here
    |
156 |                         || !same_accepted_source(&runtime, &owner))
    |                                                            +

error[E0560]: struct `presentation::case_workspace::ObjectsInput<'_>` has no field named `on_navigate`
    --> src/presentation/case_workspace.rs:1488:17
     |
1488 |                 on_navigate: EventHandler::new(|_| {}),
     |                 ^^^^^^^^^^^ `presentation::case_workspace::ObjectsInput<'_>` does not have this field
     |
     = note: all struct fields are already assigned

error: use of deprecated method `presentation::shared_viewer::CaseSharedViewerPropsBuilder::<(__scene, __preview, __layout_preview, __keycaps_preview, __parts_preview, __model_rows, (std::string::String,), __selected_reference, (presentation::case_display::CaseDisplay,), (std::string::String,), (dioxus::prelude::Callback<presentation::shared_viewer::ScopedViewerSignal>,), (dioxus::prelude::Callback<presentation::shared_viewer::ScopedDisplayChange>,), __mechanical_settings, ())>::build`: Missing required field inline_case_controls
   --> src/presentation/parts/preview.rs:458:59
    |
458 |               super::super::shared_viewer::CaseSharedViewer {
    |  ___________________________________________________________^
459 | |                 scene: None,
460 | |                 preview: None,
461 | |                 layout_preview: None,
...   |
470 | |                 mechanical_settings: None,
471 | |             }
    | |_____________^
    |
    = note: `-D deprecated` implied by `-D warnings`
    = help: to override `-D warnings` add `#[allow(deprecated)]`

error[E0061]: this method takes 1 argument but 0 arguments were supplied
   --> src/presentation/parts/preview.rs:458:59
    |
458 |               super::super::shared_viewer::CaseSharedViewer {
    |  ___________________________________________________________^
459 | |                 scene: None,
460 | |                 preview: None,
461 | |                 layout_preview: None,
...   |
470 | |                 mechanical_settings: None,
471 | |             }
    | |_____________^ argument #1 of type `presentation::shared_viewer::CaseSharedViewerPropsBuilder_Error_Missing_required_field_inline_case_controls` is missing
    |
note: method defined here
   --> src/presentation/shared_viewer.rs:267:1
    |
267 | #[component]
    | ^^^^^^^^^^^^
    = note: this error originates in the derive macro `Props` (in Nightly builds, run with -Z macro-backtrace for more info)
help: provide the argument
    |
471 |             }(/* presentation::shared_viewer::CaseSharedViewerPropsBuilder_Error_Missing_required_field_inline_case_controls */)
    |              +++++++++++++++++++++++++++++++++++++++++++++++++++++++++++++++++++++++++++++++++++++++++++++++++++++++++++++++++++

error[E0277]: expected an `Fn()` closure, found `presentation::canvas_interaction::CanvasInteractionArbiter`
    --> src/presentation/part_placement.rs:2211:13
     |
2206 |         *probe.view_mode.borrow_mut() = Some(crate::presentation::layout_view_mode_handler(
     |                                              --------------------------------------------- required by a bound introduced by this call
...
2211 |             probe.canvas_interaction.clone(),
     |             ^^^^^^^^^^^^^^^^^^^^^^^^^^^^^^^^ expected an `Fn()` closure, found `presentation::canvas_interaction::CanvasInteractionArbiter`
     |
help: the trait `Fn()` is not implemented for `presentation::canvas_interaction::CanvasInteractionArbiter`
    --> src/presentation/canvas_interaction.rs:16:1
     |
  16 | pub(super) struct CanvasInteractionArbiter {
     | ^^^^^^^^^^^^^^^^^^^^^^^^^^^^^^^^^^^^^^^^^^
     = note: wrap the `presentation::canvas_interaction::CanvasInteractionArbiter` in a closure with no arguments: `|| { /* code */ }`
note: required by a bound in `presentation::layout_view_mode_handler`
    --> src/presentation.rs:1751:35
     |
1746 | fn layout_view_mode_handler(
     |    ------------------------ required by a bound in this function
...
1751 |     before_placement_cancel: impl Fn() + 'static,
     |                                   ^^^^ required by this bound in `layout_view_mode_handler`

error[E0061]: this function takes 6 arguments but 7 arguments were supplied
    --> src/presentation/part_placement.rs:2206:46
     |
2206 |         *probe.view_mode.borrow_mut() = Some(crate::presentation::layout_view_mode_handler(
     |                                              ^^^^^^^^^^^^^^^^^^^^^^^^^^^^^^^^^^^^^^^^^^^^^
...
2210 |             mount,
     |             ----- expected `LayoutPlacementCancellation`, found `PartPlacementMount`
...
2213 |             || {},
     |             ----- unexpected argument #7 of type `{closure@src/presentation/part_placement.rs:2213:13: 2213:15}`
     |
note: function defined here
    --> src/presentation.rs:1746:4
     |
1746 | fn layout_view_mode_handler(
     |    ^^^^^^^^^^^^^^^^^^^^^^^^
...
1750 |     placements: LayoutPlacementCancellation,
     |     ---------------------------------------
help: remove the extra argument
     |
2210 ~             /* presentation::LayoutPlacementCancellation */,
2211 |             probe.canvas_interaction.clone(),
2212 ~             || {},
     |

error[E0515]: cannot return value referencing local data `model.accepted`
   --> src/presentation/objects/matrix_placement_controller.rs:488:5
    |
468 |     let snapshot = model.accepted.as_ref()?;
    |                    -------------- `model.accepted` is borrowed here
...
488 |     Some((snapshot, scope.clone(), scope.board_id))
    |     ^^^^^^^^^^^^^^^^^^^^^^^^^^^^^^^^^^^^^^^^^^^^^^^ returns a value referencing data owned by the current function

error[E0382]: the type `Rc` does not implement `Copy`
    --> src/presentation/shared_viewer.rs:2288:43
     |
1965 |     let fit = host.clone();
     |         --- this move could be avoided by cloning the original `Rc`, which is inexpensive
...
2139 |                 button { onclick: move |_| run_host(&fit, |host| host.fit(), &mut status), "{canvas_context.fit_label()}" }
     |                                   --------           --- variable moved due to use in closure
     |                                   |
     |                                   value moved into closure here
...
2288 |                         button { onclick: move |_| run_host(&fit, |host| host.fit(), &mut status), "Fit" }
     |                                           ^^^^^^^^           --- use occurs due to use in closure
     |                                           |
     |                                           value used here after move
     |
     = note: consider using `Rc::clone`
help: consider cloning the value before moving it into the closure
     |
2042 ~     let value = fit.clone();
2043 ~     rsx! {
2044 |         div { class: "m1-case-view m1-shared-viewer",
 ...
2139 |                 if !inline_case_controls {
2140 ~                 button { onclick: move |_| run_host(&value, |host| host.fit(), &mut status), "{canvas_context.fit_label()}" }
     |

error[E0382]: the type `Rc` does not implement `Copy`
    --> src/presentation/shared_viewer.rs:2289:43
     |
1966 |     let top = host.clone();
     |         --- this move could be avoided by cloning the original `Rc`, which is inexpensive
...
2144 |                 button { onclick: move |_| run_host(&top, |host| host.view("top"), &mut status), "Top view" }
     |                                   --------           --- variable moved due to use in closure
     |                                   |
     |                                   value moved into closure here
...
2289 |                         button { onclick: move |_| run_host(&top, |host| host.view("top"), &mut status), "Top" }
     |                                           ^^^^^^^^           --- use occurs due to use in closure
     |                                           |
     |                                           value used here after move
     |
     = note: consider using `Rc::clone`
help: consider cloning the value before moving it into the closure
     |
2042 ~     let value = top.clone();
2043 ~     rsx! {
2044 |         div { class: "m1-case-view m1-shared-viewer",
 ...
2144 |             div { role: "group", "aria-label": "{canvas_context.camera_label()}",
2145 ~                 button { onclick: move |_| run_host(&value, |host| host.view("top"), &mut status), "Top view" }
     |

error[E0382]: the type `Rc` does not implement `Copy`
    --> src/presentation/shared_viewer.rs:2290:43
     |
1967 |     let bottom = host.clone();
     |         ------ this move could be avoided by cloning the original `Rc`, which is inexpensive
...
2145 |                 button { onclick: move |_| run_host(&bottom, |host| host.view("bottom"), &mut status), "Bottom view" }
     |                                   --------           ------ variable moved due to use in closure
     |                                   |
     |                                   value moved into closure here
...
2290 |                         button { onclick: move |_| run_host(&bottom, |host| host.view("bottom"), &mut status), "Bottom" }
     |                                           ^^^^^^^^           ------ use occurs due to use in closure
     |                                           |
     |                                           value used here after move
     |
     = note: consider using `Rc::clone`
help: consider cloning the value before moving it into the closure
     |
2042 ~     let value = bottom.clone();
2043 ~     rsx! {
2044 |         div { class: "m1-case-view m1-shared-viewer",
 ...
2145 |                 button { onclick: move |_| run_host(&top, |host| host.view("top"), &mut status), "Top view" }
2146 ~                 button { onclick: move |_| run_host(&value, |host| host.view("bottom"), &mut status), "Bottom view" }
     |

error[E0382]: the type `Rc` does not implement `Copy`
    --> src/presentation/shared_viewer.rs:2291:43
     |
1968 |     let iso = host.clone();
     |         --- this move could be avoided by cloning the original `Rc`, which is inexpensive
...
2146 |                 button { onclick: move |_| run_host(&iso, |host| host.view("isometric"), &mut status), "Isometric view" }
     |                                   --------           --- variable moved due to use in closure
     |                                   |
     |                                   value moved into closure here
...
2291 |                         button { onclick: move |_| run_host(&iso, |host| host.view("isometric"), &mut status), "Isometric" }
     |                                           ^^^^^^^^           --- use occurs due to use in closure
     |                                           |
     |                                           value used here after move
     |
     = note: consider using `Rc::clone`
help: consider cloning the value before moving it into the closure
     |
2042 ~     let value = iso.clone();
2043 ~     rsx! {
2044 |         div { class: "m1-case-view m1-shared-viewer",
 ...
2146 |                 button { onclick: move |_| run_host(&bottom, |host| host.view("bottom"), &mut status), "Bottom view" }
2147 ~                 button { onclick: move |_| run_host(&value, |host| host.view("isometric"), &mut status), "Isometric view" }
     |

Some errors have detailed explanations: E0061, E0283, E0308, E0382, E0422, E0425, E0515.
For more information about an error, try `rustc --explain E0061`.
error: could not compile `boardstudio-web` (bin "boardstudio-web") due to 21 previous errors
warning: build failed, waiting for other jobs to finish...
Some errors have detailed explanations: E0061, E0277, E0283, E0308, E0382, E0422, E0425, E0515, E0560.
error: could not compile `boardstudio-web` (bin "boardstudio-web" test) due to 24 previous errors
