presentation::case_workspace::mounted_live_scene_tests::production_workspace_keeps_same_scope_layer_context_then_retires_it_on_owner_change: test
presentation::layout_workspace::origin_pick_escape_regression_tests::escape_from_inspector_cancels_pending_origin_pick: test
presentation::panels::scroll_tests::inspector_content_has_a_bounded_scroll_owner_outside_its_heading_and_menu: test
presentation::canvas_interaction::tests::either_start_order_admits_only_the_first_canvas_owner: test
presentation::canvas_interaction::tests::layout_space_pan_uses_global_space_key_without_a_focus_precondition: test
presentation::canvas_interaction::tests::pending_part_drag_requires_real_client_motion: test
presentation::keymap::encoder_inputs::tests::board_plan_scope_is_admitted_for_the_selected_instance_only: test
presentation::keymap::encoder_inputs::tests::own_edit_pending_then_same_plan_restores_rows_without_changing_lineage: test
presentation::keymap::encoder_inputs::tests::pending_to_failed_plan_clears_physical_rows_even_without_a_fingerprint: test
presentation::keymap::encoder_inputs::tests::plan_arrival_without_revision_restores_physical_rows_and_module_fallback: test
presentation::keymap::encoder_inputs::tests::replacement_fingerprint_replaces_same_revision_lineage: test
presentation::setup_guide::tests::desktop_case_stage_opens_settings_and_keeps_the_guide_available: test
presentation::zmk_firmware_export::tests::export_action_requires_the_rendered_workspace_owner_and_accepted_plan: test
presentation::zmk_firmware_export::tests::mounted_export_panel_dispatches_failure_alert_and_successful_retry_from_same_row: test
presentation::zmk_firmware_export::tests::mounted_unavailable_export_row_is_disabled_and_never_dispatches: test
presentation::zmk_firmware_export::tests::only_a_current_ready_board_plan_with_controller_and_assignment_enables_export: test
presentation::zmk_firmware_export::tests::row_renders_reference_copy_accessible_name_and_ready_marker: test
presentation::mechanical_settings_mount::tests::current_resolution_layers_precede_previous_display_layers: test
presentation::mechanical_settings_mount::tests::mounted_current_resolution_layer_is_selectable_before_scene_completion: test
presentation::mechanical_settings_mount::tests::stabilizer_projection_uses_accepted_wide_mx_keys_and_current_override_kind: test
presentation::parts::preview::tests::generated_keycap_uses_retained_dimensions_unless_the_envelope_is_authored: test
presentation::parts::preview::tests::keycap_visibility_prefers_generator_value_then_retained_default: test
presentation::parts::preview::tests::layer_options_omit_source_shapes_that_cannot_be_toggled: test
presentation::parts::preview::tests::mx_preview_layer_options_follow_geometry_and_retained_source_layers: test
presentation::parts::preview::tests::mx_view_box_contains_the_source_envelope_and_rendered_graphics: test
presentation::parts::preview::tests::non_plated_drills_keep_the_mechanical_hole_class: test
presentation::parts::preview::tests::parts_renderer_initialization_failure_keeps_form_and_returns_to_2d: test
presentation::parts::preview::tests::stale_async_result_cannot_reclaim_same_definition_after_selection_round_trip: test
presentation::parts::preview::tests::view_box_keeps_the_reference_origin_for_one_sided_graphics: test
presentation::parts::preview::tests::visibility_is_one_definition_pair_like_the_reference_workspace: test
presentation::case_assembly_layers::tests::assembly_controls_keep_distinct_visibility_ids_and_generated_rows: test
presentation::case_assembly_layers::tests::configured_stack_keeps_unmeshed_battery_unavailable_and_generated_plate_available: test
presentation::case_assembly_layers::tests::display_selection_normalizes_pcb_and_only_exposes_supported_layers: test
presentation::case_assembly_layers::tests::layer_menu_toggles_exact_rows_and_unavailable_rows_are_not_checked: test
presentation::case_assembly_layers::tests::missing_delivery_never_marks_a_preview_model_available: test
presentation::case_assembly_layers::tests::physical_rows_keep_preview_order_and_exact_model_id_join: test
presentation::keymap::panel::disclosure_mounted_tests::layers_disclosure_is_open_accessible_persistent_and_view_only: test
presentation::pcb_wiring::tests::wiring_pin_options_select_saved_values_and_only_unresolved_for_empty_rows: test
presentation::layout_component_inspector_tests::component_projection_supports_group_position_selection_and_rejects_invalid_context: test
presentation::layout_component_inspector_tests::matrix_to_key_selection_resets_relations_tab_to_properties: test
presentation::layout_component_inspector_tests::mounted_component_inspector_production_handler_rejects_selection_aba_and_unmount: test
presentation::layout_component_inspector_tests::mounted_component_margin_enter_commits_and_escape_restores_the_accepted_value: test
presentation::layout_component_inspector_tests::mounted_component_margin_enter_uses_latest_accepted_document: test
presentation::layout_component_inspector_tests::mounted_component_position_draft_survives_unrelated_acceptance_and_blur_uses_latest_owner: test
presentation::layout_component_inspector_tests::mounted_component_relations_tab_survives_unrelated_acceptance: test
presentation::layout_component_inspector_tests::mounted_driven_component_presents_xy_unavailable_and_suppresses_commit: test
presentation::layout_component_inspector_tests::mounted_editable_component_position_commits_so_the_unavailable_cases_are_not_vacuous: test
presentation::layout_component_inspector_tests::mounted_group_position_blur_moves_all_selected_parts_from_first_anchor: test
presentation::layout_component_inspector_tests::mounted_locked_component_presents_xy_unavailable_and_suppresses_commit: test
presentation::layout_component_inspector_tests::mounted_matrix_key_stays_key_until_explicit_finding_opens_component_inspector: test
presentation::layout_component_inspector_tests::object_tree_context_projects_the_matching_layout_selection_mode: test
presentation::layout_component_inspector_tests::relations_summary_uses_layout_membership_before_constraint_source: test
presentation::layout_component_inspector_tests::standalone_component_projection_preserves_accepted_owner_and_metadata: test
presentation::objects::matrix_inspector_controller::tests::custom_resize_leaves_cells_unchanged_and_rejects_oversized_dimensions_before_allocation: test
presentation::objects::matrix_inspector_controller::tests::matrix_pitch_request_preserves_every_unrelated_accepted_matrix_field: test
presentation::objects::matrix_inspector_controller::tests::owning_layout_name_request_uses_set_layout_without_renaming_the_matrix: test
presentation::objects::matrix_inspector_controller::tests::resize_preserves_sparse_holes_and_trims_only_cells_outside_new_bounds: test
presentation::objects::matrix_inspector_controller::tests::resizing_real_preset_matrix_preserves_cells_and_inherits_only_electrical_members: test
presentation::objects::matrix_inspector_controller::tests::variant_owner_does_not_claim_a_later_open_even_with_the_same_project_id: test
presentation::parts::add_object_menu_tests::add_menu_search_excludes_retired_and_assembly_snapshot_definitions: test
presentation::parts::add_object_menu_tests::add_menu_uses_the_four_reference_groups_for_available_definitions: test
presentation::parts::add_object_menu_tests::key_assembly_search_hides_nonmatching_presets_without_losing_categories: test
presentation::parts::add_object_menu_tests::mounted_browse_button_preserves_search_and_pins_desktop_objects: test
presentation::pcb_module_inspector::remove_feedback_tests::removal_feedback_reports_the_terminal_edit_result: test
case_gesture_preview::tests::a_newer_move_retires_the_prior_preview_owner_and_cleanup_is_scoped: test
presentation::parts::assembly_editor::assembly_selector_tests::persisted_member_selection_survives_dynamic_options_mount: test
presentation::pcb_board_reference::mounted_async_tests::mounted_missing_stored_board_blob_reports_retry_and_keeps_reference: test
presentation::pcb_board_reference::mounted_async_tests::replace_discards_async_file_read_after_project_board_or_revision_changes: test
runtime::native_model_mapping_tests::delayed_old_owner_mapping_failure_cannot_report_into_replacement: test
runtime::native_model_mapping_tests::failed_mapping_notifier_does_not_readmit_the_same_preview: test
runtime::native_model_mapping_tests::new_preview_retries_after_failure_and_success_keeps_batch_pending: test
runtime::native_model_mapping_tests::obsolete_failure_keeps_new_owner_pending_and_emits_no_report: test
runtime::native_model_mapping_tests::stale_mapping_success_cannot_enter_delivery_or_replace_pending: test
presentation::parts::catalogue::wasm_tests::generator_recognition_uses_packaged_source_membership: test
presentation::parts::catalogue::wasm_tests::pcb_part_packaged_binding_schema_uses_generator_parameters: test
presentation::parts::catalogue::wasm_tests::pcb_part_packaged_reversible_proposal_uses_gateron_normalizer: test
pcb_handoff::orchestration_tests::failed_package_retry_and_stale_owner_use_session_protection_order: test
presentation::library::mounted_tests::current_project_delete_cancel_and_confirm_use_the_observed_replacement_path: test
presentation::library::mounted_tests::current_project_delete_sorts_remaining_records_by_stored_name: test
presentation::library::mounted_tests::damaged_saved_preview_keeps_open_action_and_healthy_card_available: test
presentation::library::mounted_tests::delayed_rename_persist_after_owner_replacement_cannot_update_new_project: test
presentation::library::mounted_tests::failed_current_project_replacement_keeps_the_record_and_dialog_available: test
presentation::library::mounted_tests::noncurrent_delete_preserves_accepted_document_and_undo_history: test
presentation::library::mounted_tests::project_menu_exposes_the_whole_project_copy_action: test
presentation::library::mounted_tests::project_menu_name_draft_survives_unrelated_accepted_revision_and_commits_latest_document: test
presentation::library::mounted_tests::project_menu_name_reports_real_persist_failure_without_accepting_the_rename: test
presentation::library::mounted_tests::retained_project_name_action_is_rejected_after_library_unmount: test
presentation::library::mounted_tests::saved_project_list_loading_error_and_retry_recover_in_mounted_library: test
presentation::objects::mirrored_pair::canvas_overlay_tests::canvas_overlay_preserves_preview_values_and_routes_owner_cancel_escape: test
presentation::objects::mirrored_pair::canvas_overlay_tests::overlay_styles_keep_bounded_canvas_geometry: test
cad_presentation::mounted_tests::mounted_case_local_export_uses_current_exact_mechanical_scope: test
cad_presentation::mounted_tests::mounted_case_panel_starts_once_pauses_and_resumes_for_current_context: test
cad_presentation::mounted_tests::mounted_failed_current_generation_keeps_previous_geometry_and_retries_owner: test
cad_presentation::mounted_tests::mounted_read_model_preview_and_session_gesture_block_export_until_cancelled: test
presentation::case_viewer::gesture_cancellation_tests::mounted_escape_cancels_provisional_case_gesture_without_session_edit: test
presentation::case_viewer::gesture_cancellation_tests::mounted_scope_change_retires_provisional_case_gesture_without_session_edit: test
presentation::case_viewer::gesture_cancellation_tests::mounted_unmount_retires_provisional_case_gesture_without_session_edit: test
presentation::parts::modules_catalogue::catalogue_refresh_tests::module_catalogue_refresh_keeps_current_projection_without_stale_project_entries: test
presentation::shared_viewer::tests::canvas_accessible_names_match_the_active_workflow_context: test
presentation::shared_viewer::tests::case_handle_preview_transfer_rejects_replaced_source_scope_revision_and_owner: test
presentation::shared_viewer::tests::case_handle_survives_published_provisional_scene_until_pointer_up: test
presentation::shared_viewer::tests::display_preference_aliases_match_case_display_groups: test
presentation::shared_viewer::tests::finding_focus_retriggers_repeats_and_rejects_stale_project_board_token_and_revision: test
presentation::shared_viewer::tests::generic_layout_module_projection_preserves_board_holes_and_omits_opening_voids: test
presentation::shared_viewer::tests::imported_case_projection_keeps_routed_contours_and_pose_in_pcb_and_case_scene_packets: test
presentation::shared_viewer::tests::imported_layout_projection_preserves_nonidentity_board_reference_pose_and_elevation: test
presentation::shared_viewer::tests::layout_module_model_normals_follow_nonuniform_core_scale: test
presentation::shared_viewer::tests::layout_packet_includes_module_model_mesh_at_core_stable_id_and_transform: test
presentation::shared_viewer::tests::mounted_case_gesture_feedback_preserves_canvas_geometry: test
presentation::shared_viewer::tests::physical_preview_rows_are_qualified_by_source_scope_and_token: test
presentation::shared_viewer::tests::pointer_completion_keeps_its_starting_projection_identity: test
presentation::shared_viewer::tests::pointer_event_cannot_take_reused_id_from_another_projection: test
presentation::shared_viewer::tests::viewer_events_reject_changed_owner_identity_and_unmount: test
bundled_models::wasm_tests::generated_models_use_packaged_generator_part_overrides: test
bundled_models::wasm_tests::native_preview_paths_use_the_packaged_ergogen_asset_identity_helper: test
runtime::case_preview_source_tests::imported_capture_failure_is_visible_only_to_its_current_case_owner: test
presentation::inspector::layout_component_inspector::locked_position_tests::locked_position_is_unavailable_and_cannot_dispatch_a_value: test
presentation::part_placement::tests::accepted_general_placement_selects_the_component_and_part_tool_context: test
presentation::part_placement::tests::captured_owner_rejects_changed_snapshot_scope_generation_or_guide_stage: test
presentation::part_placement::tests::commit_observer_matches_exact_operation_slot_and_retains_terminal_after_owner_drop: test
presentation::part_placement::tests::component_references_use_react_kind_prefixes_and_lowest_free_number: test
presentation::part_placement::tests::conflicting_definitions_and_missing_layout_targets_reject_without_mutating_source: test
presentation::part_placement::tests::controller_creation_adds_selected_layout_membership_and_keeps_other_layouts_untouched: test
presentation::part_placement::tests::controller_creation_is_one_document_edit_with_board_and_envelope_membership: test
presentation::part_placement::tests::controller_references_follow_existing_u_sequence_without_reusing_occupied_numbers: test
presentation::part_placement::tests::cursor_placement_uses_project_grid_and_alt_free_position_policy: test
presentation::part_placement::tests::delayed_selected_key_load_error_is_ignored_after_accepted_snapshot_refresh: test
presentation::part_placement::tests::general_component_placement_starts_without_the_setup_guide_and_uses_kind_reference: test
presentation::part_placement::tests::initial_placement_uses_world_view_center_after_pan: test
presentation::part_placement::tests::layout_3d_transition_cancels_suspended_component_preparation_without_ghost: test
presentation::part_placement::tests::linked_target_key_replacement_stays_local_through_core_sync_and_history: test
presentation::part_placement::tests::mounted_controller_start_is_rejected_while_mirrored_pair_owns_the_canvas: test
presentation::part_placement::tests::only_the_exact_completed_operation_with_matching_ready_saved_document_can_return_to_wiring: test
presentation::part_placement::tests::parts_inspector_action_applies_selected_key_through_production_edit_handler: test
presentation::part_placement::tests::parts_inspector_action_does_not_apply_to_a_key_selected_after_loading_started: test
presentation::part_placement::tests::placement_commits_only_on_primary_pointer_release: test
presentation::part_placement::tests::placement_geometry_snap_uses_pending_definition_and_current_gap_preference: test
presentation::part_placement::tests::production_hook_does_not_read_signals_after_unmount_while_waiting_for_saved_state: test
presentation::part_placement::tests::production_hook_never_redirects_a_stale_board_or_project_owner: test
presentation::part_placement::tests::production_hook_owns_canvas_during_definition_preparation_and_escape_restores_guide: test
presentation::part_placement::tests::production_hook_registers_before_submit_and_retains_outcome_after_unmount: test
presentation::part_placement::tests::production_hook_registers_the_observer_before_synchronous_submit_settlement: test
presentation::part_placement::tests::production_hook_retires_stale_preparation_and_accepts_a_fresh_place_request: test
presentation::part_placement::tests::production_hook_returns_to_wiring_only_after_matching_ready_saved_commit: test
presentation::part_placement::tests::production_hook_routes_persistence_failure_back_but_terminal_cancel_does_not_redirect: test
presentation::part_placement::tests::production_hook_suppresses_actionable_failure_after_board_or_project_switch: test
presentation::part_placement::tests::production_hook_waits_through_saving_before_returning_to_wiring: test
presentation::part_placement::tests::retained_component_action_cannot_retarget_a_new_owner_or_wrong_workspace: test
presentation::part_placement::tests::retained_object_action_cannot_start_for_a_refreshed_snapshot: test
presentation::part_placement::tests::selected_key_application_uses_set_matrix_and_preserves_other_cell_fields: test
presentation::part_placement::tests::selected_key_edit_rejection_is_reported_to_the_current_parts_owner: test
presentation::part_placement::tests::standalone_placement_accepts_a_non_controller_and_updates_memberships_atomically: test
presentation::part_placement::tests::terminal_cancellation_does_not_redirect_but_rejection_can_return_to_source_panel: test
presentation::outline_lifecycle::browser_tests::coordinate_undo_restores_accepted_value_without_reviving_a_submitted_draft: test
presentation::outline_lifecycle::browser_tests::fixed_perimeter_finds_the_first_polygon_after_primitive_features: test
presentation::outline_lifecycle::browser_tests::mounted_fixed_perimeter_coordinate_enter_updates_only_the_active_feature: test
presentation::outline_lifecycle::browser_tests::mounted_generated_connection_after_reopen_preserves_unique_ids_and_valid_geometry: test
presentation::outline_lifecycle::browser_tests::mounted_generated_perimeter_insert_creates_one_fixed_copy_with_edited_points: test
presentation::outline_lifecycle::browser_tests::mounted_outline_inspector_generates_through_the_production_owner: test
presentation::outline_lifecycle::browser_tests::mounted_outline_perimeter_escape_returns_to_board_inspector: test
presentation::outline_lifecycle::browser_tests::mounted_reopened_fixed_outline_selects_its_saved_version: test
presentation::outline_lifecycle::browser_tests::outline_connection_id_avoids_ids_saved_before_runtime_restart: test
presentation::outline_lifecycle::browser_tests::outline_dimension_enter_commits_and_escape_restores_accepted_value: test
presentation::outline_lifecycle::browser_tests::outline_version_id_avoids_ids_saved_before_runtime_restart: test
presentation::footprint_graphics::preview_default_tests::projects_values_from_the_retained_generator_parameter_envelope: test
presentation::pcb_wiring::part_input_settings::tests::pcb_part_input_matrix_choice_requires_membership_and_independent_press: test
presentation::pcb_wiring::part_input_settings::tests::pcb_part_input_matrix_choice_uses_membership_without_assuming_a_part_id_format: test
presentation::pcb_wiring::part_input_settings::tests::pcb_part_input_projection_preserves_ts_routing_and_matrix_predicate: test
presentation::pcb_wiring::part_input_settings::tests::pcb_part_input_schema_keeps_only_supported_nonterminal_net_and_anchor_fields: test
presentation::layout_splay_pick_view_change_tests::entering_layout_3d_cancels_pending_splay_origin_pick: test
presentation::pcb_module_inspector::mounted_save_replacement_tests::mounted_save_persist_settlement_cannot_cross_replacement_with_colliding_ids: test
presentation::layout_workspace::relation_escape_regression_tests::escape_from_matrix_relationship_component_returns_to_board_context: test
presentation::pcb_scene::mounted_layer_tests::mounted_controls_toggle_only_their_accepted_pcb_scene_layers: test
presentation::pcb_scene::mounted_layer_tests::pcb_finding_marker_is_decorative_and_does_not_advertise_activation: test
presentation::pcb_scene::mounted_layer_tests::pcb_rows_do_not_offer_the_layout_only_footprints_toggle: test
presentation::pcb_scene::mounted_layer_tests::production_layer_component_recomputes_rows_when_board_scope_changes: test
presentation::parts::generator_settings::tests::retained_generator_apply_merges_latest_metadata_and_rejects_deleted_owner: test
runtime::cad_scene_rebind_tests::cad_scene_rebinds_only_exact_output_with_matching_physical_inputs: test
runtime::cad_scene_rebind_tests::cad_scene_retires_old_scope_instead_of_rebinding_across_physical_owner: test
presentation::parts::placement_action_tests::inspector_click_routes_a_switch_to_the_selected_key_action: test
presentation::parts::placement_action_tests::inspector_disables_a_non_input_definition_for_a_selected_key: test
presentation::parts::placement_action_tests::inspector_disables_a_switch_without_independent_press_contacts: test
runtime::firmware_export_tests::firmware_completion_is_suppressed_after_project_board_or_snapshot_changes: test
runtime::firmware_export_tests::firmware_failure_announcement_has_explicit_alert_severity_and_stale_owner_is_silent: test
runtime::firmware_export_tests::generation_and_zip_failures_cannot_produce_deliverable_firmware_bytes: test
runtime::firmware_export_tests::older_export_cannot_replace_a_newer_attempts_report: test
runtime::firmware_export_tests::production_completion_after_owner_switch_does_not_deliver_or_report: test
runtime::firmware_export_tests::production_older_export_can_deliver_without_replacing_newer_report: test
runtime::firmware_export_tests::production_run_export_injects_both_provider_failures_and_retries_without_editing_session: test
runtime::firmware_export_tests::replacing_worker_during_each_actual_await_rejects_old_output_and_suppresses_its_report: test
runtime::firmware_export_tests::worker_replacement_at_resolution_generation_or_packaging_boundary_invalidates_attempt: test
presentation::keymap::binding_controller::tests::completed_physical_encoder_edit_waits_for_pending_plan_then_resumes: test
presentation::keymap::binding_controller::tests::encoder_lineage_survives_own_snapshot_advance_but_not_input_replacement: test
presentation::keymap::binding_controller::tests::field_keys_cover_all_typed_variants_without_collapsing_empty_kinds: test
presentation::keymap::binding_controller::tests::field_updates_preserve_sibling_values_from_fresh_binding: test
presentation::keycaps_workspace::tests::inspector_header_shows_accepted_assigned_and_total_key_count: test
presentation::keycaps_workspace::tests::selected_key_disclosure_tracks_selection_without_resetting_user_state: test
presentation::physical_setup_owner_tests::case_transport_owner_does_not_require_a_part_tree_selection: test
presentation::layout_camera::tests::selected_bridge_camera_uses_a_viewport_relative_pan_delta: test
presentation::layout_camera::tests::two_d_zoom_limits_match_the_pinned_typescript_workbench: test
presentation::layout_camera::tests::wheel_zoom_is_clamped_and_does_not_move_past_a_limit: test
presentation::layout_camera::tests::zoom_buttons_stop_at_the_same_limits: test
presentation::pcb_wiring::controller::part_net_identity_tests::rendered_part_action_is_rejected_after_board_selection_or_snapshot_changes: test
presentation::objects::layout_toolbar::tests::gesture_gap_uses_live_matrix_then_one_millimeter_and_respects_toggles: test
presentation::objects::layout_toolbar::tests::gesture_inputs_preserve_off_fractional_and_world_millimeter_modes: test
presentation::objects::layout_toolbar::tests::invalid_pitch_axes_fall_back_independently_and_nonfinite_fraction_is_safe: test
presentation::objects::layout_toolbar::tests::part_scope_is_a_real_component_or_an_empty_semantic_cell: test
presentation::objects::layout_toolbar::tests::retained_cell_survives_key_row_column_and_key_mode_changes: test
presentation::parts::catalogue::tests::assembly_dot_matches_javascript_line_terminator_rules: test
presentation::parts::catalogue::tests::catalog_hides_retired_generator_and_unassigned_assembly_snapshots: test
presentation::parts::catalogue::tests::category_remains_searchable_alongside_special_search_aliases: test
presentation::parts::catalogue::tests::every_imported_static_definition_decodes_as_the_existing_core_type: test
presentation::parts::catalogue::tests::imported_and_project_overrides_keep_the_first_id_position: test
presentation::parts::catalogue::tests::imported_source_hash_matches_the_bundled_source_digest: test
presentation::parts::catalogue::tests::overlay_and_selected_handle_share_untouched_bundled_definitions: test
presentation::parts::catalogue::tests::saved_vik_parts_are_not_new_catalogue_choices: test
presentation::parts::catalogue::tests::typed_generator_parameters_serialize_as_plain_json_objects: test
presentation::pcb_module_inspector::wasm_tests::connector_admission_reuses_local_host_and_rejects_foreign_automatic_ids: test
presentation::keycaps_settings::tests::board_and_matrix_settings_use_existing_core_operations: test
presentation::keycaps_settings::tests::discard_feedback_cleanup_is_exact_and_never_hides_pending_work: test
presentation::keycaps_settings::tests::latest_same_owner_retry_intent_survives_older_operation_failure: test
presentation::keycaps_settings::tests::pending_overlap_retains_a_reverted_user_intent: test
presentation::keycaps_settings::tests::selection_owner_generation_changes_when_a_key_is_reselected: test
presentation::keycaps_settings::tests::setting_change_acknowledgement_preserves_null_and_blank_legend: test
presentation::keycaps_settings::tests::untouched_inherited_legend_does_not_materialize_an_explicit_blank: test
presentation::keycaps_settings::tests::width_and_depth_intents_merge_with_the_latest_accepted_sibling: test
renderer_host_page::lifecycle_tests::cancelled_or_failed_initialization_releases_partial_resources: test
renderer_host_page::lifecycle_tests::context_loss_settles_callers_stops_rendering_and_unmount_releases_everything: test
renderer_host_page::lifecycle_tests::dispose_is_idempotent_and_drop_after_dispose_does_not_free_twice: test
renderer_host_page::lifecycle_tests::render_submission_error_marks_the_host_failed_and_settles_callers: test
renderer_host_page::lifecycle_tests::repeated_mount_and_unmount_does_not_accumulate_listeners_or_observers: test
renderer_host_page::lifecycle_tests::resize_and_dpr_changes_update_backing_size_and_rearm_listener: test
presentation::keycaps_fit::tests::actionable_board_target_has_react_label_and_targetless_finding_has_no_action: test
presentation::keycaps_fit::tests::current_case_stack_target_precedes_companion_part_target: test
presentation::keycaps_fit::tests::finding_marker_bounds_include_every_contour_of_the_current_board_finding: test
presentation::keycaps_fit::tests::findings_are_deduplicated_severity_sorted_and_grouped_like_react: test
presentation::keycaps_fit::tests::layout_fit_basis_keeps_react_padding_and_source_surface_aspect: test
presentation::keycaps_fit::tests::layout_target_bounds_include_non_keycap_matrix_companions: test
presentation::keycaps_fit::tests::mounted_finding_action_uses_react_label_and_emits_current_target: test
presentation::keycaps_fit::tests::production_navigation_admission_rejects_stale_results_and_removed_targets: test
presentation::keycaps_fit::tests::same_source_retry_and_failure_keep_retained_result_stale: test
presentation::objects::layout_align_controller::workspace_route_tests::align_route_is_exactly_scoped_to_its_workspace_owner: test
presentation::board_reference_effect::tests::current_failure_keeps_specific_reason_and_stale_failure_is_retryable: test
presentation::layout_findings::tests::destination_requires_the_target_to_still_live_on_its_named_board: test
presentation::layout_findings::tests::finding_action_is_rendered_only_for_a_live_target_and_a_stale_target_has_none: test
presentation::mechanical_settings::contextual_layer_tests::assigned_profile_adds_component_clearance_polygon_without_extraction: test
presentation::mechanical_settings::contextual_layer_tests::assigned_profile_exposes_case_local_remove_control: test
presentation::mechanical_settings::contextual_layer_tests::battery_controls_match_wired_and_wireless_modes_and_dispatch_toggle: test
presentation::mechanical_settings::contextual_layer_tests::custom_profile_geometry_controls_read_apply_edit_and_remove_assigned_profile: test
presentation::mechanical_settings::contextual_layer_tests::previous_generated_layer_context_stays_visible_and_is_labeled: test
presentation::mechanical_settings::contextual_layer_tests::process_thickness_draft_escape_enter_and_blur_follow_numeric_field_semantics: test
presentation::mechanical_settings::contextual_layer_tests::profile_volume_height_escape_discards_and_enter_blur_commits_once: test
presentation::mechanical_settings::contextual_layer_tests::selected_plate_uses_contextual_inspector_and_returns_to_assembly_settings: test
presentation::mechanical_settings::contextual_layer_tests::unassigned_profile_guidance_shows_saved_plate_to_pcb_gap: test
presentation::layout_viewer::mounted_keycaps_preview_tests::finding_focus_maps_outline_and_preserves_part_ids_for_current_board: test
presentation::layout_viewer::mounted_keycaps_preview_tests::mounted_preview_failure_retries_and_ignores_a_late_old_owner_reply: test
parts_definition_name::mounted_tests::mounted_definition_owner_switch_and_pad_id_refresh_retain_and_retire_drafts: test
parts_definition_name::mounted_tests::mounted_definition_owner_switch_retires_dirty_courtyard_pad_and_error_state: test
parts_definition_name::mounted_tests::mounted_name_commit_uses_refreshed_runtime_capture_and_definition_owner_defaults: test
parts_definition_name::mounted_tests::mounted_pad_id_action_remaps_every_matching_instance_through_the_runtime_edit: test
parts_definition_name::mounted_tests::mounted_unchanged_blur_does_not_rewrite_empty_courtyard_or_create_history: test
presentation::pcb_wiring::part_input_settings::owner::tests::parameter_values_are_limited_to_board_nets_and_finite_anchor_coordinates: test
presentation::objects::tree::tests::explicit_finding_part_route_uses_component_context_without_changing_key_hit_context: test
presentation::keycaps_navigation::tests::active_case_layer_replaces_retained_body_as_inspector_owner: test
presentation::keycaps_navigation::tests::current_part_route_selects_layout_and_pins_inspector: test
presentation::keycaps_navigation::tests::destination_fit_uses_layout_bounds_and_suppresses_stale_side_effects: test
presentation::keycaps_navigation::tests::generated_layer_uses_case_early_route_without_desktop_pin: test
presentation::keycaps_navigation::tests::mounted_accepted_route_publishes_layout_marker_then_retires_it_on_workspace_change: test
presentation::keycaps_navigation::tests::mounted_delayed_focus_rechecks_same_scope_selection_before_focusing: test
presentation::keycaps_navigation::tests::mounted_delayed_focus_runs_for_current_owner_and_stops_after_unmount: test
presentation::keycaps_navigation::tests::mounted_layout_fit_drops_when_selection_changes_without_scope_change: test
presentation::keycaps_navigation::tests::stale_route_and_changed_target_produce_no_ui_effects: test
presentation::objects::keycap_size_controller::tests::accepted_projection_uses_session_add_toggle_selection_across_hit_contexts: test
presentation::objects::keycap_size_controller::tests::delayed_keyboard_resize_cannot_be_retargeted_to_a_new_mixed_selection: test
presentation::objects::keycap_size_controller::tests::delayed_keyboard_resize_commits_for_its_unchanged_owner: test
presentation::objects::keycap_size_controller::tests::feedback_from_another_selection_is_not_shown_in_the_inspector: test
presentation::objects::keycap_size_controller::tests::mixed_size_draft_uses_react_visible_document_part_order: test
presentation::objects::keycap_size_controller::tests::overlap_filter_tracks_authoritative_add_and_toggle_selection: test
presentation::objects::keycap_size_controller::tests::overlap_status_matches_react_selection_deduplication_and_truncation: test
presentation::objects::matrix_setup::focus_tests::matrix_cancel_restores_guide_focus_and_new_form_focuses_rows: test
presentation::objects::layout_transform_toolbar::shortcut_tests::all_transform_property_shortcuts_route_to_properties_before_selection_changes_owner: test
presentation::keymap::layer_controller::tests::completed_add_mismatch_survives_a_later_rename_at_acknowledgement_token: test
presentation::keymap::layer_controller::tests::fallback_rename_and_terminal_feedback_follow_the_resolved_layer: test
presentation::keymap::layer_controller::tests::rejected_rename_feedback_tracks_the_admitted_name_key: test
presentation::keymap::layer_controller::tests::retained_removed_id_resolves_then_restores_by_stable_identity: test
presentation::pcb_physical_setup::controller::case_reassignment_scope_transition_tests::only_the_accepted_reassignment_scope_transition_admits_followup_navigation: test
presentation::keymap::binding_editor::tests::accepted_value_reversion_hides_a_stale_code_error_without_a_request: test
presentation::keymap::binding_editor::tests::binding_targets_have_distinct_stable_identities: test
presentation::keymap::binding_editor::tests::layer_defaults_use_stable_non_base_then_first_ids: test
presentation::keymap::binding_editor::tests::macro_and_empty_bindings_keep_their_typed_distinction: test
presentation::mechanical_settings_controller::battery_patch_tests::assigned_custom_profile_updates_geometry_and_removes_by_current_definition: test
presentation::mechanical_settings_controller::battery_patch_tests::battery_fields_update_their_own_values_and_reject_missing_or_invalid_envelopes: test
presentation::mechanical_settings_controller::battery_patch_tests::enabling_wired_battery_uses_reference_defaults_without_changing_other_settings: test
presentation::mechanical_settings_controller::battery_patch_tests::first_switch_profile_family_assignment_is_treated_as_a_family_change: test
presentation::mechanical_settings_controller::battery_patch_tests::legacy_gasket_support_resize_preserves_saved_anchor_metadata: test
presentation::mechanical_settings_controller::battery_patch_tests::manufacturing_process_edits_route_standard_thickness_and_preserve_other_targets: test
presentation::mechanical_settings_controller::battery_patch_tests::plate_process_thickness_matches_dimension_profile_and_default_foam_sync: test
presentation::mechanical_settings_controller::battery_patch_tests::profile_assignment_rejects_a_different_board_and_duplicate_target: test
presentation::mechanical_settings_controller::battery_patch_tests::removing_battery_preserves_all_non_battery_settings: test
presentation::mechanical_settings_controller::battery_patch_tests::stabilizer_profile_accepts_a_placed_custom_definition: test
presentation::mechanical_settings_controller::battery_patch_tests::wireless_transport_rejects_manual_battery_toggle: test
parts_preview::tests::late_old_generation_invalidation_cannot_revoke_new_parts_preview_lease: test
presentation::pcb_layers::tests::back_graphics_swap_only_front_and_back_layer_prefixes: test
presentation::pcb_layers::tests::completed_inventory_from_an_old_board_scope_is_not_reused: test
presentation::pcb_layers::tests::completed_inventory_from_an_old_generator_definition_is_not_reused: test
presentation::pcb_layers::tests::one_generator_failure_does_not_drop_other_emitted_layer_rows: test
presentation::pcb_layers::tests::pad_layers_follow_pad_and_part_sides_and_through_holes_span_both_copper_faces: test
presentation::pcb_layers::tests::through_hole_pad_remains_visible_until_both_copper_faces_or_pads_are_hidden: test
presentation::pcb_wiring::part_connections::tests::creating_named_net_adds_it_only_to_selected_board: test
presentation::pcb_wiring::part_connections::tests::legacy_net_with_selected_board_part_pin_is_selectable: test
presentation::pcb_wiring::part_connections::tests::mapping_rejects_hidden_or_inherited_targets: test
presentation::pcb_wiring::part_connections::tests::mapping_rejects_net_from_another_board: test
presentation::pcb_wiring::part_connections::tests::standalone_pad_eligibility_uses_generator_source_not_definition_id: test
presentation::pcb_wiring::part_connections::tests::terminal_mapping_moves_only_target_pins_and_preserves_other_boards: test
presentation::keymap::macro_editor::mounted_accessible_name_tests::mounted_macro_editor_uses_display_and_visible_field_names: test
presentation::keymap::macro_editor::mounted_accessible_name_tests::unchanged_valid_step_keycode_blur_does_not_submit_a_macro_edit: test
presentation::objects::matrix_transform_inspector::mounted_tests::additive_canvas_selection_keeps_key_properties_for_same_matrix_keys: test
presentation::objects::matrix_transform_inspector::mounted_tests::additive_mixed_component_selection_keeps_first_part_group_context: test
presentation::objects::matrix_transform_inspector::mounted_tests::mounted_attached_component_choices_are_current_item_scoped_and_emit_the_selected_replacement: test
presentation::objects::matrix_transform_inspector::mounted_tests::toggle_removal_keeps_the_inspector_and_commands_aimed_at_remaining_keys: test
presentation::objects::matrix_transform_controller::workspace_route_tests::matrix_transform_owner_cannot_cross_workspace_routes: test
presentation::layout_finding_return_regression_tests::mounted_back_enter_focuses_board_and_outline_inspectors_and_rejects_stale_scope: test
presentation::layout_finding_return_regression_tests::outline_return_requires_the_same_live_owner_and_saved_selection: test
presentation::keycaps_finding_marker::tests::mounted_layout_marker_is_bound_to_focused_identity_and_accepted_owner: test
presentation::pcb_wiring::controller::mounted_resolution_tests::mounted_resolution_failure_is_visible_retryable_and_ignores_old_board_reply: test
presentation::pcb_wiring::controller::mounted_resolution_tests::mounted_resolution_ignores_old_same_board_reply_after_controller_revision_changes: test

   Compiling boardstudio-web v0.1.0 (/home/chris/.local/share/boardstudio/worktrees/migration-m1-continuation-20261001/web)
warning: unused import: `ProjectDoc`
 --> src/presentation/case_controller.rs:9:82
  |
9 |     CaseBody, CaseKind, EditCommand, EditOperation, EditPhase, Mount, MountKind, ProjectDoc, Vec2,
  |                                                                                  ^^^^^^^^^^
  |
  = note: `#[warn(unused_imports)]` (part of `#[warn(unused)]`) on by default

warning: unused import: `wasm_bindgen_futures::spawn_local`
  --> src/presentation/mechanical_settings.rs:20:5
   |
20 | use wasm_bindgen_futures::spawn_local;
   |     ^^^^^^^^^^^^^^^^^^^^^^^^^^^^^^^^^

warning: unused import: `dioxus::prelude::*`
    --> src/presentation/pcb_board_reference.rs:1049:9
     |
1049 |     use dioxus::prelude::*;
     |         ^^^^^^^^^^^^^^^^^^

warning: unused import: `dioxus::prelude::*`
    --> src/presentation/pcb_module_inspector.rs:1078:9
     |
1078 |     use dioxus::prelude::*;
     |         ^^^^^^^^^^^^^^^^^^

warning: unused imports: `SessionEpoch` and `SnapshotToken`
    --> src/presentation/pcb_wiring.rs:1111:35
     |
1111 |     use boardstudio_application::{SessionEpoch, SnapshotToken};
     |                                   ^^^^^^^^^^^^  ^^^^^^^^^^^^^

warning: use of deprecated unit struct `presentation::mechanical_settings::ManufacturingControls::{closure#2}::_::Warning`: Keys are only allowed on the first node in the block.
    --> src/presentation/mechanical_settings.rs:2754:38
     |
2754 | ...                   key: "process-thickness:{target.part_id}",
     |                            ^^^^^^^^^^^^^^^^^^^^^^^^^^^^^^^^^^^^
     |
     = note: `#[warn(deprecated)]` on by default

warning: variable does not need to be mutable
    --> src/presentation/mechanical_settings.rs:3212:9
     |
3212 |     let mut geometry_state = use_signal(|| None::<MechanicalGeometry>);
     |         ----^^^^^^^^^^^^^^
     |         |
     |         help: remove this `mut`
     |
     = note: `#[warn(unused_mut)]` (part of `#[warn(unused)]`) on by default

warning: variable does not need to be mutable
    --> src/presentation/mechanical_settings.rs:3213:9
     |
3213 |     let mut selected = use_signal(|| Vec::<String>::new());
     |         ----^^^^^^^^
     |         |
     |         help: remove this `mut`

warning: variable does not need to be mutable
    --> src/presentation/mechanical_settings.rs:3214:9
     |
3214 |     let mut purposes = use_signal(|| Vec::<MechanicalPurposeMapping>::new());
     |         ----^^^^^^^^
     |         |
     |         help: remove this `mut`

warning: variable does not need to be mutable
    --> src/presentation/mechanical_settings.rs:3215:9
     |
3215 |     let mut busy = use_signal(|| false);
     |         ----^^^^
     |         |
     |         help: remove this `mut`

warning: variable does not need to be mutable
    --> src/presentation/mechanical_settings.rs:3216:9
     |
3216 |     let mut error = use_signal(String::new);
     |         ----^^^^^
     |         |
     |         help: remove this `mut`

warning: variable does not need to be mutable
    --> src/presentation/mechanical_settings.rs:3320:37
     |
3320 | ...                   let mut sequence = props.request_sequence;
     |                           ----^^^^^^^^
     |                           |
     |                           help: remove this `mut`

warning: function `standard_profile_reply_matches` is never used
   --> src/presentation/parts/mechanical_profile.rs:148:15
    |
148 | pub(crate) fn standard_profile_reply_matches(
    |               ^^^^^^^^^^^^^^^^^^^^^^^^^^^^^^
    |
    = note: `#[warn(dead_code)]` (part of `#[warn(unused)]`) on by default

warning: struct `ModuleGroup` is never constructed
  --> src/presentation/parts/modules_catalogue.rs:32:19
   |
32 | pub(super) struct ModuleGroup {
   |                   ^^^^^^^^^^^

warning: method `matches` is never used
  --> src/presentation/parts/modules_catalogue.rs:39:12
   |
38 | impl ModuleGroup {
   | ---------------- method in this implementation
39 |     pub fn matches(&self, query: &str) -> bool {
   |            ^^^^^^^

warning: function `group_choices` is never used
   --> src/presentation/parts/modules_catalogue.rs:328:15
    |
328 | pub(super) fn group_choices(entries: &[ModuleEntry]) -> Vec<ModuleGroup> {
    |               ^^^^^^^^^^^^^

warning: variable does not need to be mutable
   --> src/presentation/objects/matrix_transform_inspector_tests.rs:693:9
    |
693 |     let mut dom = VirtualDom::new(matrix_transform_host);
    |         ----^^^
    |         |
    |         help: remove this `mut`
    |
    = note: `#[warn(unused_mut)]` (part of `#[warn(unused)]`) on by default

warning: variable does not need to be mutable
    --> src/presentation/case_viewer.rs:1922:13
     |
1922 |         let mut instance = use_context::<InstanceSelection>();
     |             ----^^^^^^^^
     |             |
     |             help: remove this `mut`

warning: variable does not need to be mutable
    --> src/presentation/mechanical_settings.rs:3212:9
     |
3212 |     let mut geometry_state = use_signal(|| None::<MechanicalGeometry>);
     |         ----^^^^^^^^^^^^^^
     |         |
     |         help: remove this `mut`

warning: variable does not need to be mutable
    --> src/presentation/mechanical_settings.rs:4767:13
     |
4767 |         let mut extracted_definition_ids = use_signal(Vec::<String>::new);
     |             ----^^^^^^^^^^^^^^^^^^^^^^^^
     |             |
     |             help: remove this `mut`

warning: variable does not need to be mutable
    --> src/presentation/parts/preview.rs:1120:13
     |
1120 |         let mut selection = use_signal(|| None::<(Option<Scope>, String)>);
     |             ----^^^^^^^^^
     |             |
     |             help: remove this `mut`

warning: struct `ModuleGroup` is never constructed
  --> src/presentation/parts/modules_catalogue.rs:32:19
   |
32 | pub(super) struct ModuleGroup {
   |                   ^^^^^^^^^^^
   |
   = note: `#[warn(dead_code)]` (part of `#[warn(unused)]`) on by default

warning: unused `std::result::Result` that must be used
   --> src/presentation/layout_component_inspector_tests.rs:964:5
    |
964 |     x.blur();
    |     ^^^^^^^^
    |
    = note: this `Result` may be an `Err` variant, which should be handled
    = note: `#[warn(unused_must_use)]` (part of `#[warn(unused)]`) on by default
help: use `let _ = ...` to ignore the resulting value
    |
964 |     let _ = x.blur();
    |     +++++++

warning: unused `std::result::Result` that must be used
    --> src/presentation/mechanical_settings.rs:5470:9
     |
5470 |         input.blur();
     |         ^^^^^^^^^^^^
     |
     = note: this `Result` may be an `Err` variant, which should be handled
help: use `let _ = ...` to ignore the resulting value
     |
5470 |         let _ = input.blur();
     |         +++++++

warning: unused `std::result::Result` that must be used
    --> src/presentation/mechanical_settings.rs:5489:9
     |
5489 |         input.blur();
     |         ^^^^^^^^^^^^
     |
     = note: this `Result` may be an `Err` variant, which should be handled
help: use `let _ = ...` to ignore the resulting value
     |
5489 |         let _ = input.blur();
     |         +++++++

warning: unused `std::result::Result` that must be used
    --> src/presentation/mechanical_settings.rs:5506:9
     |
5506 |         input.blur();
     |         ^^^^^^^^^^^^
     |
     = note: this `Result` may be an `Err` variant, which should be handled
help: use `let _ = ...` to ignore the resulting value
     |
5506 |         let _ = input.blur();
     |         +++++++

warning: `boardstudio-web` (bin "boardstudio-web") generated 13 warnings (run `cargo fix --bin "boardstudio-web" -p boardstudio-web` to apply 8 suggestions)
warning: `boardstudio-web` (bin "boardstudio-web" test) generated 23 warnings (10 duplicates) (run `cargo fix --bin "boardstudio-web" -p boardstudio-web --tests` to apply 8 suggestions)
    Finished `dev` profile [unoptimized + debuginfo] target(s) in 15.64s
warning: unused import: `ProjectDoc`
 --> src/presentation/case_controller.rs:9:82
  |
9 |     CaseBody, CaseKind, EditCommand, EditOperation, EditPhase, Mount, MountKind, ProjectDoc, Vec2,
  |                                                                                  ^^^^^^^^^^
  |
  = note: `#[warn(unused_imports)]` (part of `#[warn(unused)]`) on by default

warning: unused import: `wasm_bindgen_futures::spawn_local`
  --> src/presentation/mechanical_settings.rs:20:5
   |
20 | use wasm_bindgen_futures::spawn_local;
   |     ^^^^^^^^^^^^^^^^^^^^^^^^^^^^^^^^^

warning: unused import: `dioxus::prelude::*`
    --> src/presentation/pcb_board_reference.rs:1049:9
     |
1049 |     use dioxus::prelude::*;
     |         ^^^^^^^^^^^^^^^^^^

warning: unused import: `dioxus::prelude::*`
    --> src/presentation/pcb_module_inspector.rs:1078:9
     |
1078 |     use dioxus::prelude::*;
     |         ^^^^^^^^^^^^^^^^^^

warning: unused imports: `SessionEpoch` and `SnapshotToken`
    --> src/presentation/pcb_wiring.rs:1111:35
     |
1111 |     use boardstudio_application::{SessionEpoch, SnapshotToken};
     |                                   ^^^^^^^^^^^^  ^^^^^^^^^^^^^

warning: use of deprecated unit struct `presentation::mechanical_settings::ManufacturingControls::{closure#2}::_::Warning`: Keys are only allowed on the first node in the block.
    --> src/presentation/mechanical_settings.rs:2754:38
     |
2754 | ...                   key: "process-thickness:{target.part_id}",
     |                            ^^^^^^^^^^^^^^^^^^^^^^^^^^^^^^^^^^^^
     |
     = note: `#[warn(deprecated)]` on by default

warning: variable does not need to be mutable
   --> src/presentation/objects/matrix_transform_inspector_tests.rs:693:9
    |
693 |     let mut dom = VirtualDom::new(matrix_transform_host);
    |         ----^^^
    |         |
    |         help: remove this `mut`
    |
    = note: `#[warn(unused_mut)]` (part of `#[warn(unused)]`) on by default

warning: variable does not need to be mutable
    --> src/presentation/case_viewer.rs:1922:13
     |
1922 |         let mut instance = use_context::<InstanceSelection>();
     |             ----^^^^^^^^
     |             |
     |             help: remove this `mut`

warning: variable does not need to be mutable
    --> src/presentation/mechanical_settings.rs:3212:9
     |
3212 |     let mut geometry_state = use_signal(|| None::<MechanicalGeometry>);
     |         ----^^^^^^^^^^^^^^
     |         |
     |         help: remove this `mut`

warning: variable does not need to be mutable
    --> src/presentation/mechanical_settings.rs:3213:9
     |
3213 |     let mut selected = use_signal(|| Vec::<String>::new());
     |         ----^^^^^^^^
     |         |
     |         help: remove this `mut`

warning: variable does not need to be mutable
    --> src/presentation/mechanical_settings.rs:3214:9
     |
3214 |     let mut purposes = use_signal(|| Vec::<MechanicalPurposeMapping>::new());
     |         ----^^^^^^^^
     |         |
     |         help: remove this `mut`

warning: variable does not need to be mutable
    --> src/presentation/mechanical_settings.rs:3215:9
     |
3215 |     let mut busy = use_signal(|| false);
     |         ----^^^^
     |         |
     |         help: remove this `mut`

warning: variable does not need to be mutable
    --> src/presentation/mechanical_settings.rs:3216:9
     |
3216 |     let mut error = use_signal(String::new);
     |         ----^^^^^
     |         |
     |         help: remove this `mut`

warning: variable does not need to be mutable
    --> src/presentation/mechanical_settings.rs:3320:37
     |
3320 | ...                   let mut sequence = props.request_sequence;
     |                           ----^^^^^^^^
     |                           |
     |                           help: remove this `mut`

warning: variable does not need to be mutable
    --> src/presentation/mechanical_settings.rs:4767:13
     |
4767 |         let mut extracted_definition_ids = use_signal(Vec::<String>::new);
     |             ----^^^^^^^^^^^^^^^^^^^^^^^^
     |             |
     |             help: remove this `mut`

warning: variable does not need to be mutable
    --> src/presentation/parts/preview.rs:1120:13
     |
1120 |         let mut selection = use_signal(|| None::<(Option<Scope>, String)>);
     |             ----^^^^^^^^^
     |             |
     |             help: remove this `mut`

warning: struct `ModuleGroup` is never constructed
  --> src/presentation/parts/modules_catalogue.rs:32:19
   |
32 | pub(super) struct ModuleGroup {
   |                   ^^^^^^^^^^^
   |
   = note: `#[warn(dead_code)]` (part of `#[warn(unused)]`) on by default

warning: method `matches` is never used
  --> src/presentation/parts/modules_catalogue.rs:39:12
   |
38 | impl ModuleGroup {
   | ---------------- method in this implementation
39 |     pub fn matches(&self, query: &str) -> bool {
   |            ^^^^^^^

warning: function `group_choices` is never used
   --> src/presentation/parts/modules_catalogue.rs:328:15
    |
328 | pub(super) fn group_choices(entries: &[ModuleEntry]) -> Vec<ModuleGroup> {
    |               ^^^^^^^^^^^^^

warning: unused `std::result::Result` that must be used
   --> src/presentation/layout_component_inspector_tests.rs:964:5
    |
964 |     x.blur();
    |     ^^^^^^^^
    |
    = note: this `Result` may be an `Err` variant, which should be handled
    = note: `#[warn(unused_must_use)]` (part of `#[warn(unused)]`) on by default
help: use `let _ = ...` to ignore the resulting value
    |
964 |     let _ = x.blur();
    |     +++++++

warning: unused `std::result::Result` that must be used
    --> src/presentation/mechanical_settings.rs:5470:9
     |
5470 |         input.blur();
     |         ^^^^^^^^^^^^
     |
     = note: this `Result` may be an `Err` variant, which should be handled
help: use `let _ = ...` to ignore the resulting value
     |
5470 |         let _ = input.blur();
     |         +++++++

warning: unused `std::result::Result` that must be used
    --> src/presentation/mechanical_settings.rs:5489:9
     |
5489 |         input.blur();
     |         ^^^^^^^^^^^^
     |
     = note: this `Result` may be an `Err` variant, which should be handled
help: use `let _ = ...` to ignore the resulting value
     |
5489 |         let _ = input.blur();
     |         +++++++

warning: unused `std::result::Result` that must be used
    --> src/presentation/mechanical_settings.rs:5506:9
     |
5506 |         input.blur();
     |         ^^^^^^^^^^^^
     |
     = note: this `Result` may be an `Err` variant, which should be handled
help: use `let _ = ...` to ignore the resulting value
     |
5506 |         let _ = input.blur();
     |         +++++++

warning: `boardstudio-web` (bin "boardstudio-web" test) generated 23 warnings (run `cargo fix --bin "boardstudio-web" -p boardstudio-web --tests` to apply 15 suggestions)
    Finished `test` profile [unoptimized + debuginfo] target(s) in 0.25s
     Running unittests src/main.rs (target/wasm32-unknown-unknown/debug/deps/boardstudio_web-ade5ef492b9e030c.wasm)
