[WebServer] (node:165291) Warning: The 'NO_COLOR' env is ignored due to the 'FORCE_COLOR' env being set.
[WebServer] (Use `node --trace-warnings ...` to show where the warning was created)


Running 16 tests using 1 worker

(node:165445) Warning: The 'NO_COLOR' env is ignored due to the 'FORCE_COLOR' env being set.
(Use `node --trace-warnings ...` to show where the warning was created)


[1/16] e2e/outline-editing.spec.ts:19:1 › outline points use the mm grid, drag cancellation, numeric edits, undo and reload
[2/16] e2e/outline-editing.spec.ts:62:1 › manual connection endpoints follow components and positive width persists
[3/16] e2e/outline-editing.spec.ts:86:1 › selected point is shared with the inspector and drawing can undo or cancel without changing the board
  1) e2e/outline-editing.spec.ts:86:1 › selected point is shared with the inspector and drawing can undo or cancel without changing the board 

    Error: expect(received).toBeLessThan(expected)

    Expected: < 2
    Received:   8.124446770207435

    Call Log:
    - Timeout 5000ms exceeded while waiting on the predicate

      94 |     const circle = await page.locator('.wb-outline-draft circle').first().boundingBox();
      95 |     return circle ? Math.hypot(circle.x + circle.width / 2 - firstPoint.x, circle.y + circle.height / 2 - firstPoint.y) : Infinity;
    > 96 |   }).toBeLessThan(2);
         |      ^
      97 |   await page.getByRole('button',{name:'Undo point',exact:true}).focus();
      98 |   await page.keyboard.press('Enter');
      99 |   await expect(page.getByRole('status',{name:'Outline drawing'})).toContainText('2 points');
        at /tmp/boardstudio-outline-integration-local/app/e2e/outline-editing.spec.ts:96:6

    attachment #1: screenshot (image/png) ──────────────────────────────────────────────────────────
    test-results/outline-editing-selected-p-cf210--without-changing-the-board/test-failed-1.png
    ────────────────────────────────────────────────────────────────────────────────────────────────

    Error Context: test-results/outline-editing-selected-p-cf210--without-changing-the-board/error-context.md


(node:165780) Warning: The 'NO_COLOR' env is ignored due to the 'FORCE_COLOR' env being set.
(Use `node --trace-warnings ...` to show where the warning was created)


[4/16] e2e/outline-editing.spec.ts:114:1 › mobile outline drawing closes panels and supports undo and closing at the first point
[5/16] e2e/outline-snapping.spec.ts:3:1 › outline editing exposes the same snap settings as layout
[6/16] e2e/outline-snapping.spec.ts:23:1 › drawing and perimeter dragging show right-edge guides, snap the preview and click alike, and release with Alt
  2) e2e/outline-snapping.spec.ts:23:1 › drawing and perimeter dragging show right-edge guides, snap the preview and click alike, and release with Alt 

    Error: locator.selectOption: Error: strict mode violation: getByLabel('Snap increment') resolved to 2 elements:
        1) <select aria-label="Snap increment">…</select> aka getByLabel('Layout commands').getByLabel('Snap increment')
        2) <select aria-label="Snap increment">…</select> aka getByRole('dialog', { name: 'Snap' }).getByLabel('Snap increment')

    Call log:
      - waiting for getByLabel('Snap increment')


      29 |   await page.getByRole('button',{name:'Draw addition',exact:true}).click();
      30 |   await page.getByRole('button',{name:'Snap',exact:true}).click();
    > 31 |   await page.getByLabel('Snap increment').selectOption('-1');
         |                                           ^
      32 |   await page.getByRole('button',{name:'Snap',exact:true}).click();
      33 |   let p=await screen(page,{x:275,y:3.03});await page.mouse.click(p.x,p.y);
      34 |   p=await screen(page,{x:286.05,y:3.13});await page.mouse.move(p.x,p.y);
        at /tmp/boardstudio-outline-integration-local/app/e2e/outline-snapping.spec.ts:31:43

    attachment #1: screenshot (image/png) ──────────────────────────────────────────────────────────
    test-results/outline-snapping-drawing-a-90a25--alike-and-release-with-Alt/test-failed-1.png
    ────────────────────────────────────────────────────────────────────────────────────────────────

    Error Context: test-results/outline-snapping-drawing-a-90a25--alike-and-release-with-Alt/error-context.md


(node:166008) Warning: The 'NO_COLOR' env is ignored due to the 'FORCE_COLOR' env being set.
(Use `node --trace-warnings ...` to show where the warning was created)


[7/16] e2e/outline-snapping.spec.ts:61:1 › a drawn addition closes a shallow recess with material rather than a new cutout
[8/16] e2e/outline-versions.spec.ts:31:1 › retained red gaps repair, Keep gap persists, and bridge references highlight the same material
[9/16] e2e/outline-versions.spec.ts:80:1 › first edit creates a fixed version, lifecycle supports Undo, and invalid active output stays editable and saveable
[10/16] e2e/outline.spec.ts:35:1 › deleting a corner changes the perimeter, finishing and exports follow it, and undo restores it
[11/16] e2e/outline.spec.ts:82:1 › draws additions and persistent cutouts without duplicate double-click vertices
[12/16] e2e/outline.spec.ts:111:1 › part inclusion and margin controls survive save and affect the contour
[13/16] e2e/outline.spec.ts:137:1 › outline settings fit desktop and mobile and invalid drawings block exports
[14/16] e2e/outline.spec.ts:156:1 › deleted matrix corners remain empty after resizing and rotation follows the contour frame
[15/16] e2e/outline.spec.ts:181:1 › definition keycaps update the outline and per-instance overrides can be reset
[16/16] e2e/outline.spec.ts:200:1 › a newly introduced library definition joins the board automatic envelope
  2 failed
    e2e/outline-editing.spec.ts:86:1 › selected point is shared with the inspector and drawing can undo or cancel without changing the board 
    e2e/outline-snapping.spec.ts:23:1 › drawing and perimeter dragging show right-edge guides, snap the preview and click alike, and release with Alt 
  14 passed (37.3s)
