   Compiling libc v0.2.189
   Compiling find-msvc-tools v0.1.14
   Compiling shlex v2.0.1
   Compiling unicode-ident v1.0.26
   Compiling proc-macro2 v1.0.107
   Compiling quote v1.0.47
   Compiling pkg-config v0.3.34
   Compiling fs_extra v1.3.0
   Compiling dunce v1.0.5
   Compiling cfg-if v1.0.5
   Compiling aws-lc-rs v1.18.1
   Compiling zeroize v1.9.0
   Compiling wasm-bindgen-shared v0.2.129
   Compiling rustversion v1.0.23
   Compiling hashbrown v0.17.1
   Compiling equivalent v1.0.2
   Compiling rustix v1.1.5
   Compiling linux-raw-sys v0.12.1
   Compiling serde_core v1.0.229
   Compiling crc32fast v1.5.2
   Compiling rustls-pki-types v1.15.1
   Compiling rustls v0.23.45
   Compiling untrusted v0.9.0
   Compiling scratch v1.0.9
   Compiling bitflags v2.13.2
   Compiling cxxbridge-flags v1.0.202
   Compiling adler2 v2.0.1
   Compiling bumpalo v3.20.3
   Compiling unicode-width v0.2.2
   Compiling once_cell v1.21.4
   Compiling simd-adler32 v0.3.10
   Compiling subtle v2.6.1
   Compiling log v0.4.34
   Compiling termcolor v1.4.1
   Compiling miniz_oxide v0.9.1
   Compiling serde v1.0.229
   Compiling same-file v1.0.6
   Compiling pin-project-lite v0.2.17
   Compiling slab v0.4.12
   Compiling futures-core v0.3.34
   Compiling walkdir v2.5.0
   Compiling webpki-roots v1.0.9
   Compiling codespan-reporting v0.13.1
   Compiling futures-task v0.3.34
   Compiling foldhash v0.2.0
   Compiling zmij v1.0.23
   Compiling glam v0.33.11
   Compiling serde_json v1.0.151
   Compiling memchr v2.8.3
   Compiling itoa v1.0.18
   Compiling futures-util v0.3.34
   Compiling ttf-parser v0.25.1
   Compiling wasm-bindgen v0.2.129
   Compiling indexmap v2.14.2
   Compiling flate2 v1.1.10
   Compiling syn v3.0.6
   Compiling jobserver v0.1.35
   Compiling filetime v0.2.29
   Compiling cc v1.5.1
   Compiling xattr v1.6.1
   Compiling tar v0.4.46
   Compiling cmake v0.1.58
   Compiling link-cplusplus v1.0.12
   Compiling cxx v1.0.202
   Compiling aws-lc-sys v0.45.0
   Compiling wasm-bindgen-macro-support v0.2.129
   Compiling cxx-build v1.0.202
   Compiling serde_derive v1.0.229
   Compiling cxxbridge-macro v1.0.202
   Compiling boardstudio-contracts v0.1.0 (/tmp/boardstudio-outline-integration-local/contracts/rust)
   Compiling wasm-bindgen-macro v0.2.129
   Compiling js-sys v0.3.106
   Compiling rustls-webpki v0.103.15
   Compiling serde-wasm-bindgen v0.6.5
   Compiling minreq v3.0.0
   Compiling cadrum v0.8.20
   Compiling boardstudio-cadrum-wasm v0.1.0 (/tmp/boardstudio-outline-integration-local/cad/wasm)
    Finished `test` profile [unoptimized + debuginfo] target(s) in 24.35s
     Running unittests src/lib.rs (wasm/target/debug/deps/boardstudio_cadrum_wasm-75442ac968cf3287)

running 27 tests
test model::construction::equivalence::benchmark_construction_strategies ... ignored, Run explicitly on a quiet host with CAD_BENCH_INPUT pointing to prepared fixture JSON
test model::construction::equivalence::benchmark_import_stages ... ignored, diagnostic native import profile; run explicitly with CAD_BENCH_STEP
test model::construction::equivalence::benchmark_opening_groups ... ignored, Prepared live fixture construction experiment; run on a quiet host
test model::construction::equivalence::benchmark_opening_stages ... ignored, diagnostic native opening profile; run explicitly on a quiet host
test model::construction::equivalence::opening_remainder_falls_back_for_unsupported_or_uncovered_profiles ... ok
test model::construction::gasket_features::countersunk_seat_removes_a_conical_frustum_not_a_counterbore ... ok
test model::construction::cache::tests::changing_one_region_does_not_retessellate_the_unchanged_region ... ok
test model::construction::planar_mesh::tests::exact_plate_mesh_bounds_work_and_rejects_hole_contact_or_overlap ... ok
test model::construction::planar_mesh::tests::exact_plate_mesh_falls_back_for_modified_or_invalid_geometry ... ok
test model::construction::gasket_features::prepared_support_cannot_protrude_or_be_silently_ignored ... ok
test model::construction::cache::tests::builds_and_roundtrips_a_holed_plate ... ok
test model::construction::cache::tests::preview_ownership_survives_region_eviction_and_releases_with_assembly ... ok
test model::construction::gasket_features::wall_support_is_fused_and_insert_seat_retains_roof ... ok
test model::construction::cache::tests::regions_without_applicable_openings_do_not_retain_upstream_copies ... ok
test model::keycaps::tests::rejects_invalid_and_unsupported_glyphs ... ok
test model::construction::cache::tests::reads_transformed_multi_solid_component_step_in_millimeters ... ok
test model::construction::equivalence::touching_and_overlapping_mount_cutters_match_sequential_cuts ... ok
test model::construction::equivalence::unusual_gasket_profiles_keep_sequential_semantics ... ok
test model::construction::cache::tests::upstream_stage_reuses_exact_solids_without_opening_mutation_and_evicts ... ok
test model::construction::cache::tests::region_cache_limits_retained_topology_during_long_edits ... ok
test model::construction::equivalence::opening_remainders_preserve_partial_depth_and_winding ... ok
test model::keycaps::tests::hollow_socket_and_letter_are_exact_solids ... ok
test model::keycaps::tests::all_profiles_mounts_tilt_and_back_placement ... ok
test model::construction::planar_mesh::tests::exact_plate_mesh_is_watertight_and_matches_kernel_material ... ok
test model::construction::gasket_features::resolved_internal_case_is_connected_and_preserves_wall_material ... ok
test model::construction::equivalence::overlapping_opening_profiles_preserve_exact_material_and_export ... ok
test model::construction::equivalence::construction_preserves_edge_cases_and_step_material ... ok

test result: ok. 23 passed; 0 failed; 4 ignored; 0 measured; 0 filtered out; finished in 12.53s

   Doc-tests boardstudio_cadrum_wasm

running 0 tests

test result: ok. 0 passed; 0 failed; 0 ignored; 0 measured; 0 filtered out; finished in 0.00s

STEP 1/9: FROM ghcr.io/webassembly/wasi-sdk@sha256:737535e2e75a90303fb2b9783c03002c1b8623264e2c853297e9a965a6b6d795
STEP 2/9: RUN apt-get update && apt-get install -y --no-install-recommends     ca-certificates curl git python3 gcc g++ cmake ninja-build make     && rm -rf /var/lib/apt/lists/*
--> Using cache 9cf108fa188a7512a2e712f0ea8dd729d1b5222081f877e274ae35abc68fec87
--> 9cf108fa188a
STEP 3/9: ENV CC=gcc CXX=g++ AR=ar RANLIB=ranlib LD=ld
--> Using cache d25ab7255c9d85145feca58806edecd8f148f274a2768261d83d68e8ae9b76b5
--> d25ab7255c9d
STEP 4/9: RUN git clone --depth 1 --recurse-submodules --shallow-submodules       --branch wasi-sdk-33 https://github.com/WebAssembly/wasi-sdk /tmp/wasi-sdk     && test "$(git -C /tmp/wasi-sdk rev-parse HEAD)" = "c10c0507deb3e5aad506f1f9f32084e49a21834b"     && sed -i 's/-wasm-use-legacy-eh=false/-wasm-use-legacy-eh=true/' /tmp/wasi-sdk/cmake/wasi-sdk-sysroot.cmake     && rm -rf /opt/wasi-sdk/share/wasi-sysroot     && cmake -G Ninja -B /tmp/wasi-sdk-build -S /tmp/wasi-sdk       -DCMAKE_TOOLCHAIN_FILE=/opt/wasi-sdk/share/cmake/wasi-sdk.cmake       -DCMAKE_C_COMPILER_WORKS=ON -DCMAKE_CXX_COMPILER_WORKS=ON       -DCMAKE_INSTALL_PREFIX=/opt/wasi-sdk       -DWASI_SDK_TARGETS=wasm32-wasip1 -DWASI_SDK_EXCEPTIONS=DUAL       -DWASI_SDK_INCLUDE_TESTS=OFF     && cmake --build /tmp/wasi-sdk-build --target install     && rm -rf /tmp/wasi-sdk /tmp/wasi-sdk-build
--> Using cache d8ba6e46fd191b8afb38c0464e8e5c65bb043697a345e1f4f7661727a8a98952
--> d8ba6e46fd19
STEP 5/9: RUN curl --proto '=https' --tlsv1.2 -sSf https://sh.rustup.rs | sh -s --       -y --default-toolchain 1.98.0 --profile minimal
--> Using cache 173a8c40252dcc53f92c08136d483c52d8e1518211f22385483744251b43eb24
--> 173a8c40252d
STEP 6/9: ENV PATH=/opt/wasi-sdk/bin:/root/.cargo/bin:$PATH
--> Using cache 86a0ae34b21c9c67891e0ab41b396cb5a24ceb4b506c4b59e2274165fc2a4c51
--> 86a0ae34b21c
STEP 7/9: RUN rustup target add wasm32-unknown-unknown     && cargo install wasm-pack --locked --version 0.15.0     && cargo install wasm-bindgen-cli --locked --version 0.2.129
--> Using cache 958ad7fcb973281d1c4311a3c336ae3aab7f83c9f28ea85b5bdac9ddd23a927d
--> 958ad7fcb973
STEP 8/9: ENV SYSROOT=/opt/wasi-sdk/share/wasi-sysroot     CC_wasm32_unknown_unknown=clang     CXX_wasm32_unknown_unknown=clang++     CXXSTDLIB=c++     CFLAGS_wasm32_unknown_unknown="--target=wasm32-wasip1 --sysroot=/opt/wasi-sdk/share/wasi-sysroot -D_WASI_EMULATED_PROCESS_CLOCKS -D_WASI_EMULATED_SIGNAL -D_WASI_EMULATED_MMAN -D_WASI_EMULATED_GETPID"     CXXFLAGS_wasm32_unknown_unknown="--target=wasm32-wasip1 --sysroot=/opt/wasi-sdk/share/wasi-sysroot -fwasm-exceptions -fexceptions -D_WASI_EMULATED_PROCESS_CLOCKS -D_WASI_EMULATED_SIGNAL -D_WASI_EMULATED_MMAN -D_WASI_EMULATED_GETPID"     CARGO_TARGET_WASM32_UNKNOWN_UNKNOWN_RUSTFLAGS="-L native=/opt/wasi-sdk/share/wasi-sysroot/lib/wasm32-wasip1/eh -L native=/opt/wasi-sdk/share/wasi-sysroot/lib/wasm32-wasip1 -l static=c++abi -l static=unwind -l static=c"
--> Using cache 254a119122f32df15d30c29750cbd61da2b4dbd84604ae69d99d6ab2caefffff
--> 254a119122f3
STEP 9/9: WORKDIR /workspace/cad
--> Using cache 52a57cdb59b8124ae65a080cb731410025116e832526a3bf7c5dc2312d99fd77
COMMIT boardstudio-cadrum-wasm:0.8.20-rust-1.98.0-wasi-sdk-33-bindgen-0.2.129
--> 52a57cdb59b8
Successfully tagged localhost/boardstudio-cadrum-wasm:0.8.20-rust-1.98.0-wasi-sdk-33-bindgen-0.2.129
52a57cdb59b8124ae65a080cb731410025116e832526a3bf7c5dc2312d99fd77
[INFO]: Checking for the Wasm target...
[INFO]: Compiling to Wasm...
   Compiling libc v0.2.189
   Compiling find-msvc-tools v0.1.14
   Compiling shlex v2.0.1
   Compiling unicode-ident v1.0.26
   Compiling proc-macro2 v1.0.107
   Compiling quote v1.0.47
   Compiling dunce v1.0.5
   Compiling pkg-config v0.3.34
   Compiling fs_extra v1.3.0
   Compiling wasm-bindgen-shared v0.2.129
   Compiling aws-lc-rs v1.18.1
   Compiling zeroize v1.9.0
   Compiling rustversion v1.0.23
   Compiling hashbrown v0.17.1
   Compiling rustix v1.1.5
   Compiling equivalent v1.0.2
   Compiling cfg-if v1.0.5
   Compiling scratch v1.0.9
   Compiling linux-raw-sys v0.12.1
   Compiling bitflags v2.13.2
   Compiling rustls-pki-types v1.15.1
   Compiling rustls v0.23.45
   Compiling untrusted v0.9.0
   Compiling crc32fast v1.5.2
   Compiling unicode-width v0.2.2
   Compiling log v0.4.34
   Compiling once_cell v1.21.4
   Compiling cxxbridge-flags v1.0.202
   Compiling bumpalo v3.20.3
   Compiling subtle v2.6.1
   Compiling termcolor v1.4.1
   Compiling adler2 v2.0.1
   Compiling simd-adler32 v0.3.10
   Compiling serde_core v1.0.229
   Compiling indexmap v2.14.2
   Compiling webpki-roots v1.0.9
   Compiling serde v1.0.229
   Compiling same-file v1.0.6
   Compiling miniz_oxide v0.9.1
   Compiling futures-task v0.3.34
   Compiling slab v0.4.12
   Compiling pin-project-lite v0.2.17
   Compiling codespan-reporting v0.13.1
   Compiling walkdir v2.5.0
   Compiling futures-core v0.3.34
   Compiling foldhash v0.2.0
   Compiling glam v0.33.11
   Compiling futures-util v0.3.34
   Compiling ttf-parser v0.25.1
   Compiling wasm-bindgen v0.2.129
   Compiling flate2 v1.1.10
   Compiling syn v3.0.6
   Compiling jobserver v0.1.35
   Compiling filetime v0.2.29
   Compiling cc v1.5.1
   Compiling xattr v1.6.1
   Compiling tar v0.4.46
   Compiling cmake v0.1.58
   Compiling link-cplusplus v1.0.12
   Compiling cxx v1.0.202
   Compiling aws-lc-sys v0.45.0
   Compiling wasm-bindgen-macro-support v0.2.129
   Compiling cxx-build v1.0.202
   Compiling serde_derive v1.0.229
   Compiling cxxbridge-macro v1.0.202
   Compiling boardstudio-contracts v0.1.0 (/workspace/contracts/rust)
   Compiling wasm-bindgen-macro v0.2.129
   Compiling js-sys v0.3.106
   Compiling rustls-webpki v0.103.15
   Compiling minreq v3.0.0
   Compiling cadrum v0.8.20
   Compiling serde-wasm-bindgen v0.6.5
   Compiling boardstudio-cadrum-wasm v0.1.0 (/workspace/cad/wasm)
    Finished `release` profile [optimized] target(s) in 21.93s
[INFO]: Optimizing wasm binaries with `wasm-opt`...
[INFO]: Optional fields missing from Cargo.toml: 'description', 'repository', and 'license'. These are not necessary, but recommended
[INFO]: :-) Done in 4m 04s
[INFO]: :-) Your wasm pkg is ready to publish at wasm/pkg.
