HEAD is now at 113d76fd Complete Case manufacturing controls and Layout Inspector interactions
Scope: all 6 workspace projects
✓ Lockfile passes supply-chain policies (verified 8d ago)
Lockfile is up to date, resolution step is skipped
Done in 23ms using pnpm v12.6.0
rustc-version: rustc --version
cargo-version: cargo --version
dx-version: dx --version
wasm-pack-version: wasm-pack --version
node-version: node --version
pnpm-version: pnpm --version
page-check: cargo check --manifest-path web/Cargo.toml --locked --target wasm32-unknown-unknown --no-default-features --features page --bin boardstudio-web
core: wasm-pack build /home/chris/.local/share/boardstudio/worktrees/migration-m1-continuation-20261001/web/target/migration-snapshot/core --target web --release --locked
core-worker: wasm-pack build /home/chris/.local/share/boardstudio/worktrees/migration-m1-continuation-20261001/web/target/migration-snapshot/web --target web --out-name m1_core_worker --out-dir /home/chris/.local/share/boardstudio/worktrees/migration-m1-continuation-20261001/web/target/builds/frontend-case-layout-controls-20261005/core-worker --release --locked --no-default-features --features core-worker
cad-worker: wasm-pack build /home/chris/.local/share/boardstudio/worktrees/migration-m1-continuation-20261001/web/target/migration-snapshot/web --target web --out-name m1_cad_worker --out-dir /home/chris/.local/share/boardstudio/worktrees/migration-m1-continuation-20261001/web/target/builds/frontend-case-layout-controls-20261005/cad-worker --release --locked --no-default-features --features cad-worker
renderer: wasm-pack build /home/chris/.local/share/boardstudio/worktrees/migration-m1-continuation-20261001/web/target/migration-snapshot/renderer --target web --out-dir /home/chris/.local/share/boardstudio/worktrees/migration-m1-continuation-20261001/web/target/builds/frontend-case-layout-controls-20261005/renderer --out-name boardstudio_renderer_wasm --release --locked
cad: pnpm --dir cad run build:wasm
fixtures: node /home/chris/.local/share/boardstudio/worktrees/migration-m1-continuation-20261001/web/target/migration-snapshot/scripts/prepare-m1-fixtures.mjs /home/chris/.local/share/boardstudio/worktrees/migration-m1-continuation-20261001/web/target/builds/frontend-case-layout-controls-20261005/fixtures
ergogen-catalogue: pnpm --dir ergogen run prepare:catalog
layout-generators: node /home/chris/.local/share/boardstudio/worktrees/migration-m1-continuation-20261001/web/target/migration-snapshot/scripts/web/build-layout-generators.mjs /home/chris/.local/share/boardstudio/worktrees/migration-m1-continuation-20261001/web/target/migration-snapshot/web/assets
preview-generator: node /home/chris/.local/share/boardstudio/worktrees/migration-m1-continuation-20261001/web/target/migration-snapshot/scripts/web/build-preview-generator.mjs /home/chris/.local/share/boardstudio/worktrees/migration-m1-continuation-20261001/web/target/migration-snapshot/web/assets
ergogen-models: /usr/bin/python3 /home/chris/.local/share/boardstudio/worktrees/migration-m1-continuation-20261001/web/target/migration-snapshot/scripts/stage-ergogen-models.py --source-root /home/chris/.local/share/boardstudio/worktrees/migration-m1-continuation-20261001/web/target/migration-snapshot/ergogen/library/vendor --destination /home/chris/.local/share/boardstudio/worktrees/migration-m1-continuation-20261001/web/target/migration-snapshot/web/assets/ergogen-models --manifest /home/chris/.local/share/boardstudio/worktrees/migration-m1-continuation-20261001/web/target/builds/frontend-case-layout-controls-20261005/ergogen-models-catalog.json
page-root: dx build --web --release --base-path / --no-default-features --features page --cargo-args=--locked
offline-worker-root: wasm-pack build /home/chris/.local/share/boardstudio/worktrees/migration-m1-continuation-20261001/web/target/migration-snapshot/web --target web --out-name boardstudio_offline_worker --out-dir /home/chris/.local/share/boardstudio/worktrees/migration-m1-continuation-20261001/web/target/builds/frontend-case-layout-controls-20261005/offline-root --release --locked --no-default-features --features service-worker
embed-offline-root: node /home/chris/.local/share/boardstudio/worktrees/migration-m1-continuation-20261001/web/target/migration-snapshot/scripts/web/embed-worker-wasm.mjs /home/chris/.local/share/boardstudio/worktrees/migration-m1-continuation-20261001/web/target/builds/frontend-case-layout-controls-20261005/offline-root /home/chris/.local/share/boardstudio/worktrees/migration-m1-continuation-20261001/web/target/builds/frontend-case-layout-controls-20261005/offline-manifest-root.json /home/chris/.local/share/boardstudio/worktrees/migration-m1-continuation-20261001/web/target/builds/frontend-case-layout-controls-20261005/site-root/service-worker.js
page-subpath: dx build --web --release --base-path /boardstudio/ --no-default-features --features page --cargo-args=--locked
offline-worker-subpath: wasm-pack build /home/chris/.local/share/boardstudio/worktrees/migration-m1-continuation-20261001/web/target/migration-snapshot/web --target web --out-name boardstudio_offline_worker --out-dir /home/chris/.local/share/boardstudio/worktrees/migration-m1-continuation-20261001/web/target/builds/frontend-case-layout-controls-20261005/offline-subpath --release --locked --no-default-features --features service-worker
embed-offline-subpath: node /home/chris/.local/share/boardstudio/worktrees/migration-m1-continuation-20261001/web/target/migration-snapshot/scripts/web/embed-worker-wasm.mjs /home/chris/.local/share/boardstudio/worktrees/migration-m1-continuation-20261001/web/target/builds/frontend-case-layout-controls-20261005/offline-subpath /home/chris/.local/share/boardstudio/worktrees/migration-m1-continuation-20261001/web/target/builds/frontend-case-layout-controls-20261005/offline-manifest-subpath.json /home/chris/.local/share/boardstudio/worktrees/migration-m1-continuation-20261001/web/target/builds/frontend-case-layout-controls-20261005/site-subpath/boardstudio/service-worker.js
/home/chris/.local/share/boardstudio/worktrees/migration-m1-continuation-20261001/web/target/builds/frontend-case-layout-controls-20261005
