warning: struct `ArchiveOptionCaptures` is never constructed
  --> src/archive_export.rs:14:19
   |
14 | pub(crate) struct ArchiveOptionCaptures(BTreeMap<OperationId, bool>);
   |                   ^^^^^^^^^^^^^^^^^^^^^
   |
   = note: `#[warn(dead_code)]` (part of `#[warn(unused)]`) on by default

warning: methods `capture`, `take`, and `remove` are never used
  --> src/archive_export.rs:17:19
   |
16 | impl ArchiveOptionCaptures {
   | -------------------------- methods in this implementation
17 |     pub(crate) fn capture(&mut self, operation: OperationId, embed_used_models: bool) {
   |                   ^^^^^^^
...
21 |     pub(crate) fn take(&mut self, operation: OperationId) -> Option<bool> {
   |                   ^^^^
...
25 |     pub(crate) fn remove(&mut self, operation: OperationId) {
   |                   ^^^^^^

warning: struct `ArchiveExportOptions` is never constructed
  --> src/archive_export.rs:33:19
   |
33 | pub(crate) struct ArchiveExportOptions {
   |                   ^^^^^^^^^^^^^^^^^^^^

warning: methods `embed_used_models`, `set_embed_used_models`, `begin_archive`, `settle`, `cancel`, and `dispatch` are never used
  --> src/archive_export.rs:48:19
   |
47 | impl ArchiveExportOptions {
   | ------------------------- methods in this implementation
48 |     pub(crate) fn embed_used_models(&self) -> bool {
   |                   ^^^^^^^^^^^^^^^^^
...
52 |     pub(crate) fn set_embed_used_models(&self, value: bool) -> bool {
   |                   ^^^^^^^^^^^^^^^^^^^^^
...
56 |     pub(crate) fn begin_archive(&self, operation: OperationId) {
   |                   ^^^^^^^^^^^^^
...
62 |     pub(crate) fn settle(&self, operation: OperationId) {
   |                   ^^^^^^
...
66 |     pub(crate) fn cancel(&self, operation: OperationId) {
   |                   ^^^^^^
...
72 |     pub(crate) fn dispatch<T>(
   |                   ^^^^^^^^

warning: function `archive_filename` is never used
  --> src/archive_export.rs:94:15
   |
94 | pub(crate) fn archive_filename(accepted_project_name: &str) -> String {
   |               ^^^^^^^^^^^^^^^^

warning: struct `BundledModel` is never constructed
 --> src/bundled_models.rs:2:19
  |
2 | pub(crate) struct BundledModel {
  |                   ^^^^^^^^^^^^

warning: static `BUNDLED_MODELS` is never used
 --> /home/chris/.local/share/boardstudio/worktrees/pcb-wiring-mode-apply-20261002/web/target/debug/build/boardstudio-web-3b0a2e03a185626d/out/bundled_ergogen_models.rs:1:19
  |
1 | pub(super) static BUNDLED_MODELS: &[BundledModel] = &[
  |                   ^^^^^^^^^^^^^^

warning: function `bundled_model` is never used
  --> src/bundled_models.rs:13:15
   |
13 | pub(crate) fn bundled_model(id: &str) -> Option<&'static BundledModel> {
   |               ^^^^^^^^^^^^^

warning: function `preview_model_paths` is never used
  --> src/bundled_models.rs:17:15
   |
17 | pub(crate) fn preview_model_paths() -> impl Iterator<Item = (&'static str, &'static str)> {
   |               ^^^^^^^^^^^^^^^^^^^

warning: struct `PreparedArchive` is never constructed
 --> src/portable_archive.rs:5:19
  |
5 | pub(crate) struct PreparedArchive {
  |                   ^^^^^^^^^^^^^^^

warning: function `prepare_archive` is never used
  --> src/portable_archive.rs:10:15
   |
10 | pub(crate) fn prepare_archive(
   |               ^^^^^^^^^^^^^^^

warning: function `hex_digest` is never used
  --> src/portable_archive.rs:98:4
   |
98 | fn hex_digest(bytes: &[u8]) -> String {
   |    ^^^^^^^^^^

warning: function `referenced_models` is never used
   --> src/portable_archive.rs:110:15
    |
110 | pub(crate) fn referenced_models(
    |               ^^^^^^^^^^^^^^^^^

warning: struct `MirroredPairProjection` is never constructed
 --> src/mirrored_pair_geometry.rs:5:19
  |
5 | pub(crate) struct MirroredPairProjection {
  |                   ^^^^^^^^^^^^^^^^^^^^^^

warning: struct `MirroredPairGeometryInput` is never constructed
  --> src/mirrored_pair_geometry.rs:16:19
   |
16 | pub(crate) struct MirroredPairGeometryInput {
   |                   ^^^^^^^^^^^^^^^^^^^^^^^^^

warning: struct `MirroredPairIds` is never constructed
  --> src/mirrored_pair_geometry.rs:23:19
   |
23 | pub(crate) struct MirroredPairIds {
   |                   ^^^^^^^^^^^^^^^

warning: struct `PairPreviewCell` is never constructed
  --> src/mirrored_pair_geometry.rs:30:19
   |
30 | pub(crate) struct PairPreviewCell {
   |                   ^^^^^^^^^^^^^^^

warning: function `preview_cells` is never used
  --> src/mirrored_pair_geometry.rs:40:15
   |
40 | pub(crate) fn preview_cells(scene: &MatrixScene, matrix: &Matrix) -> Vec<PairPreviewCell> {
   |               ^^^^^^^^^^^^^

warning: function `project_mirrored_pair` is never used
  --> src/mirrored_pair_geometry.rs:61:15
   |
61 | pub(crate) fn project_mirrored_pair(
   |               ^^^^^^^^^^^^^^^^^^^^^

   Compiling boardstudio-web v0.1.0 (/home/chris/.local/share/boardstudio/worktrees/pcb-wiring-mode-apply-20261002/web)
warning: `boardstudio-web` (bin "boardstudio-web") generated 19 warnings
warning: unused variable: `document`
   --> src/presentation/pcb_wiring/apply.rs:224:5
    |
224 |     document: &ProjectDoc,
    |     ^^^^^^^^ help: if this is intentional, prefix it with an underscore: `_document`
    |
    = note: `#[warn(unused_variables)]` (part of `#[warn(unused)]`) on by default

warning: fields `contours` and `path_assets` are never read
  --> src/case_preview.rs:89:16
   |
85 | pub(crate) struct NativePreviewSnapshot {
   |                   --------------------- fields in this struct
...
89 |     pub(crate) contours: Vec<boardstudio_core::model::Contour>,
   |                ^^^^^^^^
90 |     pub(crate) path_assets: BTreeMap<String, String>,
   |                ^^^^^^^^^^^
   |
   = note: `NativePreviewSnapshot` has derived impls for the traits `Debug` and `Clone`, but these are intentionally ignored during dead code analysis
   = note: `#[warn(dead_code)]` (part of `#[warn(unused)]`) on by default

warning: method `is_active` is never used
  --> src/presentation/model_delivery.rs:24:8
   |
23 | trait ModelSourceLease {
   |       ---------------- method in this trait
24 |     fn is_active(&self) -> bool;
   |        ^^^^^^^^^

warning: associated items `new`, `is_current_owner`, and `is_current_layout_owner` are never used
   --> src/presentation/model_delivery.rs:54:19
    |
 53 | impl ModelOwnerIdentity {
    | ----------------------- associated items in this implementation
 54 |     pub(crate) fn new(
    |                   ^^^
...
100 |     pub(crate) fn is_current_owner(
    |                   ^^^^^^^^^^^^^^^^
...
126 |     pub(crate) fn is_current_layout_owner(
    |                   ^^^^^^^^^^^^^^^^^^^^^^^

warning: fields `positions`, `normals`, and `colors` are never read
   --> src/presentation/model_delivery.rs:378:16
    |
377 | pub(crate) struct ValidatedMesh {
    |                   ------------- fields in this struct
378 |     pub(crate) positions: Rc<[f32]>,
    |                ^^^^^^^^^
379 |     pub(crate) normals: Rc<[f32]>,
    |                ^^^^^^^
380 |     pub(crate) colors: Option<Rc<[f32]>>,
    |                ^^^^^^
    |
    = note: `ValidatedMesh` has derived impls for the traits `Debug` and `Clone`, but these are intentionally ignored during dead code analysis

warning: methods `fail` and `fail_before_begin` are never used
   --> src/presentation/layout_viewer_source.rs:172:19
    |
 98 | impl LayoutPreviewState {
    | ----------------------- methods in this implementation
...
172 |     pub(crate) fn fail(&mut self, owner: LayoutSourceIdentity, error: String) {
    |                   ^^^^
...
185 |     pub(crate) fn fail_before_begin(&mut self, owner: LayoutSourceIdentity, error: String) {
    |                   ^^^^^^^^^^^^^^^^^

warning: function `board_mode` is never used
   --> src/presentation/pcb_wiring/apply.rs:247:4
    |
247 | fn board_mode(
    |    ^^^^^^^^^^

warning: constant `PITCH_MM` is never used
 --> src/matrix_setup_operation.rs:5:7
  |
5 | const PITCH_MM: f64 = 19.05;
  |       ^^^^^^^^

warning: constant `MAX_MATRIX_CELLS` is never used
 --> src/matrix_setup_operation.rs:6:7
  |
6 | const MAX_MATRIX_CELLS: u32 = 4096;
  |       ^^^^^^^^^^^^^^^^

warning: enum `MatrixSetupPreset` is never used
 --> src/matrix_setup_operation.rs:9:17
  |
9 | pub(crate) enum MatrixSetupPreset {
  |                 ^^^^^^^^^^^^^^^^^

warning: struct `MatrixSetupRequest` is never constructed
  --> src/matrix_setup_operation.rs:21:19
   |
21 | pub(crate) struct MatrixSetupRequest {
   |                   ^^^^^^^^^^^^^^^^^^

warning: methods `as_str` and `config` are never used
  --> src/matrix_setup_operation.rs:28:19
   |
27 | impl MatrixSetupPreset {
   | ---------------------- methods in this implementation
28 |     pub(crate) fn as_str(self) -> &'static str {
   |                   ^^^^^^
...
41 |     fn config(self) -> PresetConfig {
   |        ^^^^^^

warning: struct `PresetConfig` is never constructed
  --> src/matrix_setup_operation.rs:95:8
   |
95 | struct PresetConfig {
   |        ^^^^^^^^^^^^

warning: struct `PreparedMatrix` is never constructed
   --> src/matrix_setup_operation.rs:102:19
    |
102 | pub(crate) struct PreparedMatrix {
    |                   ^^^^^^^^^^^^^^

warning: function `next_matrix_id` is never used
   --> src/matrix_setup_operation.rs:107:15
    |
107 | pub(crate) fn next_matrix_id(
    |               ^^^^^^^^^^^^^^

warning: function `prepare_matrix` is never used
   --> src/matrix_setup_operation.rs:142:15
    |
142 | pub(crate) fn prepare_matrix(
    |               ^^^^^^^^^^^^^^

warning: function `required_catalogue_definition` is never used
   --> src/matrix_setup_operation.rs:320:4
    |
320 | fn required_catalogue_definition<'a>(
    |    ^^^^^^^^^^^^^^^^^^^^^^^^^^^^^

warning: function `snapshot_definition` is never used
   --> src/matrix_setup_operation.rs:337:4
    |
337 | fn snapshot_definition(
    |    ^^^^^^^^^^^^^^^^^^^

warning: variants `Preparing` and `Pending` are never constructed
 --> src/mirrored_pair_lifecycle.rs:7:5
  |
5 | pub(crate) enum PairFormStage {
  |                 ------------- variants in this enum
6 |     Setup,
7 |     Preparing,
  |     ^^^^^^^^^
8 |     Placement,
9 |     Pending,
  |     ^^^^^^^
  |
  = note: `PairFormStage` has derived impls for the traits `Debug` and `Clone`, but these are intentionally ignored during dead code analysis

warning: `boardstudio-web` (bin "boardstudio-web" test) generated 19 warnings (run `cargo fix --bin "boardstudio-web" -p boardstudio-web --tests` to apply 1 suggestion)
    Finished `test` profile [unoptimized + debuginfo] target(s) in 1.57s
     Running unittests src/lib.rs (web/target/debug/deps/boardstudio_web-f464683775a40898)

running 0 tests

test result: ok. 0 passed; 0 failed; 0 ignored; 0 measured; 26 filtered out; finished in 0.00s

     Running unittests src/main.rs (web/target/debug/deps/boardstudio_web-de0191d0363372a7)

running 1 test

thread 'presentation::pcb_wiring::mode_owner_tests::mounted_apply_owner_rejects_mode_mismatched_or_unavailable_current_plan' (4112076) panicked at src/presentation/pcb_wiring/mode_owner_tests.rs:540:9:
mode-mismatch plans must disable Apply
note: run with `RUST_BACKTRACE=1` environment variable to display a backtrace
test presentation::pcb_wiring::mode_owner_tests::mounted_apply_owner_rejects_mode_mismatched_or_unavailable_current_plan ... FAILED

failures:

failures:
    presentation::pcb_wiring::mode_owner_tests::mounted_apply_owner_rejects_mode_mismatched_or_unavailable_current_plan

test result: FAILED. 0 passed; 1 failed; 0 ignored; 0 measured; 157 filtered out; finished in 0.00s

error: test failed, to rerun pass `--bin boardstudio-web`
