   Compiling boardstudio-p1-core v0.0.0 (/tmp/boardstudio-p1-core-20261001/.scratch/prototypes/p1-core)
error[E0422]: cannot find struct, variant or union type `Request` in this scope
  --> src/lib.rs:55:23
   |
55 |         let request = Request { id, action: Action::Core(Box::new(CoreRequest::Open {
   |                       ^^^^^^^ not found in this scope

error[E0425]: cannot find type `Request` in this scope
  --> src/lib.rs:59:22
   |
59 |         let decoded: Request = serde_json::from_str(&encoded).unwrap();
   |                      ^^^^^^^ not found in this scope

error[E0422]: cannot find struct, variant or union type `Request` in this scope
  --> src/lib.rs:66:42
   |
66 | ...   let reply = execute(&mut engine, Request { id, action: Action::Core(Box::new(CoreRequest::Snapshot { id: "snapshot-21".into() ...
   |                                        ^^^^^^^ not found in this scope

error[E0433]: cannot find type `Action` in this scope
  --> src/lib.rs:55:45
   |
55 |         let request = Request { id, action: Action::Core(Box::new(CoreRequest::Open {
   |                                             ^^^^^^ use of undeclared type `Action`
   |
help: an enum with a similar name exists
   |
55 -         let request = Request { id, action: Action::Core(Box::new(CoreRequest::Open {
55 +         let request = Request { id, action: Option::Core(Box::new(CoreRequest::Open {
   |

error[E0425]: cannot find function `execute` in this scope
  --> src/lib.rs:60:21
   |
60 |         let reply = execute(&mut engine, decoded).unwrap();
   |                     ^^^^^^^ not found in this scope

error[E0433]: cannot find type `Action` in this scope
  --> src/lib.rs:66:64
   |
66 | ...   let reply = execute(&mut engine, Request { id, action: Action::Core(Box::new(CoreRequest::Snapshot { id: "snapshot-21".into() ...
   |                                                              ^^^^^^ use of undeclared type `Action`
   |
help: an enum with a similar name exists
   |
66 -         let reply = execute(&mut engine, Request { id, action: Action::Core(Box::new(CoreRequest::Snapshot { id: "snapshot-21".into() })) }).unwrap();
66 +         let reply = execute(&mut engine, Request { id, action: Option::Core(Box::new(CoreRequest::Snapshot { id: "snapshot-21".into() })) }).unwrap();
   |

error[E0425]: cannot find function `execute` in this scope
  --> src/lib.rs:66:21
   |
66 | ...   let reply = execute(&mut engine, Request { id, action: Action::Core(Box::new(CoreRequest::Snapshot { id: "snapshot-21".into() ...
   |                   ^^^^^^^ not found in this scope

error[E0433]: cannot find type `ResultPayload` in this scope
  --> src/lib.rs:67:13
   |
67 |         let ResultPayload::Core(snapshot) = reply.payload else { panic!("expected snapshot") };
   |             ^^^^^^^^^^^^^ use of undeclared type `ResultPayload`

error[E0433]: cannot find type `ResultPayload` in this scope
  --> src/lib.rs:62:13
   |
62 |         let ResultPayload::Core(opened) = reply.payload else { panic!("expected core reply") };
   |             ^^^^^^^^^^^^^ use of undeclared type `ResultPayload`

Some errors have detailed explanations: E0422, E0425, E0433.
For more information about an error, try `rustc --explain E0422`.
error: could not compile `boardstudio-p1-core` (lib test) due to 9 previous errors
