[INFO]: 🎯  Checking for the Wasm target...
[INFO]: 🌀  Compiling to Wasm...
   Compiling proc-macro2 v1.0.107
   Compiling unicode-ident v1.0.26
   Compiling quote v1.0.47
   Compiling wasm-bindgen-shared v0.2.129
   Compiling rustversion v1.0.23
   Compiling cfg-if v1.0.5
   Compiling portable-atomic v1.15.0
   Compiling bumpalo v3.20.3
   Compiling version_check v0.9.5
   Compiling libc v0.2.189
   Compiling autocfg v1.5.1
   Compiling crunchy v0.2.4
   Compiling pin-project-lite v0.2.17
   Compiling slab v0.4.12
   Compiling futures-core v0.3.34
   Compiling serde_core v1.0.229
   Compiling futures-task v0.3.34
   Compiling tiny-keccak v2.0.2
   Compiling libm v0.2.16
   Compiling typenum v1.20.1
   Compiling serde v1.0.229
   Compiling futures-util v0.3.34
   Compiling once_cell v1.21.4
   Compiling zerocopy v0.8.59
   Compiling ahash v0.8.12
   Compiling num-traits v0.2.19
   Compiling smartstring v1.0.1
   Compiling getrandom v0.3.4
   Compiling crc32fast v1.5.2
   Compiling zmij v1.0.23
   Compiling thiserror v2.0.21
   Compiling static_assertions v1.1.0
   Compiling memchr v2.8.3
   Compiling equivalent v1.0.2
   Compiling zlib-rs v0.6.8
   Compiling hashbrown v0.17.1
   Compiling serde_json v1.0.151
   Compiling wasm-bindgen v0.2.129
   Compiling bitflags v2.13.2
   Compiling typed-path v0.12.3
   Compiling i_key_sort v0.11.0
   Compiling syn v3.0.6
   Compiling hybrid-array v0.4.15
   Compiling syn v2.0.119
   Compiling thin-vec v0.2.20
   Compiling smallvec v1.16.2
   Compiling itoa v1.0.18
   Compiling getrandom v0.2.17
   Compiling i_tree v0.19.0
   Compiling indexmap v2.14.2
   Compiling const-random-macro v0.1.16
   Compiling i_float v5.0.0
   Compiling const-random v0.1.18
   Compiling crypto-common v0.2.2
   Compiling block-buffer v0.12.1
   Compiling i_shape v5.0.0
   Compiling i_overlay v9.0.0
   Compiling flate2 v1.1.10
   Compiling digest v0.11.3
   Compiling sha2 v0.11.0
   Compiling zip v8.6.0
   Compiling rhai_codegen v3.2.0
   Compiling wasm-bindgen-macro-support v0.2.129
   Compiling serde_derive v1.0.229
   Compiling thiserror-impl v2.0.21
   Compiling kiutils_sexpr v0.1.1
   Compiling boardstudio-contracts v0.1.0 (/tmp/boardstudio-p1-core-20261001/contracts/rust)
   Compiling wasm-bindgen-macro v0.2.129
   Compiling js-sys v0.3.106
   Compiling web-time v1.1.0
   Compiling web-sys v0.3.106
   Compiling serde-wasm-bindgen v0.6.5
   Compiling rhai v1.26.1
   Compiling boardstudio_core v0.1.0 (/tmp/boardstudio-p1-core-20261001/core)
   Compiling boardstudio-p1-core v0.0.0 (/tmp/boardstudio-p1-core-20261001/.scratch/prototypes/p1-core)
    Finished `release` profile [optimized] target(s) in 1m 04s
[INFO]: ⬇️  Installing wasm-bindgen...
[INFO]: Optimizing wasm binaries with `wasm-opt`...
[INFO]: Optional fields missing from Cargo.toml: 'description', 'repository', and 'license'. These are not necessary, but recommended
[INFO]: ✨   Done in 2m 12s
[INFO]: 📦   Your wasm pkg is ready to publish at .scratch/prototypes/p1-core/worker-pkg.
