   Compiling proc-macro2 v1.0.107
   Compiling quote v1.0.47
   Compiling wasm-bindgen-shared v0.2.129
   Compiling portable-atomic v1.15.0
    Checking cfg-if v1.0.5
   Compiling rustversion v1.0.23
   Compiling bumpalo v3.20.3
    Checking unicode-ident v1.0.26
   Compiling autocfg v1.5.1
   Compiling crunchy v0.2.4
   Compiling version_check v0.9.5
   Compiling libc v0.2.189
    Checking futures-core v0.3.34
   Compiling tiny-keccak v2.0.2
    Checking pin-project-lite v0.2.17
    Checking slab v0.4.12
    Checking futures-task v0.3.34
   Compiling serde_core v1.0.229
   Compiling libm v0.2.16
    Checking typenum v1.20.1
   Compiling zerocopy v0.8.59
   Compiling serde v1.0.229
    Checking futures-util v0.3.34
   Compiling once_cell v1.21.4
   Compiling crc32fast v1.5.2
   Compiling getrandom v0.3.4
   Compiling zmij v1.0.23
   Compiling ahash v0.8.12
   Compiling thiserror v2.0.21
   Compiling serde_json v1.0.151
    Checking memchr v2.8.3
    Checking zlib-rs v0.6.8
   Compiling num-traits v0.2.19
   Compiling smartstring v1.0.1
    Checking static_assertions v1.1.0
    Checking equivalent v1.0.2
    Checking hashbrown v0.17.1
    Checking smallvec v1.16.2
    Checking i_key_sort v0.11.0
    Checking thin-vec v0.2.20
   Compiling wasm-bindgen v0.2.129
    Checking itoa v1.0.18
   Compiling syn v3.0.6
   Compiling syn v2.0.119
    Checking typed-path v0.12.3
    Checking hybrid-array v0.4.15
    Checking bitflags v2.13.2
    Checking i_tree v0.19.0
    Checking i_float v5.0.0
    Checking indexmap v2.14.2
   Compiling getrandom v0.2.17
    Checking flate2 v1.1.10
    Checking i_shape v5.0.0
   Compiling const-random-macro v0.1.16
    Checking crypto-common v0.2.2
    Checking block-buffer v0.12.1
    Checking i_overlay v9.0.0
    Checking const-random v0.1.18
    Checking zip v8.6.0
    Checking digest v0.11.3
    Checking sha2 v0.11.0
   Compiling wasm-bindgen-macro-support v0.2.129
   Compiling rhai_codegen v3.2.0
   Compiling serde_derive v1.0.229
   Compiling thiserror-impl v2.0.21
    Checking kiutils_sexpr v0.1.1
    Checking boardstudio-contracts v0.1.0 (/tmp/boardstudio-p1-core-20261001/contracts/rust)
   Compiling wasm-bindgen-macro v0.2.129
    Checking js-sys v0.3.106
    Checking web-time v1.1.0
    Checking serde-wasm-bindgen v0.6.5
    Checking web-sys v0.3.106
    Checking rhai v1.26.1
    Checking boardstudio_core v0.1.0 (/tmp/boardstudio-p1-core-20261001/core)
    Checking boardstudio-p1-core v0.0.0 (/tmp/boardstudio-p1-core-20261001/.scratch/prototypes/p1-core)
    Finished `dev` profile [unoptimized + debuginfo] target(s) in 23.41s
