    Checking boardstudio-web v0.1.0 (/home/chris/.local/share/boardstudio/worktrees/migration-m1-continuation-20261001/web)
error: unmatched closing '}' in format string
   --> src/presentation/parts/modules_catalogue.rs:326:109
    |
326 |                 summary { "Review {definition.gates.len()} remaining {if definition.gates.len() == 1 { "item" } else { "items" }}" }
    |                                                                                                             ^^^^^^^^^^^^^^^^^

error[E0425]: cannot find value `on_open_geometry_scripts` in this scope
   --> src/presentation/objects.rs:617:37
    |
617 | ...                   on_open_geometry_scripts.call(());
    |                       ^^^^^^^^^^^^^^^^^^^^^^^^ not found in this scope

error[E0282]: type annotations needed for `std::rc::Rc<_>`
   --> src/presentation/parts/modules_catalogue.rs:169:9
    |
169 |     let entries = Rc::new(
    |         ^^^^^^^
...
180 |     BUNDLED_MODULES.with(|cache| *cache.borrow_mut() = Some(entries.clone()));
    |                                                             ------- type must be known at this point
    |
help: consider giving `entries` an explicit type, where the placeholder `_` is specified
    |
169 |     let entries: std::rc::Rc<T> = Rc::new(
    |                ++++++++++++++++

error: use of deprecated method `presentation::objects::ObjectsPropsBuilder::<((dioxus::prelude::Signal<std::option::Option<presentation::objects::ScopedTreeContext>>,), (dioxus::prelude::Callback<presentation::objects::TreeSelectRequest>,), (dioxus::prelude::Callback<(boardstudio_application::Scope, std::string::String, std::option::Option<std::string::String>)>,), (dioxus::prelude::Callback<presentation::objects::TreeNudgeRequest>,), (), __board_setup, __matrix_setup, __mirrored_pair, __pair_created, __on_place_component, __layout_target, __parts_query, __on_browse_parts, __placement_error, __matrix_inspector)>::build`: Missing required field on_open_geometry_scripts
  --> src/presentation/keycaps_workspace.rs:39:26
   |
39 |           objects::Objects {
   |  __________________________^
40 | |             selected_context: input.selected_context,
41 | |             on_select: input.on_select,
42 | |             on_navigate: input.on_navigate,
...  |
53 | |             matrix_inspector: None,
54 | |         }
   | |_________^
   |
   = note: `-D deprecated` implied by `-D warnings`
   = help: to override `-D warnings` add `#[allow(deprecated)]`

error[E0061]: this method takes 1 argument but 0 arguments were supplied
   --> src/presentation/keycaps_workspace.rs:39:26
    |
 39 |           objects::Objects {
    |  __________________________^
 40 | |             selected_context: input.selected_context,
 41 | |             on_select: input.on_select,
 42 | |             on_navigate: input.on_navigate,
...   |
 53 | |             matrix_inspector: None,
 54 | |         }
    | |_________^ argument #1 of type `presentation::objects::ObjectsPropsBuilder_Error_Missing_required_field_on_open_geometry_scripts` is missing
    |
note: method defined here
   --> src/presentation/objects.rs:121:1
    |
121 | #[component]
    | ^^^^^^^^^^^^
    = note: this error originates in the derive macro `Props` (in Nightly builds, run with -Z macro-backtrace for more info)
help: provide the argument
    |
 54 |         }(/* presentation::objects::ObjectsPropsBuilder_Error_Missing_required_field_on_open_geometry_scripts */)
    |          ++++++++++++++++++++++++++++++++++++++++++++++++++++++++++++++++++++++++++++++++++++++++++++++++++++++++

error: use of deprecated method `presentation::objects::ObjectsPropsBuilder::<((dioxus::prelude::Signal<std::option::Option<presentation::objects::ScopedTreeContext>>,), (dioxus::prelude::Callback<presentation::objects::TreeSelectRequest>,), (dioxus::prelude::Callback<(boardstudio_application::Scope, std::string::String, std::option::Option<std::string::String>)>,), (dioxus::prelude::Callback<presentation::objects::TreeNudgeRequest>,), (), __board_setup, __matrix_setup, __mirrored_pair, __pair_created, __on_place_component, __layout_target, __parts_query, __on_browse_parts, __placement_error, __matrix_inspector)>::build`: Missing required field on_open_geometry_scripts
  --> src/presentation/keymap_workspace.rs:37:26
   |
37 |           objects::Objects {
   |  __________________________^
38 | |             selected_context: input.selected_context,
39 | |             on_select: input.on_select,
40 | |             on_navigate: input.on_navigate,
...  |
51 | |             matrix_inspector: None,
52 | |         }
   | |_________^

error[E0061]: this method takes 1 argument but 0 arguments were supplied
   --> src/presentation/keymap_workspace.rs:37:26
    |
 37 |           objects::Objects {
    |  __________________________^
 38 | |             selected_context: input.selected_context,
 39 | |             on_select: input.on_select,
 40 | |             on_navigate: input.on_navigate,
...   |
 51 | |             matrix_inspector: None,
 52 | |         }
    | |_________^ argument #1 of type `presentation::objects::ObjectsPropsBuilder_Error_Missing_required_field_on_open_geometry_scripts` is missing
    |
note: method defined here
   --> src/presentation/objects.rs:121:1
    |
121 | #[component]
    | ^^^^^^^^^^^^
    = note: this error originates in the derive macro `Props` (in Nightly builds, run with -Z macro-backtrace for more info)
help: provide the argument
    |
 52 |         }(/* presentation::objects::ObjectsPropsBuilder_Error_Missing_required_field_on_open_geometry_scripts */)
    |          ++++++++++++++++++++++++++++++++++++++++++++++++++++++++++++++++++++++++++++++++++++++++++++++++++++++++

error[E0631]: type mismatch in function arguments
   --> src/presentation/parts.rs:758:18
    |
758 |             .map(modules_catalogue::group_choices)
    |              --- ^^^^^^^^^^^^^^^^^^^^^^^^^^^^^^^^ expected due to this
    |              |
    |              required by a bound introduced by this call
    |
   ::: src/presentation/parts/modules_catalogue.rs:214:1
    |
214 | pub(super) fn group_choices(entries: &[ModuleEntry]) -> Vec<ModuleGroup> {
    | ------------------------------------------------------------------------ found signature defined here
    |
    = note: expected function signature `fn(&std::vec::Vec<presentation::parts::modules_catalogue::ModuleEntry>) -> _`
               found function signature `fn(&[presentation::parts::modules_catalogue::ModuleEntry]) -> _`
note: required by a bound in `std::option::Option::<T>::map`
   --> /rustc/88d9e12ae178fab0fb5cc050a94da85685d449ea/library/core/src/option.rs:1158:4
help: consider wrapping the function in a closure
    |
758 |             .map(|arg0: &std::vec::Vec<presentation::parts::modules_catalogue::ModuleEntry>| modules_catalogue::group_choices(/* &[presentation::parts::modules_catalogue::ModuleEntry] */))
    |                  +++++++++++++++++++++++++++++++++++++++++++++++++++++++++++++++++++++++++++                                 ++++++++++++++++++++++++++++++++++++++++++++++++++++++++++++++

error[E0596]: cannot borrow `active` as mutable, as it is not declared as mutable
  --> src/presentation/geometry_scripts.rs:95:29
   |
95 | ...                   active.set(script.id.clone());
   |                       ^^^^^^ cannot borrow as mutable
   |
help: consider changing this to be mutable
   |
78 |                         let mut active = active;
   |                             +++

error[E0382]: use of moved value: `finding.severity`
   --> src/presentation/geometry_scripts.rs:215:5
    |
215 | /     rsx! {
216 | |         section { class: "m1-geometry-script-findings", aria_label: "Core findings",
217 | |             h3 { "Core findings" }
218 | |             if findings.is_empty() {
...   |
231 | |     }
    | |_____^ value used here after move
    |
    = note: move occurs because `finding.severity` has type `boardstudio_core::model::Severity`, which does not implement the `Copy` trait
    = note: this error originates in the macro `rsx` (in Nightly builds, run with -Z macro-backtrace for more info)
help: borrow this binding in the pattern to avoid moving the value
    |
215 |     ref rsx! {
    |     +++

error[E0382]: use of moved value: `finding.severity`
   --> src/presentation/geometry_scripts.rs:223:52
    |
215 | /     rsx! {
216 | |         section { class: "m1-geometry-script-findings", aria_label: "Core findings",
217 | |             h3 { "Core findings" }
218 | |             if findings.is_empty() {
...   |
223 | |                         li { class: severity_class(finding.severity),
    | |                                                    ^^^^^^^^^^^^^^^^ value used here after move
...   |
231 | |     }
    | |_____- value moved here
    |
    = note: move occurs because `finding.severity` has type `boardstudio_core::model::Severity`, which does not implement the `Copy` trait
help: borrow this binding in the pattern to avoid moving the value
    |
215 |     ref rsx! {
    |     +++

Some errors have detailed explanations: E0061, E0282, E0382, E0425, E0596, E0631.
For more information about an error, try `rustc --explain E0061`.
error: could not compile `boardstudio-web` (bin "boardstudio-web") due to 11 previous errors
warning: build failed, waiting for other jobs to finish...
error: could not compile `boardstudio-web` (bin "boardstudio-web" test) due to 11 previous errors
