   Compiling boardstudio-web v0.1.0 (/home/chris/.local/share/boardstudio/worktrees/layout-outline-navigation-20261002/web)
error[E0433]: cannot find `presentation` in `crate`
 --> tests/../src/presentation/objects/tree.rs:7:15
  |
7 | pub(in crate::presentation) enum TreeContext {
  |               ^^^^^^^^^^^^ could not find `presentation` in the crate root

warning: variant `Row` is never constructed
  --> tests/../src/presentation/objects/tree.rs:83:5
   |
81 | pub(super) enum Grouping {
   |                 -------- variant in this enum
82 |     Column,
83 |     Row,
   |     ^^^
   |
   = note: `Grouping` has derived impls for the traits `Debug` and `Clone`, but these are intentionally ignored during dead code analysis
   = note: `#[warn(dead_code)]` (part of `#[warn(unused)]`) on by default

warning: associated function `from_storage` is never used
  --> tests/../src/presentation/objects/tree.rs:87:12
   |
86 | impl Grouping {
   | ------------- associated function in this implementation
87 |     pub fn from_storage(value: Option<String>) -> Self {
   |            ^^^^^^^^^^^^

warning: function `default_disclosures` is never used
   --> tests/../src/presentation/objects/tree.rs:118:15
    |
118 | pub(super) fn default_disclosures(document: &ProjectDoc, board_id: &str) -> BTreeSet<String> {
    |               ^^^^^^^^^^^^^^^^^^^

warning: function `matrix_for_board` is never used
   --> tests/../src/presentation/objects/tree.rs:861:4
    |
861 | fn matrix_for_board<'a>(
    |    ^^^^^^^^^^^^^^^^

warning: function `resolve_selection` is never used
   --> tests/../src/presentation/objects/tree.rs:885:15
    |
885 | pub(super) fn resolve_selection(
    |               ^^^^^^^^^^^^^^^^^

warning: function `context_for_part` is never used
    --> tests/../src/presentation/objects/tree.rs:1118:15
     |
1118 | pub(super) fn context_for_part(
     |               ^^^^^^^^^^^^^^^^

warning: function `context_for_cell` is never used
    --> tests/../src/presentation/objects/tree.rs:1192:15
     |
1192 | pub(super) fn context_for_cell(
     |               ^^^^^^^^^^^^^^^^

warning: function `context_label` is never used
    --> tests/../src/presentation/objects/tree.rs:1233:15
     |
1233 | pub(super) fn context_label(
     |               ^^^^^^^^^^^^^

For more information about this error, try `rustc --explain E0433`.
error: could not compile `boardstudio-web` (test "presentation") due to 1 previous error
warning: build failed, waiting for other jobs to finish...
warning: `boardstudio-web` (test "outline_tree") generated 8 warnings
