migration-deliver: 8 wasm-relevant Rust file(s) in this commit (e.g. web/src/presentation/mechanical_settings.rs); ensuring wasm32 cargo check
migration-deliver: passed wasm32 page check; receipt=web/target/migration-gates/wasm-page-check/b80e85c39bda9fc0612f31ea55292479eb6d14d3cc50e92a2404da1fed383121.json started=2026-10-05T07:28:15+00:00 ended=2026-10-05T07:28:31+00:00 duration=15.87s
migration-deliver: ensuring native web tests passed before committing
migration-deliver: native web tests failed (`cargo test --manifest-path web/Cargo.toml --locked --lib --bin boardstudio-web`). Fix and retry.
  FAILED renderer_host_source_sync::private_page_host_matches_normalized_library_host
Output tail:
   |                   ^^^^^^
...
41 |     fn config(self) -> PresetConfig {
   |        ^^^^^^

warning: struct `PresetConfig` is never constructed
  --> src/matrix_setup_operation.rs:95:8
   |
95 | struct PresetConfig {
   |        ^^^^^^^^^^^^

warning: struct `PreparedMatrix` is never constructed
   --> src/matrix_setup_operation.rs:102:19
    |
102 | pub(crate) struct PreparedMatrix {
    |                   ^^^^^^^^^^^^^^

warning: function `next_matrix_id` is never used
   --> src/matrix_setup_operation.rs:107:15
    |
107 | pub(crate) fn next_matrix_id(
    |               ^^^^^^^^^^^^^^

warning: function `prepare_matrix` is never used
   --> src/matrix_setup_operation.rs:142:15
    |
142 | pub(crate) fn prepare_matrix(
    |               ^^^^^^^^^^^^^^

warning: function `required_catalogue_definition` is never used
   --> src/matrix_setup_operation.rs:320:4
    |
320 | fn required_catalogue_definition<'a>(
    |    ^^^^^^^^^^^^^^^^^^^^^^^^^^^^^

warning: function `snapshot_definition` is never used
   --> src/matrix_setup_operation.rs:337:4
    |
337 | fn snapshot_definition(
    |    ^^^^^^^^^^^^^^^^^^^

warning: variants `Preparing` and `Pending` are never constructed
 --> src/mirrored_pair_lifecycle.rs:7:5
  |
5 | pub(crate) enum PairFormStage {
  |                 ------------- variants in this enum
6 |     Setup,
7 |     Preparing,
  |     ^^^^^^^^^
8 |     Placement,
9 |     Pending,
  |     ^^^^^^^
  |
  = note: `PairFormStage` has derived impls for the traits `Debug` and `Clone`, but these are intentionally ignored during dead code analysis

warning: `boardstudio-web` (bin "boardstudio-web" test) generated 30 warnings
    Finished `test` profile [unoptimized + debuginfo] target(s) in 2.03s
     Running unittests src/lib.rs (web/target/debug/deps/boardstudio_web-894d4c3d985a4dd0)
     Running unittests src/main.rs (web/target/debug/deps/boardstudio_web-2e9b3bcde1902357)
error: test failed, to rerun pass `--bin boardstudio-web`
