    Checking boardstudio-web v0.1.0 (/home/chris/.local/share/boardstudio/worktrees/parts-assembly-preview-20261003/web)
error[E0277]: the trait bound `boardstudio_application::SnapshotToken: serde::Serialize` is not satisfied
    --> src/presentation/parts.rs:75:31
     |
  75 |           serde_json::to_string(&(
     |  _________---------------------_^
     | |         |
     | |         required by a bound introduced by this call
  76 | |             &self.scope,
  77 | |             self.snapshot_token,
  78 | |             &self.selection,
...    |
  89 | |                 .and_then(|definition| serde_json::to_string(definition).ok()),
  90 | |         ))
     | |_________^ the trait `parts_preview::_::_serde::Serialize` is not implemented for `boardstudio_application::SnapshotToken`
     |
     = note: for local types consider adding `#[derive(serde::Serialize)]` to your `boardstudio_application::SnapshotToken` type
     = note: for types from other crates check whether the crate offers a `serde` feature flag
     = help: the following other types implement trait `parts_preview::_::_serde::Serialize`:
               &'a T
               &'a mut T
               ()
               (T,)
               (T0, T1)
               (T0, T1, T2)
               (T0, T1, T2, T3)
               (T0, T1, T2, T3, T4)
             and 333 others
     = note: required for `(&Option<Scope>, ..., ..., u64, u64, ..., ..., bool, ..., ...)` to implement `parts_preview::_::_serde::Serialize`
note: required by a bound in `serde_json::to_string`
    --> /home/chris/.cargo/registry/src/index.crates.io-1949cf8c6b5b557f/serde_json-1.0.151/src/ser.rs:2247:17
     |
2245 | pub fn to_string<T>(value: &T) -> Result<String>
     |        --------- required by a bound in this function
2246 | where
2247 |     T: ?Sized + Serialize,
     |                 ^^^^^^^^^ required by this bound in `to_string`
     = note: the full name for the type has been written to '/home/chris/.local/share/boardstudio/worktrees/case-current-result-status-repair-20261003/web/target/wasm32-unknown-unknown/debug/deps/boardstudio_web-907fe90d8aaa2957.long-type-14711306271712818194.txt'
     = note: consider using `--verbose` to print the full type name to the console

error[E0277]: the trait bound `presentation::parts::assembly_presets::SwitchOrientation: serde::Serialize` is not satisfied
    --> src/presentation/parts.rs:75:31
     |
  75 |           serde_json::to_string(&(
     |  _________---------------------_^
     | |         |
     | |         required by a bound introduced by this call
  76 | |             &self.scope,
  77 | |             self.snapshot_token,
  78 | |             &self.selection,
...    |
  89 | |                 .and_then(|definition| serde_json::to_string(definition).ok()),
  90 | |         ))
     | |_________^ unsatisfied trait bound
     |
help: the trait `parts_preview::_::_serde::Serialize` is not implemented for `presentation::parts::assembly_presets::SwitchOrientation`
    --> src/presentation/parts/assembly_presets.rs:17:1
     |
  17 | pub(in crate::presentation) enum SwitchOrientation {
     | ^^^^^^^^^^^^^^^^^^^^^^^^^^^^^^^^^^^^^^^^^^^^^^^^^^
     = note: for local types consider adding `#[derive(serde::Serialize)]` to your `presentation::parts::assembly_presets::SwitchOrientation` type
     = note: for types from other crates check whether the crate offers a `serde` feature flag
     = help: the following other types implement trait `parts_preview::_::_serde::Serialize`:
               &'a T
               &'a mut T
               ()
               (T,)
               (T0, T1)
               (T0, T1, T2)
               (T0, T1, T2, T3)
               (T0, T1, T2, T3, T4)
             and 333 others
     = note: there are multiple different versions of crate `boardstudio_web` in the dependency graph
     = help: you can use `cargo tree` to explore your dependency tree
     = note: required for `(&Option<Scope>, ..., ..., u64, u64, ..., ..., bool, ..., ...)` to implement `parts_preview::_::_serde::Serialize`
note: required by a bound in `serde_json::to_string`
    --> /home/chris/.cargo/registry/src/index.crates.io-1949cf8c6b5b557f/serde_json-1.0.151/src/ser.rs:2247:17
     |
2245 | pub fn to_string<T>(value: &T) -> Result<String>
     |        --------- required by a bound in this function
2246 | where
2247 |     T: ?Sized + Serialize,
     |                 ^^^^^^^^^ required by this bound in `to_string`
     = note: the full name for the type has been written to '/home/chris/.local/share/boardstudio/worktrees/case-current-result-status-repair-20261003/web/target/wasm32-unknown-unknown/debug/deps/boardstudio_web-907fe90d8aaa2957.long-type-14711306271712818194.txt'
     = note: consider using `--verbose` to print the full type name to the console

error[E0277]: the trait bound `presentation::parts::assembly_presets::MatrixPresetId: serde::Serialize` is not satisfied
    --> src/presentation/parts.rs:75:31
     |
  75 |           serde_json::to_string(&(
     |  _________---------------------_^
     | |         |
     | |         required by a bound introduced by this call
  76 | |             &self.scope,
  77 | |             self.snapshot_token,
  78 | |             &self.selection,
...    |
  89 | |                 .and_then(|definition| serde_json::to_string(definition).ok()),
  90 | |         ))
     | |_________^ unsatisfied trait bound
     |
help: the trait `parts_preview::_::_serde::Serialize` is not implemented for `presentation::parts::assembly_presets::MatrixPresetId`
    --> src/presentation/parts/assembly_presets.rs:5:1
     |
   5 | pub(in crate::presentation) enum MatrixPresetId {
     | ^^^^^^^^^^^^^^^^^^^^^^^^^^^^^^^^^^^^^^^^^^^^^^^
     = note: for local types consider adding `#[derive(serde::Serialize)]` to your `presentation::parts::assembly_presets::MatrixPresetId` type
     = note: for types from other crates check whether the crate offers a `serde` feature flag
     = help: the following other types implement trait `parts_preview::_::_serde::Serialize`:
               &'a T
               &'a mut T
               ()
               (T,)
               (T0, T1)
               (T0, T1, T2)
               (T0, T1, T2, T3)
               (T0, T1, T2, T3, T4)
             and 333 others
     = note: there are multiple different versions of crate `boardstudio_web` in the dependency graph
     = help: you can use `cargo tree` to explore your dependency tree
     = note: required for `std::option::Option<presentation::parts::assembly_presets::MatrixPresetId>` to implement `parts_preview::_::_serde::Serialize`
     = note: 1 redundant requirement hidden
     = note: required for `(&Option<Scope>, ..., ..., u64, u64, ..., ..., bool, ..., ...)` to implement `parts_preview::_::_serde::Serialize`
note: required by a bound in `serde_json::to_string`
    --> /home/chris/.cargo/registry/src/index.crates.io-1949cf8c6b5b557f/serde_json-1.0.151/src/ser.rs:2247:17
     |
2245 | pub fn to_string<T>(value: &T) -> Result<String>
     |        --------- required by a bound in this function
2246 | where
2247 |     T: ?Sized + Serialize,
     |                 ^^^^^^^^^ required by this bound in `to_string`
     = note: the full name for the type has been written to '/home/chris/.local/share/boardstudio/worktrees/case-current-result-status-repair-20261003/web/target/wasm32-unknown-unknown/debug/deps/boardstudio_web-907fe90d8aaa2957.long-type-14711306271712818194.txt'
     = note: consider using `--verbose` to print the full type name to the console

error[E0277]: the trait bound `boardstudio_application::Scope: serde::Serialize` is not satisfied
    --> src/presentation/parts.rs:75:31
     |
  75 |           serde_json::to_string(&(
     |  _________---------------------_^
     | |         |
     | |         required by a bound introduced by this call
  76 | |             &self.scope,
  77 | |             self.snapshot_token,
  78 | |             &self.selection,
...    |
  89 | |                 .and_then(|definition| serde_json::to_string(definition).ok()),
  90 | |         ))
     | |_________^ the trait `parts_preview::_::_serde::Serialize` is not implemented for `boardstudio_application::Scope`
     |
     = note: for local types consider adding `#[derive(serde::Serialize)]` to your `boardstudio_application::Scope` type
     = note: for types from other crates check whether the crate offers a `serde` feature flag
     = help: the following other types implement trait `parts_preview::_::_serde::Serialize`:
               &'a T
               &'a mut T
               ()
               (T,)
               (T0, T1)
               (T0, T1, T2)
               (T0, T1, T2, T3)
               (T0, T1, T2, T3, T4)
             and 333 others
     = note: required for `std::option::Option<boardstudio_application::Scope>` to implement `parts_preview::_::_serde::Serialize`
     = note: 2 redundant requirements hidden
     = note: required for `(&Option<Scope>, ..., ..., u64, u64, ..., ..., bool, ..., ...)` to implement `parts_preview::_::_serde::Serialize`
note: required by a bound in `serde_json::to_string`
    --> /home/chris/.cargo/registry/src/index.crates.io-1949cf8c6b5b557f/serde_json-1.0.151/src/ser.rs:2247:17
     |
2245 | pub fn to_string<T>(value: &T) -> Result<String>
     |        --------- required by a bound in this function
2246 | where
2247 |     T: ?Sized + Serialize,
     |                 ^^^^^^^^^ required by this bound in `to_string`
     = note: the full name for the type has been written to '/home/chris/.local/share/boardstudio/worktrees/case-current-result-status-repair-20261003/web/target/wasm32-unknown-unknown/debug/deps/boardstudio_web-907fe90d8aaa2957.long-type-14711306271712818194.txt'
     = note: consider using `--verbose` to print the full type name to the console

error[E0631]: type mismatch in function arguments
    --> src/presentation/parts.rs:1090:14
     |
1090 |         .map(catalogue_choices)
     |          --- ^^^^^^^^^^^^^^^^^ expected due to this
     |          |
     |          required by a bound introduced by this call
     |
    ::: src/presentation/parts/catalogue.rs:198:1
     |
 198 | pub(super) fn catalogue_choices(entries: &[CatalogEntry]) -> Vec<&CatalogEntry> {
     | ------------------------------------------------------------------------------- found signature defined here
     |
     = note: expected function signature `fn(&std::vec::Vec<presentation::parts::catalogue::CatalogEntry>) -> _`
                found function signature `fn(&[presentation::parts::catalogue::CatalogEntry]) -> _`
note: required by a bound in `std::option::Option::<T>::map`
    --> /rustc/88d9e12ae178fab0fb5cc050a94da85685d449ea/library/core/src/option.rs:1158:4
help: consider wrapping the function in a closure
     |
1090 |         .map(|arg0: &std::vec::Vec<presentation::parts::catalogue::CatalogEntry>| catalogue_choices(/* &[presentation::parts::catalogue::CatalogEntry] */))
     |              ++++++++++++++++++++++++++++++++++++++++++++++++++++++++++++++++++++                  +++++++++++++++++++++++++++++++++++++++++++++++++++++++

error[E0277]: the trait bound `[&presentation::parts::catalogue::CatalogEntry]: std::default::Default` is not satisfied
    --> src/presentation/parts.rs:1091:10
     |
1091 |         .unwrap_or_default();
     |          ^^^^^^^^^^^^^^^^^ the trait `std::default::Default` is not implemented for `[&presentation::parts::catalogue::CatalogEntry]`
     |
note: required by a bound in `std::option::Option::<T>::unwrap_or_default`
    --> /rustc/88d9e12ae178fab0fb5cc050a94da85685d449ea/library/core/src/option.rs:1091:4
help: consider borrowing here
     |
1087 ~     let listed_entries = (&catalogue
1088 |         .entries
1089 |         .as_deref()
1090 ~         .map(catalogue_choices))
     |
1087 ~     let listed_entries = (&mut catalogue
1088 |         .entries
1089 |         .as_deref()
1090 ~         .map(catalogue_choices))
     |

error[E0277]: the size for values of type `[&presentation::parts::catalogue::CatalogEntry]` cannot be known at compilation time
    --> src/presentation/parts.rs:1087:9
     |
1087 |     let listed_entries = catalogue
     |         ^^^^^^^^^^^^^^ doesn't have a size known at compile-time
     |
     = help: the trait `std::marker::Sized` is not implemented for `[&presentation::parts::catalogue::CatalogEntry]`
     = note: all local variables must have a statically known size

error[E0277]: the size for values of type `[&presentation::parts::catalogue::CatalogEntry]` cannot be known at compilation time
    --> src/presentation/parts.rs:1090:10
     |
1090 |         .map(catalogue_choices)
     |          ^^^ doesn't have a size known at compile-time
     |
     = help: the trait `std::marker::Sized` is not implemented for `[&presentation::parts::catalogue::CatalogEntry]`
note: required by an implicit `Sized` bound in `std::option::Option::<T>::map`
    --> /rustc/88d9e12ae178fab0fb5cc050a94da85685d449ea/library/core/src/option.rs:1158:4

error[E0277]: the trait bound `boardstudio_application::SnapshotToken: serde::Serialize` is not satisfied
    --> src/presentation/parts.rs:75:31
     |
  75 |           serde_json::to_string(&(
     |  _________---------------------_^
     | |         |
     | |         required by a bound introduced by this call
  76 | |             &self.scope,
  77 | |             self.snapshot_token,
  78 | |             &self.selection,
...    |
  89 | |                 .and_then(|definition| serde_json::to_string(definition).ok()),
  90 | |         ))
     | |_________^ the trait `parts_preview::_::_serde::Serialize` is not implemented for `boardstudio_application::SnapshotToken`
     |
     = note: for local types consider adding `#[derive(serde::Serialize)]` to your `boardstudio_application::SnapshotToken` type
     = note: for types from other crates check whether the crate offers a `serde` feature flag
     = help: the following other types implement trait `parts_preview::_::_serde::Serialize`:
               &'a T
               &'a mut T
               ()
               (T,)
               (T0, T1)
               (T0, T1, T2)
               (T0, T1, T2, T3)
               (T0, T1, T2, T3, T4)
             and 339 others
     = note: required for `(&Option<Scope>, ..., ..., u64, u64, ..., ..., bool, ..., ...)` to implement `parts_preview::_::_serde::Serialize`
note: required by a bound in `serde_json::to_string`
    --> /home/chris/.cargo/registry/src/index.crates.io-1949cf8c6b5b557f/serde_json-1.0.151/src/ser.rs:2247:17
     |
2245 | pub fn to_string<T>(value: &T) -> Result<String>
     |        --------- required by a bound in this function
2246 | where
2247 |     T: ?Sized + Serialize,
     |                 ^^^^^^^^^ required by this bound in `to_string`
     = note: the full name for the type has been written to '/home/chris/.local/share/boardstudio/worktrees/case-current-result-status-repair-20261003/web/target/wasm32-unknown-unknown/debug/deps/boardstudio_web-81f96308bc7d0b50.long-type-18290216781658390618.txt'
     = note: consider using `--verbose` to print the full type name to the console

error[E0277]: the trait bound `presentation::parts::assembly_presets::SwitchOrientation: serde::Serialize` is not satisfied
    --> src/presentation/parts.rs:75:31
     |
  75 |           serde_json::to_string(&(
     |  _________---------------------_^
     | |         |
     | |         required by a bound introduced by this call
  76 | |             &self.scope,
  77 | |             self.snapshot_token,
  78 | |             &self.selection,
...    |
  89 | |                 .and_then(|definition| serde_json::to_string(definition).ok()),
  90 | |         ))
     | |_________^ unsatisfied trait bound
     |
help: the trait `parts_preview::_::_serde::Serialize` is not implemented for `presentation::parts::assembly_presets::SwitchOrientation`
    --> src/presentation/parts/assembly_presets.rs:17:1
     |
  17 | pub(in crate::presentation) enum SwitchOrientation {
     | ^^^^^^^^^^^^^^^^^^^^^^^^^^^^^^^^^^^^^^^^^^^^^^^^^^
     = note: for local types consider adding `#[derive(serde::Serialize)]` to your `presentation::parts::assembly_presets::SwitchOrientation` type
     = note: for types from other crates check whether the crate offers a `serde` feature flag
     = help: the following other types implement trait `parts_preview::_::_serde::Serialize`:
               &'a T
               &'a mut T
               ()
               (T,)
               (T0, T1)
               (T0, T1, T2)
               (T0, T1, T2, T3)
               (T0, T1, T2, T3, T4)
             and 339 others
     = note: there are multiple different versions of crate `boardstudio_web` in the dependency graph
     = help: you can use `cargo tree` to explore your dependency tree
     = note: required for `(&Option<Scope>, ..., ..., u64, u64, ..., ..., bool, ..., ...)` to implement `parts_preview::_::_serde::Serialize`
note: required by a bound in `serde_json::to_string`
    --> /home/chris/.cargo/registry/src/index.crates.io-1949cf8c6b5b557f/serde_json-1.0.151/src/ser.rs:2247:17
     |
2245 | pub fn to_string<T>(value: &T) -> Result<String>
     |        --------- required by a bound in this function
2246 | where
2247 |     T: ?Sized + Serialize,
     |                 ^^^^^^^^^ required by this bound in `to_string`
     = note: the full name for the type has been written to '/home/chris/.local/share/boardstudio/worktrees/case-current-result-status-repair-20261003/web/target/wasm32-unknown-unknown/debug/deps/boardstudio_web-81f96308bc7d0b50.long-type-18290216781658390618.txt'
     = note: consider using `--verbose` to print the full type name to the console

error[E0277]: the trait bound `presentation::parts::assembly_presets::MatrixPresetId: serde::Serialize` is not satisfied
    --> src/presentation/parts.rs:75:31
     |
  75 |           serde_json::to_string(&(
     |  _________---------------------_^
     | |         |
     | |         required by a bound introduced by this call
  76 | |             &self.scope,
  77 | |             self.snapshot_token,
  78 | |             &self.selection,
...    |
  89 | |                 .and_then(|definition| serde_json::to_string(definition).ok()),
  90 | |         ))
     | |_________^ unsatisfied trait bound
     |
help: the trait `parts_preview::_::_serde::Serialize` is not implemented for `presentation::parts::assembly_presets::MatrixPresetId`
    --> src/presentation/parts/assembly_presets.rs:5:1
     |
   5 | pub(in crate::presentation) enum MatrixPresetId {
     | ^^^^^^^^^^^^^^^^^^^^^^^^^^^^^^^^^^^^^^^^^^^^^^^
     = note: for local types consider adding `#[derive(serde::Serialize)]` to your `presentation::parts::assembly_presets::MatrixPresetId` type
     = note: for types from other crates check whether the crate offers a `serde` feature flag
     = help: the following other types implement trait `parts_preview::_::_serde::Serialize`:
               &'a T
               &'a mut T
               ()
               (T,)
               (T0, T1)
               (T0, T1, T2)
               (T0, T1, T2, T3)
               (T0, T1, T2, T3, T4)
             and 339 others
     = note: there are multiple different versions of crate `boardstudio_web` in the dependency graph
     = help: you can use `cargo tree` to explore your dependency tree
     = note: required for `std::option::Option<presentation::parts::assembly_presets::MatrixPresetId>` to implement `parts_preview::_::_serde::Serialize`
     = note: 1 redundant requirement hidden
     = note: required for `(&Option<Scope>, ..., ..., u64, u64, ..., ..., bool, ..., ...)` to implement `parts_preview::_::_serde::Serialize`
note: required by a bound in `serde_json::to_string`
    --> /home/chris/.cargo/registry/src/index.crates.io-1949cf8c6b5b557f/serde_json-1.0.151/src/ser.rs:2247:17
     |
2245 | pub fn to_string<T>(value: &T) -> Result<String>
     |        --------- required by a bound in this function
2246 | where
2247 |     T: ?Sized + Serialize,
     |                 ^^^^^^^^^ required by this bound in `to_string`
     = note: the full name for the type has been written to '/home/chris/.local/share/boardstudio/worktrees/case-current-result-status-repair-20261003/web/target/wasm32-unknown-unknown/debug/deps/boardstudio_web-81f96308bc7d0b50.long-type-18290216781658390618.txt'
     = note: consider using `--verbose` to print the full type name to the console

error[E0277]: the trait bound `boardstudio_application::Scope: serde::Serialize` is not satisfied
    --> src/presentation/parts.rs:75:31
     |
  75 |           serde_json::to_string(&(
     |  _________---------------------_^
     | |         |
     | |         required by a bound introduced by this call
  76 | |             &self.scope,
  77 | |             self.snapshot_token,
  78 | |             &self.selection,
...    |
  89 | |                 .and_then(|definition| serde_json::to_string(definition).ok()),
  90 | |         ))
     | |_________^ the trait `parts_preview::_::_serde::Serialize` is not implemented for `boardstudio_application::Scope`
     |
     = note: for local types consider adding `#[derive(serde::Serialize)]` to your `boardstudio_application::Scope` type
     = note: for types from other crates check whether the crate offers a `serde` feature flag
     = help: the following other types implement trait `parts_preview::_::_serde::Serialize`:
               &'a T
               &'a mut T
               ()
               (T,)
               (T0, T1)
               (T0, T1, T2)
               (T0, T1, T2, T3)
               (T0, T1, T2, T3, T4)
             and 339 others
     = note: required for `std::option::Option<boardstudio_application::Scope>` to implement `parts_preview::_::_serde::Serialize`
     = note: 2 redundant requirements hidden
     = note: required for `(&Option<Scope>, ..., ..., u64, u64, ..., ..., bool, ..., ...)` to implement `parts_preview::_::_serde::Serialize`
note: required by a bound in `serde_json::to_string`
    --> /home/chris/.cargo/registry/src/index.crates.io-1949cf8c6b5b557f/serde_json-1.0.151/src/ser.rs:2247:17
     |
2245 | pub fn to_string<T>(value: &T) -> Result<String>
     |        --------- required by a bound in this function
2246 | where
2247 |     T: ?Sized + Serialize,
     |                 ^^^^^^^^^ required by this bound in `to_string`
     = note: the full name for the type has been written to '/home/chris/.local/share/boardstudio/worktrees/case-current-result-status-repair-20261003/web/target/wasm32-unknown-unknown/debug/deps/boardstudio_web-81f96308bc7d0b50.long-type-18290216781658390618.txt'
     = note: consider using `--verbose` to print the full type name to the console

Some errors have detailed explanations: E0277, E0631.
For more information about an error, try `rustc --explain E0277`.
error: could not compile `boardstudio-web` (bin "boardstudio-web") due to 8 previous errors
warning: build failed, waiting for other jobs to finish...
error: could not compile `boardstudio-web` (bin "boardstudio-web" test) due to 8 previous errors
