    Checking boardstudio-web v0.1.0 (/home/chris/.local/share/boardstudio/worktrees/parts-assembly-preview-20261003/web)
error[E0308]: mismatched types
   --> src/presentation/parts/preview.rs:274:5
    |
274 | /     rsx! {
275 | |         section { class: "m1-workspace-content m1-parts-preview", "aria-label": "Parts footprint preview",
276 | |             h2 { class: "m1-library-workspace-title", "{preview_title.as_deref().map(str::to_owned).unwrap_or_else(|| super::cata...
277 | |             div { class: "m1-design-view-group", role: "group", aria_label: "Part preview view",
...   |
379 | |     }
    | |_____^ expected `String`, found `&str`
    |
    = note: this error originates in the macro `rsx` (in Nightly builds, run with -Z macro-backtrace for more info)
help: try using a conversion method
    |
379 |     }.to_string()
    |      ++++++++++++

For more information about this error, try `rustc --explain E0308`.
error: could not compile `boardstudio-web` (bin "boardstudio-web") due to 1 previous error
warning: build failed, waiting for other jobs to finish...
error: could not compile `boardstudio-web` (bin "boardstudio-web" test) due to 1 previous error
