    Checking boardstudio-web v0.1.0 (/home/chris/.local/share/boardstudio/worktrees/parts-assembly-preview-20261003/web)
error: function `placement_label` is never used
   --> src/presentation/parts.rs:261:32
    |
261 | pub(in crate::presentation) fn placement_label(
    |                                ^^^^^^^^^^^^^^^
    |
    = note: `-D dead-code` implied by `-D warnings`
    = help: to override `-D warnings` add `#[expect(dead_code)]` or `#[allow(dead_code)]`

error: this expression creates a reference which is immediately dereferenced by the compiler
   --> src/presentation/parts/preview.rs:527:30
    |
527 |     let keycap = keycap_size(&definition, defaults);
    |                              ^^^^^^^^^^^ help: change this to: `definition`
    |
    = help: for further information visit https://rust-lang.github.io/rust-clippy/rust-1.98.0/index.html#needless_borrow
    = note: `-D clippy::needless-borrow` implied by `-D warnings`
    = help: to override `-D warnings` add `#[allow(clippy::needless_borrow)]`

error: this expression creates a reference which is immediately dereferenced by the compiler
   --> src/presentation/parts/preview.rs:528:41
    |
528 |     let include_keycap = include_keycap(&definition, defaults);
    |                                         ^^^^^^^^^^^ help: change this to: `definition`
    |
    = help: for further information visit https://rust-lang.github.io/rust-clippy/rust-1.98.0/index.html#needless_borrow

error: this expression creates a reference which is immediately dereferenced by the compiler
   --> src/presentation/parts/preview.rs:548:33
    |
548 |     let layers = preview_layers(&definition, &drawings, outline.as_ref(), part_side);
    |                                 ^^^^^^^^^^^ help: change this to: `definition`
    |
    = help: for further information visit https://rust-lang.github.io/rust-clippy/rust-1.98.0/index.html#needless_borrow

error: could not compile `boardstudio-web` (bin "boardstudio-web") due to 4 previous errors
warning: build failed, waiting for other jobs to finish...
error: could not compile `boardstudio-web` (bin "boardstudio-web" test) due to 4 previous errors
