    Checking cfg-if v1.0.5
    Checking unicode-ident v1.0.26
    Checking pin-project-lite v0.2.17
    Checking futures-core v0.3.34
    Checking memchr v2.8.3
    Checking slab v0.4.12
    Checking futures-sink v0.3.34
    Checking futures-io v0.3.34
    Checking futures-task v0.3.34
    Checking portable-atomic v1.15.0
    Checking serde_core v1.0.229
    Checking smallvec v1.16.2
    Checking thiserror v2.0.21
    Checking scopeguard v1.2.0
    Checking libm v0.2.16
    Checking konst_macro_rules v0.2.19
    Checking rustc-hash v2.1.3
    Checking anyhow v1.0.104
    Checking dioxus-core-types v0.7.10
    Checking wasm-bindgen-shared v0.2.129
    Checking futures-channel v0.3.34
    Checking longest-increasing-subsequence v0.1.0
    Checking lock_api v0.4.14
    Checking pin-project v1.1.13
    Checking zmij v1.0.23
    Checking itoa v1.0.18
    Checking bitflags v2.13.2
    Checking typenum v1.20.1
    Checking konst v0.2.20
    Checking enumset v1.1.14
    Checking zerocopy v0.8.59
    Checking const-random v0.1.18
    Checking static_assertions v1.1.0
    Checking parking_lot_core v0.9.12
    Checking zlib-rs v0.6.8
    Checking hashbrown v0.17.1
    Checking bytes v1.12.1
    Checking keyboard-types v0.7.0
    Checking equivalent v1.0.2
    Checking rustc-hash v1.1.0
    Checking smartstring v1.0.1
    Checking sledgehammer_utils v0.3.1
    Checking const_format v0.2.36
    Checking crc32fast v1.5.2
    Checking parking_lot v0.12.5
    Checking once_cell v1.21.4
    Checking futures-util v0.3.34
    Checking typed-path v0.12.3
    Checking i_tree v0.19.0
    Checking i_key_sort v0.11.0
    Checking thin-vec v0.2.20
    Checking wasm-bindgen v0.2.129
    Checking tracing-core v0.1.36
    Checking kiutils_sexpr v0.1.1
    Checking send_wrapper v0.6.0
   Compiling boardstudio-web v0.1.0 (/home/chris/.local/share/boardstudio/worktrees/case-battery-implementation-20261002/web)
    Checking dioxus-config-macros v0.7.10
    Checking nu-ansi-term v0.50.3
    Checking cast v0.3.0
    Checking oorandom v11.1.5
    Checking wasm-bindgen-test-shared v0.2.129
    Checking tokio v1.53.1
    Checking tracing v0.1.44
    Checking indexmap v2.14.2
    Checking num-traits v0.2.19
    Checking i_float v5.0.0
    Checking generational-box v0.7.10
    Checking warnings v0.2.1
    Checking flate2 v1.1.10
    Checking hybrid-array v0.4.15
    Checking i_shape v5.0.0
    Checking euclid v0.22.14
    Checking i_overlay v9.0.0
    Checking zip v8.6.0
    Checking block-buffer v0.12.1
    Checking crypto-common v0.2.2
    Checking getrandom v0.3.4
    Checking sledgehammer_bindgen v0.6.0
    Checking dioxus-cli-config v0.7.10
    Checking serde v1.0.229
    Checking serde_json v1.0.151
    Checking digest v0.11.3
    Checking sha2 v0.11.0
    Checking subsecond-types v0.7.10
    Checking slotmap v1.1.1
    Checking boardstudio-contracts v0.1.0 (/home/chris/.local/share/boardstudio/worktrees/case-battery-implementation-20261002/contracts/rust)
    Checking js-sys v0.3.106
    Checking ahash v0.8.12
    Checking wasm-bindgen-futures v0.4.79
    Checking web-sys v0.3.106
    Checking web-time v1.1.0
    Checking gloo-timers v0.3.0
    Checking serde-wasm-bindgen v0.6.5
    Checking wasm-bindgen-test v0.3.79
    Checking rhai v1.26.1
    Checking boardstudio_core v0.1.0 (/home/chris/.local/share/boardstudio/worktrees/case-battery-implementation-20261002/core)
    Checking subsecond v0.7.10
    Checking wasm-streams v0.4.2
    Checking dioxus-interpreter-js v0.7.10
    Checking dioxus-core v0.7.10
    Checking dioxus-signals v0.7.10
    Checking dioxus-devtools-types v0.7.10
    Checking dioxus-history v0.7.10
    Checking dioxus-hooks v0.7.10
    Checking dioxus-devtools v0.7.10
    Checking dioxus-stores v0.7.10
    Checking boardstudio-application v0.1.0 (/home/chris/.local/share/boardstudio/worktrees/case-battery-implementation-20261002/application)
    Checking dioxus-html v0.7.10
    Checking dioxus-document v0.7.10
    Checking dioxus-web v0.7.10
    Checking dioxus v0.7.10
    Finished `dev` profile [unoptimized + debuginfo] target(s) in 50.15s
