    Checking boardstudio-web v0.1.0 (/home/chris/.local/share/boardstudio/worktrees/migration-m1-continuation-20261001/web)
error: `format!` in `format!` args
   --> src/presentation/objects/matrix_inspector.rs:490:5
    |
490 | /     format!(
491 | |         "{}-{}-{}-{}-{}-{}-{}-{}-{}",
492 | |         owner.editor_instance_id,
493 | |         owner.context_generation,
...   |
500 | |         format!("{target}-{}", field.key()),
501 | |     )
    | |_____^
    |
    = help: combine the `format!(..)` arguments with the outer `format!(..)` call
    = help: or consider changing `format!` to `format_args!`
    = help: for further information visit https://rust-lang.github.io/rust-clippy/rust-1.98.0/index.html#format_in_format_args
    = note: `-D clippy::format-in-format-args` implied by `-D warnings`
    = help: to override `-D warnings` add `#[allow(clippy::format_in_format_args)]`

error: redundant redefinition of a binding `selected_context`
   --> src/presentation/objects/matrix_inspector_controller.rs:116:9
    |
116 |         let selected_context = selected_context;
    |         ^^^^^^^^^^^^^^^^^^^^^^^^^^^^^^^^^^^^^^^^
    |
help: `selected_context` is initially defined here
   --> src/presentation/objects/matrix_inspector_controller.rs:57:5
    |
 57 |     selected_context: Signal<Option<ScopedTreeContext>>,
    |     ^^^^^^^^^^^^^^^^
    = help: for further information visit https://rust-lang.github.io/rust-clippy/rust-1.98.0/index.html#redundant_locals
    = note: `-D clippy::redundant-locals` implied by `-D warnings`
    = help: to override `-D warnings` add `#[allow(clippy::redundant_locals)]`

error: redundant redefinition of a binding `workspace`
   --> src/presentation/objects/matrix_inspector_controller.rs:117:9
    |
117 |         let workspace = workspace;
    |         ^^^^^^^^^^^^^^^^^^^^^^^^^^
    |
help: `workspace` is initially defined here
   --> src/presentation/objects/matrix_inspector_controller.rs:58:5
    |
 58 |     workspace: Signal<&'static str>,
    |     ^^^^^^^^^
    = help: for further information visit https://rust-lang.github.io/rust-clippy/rust-1.98.0/index.html#redundant_locals

error: redundant redefinition of a binding `scope_generation`
   --> src/presentation/objects/matrix_inspector_controller.rs:118:9
    |
118 |         let scope_generation = scope_generation;
    |         ^^^^^^^^^^^^^^^^^^^^^^^^^^^^^^^^^^^^^^^^
    |
help: `scope_generation` is initially defined here
   --> src/presentation/objects/matrix_inspector_controller.rs:59:5
    |
 59 |     scope_generation: Signal<u64>,
    |     ^^^^^^^^^^^^^^^^
    = help: for further information visit https://rust-lang.github.io/rust-clippy/rust-1.98.0/index.html#redundant_locals

error: this function has too many arguments (8/7)
   --> src/presentation/objects/matrix_inspector_controller.rs:301:1
    |
301 | / fn project_current_for(
302 | |     runtime: &Runtime,
303 | |     model: &boardstudio_application::ReadModel,
304 | |     live_scope: Option<&Scope>,
...   |
309 | |     workspace: &'static str,
310 | | ) -> Option<(MatrixInspectorProjection, bool)> {
    | |______________________________________________^
    |
    = help: for further information visit https://rust-lang.github.io/rust-clippy/rust-1.98.0/index.html#too_many_arguments
    = note: `-D clippy::too-many-arguments` implied by `-D warnings`
    = help: to override `-D warnings` add `#[allow(clippy::too_many_arguments)]`

error: could not compile `boardstudio-web` (bin "boardstudio-web") due to 5 previous errors
warning: build failed, waiting for other jobs to finish...
error: could not compile `boardstudio-web` (bin "boardstudio-web" test) due to 5 previous errors
