    Checking boardstudio-web v0.1.0 (/home/chris/.local/share/boardstudio/worktrees/migration-m1-continuation-20261001/web)
error[E0596]: cannot borrow `commit` as mutable, as it is not declared as mutable
   --> src/presentation/objects/matrix_inspector.rs:384:17
    |
384 |                 commit();
    |                 ^^^^^^ cannot borrow as mutable
    |
help: consider changing this to be mutable
    |
380 |         let mut commit = commit.clone();
    |             +++

error[E0596]: cannot borrow `commit` as mutable, as it is not declared as mutable
   --> src/presentation/objects/matrix_inspector.rs:452:34
    |
452 |                         move |_| commit()
    |                                  ^^^^^^ cannot borrow as mutable
    |
help: consider changing this to be mutable
    |
451 |                         let mut commit = commit.clone();
    |                             +++

error[E0382]: borrow of moved value: `props.baseline`
   --> src/presentation/objects/matrix_inspector.rs:412:28
    |
381 |         move |event: KeyboardEvent| match event.data().key() {
    |         --------------------------- value moved into closure here
...
389 |                 draft_baseline.set(props.baseline.clone());
    |                                    -------------- variable moved due to use in closure
...
412 |     let current_baseline = props.baseline.clone();
    |                            ^^^^^^^^^^^^^^ value borrowed here after move
    |
    = note: move occurs because `props.baseline` has type `presentation::objects::matrix_inspector::MatrixEditValue`, which does not implement the `Copy` trait

Some errors have detailed explanations: E0382, E0596.
For more information about an error, try `rustc --explain E0382`.
error: could not compile `boardstudio-web` (bin "boardstudio-web") due to 3 previous errors
warning: build failed, waiting for other jobs to finish...
error: could not compile `boardstudio-web` (bin "boardstudio-web" test) due to 3 previous errors
