
   Compiling boardstudio-web v0.1.0 (/home/chris/.local/share/boardstudio/worktrees/migration-m1-continuation-20261001/web)
warning: unused import: `ProjectDoc`
 --> src/presentation/case_controller.rs:9:82
  |
9 |     CaseBody, CaseKind, EditCommand, EditOperation, EditPhase, Mount, MountKind, ProjectDoc, Vec2,
  |                                                                                  ^^^^^^^^^^
  |
  = note: `#[warn(unused_imports)]` (part of `#[warn(unused)]`) on by default

warning: unused import: `wasm_bindgen_futures::spawn_local`
  --> src/presentation/mechanical_settings.rs:20:5
   |
20 | use wasm_bindgen_futures::spawn_local;
   |     ^^^^^^^^^^^^^^^^^^^^^^^^^^^^^^^^^

warning: unused import: `dioxus::prelude::*`
    --> src/presentation/pcb_board_reference.rs:1049:9
     |
1049 |     use dioxus::prelude::*;
     |         ^^^^^^^^^^^^^^^^^^

warning: unused import: `dioxus::prelude::*`
    --> src/presentation/pcb_module_inspector.rs:1078:9
     |
1078 |     use dioxus::prelude::*;
     |         ^^^^^^^^^^^^^^^^^^

warning: unused imports: `SessionEpoch` and `SnapshotToken`
    --> src/presentation/pcb_wiring.rs:1111:35
     |
1111 |     use boardstudio_application::{SessionEpoch, SnapshotToken};
     |                                   ^^^^^^^^^^^^  ^^^^^^^^^^^^^

warning: use of deprecated unit struct `presentation::mechanical_settings::ManufacturingControls::{closure#2}::_::Warning`: Keys are only allowed on the first node in the block.
    --> src/presentation/mechanical_settings.rs:2754:38
     |
2754 | ...                   key: "process-thickness:{target.part_id}",
     |                            ^^^^^^^^^^^^^^^^^^^^^^^^^^^^^^^^^^^^
     |
     = note: `#[warn(deprecated)]` on by default

warning: variable does not need to be mutable
    --> src/presentation/mechanical_settings.rs:3212:9
     |
3212 |     let mut geometry_state = use_signal(|| None::<MechanicalGeometry>);
     |         ----^^^^^^^^^^^^^^
     |         |
     |         help: remove this `mut`
     |
     = note: `#[warn(unused_mut)]` (part of `#[warn(unused)]`) on by default

warning: variable does not need to be mutable
    --> src/presentation/mechanical_settings.rs:3213:9
     |
3213 |     let mut selected = use_signal(|| Vec::<String>::new());
     |         ----^^^^^^^^
     |         |
     |         help: remove this `mut`

warning: variable does not need to be mutable
    --> src/presentation/mechanical_settings.rs:3214:9
     |
3214 |     let mut purposes = use_signal(|| Vec::<MechanicalPurposeMapping>::new());
     |         ----^^^^^^^^
     |         |
     |         help: remove this `mut`

warning: variable does not need to be mutable
    --> src/presentation/mechanical_settings.rs:3215:9
     |
3215 |     let mut busy = use_signal(|| false);
     |         ----^^^^
     |         |
     |         help: remove this `mut`

warning: variable does not need to be mutable
    --> src/presentation/mechanical_settings.rs:3216:9
     |
3216 |     let mut error = use_signal(String::new);
     |         ----^^^^^
     |         |
     |         help: remove this `mut`

warning: variable does not need to be mutable
    --> src/presentation/mechanical_settings.rs:3320:37
     |
3320 | ...                   let mut sequence = props.request_sequence;
     |                           ----^^^^^^^^
     |                           |
     |                           help: remove this `mut`

warning: function `standard_profile_reply_matches` is never used
   --> src/presentation/parts/mechanical_profile.rs:148:15
    |
148 | pub(crate) fn standard_profile_reply_matches(
    |               ^^^^^^^^^^^^^^^^^^^^^^^^^^^^^^
    |
    = note: `#[warn(dead_code)]` (part of `#[warn(unused)]`) on by default

warning: struct `ModuleGroup` is never constructed
  --> src/presentation/parts/modules_catalogue.rs:32:19
   |
32 | pub(super) struct ModuleGroup {
   |                   ^^^^^^^^^^^

warning: method `matches` is never used
  --> src/presentation/parts/modules_catalogue.rs:39:12
   |
38 | impl ModuleGroup {
   | ---------------- method in this implementation
39 |     pub fn matches(&self, query: &str) -> bool {
   |            ^^^^^^^

warning: function `group_choices` is never used
   --> src/presentation/parts/modules_catalogue.rs:328:15
    |
328 | pub(super) fn group_choices(entries: &[ModuleEntry]) -> Vec<ModuleGroup> {
    |               ^^^^^^^^^^^^^

warning: variable does not need to be mutable
   --> src/presentation/objects/matrix_transform_inspector_tests.rs:693:9
    |
693 |     let mut dom = VirtualDom::new(matrix_transform_host);
    |         ----^^^
    |         |
    |         help: remove this `mut`
    |
    = note: `#[warn(unused_mut)]` (part of `#[warn(unused)]`) on by default

warning: variable does not need to be mutable
    --> src/presentation/case_viewer.rs:1743:13
     |
1743 |         let mut instance = use_context::<InstanceSelection>();
     |             ----^^^^^^^^
     |             |
     |             help: remove this `mut`

warning: variable does not need to be mutable
    --> src/presentation/case_viewer.rs:2300:13
     |
2300 |         let mut instance = use_context::<InstanceSelection>();
     |             ----^^^^^^^^
     |             |
     |             help: remove this `mut`

warning: variable does not need to be mutable
    --> src/presentation/mechanical_settings.rs:3212:9
     |
3212 |     let mut geometry_state = use_signal(|| None::<MechanicalGeometry>);
     |         ----^^^^^^^^^^^^^^
     |         |
     |         help: remove this `mut`

warning: variable does not need to be mutable
    --> src/presentation/mechanical_settings.rs:4767:13
     |
4767 |         let mut extracted_definition_ids = use_signal(Vec::<String>::new);
     |             ----^^^^^^^^^^^^^^^^^^^^^^^^
     |             |
     |             help: remove this `mut`

warning: variable does not need to be mutable
    --> src/presentation/parts/preview.rs:1120:13
     |
1120 |         let mut selection = use_signal(|| None::<(Option<Scope>, String)>);
     |             ----^^^^^^^^^
     |             |
     |             help: remove this `mut`

warning: struct `ModuleGroup` is never constructed
  --> src/presentation/parts/modules_catalogue.rs:32:19
   |
32 | pub(super) struct ModuleGroup {
   |                   ^^^^^^^^^^^
   |
   = note: `#[warn(dead_code)]` (part of `#[warn(unused)]`) on by default

warning: unused `std::result::Result` that must be used
   --> src/presentation/layout_component_inspector_tests.rs:964:5
    |
964 |     x.blur();
    |     ^^^^^^^^
    |
    = note: this `Result` may be an `Err` variant, which should be handled
    = note: `#[warn(unused_must_use)]` (part of `#[warn(unused)]`) on by default
help: use `let _ = ...` to ignore the resulting value
    |
964 |     let _ = x.blur();
    |     +++++++

warning: unused `std::result::Result` that must be used
    --> src/presentation/mechanical_settings.rs:5470:9
     |
5470 |         input.blur();
     |         ^^^^^^^^^^^^
     |
     = note: this `Result` may be an `Err` variant, which should be handled
help: use `let _ = ...` to ignore the resulting value
     |
5470 |         let _ = input.blur();
     |         +++++++

warning: unused `std::result::Result` that must be used
    --> src/presentation/mechanical_settings.rs:5489:9
     |
5489 |         input.blur();
     |         ^^^^^^^^^^^^
     |
     = note: this `Result` may be an `Err` variant, which should be handled
help: use `let _ = ...` to ignore the resulting value
     |
5489 |         let _ = input.blur();
     |         +++++++

warning: unused `std::result::Result` that must be used
    --> src/presentation/mechanical_settings.rs:5506:9
     |
5506 |         input.blur();
     |         ^^^^^^^^^^^^
     |
     = note: this `Result` may be an `Err` variant, which should be handled
help: use `let _ = ...` to ignore the resulting value
     |
5506 |         let _ = input.blur();
     |         +++++++

warning: `boardstudio-web` (bin "boardstudio-web") generated 13 warnings (run `cargo fix --bin "boardstudio-web" -p boardstudio-web` to apply 8 suggestions)
warning: `boardstudio-web` (bin "boardstudio-web" test) generated 24 warnings (10 duplicates) (run `cargo fix --bin "boardstudio-web" -p boardstudio-web --tests` to apply 9 suggestions)
    Finished `dev` profile [unoptimized + debuginfo] target(s) in 19.40s
   Compiling boardstudio-web v0.1.0 (/home/chris/.local/share/boardstudio/worktrees/migration-m1-continuation-20261001/web)
error[E0425]: cannot find type `GeneratorCandidateTestProvider` in this scope
   --> src/presentation/parts/generator_settings.rs:853:52
    |
853 |     let candidate_provider = try_consume_context::<GeneratorCandidateTestProvider>();
    |                                                    ^^^^^^^^^^^^^^^^^^^^^^^^^^^^^^ not found in this scope
    |
help: you might be missing a type parameter
    |
720 | pub(super) fn GeneratorSettingsEditor<GeneratorCandidateTestProvider>(
    |                                      ++++++++++++++++++++++++++++++++

warning: unused import: `ProjectDoc`
 --> src/presentation/case_controller.rs:9:82
  |
9 |     CaseBody, CaseKind, EditCommand, EditOperation, EditPhase, Mount, MountKind, ProjectDoc, Vec2,
  |                                                                                  ^^^^^^^^^^
  |
  = note: `#[warn(unused_imports)]` (part of `#[warn(unused)]`) on by default

warning: unused import: `wasm_bindgen_futures::spawn_local`
  --> src/presentation/mechanical_settings.rs:20:5
   |
20 | use wasm_bindgen_futures::spawn_local;
   |     ^^^^^^^^^^^^^^^^^^^^^^^^^^^^^^^^^

warning: unused import: `dioxus::prelude::*`
    --> src/presentation/pcb_board_reference.rs:1049:9
     |
1049 |     use dioxus::prelude::*;
     |         ^^^^^^^^^^^^^^^^^^

warning: unused import: `dioxus::prelude::*`
    --> src/presentation/pcb_module_inspector.rs:1078:9
     |
1078 |     use dioxus::prelude::*;
     |         ^^^^^^^^^^^^^^^^^^

warning: unused imports: `SessionEpoch` and `SnapshotToken`
    --> src/presentation/pcb_wiring.rs:1111:35
     |
1111 |     use boardstudio_application::{SessionEpoch, SnapshotToken};
     |                                   ^^^^^^^^^^^^  ^^^^^^^^^^^^^

warning: use of deprecated unit struct `presentation::mechanical_settings::ManufacturingControls::{closure#2}::_::Warning`: Keys are only allowed on the first node in the block.
    --> src/presentation/mechanical_settings.rs:2754:38
     |
2754 | ...                   key: "process-thickness:{target.part_id}",
     |                            ^^^^^^^^^^^^^^^^^^^^^^^^^^^^^^^^^^^^
     |
     = note: `#[warn(deprecated)]` on by default

warning: variable does not need to be mutable
   --> src/presentation/objects/matrix_transform_inspector_tests.rs:693:9
    |
693 |     let mut dom = VirtualDom::new(matrix_transform_host);
    |         ----^^^
    |         |
    |         help: remove this `mut`
    |
    = note: `#[warn(unused_mut)]` (part of `#[warn(unused)]`) on by default

warning: variable does not need to be mutable
    --> src/presentation/case_viewer.rs:1743:13
     |
1743 |         let mut instance = use_context::<InstanceSelection>();
     |             ----^^^^^^^^
     |             |
     |             help: remove this `mut`

warning: variable does not need to be mutable
    --> src/presentation/case_viewer.rs:2300:13
     |
2300 |         let mut instance = use_context::<InstanceSelection>();
     |             ----^^^^^^^^
     |             |
     |             help: remove this `mut`

warning: variable does not need to be mutable
    --> src/presentation/mechanical_settings.rs:3212:9
     |
3212 |     let mut geometry_state = use_signal(|| None::<MechanicalGeometry>);
     |         ----^^^^^^^^^^^^^^
     |         |
     |         help: remove this `mut`

warning: variable does not need to be mutable
    --> src/presentation/mechanical_settings.rs:3213:9
     |
3213 |     let mut selected = use_signal(|| Vec::<String>::new());
     |         ----^^^^^^^^
     |         |
     |         help: remove this `mut`

warning: variable does not need to be mutable
    --> src/presentation/mechanical_settings.rs:3214:9
     |
3214 |     let mut purposes = use_signal(|| Vec::<MechanicalPurposeMapping>::new());
     |         ----^^^^^^^^
     |         |
     |         help: remove this `mut`

warning: variable does not need to be mutable
    --> src/presentation/mechanical_settings.rs:3215:9
     |
3215 |     let mut busy = use_signal(|| false);
     |         ----^^^^
     |         |
     |         help: remove this `mut`

warning: variable does not need to be mutable
    --> src/presentation/mechanical_settings.rs:3216:9
     |
3216 |     let mut error = use_signal(String::new);
     |         ----^^^^^
     |         |
     |         help: remove this `mut`

warning: variable does not need to be mutable
    --> src/presentation/mechanical_settings.rs:3320:37
     |
3320 | ...                   let mut sequence = props.request_sequence;
     |                           ----^^^^^^^^
     |                           |
     |                           help: remove this `mut`

warning: variable does not need to be mutable
    --> src/presentation/mechanical_settings.rs:4767:13
     |
4767 |         let mut extracted_definition_ids = use_signal(Vec::<String>::new);
     |             ----^^^^^^^^^^^^^^^^^^^^^^^^
     |             |
     |             help: remove this `mut`

warning: variable does not need to be mutable
    --> src/presentation/parts/preview.rs:1120:13
     |
1120 |         let mut selection = use_signal(|| None::<(Option<Scope>, String)>);
     |             ----^^^^^^^^^
     |             |
     |             help: remove this `mut`

For more information about this error, try `rustc --explain E0425`.
warning: `boardstudio-web` (bin "boardstudio-web" test) generated 17 warnings
error: could not compile `boardstudio-web` (bin "boardstudio-web" test) due to 1 previous error; 17 warnings emitted
Error: Running Wasm tests with wasm-bindgen-test failed
Caused by: Running Wasm tests with wasm-bindgen-test failed
Caused by: failed to execute `cargo test`: exited with exit status: 101
  full command: cd "web" && CARGO_TARGET_WASM32_UNKNOWN_UNKNOWN_RUNNER="/home/chris/.cache/.wasm-pack/wasm-bindgen-9411bdb1a3e2bbb9/wasm-bindgen-test-runner" CHROMEDRIVER="/usr/bin/chromedriver" WASM_BINDGEN_TEST_ONLY_WEB="1" "cargo" "test" "--target" "wasm32-unknown-unknown" "--no-default-features" "--features" "page" "--bin" "boardstudio-web" "--" "--list"
