Traceback (most recent call last):
  File "/home/chris/.local/share/boardstudio/worktrees/migration-m1-continuation-20261001/.scratch/dioxus-frontend-v1/evidence/pcb-routed-case-viewer-20261005/run-case-keycaps-focused.py", line 29, in <module>
    listed = r.list_wasm_tests(env, root)
  File "/home/chris/.local/share/boardstudio/worktrees/migration-m1-continuation-20261001/scripts/run-wasm-tests.py", line 235, in list_wasm_tests
    raise RunnerError("could not list wasm tests" + detail + ":\n"
                      + "\n".join((result.stdout + result.stderr).strip().splitlines()[-30:]))
runner.RunnerError: could not list wasm tests (runner exit 1):
3212 |     let mut geometry_state = use_signal(|| None::<MechanicalGeometry>);
     |         ----^^^^^^^^^^^^^^
     |         |
     |         help: remove this `mut`

warning: variable does not need to be mutable
    --> src/presentation/mechanical_settings.rs:4767:13
     |
4767 |         let mut extracted_definition_ids = use_signal(Vec::<String>::new);
     |             ----^^^^^^^^^^^^^^^^^^^^^^^^
     |             |
     |             help: remove this `mut`

warning: variable does not need to be mutable
    --> src/presentation/parts/preview.rs:1120:13
     |
1120 |         let mut selection = use_signal(|| None::<(Option<Scope>, String)>);
     |             ----^^^^^^^^^
     |             |
     |             help: remove this `mut`

For more information about this error, try `rustc --explain E0277`.
warning: `boardstudio-web` (bin "boardstudio-web" test) generated 17 warnings (8 duplicates)
error: could not compile `boardstudio-web` (bin "boardstudio-web" test) due to 2 previous errors; 17 warnings emitted
warning: build failed, waiting for other jobs to finish...
warning: `boardstudio-web` (bin "boardstudio-web") generated 13 warnings (run `cargo fix --bin "boardstudio-web" -p boardstudio-web` to apply 8 suggestions)
Error: Compilation of your program failed
Caused by: Compilation of your program failed
Caused by: failed to execute `cargo build`: exited with exit status: 101
  full command: cd "web" && CARGO_BUILD_TARGET="wasm32-unknown-unknown" "cargo" "build" "--tests" "--no-default-features" "--features" "page" "--bin" "boardstudio-web"
