Traceback (most recent call last):
  File "/home/chris/.local/share/boardstudio/worktrees/migration-m1-continuation-20261001/.scratch/dioxus-frontend-v1/evidence/pcb-routed-case-viewer-20261005/run-case-keycaps-focused.py", line 29, in <module>
    listed = r.list_wasm_tests(env, root)
  File "/home/chris/.local/share/boardstudio/worktrees/migration-m1-continuation-20261001/scripts/run-wasm-tests.py", line 235, in list_wasm_tests
    raise RunnerError("could not list wasm tests" + detail + ":\n"
                      + "\n".join((result.stdout + result.stderr).strip().splitlines()[-30:]))
runner.RunnerError: could not list wasm tests (runner exit 1):
    --> src/presentation/mechanical_settings.rs:3320:37
     |
3320 | ...                   let mut sequence = props.request_sequence;
     |                           ----^^^^^^^^
     |                           |
     |                           help: remove this `mut`

warning: variable does not need to be mutable
    --> src/presentation/mechanical_settings.rs:4767:13
     |
4767 |         let mut extracted_definition_ids = use_signal(Vec::<String>::new);
     |             ----^^^^^^^^^^^^^^^^^^^^^^^^
     |             |
     |             help: remove this `mut`

warning: variable does not need to be mutable
    --> src/presentation/parts/preview.rs:1120:13
     |
1120 |         let mut selection = use_signal(|| None::<(Option<Scope>, String)>);
     |             ----^^^^^^^^^
     |             |
     |             help: remove this `mut`

For more information about this error, try `rustc --explain E0425`.
warning: `boardstudio-web` (bin "boardstudio-web" test) generated 17 warnings
error: could not compile `boardstudio-web` (bin "boardstudio-web" test) due to 1 previous error; 17 warnings emitted
Error: Running Wasm tests with wasm-bindgen-test failed
Caused by: Running Wasm tests with wasm-bindgen-test failed
Caused by: failed to execute `cargo test`: exited with exit status: 101
  full command: cd "web" && CARGO_TARGET_WASM32_UNKNOWN_UNKNOWN_RUNNER="/home/chris/.cache/.wasm-pack/wasm-bindgen-9411bdb1a3e2bbb9/wasm-bindgen-test-runner" CHROMEDRIVER="/usr/bin/chromedriver" WASM_BINDGEN_TEST_ONLY_WEB="1" "cargo" "test" "--target" "wasm32-unknown-unknown" "--no-default-features" "--features" "page" "--bin" "boardstudio-web" "--" "--list"
