warning: struct `BundledModel` is never constructed
 --> src/bundled_models.rs:2:19
  |
2 | pub(crate) struct BundledModel {
  |                   ^^^^^^^^^^^^
  |
  = note: `#[warn(dead_code)]` (part of `#[warn(unused)]`) on by default

warning: static `BUNDLED_MODELS` is never used
 --> /home/chris/.local/share/boardstudio/worktrees/f56-physical-intents-ticket06-20261002/web/target/debug/build/boardstudio-web-0d582d7570962d38/out/bundled_ergogen_models.rs:1:19
  |
1 | pub(super) static BUNDLED_MODELS: &[BundledModel] = &[
  |                   ^^^^^^^^^^^^^^

warning: function `bundled_model` is never used
  --> src/bundled_models.rs:12:15
   |
12 | pub(crate) fn bundled_model(id: &str) -> Option<&'static BundledModel> {
   |               ^^^^^^^^^^^^^

warning: struct `PreparedArchive` is never constructed
 --> src/portable_archive.rs:5:19
  |
5 | pub(crate) struct PreparedArchive {
  |                   ^^^^^^^^^^^^^^^

warning: function `prepare_archive` is never used
  --> src/portable_archive.rs:10:15
   |
10 | pub(crate) fn prepare_archive(
   |               ^^^^^^^^^^^^^^^

warning: function `hex_digest` is never used
  --> src/portable_archive.rs:98:4
   |
98 | fn hex_digest(bytes: &[u8]) -> String {
   |    ^^^^^^^^^^

warning: function `referenced_models` is never used
   --> src/portable_archive.rs:110:15
    |
110 | pub(crate) fn referenced_models(
    |               ^^^^^^^^^^^^^^^^^

   Compiling boardstudio-web v0.1.0 (/home/chris/.local/share/boardstudio/worktrees/matrix-field-owner-repair-20261002/web)
warning: `boardstudio-web` (bin "boardstudio-web") generated 7 warnings
    Finished `test` profile [unoptimized + debuginfo] target(s) in 0.87s
     Running tests/matrix_field_lifecycle.rs (/home/chris/.local/share/boardstudio/worktrees/f56-physical-intents-ticket06-20261002/web/target/debug/deps/matrix_field_lifecycle-f57f0a479b7afae4)

running 4 tests
test presentation::unrelated_revision_keeps_the_same_owners_uncommitted_draft ... ok
test presentation::layout_name_target_switch_resets_the_name_draft ... FAILED
test presentation::dirty_fields_do_not_follow_an_equal_baseline_to_another_matrix ... FAILED
test presentation::same_owner_pending_and_saved_feedback_settle_the_actual_field ... ok

failures:

---- presentation::layout_name_target_switch_resets_the_name_draft stdout ----

thread 'presentation::layout_name_target_switch_resets_the_name_draft' (2564884) panicked at tests/matrix_field_lifecycle/harness.rs:245:5:
assertion failed: probe.requests.borrow().is_empty()

---- presentation::dirty_fields_do_not_follow_an_equal_baseline_to_another_matrix stdout ----

thread 'presentation::dirty_fields_do_not_follow_an_equal_baseline_to_another_matrix' (2564883) panicked at tests/matrix_field_lifecycle/harness.rs:198:9:
A's dirty Matrix name must not submit to B: [MatrixEditRequest { owner: MatrixInspectorOwner { editor_instance_id: 1, context_generation: 1, scope_generation: 1, scope: Scope { session_epoch: SessionEpoch(1), document_id: "project", board_id: "board", instance_id: None }, matrix_id: "B", name_target: Matrix }, request_id: 1, snapshot_token: SnapshotToken(1), revision: 1, field: Name, baseline: Name(Some("Same")), value: Name(Some("Draft A")) }]
note: run with `RUST_BACKTRACE=1` environment variable to display a backtrace


failures:
    presentation::dirty_fields_do_not_follow_an_equal_baseline_to_another_matrix
    presentation::layout_name_target_switch_resets_the_name_draft

test result: FAILED. 2 passed; 2 failed; 0 ignored; 0 measured; 0 filtered out; finished in 0.00s

error: test failed, to rerun pass `--test matrix_field_lifecycle`
