    Checking boardstudio-contracts v0.1.0 (/home/chris/.local/share/boardstudio/worktrees/matrix-field-owner-repair-20261002/contracts/rust)
   Compiling tokio-macros v2.7.2
   Compiling boardstudio-web v0.1.0 (/home/chris/.local/share/boardstudio/worktrees/matrix-field-owner-repair-20261002/web)
    Checking boardstudio_core v0.1.0 (/home/chris/.local/share/boardstudio/worktrees/matrix-field-owner-repair-20261002/core)
    Checking tokio v1.53.1
    Checking boardstudio-application v0.1.0 (/home/chris/.local/share/boardstudio/worktrees/matrix-field-owner-repair-20261002/application)
error: this `if` statement can be collapsed
   --> src/presentation/setup_guide.rs:137:33
    |
137 | / ...                   if event.key() == Key::Enter {
138 | | ...                       if let Some(input) = event.data().try_as_web_event()
139 | | ...                           .and_then(|event| event.target())
140 | | ...                           .and_then(|target| target.dyn_into::<HtmlInputElement>().ok())
...   |
144 | | ...                   }
    | |_______________________^
    |
    = help: for further information visit https://rust-lang.github.io/rust-clippy/rust-1.98.0/index.html#collapsible_if
    = note: `-D clippy::collapsible-if` implied by `-D warnings`
    = help: to override `-D warnings` add `#[allow(clippy::collapsible_if)]`
help: collapse nested if block
    |
137 ~                                 if event.key() == Key::Enter
138 ~                                     && let Some(input) = event.data().try_as_web_event()
139 |                                         .and_then(|event| event.target())
...
142 |                                         let _ = input.blur();
143 ~                                     }
    |

error: this `if` statement can be collapsed
    --> src/presentation.rs:1088:9
     |
1088 | /         if let Some((project_id, name)) = project_name_for_draft {
1089 | |             if guide_name_draft()
1090 | |                 .as_ref()
1091 | |                 .is_none_or(|(current_id, _)| current_id != &project_id)
...    |
1095 | |         }
     | |_________^
     |
     = help: for further information visit https://rust-lang.github.io/rust-clippy/rust-1.98.0/index.html#collapsible_if
help: collapse nested if block
     |
1088 ~         if let Some((project_id, name)) = project_name_for_draft
1089 ~             && guide_name_draft()
1090 |                 .as_ref()
 ...
1093 |                 guide_name_draft.set(Some((project_id, name)));
1094 ~             }
     |

error: could not compile `boardstudio-web` (bin "boardstudio-web") due to 2 previous errors
warning: build failed, waiting for other jobs to finish...
error: could not compile `boardstudio-web` (bin "boardstudio-web" test) due to 2 previous errors
