
$ cargo clippy --manifest-path web/Cargo.toml --all-targets --no-default-features --features page --target wasm32-unknown-unknown -- -D warnings
    Checking boardstudio-web v0.1.0 (/home/chris/.local/share/boardstudio/worktrees/parts-f32c-placement-20261002/web)
    Finished `dev` profile [unoptimized + debuginfo] target(s) in 6.27s

$ env CHROMEDRIVER=/usr/bin/chromedriver wasm-pack test --headless --chrome --mode no-install web --no-default-features --features page --bin boardstudio-web -- placement_action_tests
   Compiling boardstudio-web v0.1.0 (/home/chris/.local/share/boardstudio/worktrees/parts-f32c-placement-20261002/web)
    Finished `dev` profile [unoptimized + debuginfo] target(s) in 8.92s
[INFO]: ⬇️  Installing wasm-bindgen...
    Blocking waiting for file lock on package cache
    Finished `test` profile [unoptimized + debuginfo] target(s) in 0.23s
     Running unittests src/main.rs (target/wasm32-unknown-unknown/debug/deps/boardstudio_web-cbf7f97023eaa3ce.wasm)
Running headless tests in Chrome on `http://127.0.0.1:44325/`
Try find `webdriver.json` for configure browser's capabilities:
Not found
Loading Wasm module...

running 3 tests
test presentation::parts::placement_action_tests::inspector_disables_a_switch_without_independent_press_contacts ... ok
test presentation::parts::placement_action_tests::inspector_disables_a_non_input_definition_for_a_selected_key ... ok
test presentation::parts::placement_action_tests::inspector_click_routes_a_switch_to_the_selected_key_action ... ok

test result: ok. 3 passed; 0 failed; 0 ignored; 77 filtered out; finished in 0.23s


$ env CHROMEDRIVER=/usr/bin/chromedriver wasm-pack test --headless --chrome --mode no-install web --no-default-features --features page --bin boardstudio-web -- part_placement
    Finished `dev` profile [unoptimized + debuginfo] target(s) in 0.14s
[INFO]: ⬇️  Installing wasm-bindgen...
    Finished `test` profile [unoptimized + debuginfo] target(s) in 0.13s
     Running unittests src/main.rs (target/wasm32-unknown-unknown/debug/deps/boardstudio_web-cbf7f97023eaa3ce.wasm)
Running headless tests in Chrome on `http://127.0.0.1:41567/`
Try find `webdriver.json` for configure browser's capabilities:
Not found
Loading Wasm module...

running 34 tests
test presentation::part_placement::tests::terminal_cancellation_does_not_redirect_but_rejection_can_return_to_source_panel ... ok
test presentation::part_placement::tests::standalone_placement_accepts_a_non_controller_and_updates_memberships_atomically ... ok
test presentation::part_placement::tests::selected_key_edit_rejection_is_reported_to_the_current_parts_owner ... ok
test presentation::part_placement::tests::selected_key_application_uses_set_matrix_and_preserves_other_cell_fields ... ok
test presentation::part_placement::tests::retained_object_action_cannot_start_for_a_refreshed_snapshot ... ok
test presentation::part_placement::tests::retained_component_action_cannot_retarget_a_new_owner_or_wrong_workspace ... ok
test presentation::part_placement::tests::production_hook_waits_through_saving_before_returning_to_wiring ... ok
test presentation::part_placement::tests::production_hook_suppresses_actionable_failure_after_board_or_project_switch ... ok
test presentation::part_placement::tests::production_hook_routes_persistence_failure_back_but_terminal_cancel_does_not_redirect ... ok
test presentation::part_placement::tests::production_hook_returns_to_wiring_only_after_matching_ready_saved_commit ... ok
test presentation::part_placement::tests::production_hook_retires_stale_preparation_and_accepts_a_fresh_place_request ... ok
test presentation::part_placement::tests::production_hook_registers_the_observer_before_synchronous_submit_settlement ... ok
test presentation::part_placement::tests::production_hook_registers_before_submit_and_retains_outcome_after_unmount ... ok
test presentation::part_placement::tests::production_hook_owns_canvas_during_definition_preparation_and_escape_restores_guide ... ok
test presentation::part_placement::tests::production_hook_never_redirects_a_stale_board_or_project_owner ... ok
test presentation::part_placement::tests::production_hook_does_not_read_signals_after_unmount_while_waiting_for_saved_state ... ok
test presentation::part_placement::tests::placement_geometry_snap_uses_pending_definition_and_current_gap_preference ... ok
test presentation::part_placement::tests::placement_commits_only_on_primary_pointer_release ... ok
test presentation::part_placement::tests::parts_inspector_action_does_not_apply_to_a_key_selected_after_loading_started ... ok
test presentation::part_placement::tests::parts_inspector_action_applies_selected_key_through_production_edit_handler ... ok
test presentation::part_placement::tests::only_the_exact_completed_operation_with_matching_ready_saved_document_can_return_to_wiring ... ok
test presentation::part_placement::tests::mounted_controller_start_is_rejected_while_mirrored_pair_owns_the_canvas ... ok
test presentation::part_placement::tests::linked_target_key_replacement_stays_local_through_core_sync_and_history ... ok
test presentation::part_placement::tests::initial_placement_uses_world_view_center_after_pan ... ok
test presentation::part_placement::tests::general_component_placement_starts_without_the_setup_guide_and_uses_kind_reference ... ok
test presentation::part_placement::tests::delayed_selected_key_load_error_is_ignored_after_accepted_snapshot_refresh ... ok
test presentation::part_placement::tests::cursor_placement_uses_project_grid_and_alt_free_position_policy ... ok
test presentation::part_placement::tests::controller_references_follow_existing_u_sequence_without_reusing_occupied_numbers ... ok
test presentation::part_placement::tests::controller_creation_is_one_document_edit_with_board_and_envelope_membership ... ok
test presentation::part_placement::tests::controller_creation_adds_selected_layout_membership_and_keeps_other_layouts_untouched ... ok
test presentation::part_placement::tests::conflicting_definitions_and_missing_layout_targets_reject_without_mutating_source ... ok
test presentation::part_placement::tests::component_references_use_react_kind_prefixes_and_lowest_free_number ... ok
test presentation::part_placement::tests::commit_observer_matches_exact_operation_slot_and_retains_terminal_after_owner_drop ... ok
test presentation::part_placement::tests::captured_owner_rejects_changed_snapshot_scope_generation_or_guide_stage ... ok

test result: ok. 34 passed; 0 failed; 0 ignored; 46 filtered out; finished in 1.02s


$ git diff --check
