   Compiling boardstudio-web v0.1.0 (/home/chris/.local/share/boardstudio/worktrees/parts-f32c-placement-20261002/web)
warning: unused variable: `expected_workspace`
   --> src/presentation/part_placement.rs:913:17
    |
913 |             let expected_workspace = match action {
    |                 ^^^^^^^^^^^^^^^^^^ help: if this is intentional, prefix it with an underscore: `_expected_workspace`
    |
    = note: `#[warn(unused_variables)]` (part of `#[warn(unused)]`) on by default

warning: unused variable: `action_owner`
   --> src/presentation/part_placement.rs:902:9
    |
902 |     let action_owner = ComponentActionOwner::capture(
    |         ^^^^^^^^^^^^ help: if this is intentional, prefix it with an underscore: `_action_owner`

warning: unused variable: `runtime`
   --> src/presentation/part_placement.rs:910:13
    |
910 |         let runtime = runtime.clone();
    |             ^^^^^^^ help: if this is intentional, prefix it with an underscore: `_runtime`

warning: unused variable: `selected_context`
   --> src/presentation/part_placement.rs:911:13
    |
911 |         let selected_context = adapter.selected_context;
    |             ^^^^^^^^^^^^^^^^ help: if this is intentional, prefix it with an underscore: `_selected_context`

warning: fields `accepted`, `scope`, `generation`, `workspace`, and `selected_context` are never read
   --> src/presentation/part_placement.rs:344:5
    |
343 | struct ComponentActionOwner {
    |        -------------------- fields in this struct
344 |     accepted: AcceptedSnapshot,
    |     ^^^^^^^^
345 |     scope: Scope,
    |     ^^^^^
346 |     generation: u64,
    |     ^^^^^^^^^^
347 |     workspace: &'static str,
    |     ^^^^^^^^^
348 |     selected_context: Option<ScopedTreeContext>,
    |     ^^^^^^^^^^^^^^^^
    |
    = note: `ComponentActionOwner` has a derived impl for the trait `Clone`, but this is intentionally ignored during dead code analysis
    = note: `#[warn(dead_code)]` (part of `#[warn(unused)]`) on by default

warning: method `is_current` is never used
   --> src/presentation/part_placement.rs:376:8
    |
351 | impl ComponentActionOwner {
    | ------------------------- method in this implementation
...
376 |     fn is_current(
    |        ^^^^^^^^^^

warning: `boardstudio-web` (bin "boardstudio-web") generated 6 warnings (run `cargo fix --bin "boardstudio-web" -p boardstudio-web` to apply 4 suggestions)
warning: `boardstudio-web` (bin "boardstudio-web" test) generated 6 warnings (6 duplicates)
    Finished `dev` profile [unoptimized + debuginfo] target(s) in 11.92s
[INFO]: ⬇️  Installing wasm-bindgen...
warning: unused variable: `expected_workspace`
   --> src/presentation/part_placement.rs:913:17
    |
913 |             let expected_workspace = match action {
    |                 ^^^^^^^^^^^^^^^^^^ help: if this is intentional, prefix it with an underscore: `_expected_workspace`
    |
    = note: `#[warn(unused_variables)]` (part of `#[warn(unused)]`) on by default

warning: unused variable: `action_owner`
   --> src/presentation/part_placement.rs:902:9
    |
902 |     let action_owner = ComponentActionOwner::capture(
    |         ^^^^^^^^^^^^ help: if this is intentional, prefix it with an underscore: `_action_owner`

warning: unused variable: `runtime`
   --> src/presentation/part_placement.rs:910:13
    |
910 |         let runtime = runtime.clone();
    |             ^^^^^^^ help: if this is intentional, prefix it with an underscore: `_runtime`

warning: unused variable: `selected_context`
   --> src/presentation/part_placement.rs:911:13
    |
911 |         let selected_context = adapter.selected_context;
    |             ^^^^^^^^^^^^^^^^ help: if this is intentional, prefix it with an underscore: `_selected_context`

warning: fields `accepted`, `scope`, `generation`, `workspace`, and `selected_context` are never read
   --> src/presentation/part_placement.rs:344:5
    |
343 | struct ComponentActionOwner {
    |        -------------------- fields in this struct
344 |     accepted: AcceptedSnapshot,
    |     ^^^^^^^^
345 |     scope: Scope,
    |     ^^^^^
346 |     generation: u64,
    |     ^^^^^^^^^^
347 |     workspace: &'static str,
    |     ^^^^^^^^^
348 |     selected_context: Option<ScopedTreeContext>,
    |     ^^^^^^^^^^^^^^^^
    |
    = note: `ComponentActionOwner` has a derived impl for the trait `Clone`, but this is intentionally ignored during dead code analysis
    = note: `#[warn(dead_code)]` (part of `#[warn(unused)]`) on by default

warning: method `is_current` is never used
   --> src/presentation/part_placement.rs:376:8
    |
351 | impl ComponentActionOwner {
    | ------------------------- method in this implementation
...
376 |     fn is_current(
    |        ^^^^^^^^^^

warning: `boardstudio-web` (bin "boardstudio-web" test) generated 6 warnings (run `cargo fix --bin "boardstudio-web" -p boardstudio-web --tests` to apply 4 suggestions)
    Finished `test` profile [unoptimized + debuginfo] target(s) in 0.34s
     Running unittests src/main.rs (target/wasm32-unknown-unknown/debug/deps/boardstudio_web-cbf7f97023eaa3ce.wasm)
Running headless tests in Chrome on `http://127.0.0.1:35309/`
Try find `webdriver.json` for configure browser's capabilities:
Not found
Loading Wasm module...

running 1 test
test presentation::part_placement::tests::retained_object_action_cannot_start_for_a_refreshed_snapshot ... FAIL

failures:

---- presentation::part_placement::tests::retained_object_action_cannot_start_for_a_refreshed_snapshot output ----
    error output:
        panicked at src/presentation/part_placement.rs:2418:9:
        assertion failed: probe.loader_waker.borrow().is_none()
        
        Stack:
        
        Error
            at http://127.0.0.1:41553/wasm-bindgen-test:1593:25
            at logError (http://127.0.0.1:41553/wasm-bindgen-test:2697:18)
            at __wbg_new_9a14630036bbdb92 (http://127.0.0.1:41553/wasm-bindgen-test:1592:57)
            at boardstudio_web-cbf7f97023eaa3ce.wasm.<<wasm_bindgen_test[dbba4523c43e7f95]::__rt::Context>::new::panic_handling::Error>::new::__wbg_new_9a14630036bbdb92 externref shim (http://127.0.0.1:41553/wasm-bindgen-test_bg.wasm:wasm-function[125288]:0x1913eda)
            at boardstudio_web-cbf7f97023eaa3ce.wasm.<<wasm_bindgen_test[dbba4523c43e7f95]::__rt::Context>::new::panic_handling::Error>::new (http://127.0.0.1:41553/wasm-bindgen-test_bg.wasm:wasm-function[70995]:0x16c0cdd)
            at boardstudio_web-cbf7f97023eaa3ce.wasm.<wasm_bindgen_test[dbba4523c43e7f95]::__rt::Context>::new::panic_handling (http://127.0.0.1:41553/wasm-bindgen-test_bg.wasm:wasm-function[27096]:0x11c8036)
            at boardstudio_web-cbf7f97023eaa3ce.wasm.<wasm_bindgen_test[dbba4523c43e7f95]::__rt::Context>::new::{closure#0}::{closure#0} (http://127.0.0.1:41553/wasm-bindgen-test_bg.wasm:wasm-function[74794]:0x16fadc9)
            at boardstudio_web-cbf7f97023eaa3ce.wasm.std[2b356c9112ee3216]::panicking::panic_with_hook (http://127.0.0.1:41553/wasm-bindgen-test_bg.wasm:wasm-function[23227]:0x10f0493)
            at boardstudio_web-cbf7f97023eaa3ce.wasm.std[2b356c9112ee3216]::panicking::panic_handler::{closure#0} (http://127.0.0.1:41553/wasm-bindgen-test_bg.wasm:wasm-function[44091]:0x146e9db)
            at boardstudio_web-cbf7f97023eaa3ce.wasm.std[2b356c9112ee3216]::sys::backtrace::__rust_end_short_backtrace::<std[2b356c9112ee3216]::panicking::panic_handler::{closure#0}, !> (http://127.0.0.1:41553/wasm-bindgen-test_bg.wasm:wasm-function[127037]:0x1919339)
        
        
    
    JS exception that was thrown:
        RuntimeError: unreachable
            at boardstudio_web-cbf7f97023eaa3ce.wasm.__rustc[4b1ee1ef74718a7b]::__rust_abort (http://127.0.0.1:41553/wasm-bindgen-test_bg.wasm:wasm-function[127468]:0x191a012)
            at boardstudio_web-cbf7f97023eaa3ce.wasm.__rustc[4b1ee1ef74718a7b]::__rust_start_panic (http://127.0.0.1:41553/wasm-bindgen-test_bg.wasm:wasm-function[127394]:0x1919ebe)
            at boardstudio_web-cbf7f97023eaa3ce.wasm.__rustc[4b1ee1ef74718a7b]::rust_panic (http://127.0.0.1:41553/wasm-bindgen-test_bg.wasm:wasm-function[125679]:0x19154d8)
            at boardstudio_web-cbf7f97023eaa3ce.wasm.std[2b356c9112ee3216]::panicking::panic_with_hook (http://127.0.0.1:41553/wasm-bindgen-test_bg.wasm:wasm-function[23227]:0x10f0506)
            at boardstudio_web-cbf7f97023eaa3ce.wasm.std[2b356c9112ee3216]::panicking::panic_handler::{closure#0} (http://127.0.0.1:41553/wasm-bindgen-test_bg.wasm:wasm-function[44091]:0x146e9db)
            at boardstudio_web-cbf7f97023eaa3ce.wasm.std[2b356c9112ee3216]::sys::backtrace::__rust_end_short_backtrace::<std[2b356c9112ee3216]::panicking::panic_handler::{closure#0}, !> (http://127.0.0.1:41553/wasm-bindgen-test_bg.wasm:wasm-function[127037]:0x1919339)
            at boardstudio_web-cbf7f97023eaa3ce.wasm.__rustc[4b1ee1ef74718a7b]::rust_begin_unwind (http://127.0.0.1:41553/wasm-bindgen-test_bg.wasm:wasm-function[98167]:0x1822fc3)
            at boardstudio_web-cbf7f97023eaa3ce.wasm.core[f0fd674eaa06beef]::panicking::panic_fmt (http://127.0.0.1:41553/wasm-bindgen-test_bg.wasm:wasm-function[73955]:0x16ee6aa)
            at boardstudio_web-cbf7f97023eaa3ce.wasm.core[f0fd674eaa06beef]::panicking::panic (http://127.0.0.1:41553/wasm-bindgen-test_bg.wasm:wasm-function[124717]:0x19112e2)
            at boardstudio_web-cbf7f97023eaa3ce.wasm.boardstudio_web[6cb213120d1a6e42]::presentation::part_placement::tests::retained_object_action_cannot_start_for_a_refreshed_snapshot::{closure#0} (http://127.0.0.1:41553/wasm-bindgen-test_bg.wasm:wasm-function[2483]:0x691867)

failures:

    presentation::part_placement::tests::retained_object_action_cannot_start_for_a_refreshed_snapshot

test result: FAILED. 0 passed; 1 failed; 0 ignored; 79 filtered out; finished in 0.07s

console output:
    using deprecated parameters for the initialization function; pass a single object instead
    Invoking test: presentation::part_placement::tests::retained_object_action_cannot_start_for_a_refreshed_snapshot
    panicked at src/presentation/part_placement.rs:2418:9:
    assertion failed: probe.loader_waker.borrow().is_none()
    
    Stack:
    
    Error
        at http://127.0.0.1:41553/wasm-bindgen-test:1593:25
        at logError (http://127.0.0.1:41553/wasm-bindgen-test:2697:18)
        at __wbg_new_9a14630036bbdb92 (http://127.0.0.1:41553/wasm-bindgen-test:1592:57)
        at boardstudio_web-cbf7f97023eaa3ce.wasm.<<wasm_bindgen_test[dbba4523c43e7f95]::__rt::Context>::new::panic_handling::Error>::new::__wbg_new_9a14630036bbdb92 externref shim (http://127.0.0.1:41553/wasm-bindgen-test_bg.wasm:wasm-function[125288]:0x1913eda)
        at boardstudio_web-cbf7f97023eaa3ce.wasm.<<wasm_bindgen_test[dbba4523c43e7f95]::__rt::Context>::new::panic_handling::Error>::new (http://127.0.0.1:41553/wasm-bindgen-test_bg.wasm:wasm-function[70995]:0x16c0cdd)
        at boardstudio_web-cbf7f97023eaa3ce.wasm.<wasm_bindgen_test[dbba4523c43e7f95]::__rt::Context>::new::panic_handling (http://127.0.0.1:41553/wasm-bindgen-test_bg.wasm:wasm-function[27096]:0x11c8036)
        at boardstudio_web-cbf7f97023eaa3ce.wasm.<wasm_bindgen_test[dbba4523c43e7f95]::__rt::Context>::new::{closure#0}::{closure#0} (http://127.0.0.1:41553/wasm-bindgen-test_bg.wasm:wasm-function[74794]:0x16fadc9)
        at boardstudio_web-cbf7f97023eaa3ce.wasm.std[2b356c9112ee3216]::panicking::panic_with_hook (http://127.0.0.1:41553/wasm-bindgen-test_bg.wasm:wasm-function[23227]:0x10f0493)
        at boardstudio_web-cbf7f97023eaa3ce.wasm.std[2b356c9112ee3216]::panicking::panic_handler::{closure#0} (http://127.0.0.1:41553/wasm-bindgen-test_bg.wasm:wasm-function[44091]:0x146e9db)
        at boardstudio_web-cbf7f97023eaa3ce.wasm.std[2b356c9112ee3216]::sys::backtrace::__rust_end_short_backtrace::<std[2b356c9112ee3216]::panicking::panic_handler::{closure#0}, !> (http://127.0.0.1:41553/wasm-bindgen-test_bg.wasm:wasm-function[127037]:0x1919339)
    
    
Error: some tests failed
error: test failed, to rerun pass `--bin boardstudio-web`

Caused by:
  process didn't exit successfully: `/home/chris/.cache/.wasm-pack/wasm-bindgen-9411bdb1a3e2bbb9/wasm-bindgen-test-runner /home/chris/.local/share/boardstudio/worktrees/parts-f32c-placement-20261002/web/target/wasm32-unknown-unknown/debug/deps/boardstudio_web-cbf7f97023eaa3ce.wasm retained_object_action_cannot_start_for_a_refreshed_snapshot` (exit status: 1)
note: test exited abnormally; to see the full output pass --no-capture to the harness.
Error: Running Wasm tests with wasm-bindgen-test failed
Caused by: Running Wasm tests with wasm-bindgen-test failed
Caused by: failed to execute `cargo test`: exited with exit status: 1
  full command: cd "web" && CARGO_TARGET_WASM32_UNKNOWN_UNKNOWN_RUNNER="/home/chris/.cache/.wasm-pack/wasm-bindgen-9411bdb1a3e2bbb9/wasm-bindgen-test-runner" CHROMEDRIVER="/usr/bin/chromedriver" WASM_BINDGEN_TEST_ONLY_WEB="1" "cargo" "test" "--target" "wasm32-unknown-unknown" "--no-default-features" "--features" "page" "--bin" "boardstudio-web" "--" "retained_object_action_cannot_start_for_a_refreshed_snapshot"
