core: wasm-pack build /home/chris/.local/share/boardstudio/worktrees/m1-interactions-worker-20261001/core --target web --release --locked
core-worker: wasm-pack build /home/chris/.local/share/boardstudio/worktrees/m1-interactions-worker-20261001/web --target web --out-name m1_core_worker --out-dir /home/chris/.local/share/boardstudio/worktrees/m1-interactions-worker-20261001/web/target/builds/interactions-baseline-20261001-b/core-worker --release --locked --no-default-features --features core-worker
renderer: wasm-pack build /home/chris/.local/share/boardstudio/worktrees/m1-interactions-worker-20261001/renderer --target web --out-dir /home/chris/.local/share/boardstudio/worktrees/m1-interactions-worker-20261001/web/target/builds/interactions-baseline-20261001-b/renderer --out-name boardstudio_renderer_wasm --release --locked
cad: pnpm --dir cad run build:wasm
Traceback (most recent call last):
  File "/home/chris/.local/share/boardstudio/worktrees/m1-interactions-worker-20261001/scripts/build-m1.py", line 81, in <module>
    main()
    ~~~~^^
  File "/home/chris/.local/share/boardstudio/worktrees/m1-interactions-worker-20261001/scripts/build-m1.py", line 52, in main
    run("cad", ["pnpm", "--dir", "cad", "run", "build:wasm"])
    ~~~^^^^^^^^^^^^^^^^^^^^^^^^^^^^^^^^^^^^^^^^^^^^^^^^^^^^^^
  File "/home/chris/.local/share/boardstudio/worktrees/m1-interactions-worker-20261001/scripts/build-m1.py", line 42, in run
    result = subprocess.run(list(map(str, command)), cwd=cwd, env=dict(environment, **(extra_env or {})), stdout=stream, stderr=subprocess.STDOUT)
  File "/usr/lib/python3.14/subprocess.py", line 557, in run
    stdout, stderr = process.communicate(input, timeout=timeout)
                     ~~~~~~~~~~~~~~~~~~~^^^^^^^^^^^^^^^^^^^^^^^^
  File "/usr/lib/python3.14/subprocess.py", line 1213, in communicate
    self.wait()
    ~~~~~~~~~^^
  File "/usr/lib/python3.14/subprocess.py", line 1279, in wait
    return self._wait(timeout=timeout)
           ~~~~~~~~~~^^^^^^^^^^^^^^^^^
  File "/usr/lib/python3.14/subprocess.py", line 2084, in _wait
    (pid, sts) = self._try_wait(0)
                 ~~~~~~~~~~~~~~^^^
  File "/usr/lib/python3.14/subprocess.py", line 2042, in _try_wait
    (pid, sts) = os.waitpid(self.pid, wait_flags)
                 ~~~~~~~~~~^^^^^^^^^^^^^^^^^^^^^^
KeyboardInterrupt
