Traceback (most recent call last):
  File "/home/chris/.local/share/boardstudio/worktrees/m1-interactions-worker-20261001/scripts/build-m1core-worker: wasm-pack build /home/chris/.local/share/boardstudio/worktrees/m1-interactions-worker-20261001/web --target web --out-name m1_core_worker --out-dir /home/chris/.local/share/boardstudio/worktrees/m1-interactions-worker-20261001/web/target/builds/interactions-baseline-20261001/core-worker --release --locked --no-default-features --features core-worker
renderer: wasm-pack build /home/chris/.local/share/boardstudio/worktrees/m1-interactions-worker-20261001/renderer --target web --out-dir /home/chris/.local/share/boardstudio/worktrees/m1-interactions-worker-20261001/web/target/builds/interactions-baseline-20261001/renderer --out-name boardstudio_renderer_wasm --release --locked
cad: pnpm --dir cad run build:wasm
$ node scripts/build-cadrum-wasm.mjs
file:///home/chris/.local/share/boardstudio/worktrees/m1-interactions-worker-20261001/cad/scripts/build-cadrum-wasm.mjs:12
if (prepare.status !== 0) throw new Error(prepare.stderr || 'Could not prepare verified OCCT WASM libraries');
                                ^

Error: node:internal/fs/promises:1576
  return await PromisePrototypeThen(
         ^

Error: ENOENT: no such file or directory, rename '/home/chris/.local/share/boardstudio/worktrees/m1-interactions-worker-20261001/cad/.cache/cadrum/wasm/occt-8_0_1_rev2-wasm32_unknown_unknown.tar.gz.download' -> '/home/chris/.local/share/boardstudio/worktrees/m1-interactions-worker-20261001/cad/.cache/cadrum/wasm/occt-8_0_1_rev2-wasm32_unknown_unknown.tar.gz'
    at async rename (node:internal/fs/promises:1576:10)
    at async file:///home/chris/.local/share/boardstudio/worktrees/m1-interactions-worker-20261001/cad/scripts/prepare-cadrum-occt.mjs:37:3 {
  errno: -2,
  code: 'ENOENT',
  syscall: 'rename',
  path: '/home/chris/.local/share/boardstudio/worktrees/m1-interactions-worker-20261001/cad/.cache/cadrum/wasm/occt-8_0_1_rev2-wasm32_unknown_unknown.tar.gz.download',
  dest: '/home/chris/.local/share/boardstudio/worktrees/m1-interactions-worker-20261001/cad/.cache/cadrum/wasm/occt-8_0_1_rev2-wasm32_unknown_unknown.tar.gz'
}

Node.js v26.10.0

    at file:///home/chris/.local/share/boardstudio/worktrees/m1-interactions-worker-20261001/cad/scripts/build-cadrum-wasm.mjs:12:33
    at ModuleJob.run (node:internal/modules/esm/module_job:569:25)
    at async node:internal/modules/esm/loader:650:26
    at async asyncRunEntryPointWithESMLoader (node:internal/modules/run_main:105:5)

Node.js v26.10.0
[ELIFECYCLE] Command failed with exit code 1.

