...........page-check: cargo check --manifest-path web/Cargo.toml --locked --target wasm32-unknown-unknown --no-default-features --features page --bin boardstudio-web
fixtures: node /tmp/tmp6w8cn2sx/scripts/prepare-m1-fixtures.mjs /tmp/tmp6w8cn2sx/web/target/builds/fixture-candidate/fixtures
page-root: dx build --web --release --base-path / --no-default-features --features page --cargo-args=--locked
offline-worker-root: wasm-pack build /tmp/tmp6w8cn2sx/web --target web --out-name boardstudio_offline_worker --out-dir /tmp/tmp6w8cn2sx/web/target/builds/fixture-candidate/offline-root --release --locked --no-default-features --features service-worker
embed-offline-root: node /tmp/tmp6w8cn2sx/scripts/web/embed-worker-wasm.mjs /tmp/tmp6w8cn2sx/web/target/builds/fixture-candidate/offline-root /tmp/tmp6w8cn2sx/web/target/builds/fixture-candidate/offline-manifest-root.json /tmp/tmp6w8cn2sx/web/target/builds/fixture-candidate/site-root/service-worker.js
page-subpath: dx build --web --release --base-path /boardstudio/ --no-default-features --features page --cargo-args=--locked
offline-worker-subpath: wasm-pack build /tmp/tmp6w8cn2sx/web --target web --out-name boardstudio_offline_worker --out-dir /tmp/tmp6w8cn2sx/web/target/builds/fixture-candidate/offline-subpath --release --locked --no-default-features --features service-worker
embed-offline-subpath: node /tmp/tmp6w8cn2sx/scripts/web/embed-worker-wasm.mjs /tmp/tmp6w8cn2sx/web/target/builds/fixture-candidate/offline-subpath /tmp/tmp6w8cn2sx/web/target/builds/fixture-candidate/offline-manifest-subpath.json /tmp/tmp6w8cn2sx/web/target/builds/fixture-candidate/site-subpath/boardstudio/service-worker.js
/tmp/tmp6w8cn2sx/web/target/builds/fixture-candidate
..rustc-version: rustc --version
cargo-version: cargo --version
dx-version: dx --version
wasm-pack-version: wasm-pack --version
node-version: node --version
pnpm-version: pnpm --version
page-check: cargo check --manifest-path web/Cargo.toml --locked --target wasm32-unknown-unknown --no-default-features --features page --bin boardstudio-web
page frontend compile failed

.rustc-version: rustc --version
cargo-version: cargo --version
dx-version: dx --version
wasm-pack-version: wasm-pack --version
node-version: node --version
pnpm-version: pnpm --version
page-check: cargo check --manifest-path web/Cargo.toml --locked --target wasm32-unknown-unknown --no-default-features --features page --bin boardstudio-web
core: wasm-pack build /tmp/tmp7r93vg13/core --target web --release --locked
core-worker: wasm-pack build /tmp/tmp7r93vg13/web --target web --out-name m1_core_worker --out-dir /tmp/tmp7r93vg13/web/target/builds/full-stub/core-worker --release --locked --no-default-features --features core-worker
cad-worker: wasm-pack build /tmp/tmp7r93vg13/web --target web --out-name m1_cad_worker --out-dir /tmp/tmp7r93vg13/web/target/builds/full-stub/cad-worker --release --locked --no-default-features --features cad-worker
renderer: wasm-pack build /tmp/tmp7r93vg13/renderer --target web --out-dir /tmp/tmp7r93vg13/web/target/builds/full-stub/renderer --out-name boardstudio_renderer_wasm --release --locked
cad: pnpm --dir cad run build:wasm
fixtures: node /tmp/tmp7r93vg13/scripts/prepare-m1-fixtures.mjs /tmp/tmp7r93vg13/web/target/builds/full-stub/fixtures
ergogen-catalogue: pnpm --dir ergogen run prepare:catalog
layout-generators: node /tmp/tmp7r93vg13/scripts/web/build-layout-generators.mjs /tmp/tmp7r93vg13/web/assets
preview-generator: node /tmp/tmp7r93vg13/scripts/web/build-preview-generator.mjs /tmp/tmp7r93vg13/web/assets
ergogen-models: /usr/bin/python3 /tmp/tmp7r93vg13/scripts/stage-ergogen-models.py --source-root /tmp/tmp7r93vg13/ergogen/library/vendor --destination /tmp/tmp7r93vg13/web/assets/ergogen-models --manifest /tmp/tmp7r93vg13/web/target/builds/full-stub/ergogen-models-catalog.json
page-root: dx build --web --release --base-path / --no-default-features --features page --cargo-args=--locked
offline-worker-root: wasm-pack build /tmp/tmp7r93vg13/web --target web --out-name boardstudio_offline_worker --out-dir /tmp/tmp7r93vg13/web/target/builds/full-stub/offline-root --release --locked --no-default-features --features service-worker
embed-offline-root: node /tmp/tmp7r93vg13/scripts/web/embed-worker-wasm.mjs /tmp/tmp7r93vg13/web/target/builds/full-stub/offline-root /tmp/tmp7r93vg13/web/target/builds/full-stub/offline-manifest-root.json /tmp/tmp7r93vg13/web/target/builds/full-stub/site-root/service-worker.js
page-subpath: dx build --web --release --base-path /boardstudio/ --no-default-features --features page --cargo-args=--locked
offline-worker-subpath: wasm-pack build /tmp/tmp7r93vg13/web --target web --out-name boardstudio_offline_worker --out-dir /tmp/tmp7r93vg13/web/target/builds/full-stub/offline-subpath --release --locked --no-default-features --features service-worker
embed-offline-subpath: node /tmp/tmp7r93vg13/scripts/web/embed-worker-wasm.mjs /tmp/tmp7r93vg13/web/target/builds/full-stub/offline-subpath /tmp/tmp7r93vg13/web/target/builds/full-stub/offline-manifest-subpath.json /tmp/tmp7r93vg13/web/target/builds/full-stub/site-subpath/boardstudio/service-worker.js
/tmp/tmp7r93vg13/web/target/builds/full-stub
.............page-check: cargo check --manifest-path web/Cargo.toml --locked --target wasm32-unknown-unknown --no-default-features --features page --bin boardstudio-web
page frontend compile failed

...page-check: cargo check --manifest-path web/Cargo.toml --locked --target wasm32-unknown-unknown --no-default-features --features page --bin boardstudio-web
layout-generators: node /tmp/tmp0p047v3w/scripts/web/build-layout-generators.mjs /tmp/tmp0p047v3w/web/target/builds/candidate/layout-generator-assets
preview-generator: node /tmp/tmp0p047v3w/scripts/web/build-preview-generator.mjs /tmp/tmp0p047v3w/web/target/builds/candidate/preview-generator-assets
page-root: dx build --web --release --base-path / --no-default-features --features page --cargo-args=--locked
offline-worker-root: wasm-pack build /tmp/tmp0p047v3w/web --target web --out-name boardstudio_offline_worker --out-dir /tmp/tmp0p047v3w/web/target/builds/candidate/offline-root --release --locked --no-default-features --features service-worker
embed-offline-root: node /tmp/tmp0p047v3w/scripts/web/embed-worker-wasm.mjs /tmp/tmp0p047v3w/web/target/builds/candidate/offline-root /tmp/tmp0p047v3w/web/target/builds/candidate/offline-manifest-root.json /tmp/tmp0p047v3w/web/target/builds/candidate/site-root/service-worker.js
page-subpath: dx build --web --release --base-path /boardstudio/ --no-default-features --features page --cargo-args=--locked
offline-worker-subpath: wasm-pack build /tmp/tmp0p047v3w/web --target web --out-name boardstudio_offline_worker --out-dir /tmp/tmp0p047v3w/web/target/builds/candidate/offline-subpath --release --locked --no-default-features --features service-worker
embed-offline-subpath: node /tmp/tmp0p047v3w/scripts/web/embed-worker-wasm.mjs /tmp/tmp0p047v3w/web/target/builds/candidate/offline-subpath /tmp/tmp0p047v3w/web/target/builds/candidate/offline-manifest-subpath.json /tmp/tmp0p047v3w/web/target/builds/candidate/site-subpath/boardstudio/service-worker.js
page-check: cargo check --manifest-path web/Cargo.toml --locked --target wasm32-unknown-unknown --no-default-features --features page --bin boardstudio-web
layout-generators: node /tmp/tmp57juipf1/scripts/web/build-layout-generators.mjs /tmp/tmp57juipf1/web/target/builds/candidate/layout-generator-assets
preview-generator: node /tmp/tmp57juipf1/scripts/web/build-preview-generator.mjs /tmp/tmp57juipf1/web/target/builds/candidate/preview-generator-assets
page-root: dx build --web --release --base-path / --no-default-features --features page --cargo-args=--locked
offline-worker-root: wasm-pack build /tmp/tmp57juipf1/web --target web --out-name boardstudio_offline_worker --out-dir /tmp/tmp57juipf1/web/target/builds/candidate/offline-root --release --locked --no-default-features --features service-worker
embed-offline-root: node /tmp/tmp57juipf1/scripts/web/embed-worker-wasm.mjs /tmp/tmp57juipf1/web/target/builds/candidate/offline-root /tmp/tmp57juipf1/web/target/builds/candidate/offline-manifest-root.json /tmp/tmp57juipf1/web/target/builds/candidate/site-root/service-worker.js
page-subpath: dx build --web --release --base-path /boardstudio/ --no-default-features --features page --cargo-args=--locked
offline-worker-subpath: wasm-pack build /tmp/tmp57juipf1/web --target web --out-name boardstudio_offline_worker --out-dir /tmp/tmp57juipf1/web/target/builds/candidate/offline-subpath --release --locked --no-default-features --features service-worker
embed-offline-subpath: node /tmp/tmp57juipf1/scripts/web/embed-worker-wasm.mjs /tmp/tmp57juipf1/web/target/builds/candidate/offline-subpath /tmp/tmp57juipf1/web/target/builds/candidate/offline-manifest-subpath.json /tmp/tmp57juipf1/web/target/builds/candidate/site-subpath/boardstudio/service-worker.js
page-check: cargo check --manifest-path web/Cargo.toml --locked --target wasm32-unknown-unknown --no-default-features --features page --bin boardstudio-web
layout-generators: node /tmp/tmpqpx1nscw/scripts/web/build-layout-generators.mjs /tmp/tmpqpx1nscw/web/target/builds/candidate/layout-generator-assets
preview-generator: node /tmp/tmpqpx1nscw/scripts/web/build-preview-generator.mjs /tmp/tmpqpx1nscw/web/target/builds/candidate/preview-generator-assets
page-root: dx build --web --release --base-path / --no-default-features --features page --cargo-args=--locked
offline-worker-root: wasm-pack build /tmp/tmpqpx1nscw/web --target web --out-name boardstudio_offline_worker --out-dir /tmp/tmpqpx1nscw/web/target/builds/candidate/offline-root --release --locked --no-default-features --features service-worker
embed-offline-root: node /tmp/tmpqpx1nscw/scripts/web/embed-worker-wasm.mjs /tmp/tmpqpx1nscw/web/target/builds/candidate/offline-root /tmp/tmpqpx1nscw/web/target/builds/candidate/offline-manifest-root.json /tmp/tmpqpx1nscw/web/target/builds/candidate/site-root/service-worker.js
page-subpath: dx build --web --release --base-path /boardstudio/ --no-default-features --features page --cargo-args=--locked
offline-worker-subpath: wasm-pack build /tmp/tmpqpx1nscw/web --target web --out-name boardstudio_offline_worker --out-dir /tmp/tmpqpx1nscw/web/target/builds/candidate/offline-subpath --release --locked --no-default-features --features service-worker
embed-offline-subpath: node /tmp/tmpqpx1nscw/scripts/web/embed-worker-wasm.mjs /tmp/tmpqpx1nscw/web/target/builds/candidate/offline-subpath /tmp/tmpqpx1nscw/web/target/builds/candidate/offline-manifest-subpath.json /tmp/tmpqpx1nscw/web/target/builds/candidate/site-subpath/boardstudio/service-worker.js
page-check: cargo check --manifest-path web/Cargo.toml --locked --target wasm32-unknown-unknown --no-default-features --features page --bin boardstudio-web
layout-generators: node /tmp/tmp2pynsoe_/scripts/web/build-layout-generators.mjs /tmp/tmp2pynsoe_/web/target/builds/candidate/layout-generator-assets
preview-generator: node /tmp/tmp2pynsoe_/scripts/web/build-preview-generator.mjs /tmp/tmp2pynsoe_/web/target/builds/candidate/preview-generator-assets
page-root: dx build --web --release --base-path / --no-default-features --features page --cargo-args=--locked
offline-worker-root: wasm-pack build /tmp/tmp2pynsoe_/web --target web --out-name boardstudio_offline_worker --out-dir /tmp/tmp2pynsoe_/web/target/builds/candidate/offline-root --release --locked --no-default-features --features service-worker
embed-offline-root: node /tmp/tmp2pynsoe_/scripts/web/embed-worker-wasm.mjs /tmp/tmp2pynsoe_/web/target/builds/candidate/offline-root /tmp/tmp2pynsoe_/web/target/builds/candidate/offline-manifest-root.json /tmp/tmp2pynsoe_/web/target/builds/candidate/site-root/service-worker.js
...page-check: cargo check --manifest-path web/Cargo.toml --locked --target wasm32-unknown-unknown --no-default-features --features page --bin boardstudio-web
layout-generators: node /tmp/tmpfxih1wua/scripts/web/build-layout-generators.mjs /tmp/tmpfxih1wua/web/target/builds/candidate/layout-generator-assets
preview-generator: node /tmp/tmpfxih1wua/scripts/web/build-preview-generator.mjs /tmp/tmpfxih1wua/web/target/builds/candidate/preview-generator-assets
page-root: dx build --web --release --base-path / --no-default-features --features page --cargo-args=--locked
offline-worker-root: wasm-pack build /tmp/tmpfxih1wua/web --target web --out-name boardstudio_offline_worker --out-dir /tmp/tmpfxih1wua/web/target/builds/candidate/offline-root --release --locked --no-default-features --features service-worker
embed-offline-root: node /tmp/tmpfxih1wua/scripts/web/embed-worker-wasm.mjs /tmp/tmpfxih1wua/web/target/builds/candidate/offline-root /tmp/tmpfxih1wua/web/target/builds/candidate/offline-manifest-root.json /tmp/tmpfxih1wua/web/target/builds/candidate/site-root/service-worker.js
page-subpath: dx build --web --release --base-path /boardstudio/ --no-default-features --features page --cargo-args=--locked
offline-worker-subpath: wasm-pack build /tmp/tmpfxih1wua/web --target web --out-name boardstudio_offline_worker --out-dir /tmp/tmpfxih1wua/web/target/builds/candidate/offline-subpath --release --locked --no-default-features --features service-worker
embed-offline-subpath: node /tmp/tmpfxih1wua/scripts/web/embed-worker-wasm.mjs /tmp/tmpfxih1wua/web/target/builds/candidate/offline-subpath /tmp/tmpfxih1wua/web/target/builds/candidate/offline-manifest-subpath.json /tmp/tmpfxih1wua/web/target/builds/candidate/site-subpath/boardstudio/service-worker.js
/tmp/tmpfxih1wua/web/target/builds/candidate
........
----------------------------------------------------------------------
Ran 41 tests in 1.266s

OK
