✖ candidate packaging supplies a classic handoff for / (136.245128ms)
✖ candidate packaging supplies a classic handoff for /boardstudio/ (130.647466ms)
✖ rollback staging preserves reference bytes and adds only the reverse handoff (145.327259ms)
ℹ tests 3
ℹ suites 0
ℹ pass 0
ℹ fail 3
ℹ cancelled 0
ℹ skipped 0
ℹ todo 0
ℹ duration_ms 464.389048

✖ failing tests:

test at scripts/web/test-service-worker-handoff.mjs:86:3
✖ candidate packaging supplies a classic handoff for / (136.245128ms)
  AssertionError [ERR_ASSERTION]: activation must settle while navigation is pending; awaiting navigation deadlocks Chromium's activation-gated document loader
      at assertHandoff (file:///home/chris/.local/share/boardstudio/worktrees/migration-m1-continuation-20261001/scripts/web/test-service-worker-handoff.mjs:70:16)
      at async TestContext.<anonymous> (file:///home/chris/.local/share/boardstudio/worktrees/migration-m1-continuation-20261001/scripts/web/test-service-worker-handoff.mjs:98:5)
      at async Test.run (node:internal/test_runner/test:1409:7)
      at async startSubtestAfterBootstrap (node:internal/test_runner/harness:387:3) {
    generatedMessage: false,
    code: 'ERR_ASSERTION',
    actual: false,
    expected: true,
    operator: '==',
    diff: 'simple'
  }

test at scripts/web/test-service-worker-handoff.mjs:86:3
✖ candidate packaging supplies a classic handoff for /boardstudio/ (130.647466ms)
  AssertionError [ERR_ASSERTION]: activation must settle while navigation is pending; awaiting navigation deadlocks Chromium's activation-gated document loader
      at assertHandoff (file:///home/chris/.local/share/boardstudio/worktrees/migration-m1-continuation-20261001/scripts/web/test-service-worker-handoff.mjs:70:16)
      at async TestContext.<anonymous> (file:///home/chris/.local/share/boardstudio/worktrees/migration-m1-continuation-20261001/scripts/web/test-service-worker-handoff.mjs:98:5)
      at async Test.run (node:internal/test_runner/test:1409:7)
      at async Test.processPendingSubtests (node:internal/test_runner/test:974:7) {
    generatedMessage: false,
    code: 'ERR_ASSERTION',
    actual: false,
    expected: true,
    operator: '==',
    diff: 'simple'
  }

test at scripts/web/test-service-worker-handoff.mjs:103:1
✖ rollback staging preserves reference bytes and adds only the reverse handoff (145.327259ms)
  AssertionError [ERR_ASSERTION]: activation must settle while navigation is pending; awaiting navigation deadlocks Chromium's activation-gated document loader
      at assertHandoff (file:///home/chris/.local/share/boardstudio/worktrees/migration-m1-continuation-20261001/scripts/web/test-service-worker-handoff.mjs:70:16)
      at async TestContext.<anonymous> (file:///home/chris/.local/share/boardstudio/worktrees/migration-m1-continuation-20261001/scripts/web/test-service-worker-handoff.mjs:131:3)
      at async Test.run (node:internal/test_runner/test:1409:7)
      at async Test.processPendingSubtests (node:internal/test_runner/test:974:7) {
    generatedMessage: false,
    code: 'ERR_ASSERTION',
    actual: false,
    expected: true,
    operator: '==',
    diff: 'simple'
  }
