   Compiling boardstudio-web v0.1.0 (/home/chris/.local/share/boardstudio/worktrees/migration-m1-continuation-20261001/web)
warning: unused import: `ProjectDoc`
 --> src/presentation/case_controller.rs:9:82
  |
9 |     CaseBody, CaseKind, EditCommand, EditOperation, EditPhase, Mount, MountKind, ProjectDoc, Vec2,
  |                                                                                  ^^^^^^^^^^
  |
  = note: `#[warn(unused_imports)]` (part of `#[warn(unused)]`) on by default

warning: unused import: `wasm_bindgen_futures::spawn_local`
  --> src/presentation/mechanical_settings.rs:20:5
   |
20 | use wasm_bindgen_futures::spawn_local;
   |     ^^^^^^^^^^^^^^^^^^^^^^^^^^^^^^^^^

warning: unused import: `dioxus::prelude::*`
    --> src/presentation/pcb_board_reference.rs:1049:9
     |
1049 |     use dioxus::prelude::*;
     |         ^^^^^^^^^^^^^^^^^^

warning: unused import: `dioxus::prelude::*`
    --> src/presentation/pcb_module_inspector.rs:1078:9
     |
1078 |     use dioxus::prelude::*;
     |         ^^^^^^^^^^^^^^^^^^

warning: unused imports: `SessionEpoch` and `SnapshotToken`
    --> src/presentation/pcb_wiring.rs:1111:35
     |
1111 |     use boardstudio_application::{SessionEpoch, SnapshotToken};
     |                                   ^^^^^^^^^^^^  ^^^^^^^^^^^^^

warning: use of deprecated unit struct `presentation::mechanical_settings::ManufacturingControls::{closure#2}::_::Warning`: Keys are only allowed on the first node in the block.
    --> src/presentation/mechanical_settings.rs:2754:38
     |
2754 | ...                   key: "process-thickness:{target.part_id}",
     |                            ^^^^^^^^^^^^^^^^^^^^^^^^^^^^^^^^^^^^
     |
     = note: `#[warn(deprecated)]` on by default

error[E0308]: mismatched types
    --> src/runtime.rs:6359:13
     |
6359 |         let (metadata, buffers) = result?;
     |             ^^^^^^^^^^^^^^^^^^^   ------- this expression has type `ArchiveResult`
     |             |
     |             expected `ArchiveResult`, found `(_, _)`
     |
     = note: expected struct `ArchiveResult`
                 found tuple `(_, _)`

warning: variable does not need to be mutable
    --> src/presentation/mechanical_settings.rs:3212:9
     |
3212 |     let mut geometry_state = use_signal(|| None::<MechanicalGeometry>);
     |         ----^^^^^^^^^^^^^^
     |         |
     |         help: remove this `mut`
     |
     = note: `#[warn(unused_mut)]` (part of `#[warn(unused)]`) on by default

warning: variable does not need to be mutable
    --> src/presentation/mechanical_settings.rs:3213:9
     |
3213 |     let mut selected = use_signal(|| Vec::<String>::new());
     |         ----^^^^^^^^
     |         |
     |         help: remove this `mut`

warning: variable does not need to be mutable
    --> src/presentation/mechanical_settings.rs:3214:9
     |
3214 |     let mut purposes = use_signal(|| Vec::<MechanicalPurposeMapping>::new());
     |         ----^^^^^^^^
     |         |
     |         help: remove this `mut`

warning: variable does not need to be mutable
    --> src/presentation/mechanical_settings.rs:3215:9
     |
3215 |     let mut busy = use_signal(|| false);
     |         ----^^^^
     |         |
     |         help: remove this `mut`

warning: variable does not need to be mutable
    --> src/presentation/mechanical_settings.rs:3216:9
     |
3216 |     let mut error = use_signal(String::new);
     |         ----^^^^^
     |         |
     |         help: remove this `mut`

warning: variable does not need to be mutable
    --> src/presentation/mechanical_settings.rs:3320:37
     |
3320 | ...                   let mut sequence = props.request_sequence;
     |                           ----^^^^^^^^
     |                           |
     |                           help: remove this `mut`

For more information about this error, try `rustc --explain E0308`.
warning: `boardstudio-web` (bin "boardstudio-web") generated 9 warnings
error: could not compile `boardstudio-web` (bin "boardstudio-web") due to 1 previous error; 9 warnings emitted
warning: build failed, waiting for other jobs to finish...
warning: variable does not need to be mutable
   --> src/presentation/objects/matrix_transform_inspector_tests.rs:693:9
    |
693 |     let mut dom = VirtualDom::new(matrix_transform_host);
    |         ----^^^
    |         |
    |         help: remove this `mut`
    |
    = note: `#[warn(unused_mut)]` (part of `#[warn(unused)]`) on by default

error[E0308]: `if` and `else` have incompatible types
    --> src/runtime.rs:6340:13
     |
6329 |             let result = if let Some(gate) = test_gate {
     |  ________________________-
6330 | |               let _ = gate.entered.send(());
6331 | |               let _ = gate.release.await;
6332 | | /             Ok((
6333 | | |                 gate.metadata,
6334 | | |                 gate.buffers
6335 | | |                     .into_iter()
6336 | | |                     .map(|buffer| Uint8Array::from(buffer.as_slice()))
6337 | | |                     .collect(),
6338 | | |             ))
     | | |______________- expected because of this
6339 | |           } else {
6340 | | /             core.archive(
6341 | | |                 &format!("import-{}", operation.0),
6342 | | |                 "1",
6343 | | |                 "{\"kind\":\"unpack-project\"}",
...    | |
6346 | | |             .await
6347 | | |             .map_err(|e| e.to_string())
     | | |_______________________________________^ expected `Result<(String, _), _>`, found `Result<ArchiveResult, String>`
6348 | |           };
     | |___________- `if` and `else` have incompatible types
     |
     = note: expected enum `std::result::Result<(std::string::String, _), _>`
                found enum `std::result::Result<ArchiveResult, std::string::String>`

warning: variable does not need to be mutable
    --> src/presentation/case_viewer.rs:1922:13
     |
1922 |         let mut instance = use_context::<InstanceSelection>();
     |             ----^^^^^^^^
     |             |
     |             help: remove this `mut`

warning: variable does not need to be mutable
    --> src/presentation/mechanical_settings.rs:3212:9
     |
3212 |     let mut geometry_state = use_signal(|| None::<MechanicalGeometry>);
     |         ----^^^^^^^^^^^^^^
     |         |
     |         help: remove this `mut`

warning: variable does not need to be mutable
    --> src/presentation/mechanical_settings.rs:4767:13
     |
4767 |         let mut extracted_definition_ids = use_signal(Vec::<String>::new);
     |             ----^^^^^^^^^^^^^^^^^^^^^^^^
     |             |
     |             help: remove this `mut`

warning: variable does not need to be mutable
    --> src/presentation/parts/preview.rs:1120:13
     |
1120 |         let mut selection = use_signal(|| None::<(Option<Scope>, String)>);
     |             ----^^^^^^^^^
     |             |
     |             help: remove this `mut`

warning: `boardstudio-web` (bin "boardstudio-web" test) generated 16 warnings (8 duplicates)
error: could not compile `boardstudio-web` (bin "boardstudio-web" test) due to 1 previous error; 16 warnings emitted
Error: Compilation of your program failed
Caused by: Compilation of your program failed
Caused by: failed to execute `cargo build`: exited with exit status: 101
  full command: cd "web" && CARGO_BUILD_TARGET="wasm32-unknown-unknown" "cargo" "build" "--tests" "--no-default-features" "--features" "page" "--bin" "boardstudio-web"
migration-deliver: focused-test status=failed command_exit=1 started=2026-10-05T10:08:01+00:00 ended=2026-10-05T10:08:13+00:00 duration=12.16s
