   Compiling proc-macro2 v1.0.107
   Compiling unicode-ident v1.0.26
   Compiling quote v1.0.47
   Compiling cfg-if v1.0.5
   Compiling version_check v0.9.5
   Compiling portable-atomic v1.15.0
   Compiling serde_core v1.0.229
   Compiling rustversion v1.0.23
   Compiling pin-project-lite v0.2.17
   Compiling serde v1.0.229
   Compiling thiserror v2.0.21
   Compiling smallvec v1.16.2
   Compiling autocfg v1.5.1
   Compiling libc v0.2.189
   Compiling futures-core v0.3.34
   Compiling typenum v1.20.1
   Compiling futures-task v0.3.34
   Compiling slab v0.4.12
   Compiling crunchy v0.2.4
   Compiling parking_lot_core v0.9.12
   Compiling wasm-bindgen-shared v0.2.129
   Compiling futures-util v0.3.34
   Compiling tiny-keccak v2.0.2
   Compiling zmij v1.0.23
   Compiling scopeguard v1.2.0
   Compiling slotmap v1.1.1
   Compiling lock_api v0.4.14
   Compiling anyhow v1.0.104
   Compiling unicode-xid v0.2.6
   Compiling konst_macro_rules v0.2.19
   Compiling libm v0.2.16
   Compiling konst v0.2.20
   Compiling num-traits v0.2.19
   Compiling libloading v0.8.9
   Compiling cpufeatures v0.3.1
   Compiling fnv v1.0.7
   Compiling bumpalo v3.20.3
   Compiling ident_case v1.0.1
   Compiling itoa v1.0.18
   Compiling once_cell v1.21.4
   Compiling bitflags v2.13.2
   Compiling unicode-segmentation v1.13.3
   Compiling zerocopy v0.8.59
   Compiling wasm-bindgen v0.2.129
   Compiling smartstring v1.0.1
   Compiling ahash v0.8.12
   Compiling proc-macro2-diagnostics v0.10.1
   Compiling tracing-core v0.1.36
   Compiling futures-channel v0.3.34
   Compiling longest-increasing-subsequence v0.1.0
   Compiling rustc-hash v2.1.3
   Compiling dioxus-core-types v0.7.10
   Compiling syn v2.0.119
   Compiling syn v3.0.6
   Compiling convert_case v0.8.0
   Compiling crc32fast v1.5.2
   Compiling hybrid-array v0.4.15
   Compiling const_format_proc_macros v0.2.34
   Compiling zlib-rs v0.6.8
   Compiling const-oid v0.10.2
   Compiling static_assertions v1.1.0
   Compiling memchr v2.8.3
   Compiling serde_json v1.0.151
   Compiling memmap2 v0.9.11
   Compiling equivalent v1.0.2
   Compiling hashbrown v0.17.1
   Compiling parking_lot v0.12.5
   Compiling getrandom v0.2.17
   Compiling thin-vec v0.2.20
   Compiling crypto-common v0.2.2
   Compiling block-buffer v0.12.1
   Compiling const-random-macro v0.1.16
   Compiling i_float v5.0.0
   Compiling const_format v0.2.36
   Compiling typed-path v0.12.3
   Compiling const-random v0.1.18
   Compiling i_tree v0.19.0
   Compiling indexmap v2.14.2
   Compiling i_shape v5.0.0
   Compiling i_key_sort v0.11.0
   Compiling euclid v0.22.14
   Compiling keyboard-types v0.7.0
   Compiling bytes v1.12.1
   Compiling dioxus-config-macro v0.7.10
   Compiling i_overlay v9.0.0
   Compiling dioxus-config-macros v0.7.10
   Compiling digest v0.11.3
   Compiling sha2 v0.11.0
   Compiling darling_core v0.21.3
   Compiling flate2 v1.1.10
   Compiling dioxus-rsx v0.7.10
   Compiling boardstudio-web v0.1.0 (/home/chris/.local/share/boardstudio/worktrees/case-model-path-prefix-fix-20261002/web)
   Compiling wasm-bindgen-macro-support v0.2.129
   Compiling tracing-attributes v0.1.31
   Compiling pin-project-internal v1.1.13
   Compiling warnings-macro v0.2.0
   Compiling rhai_codegen v3.2.0
   Compiling dioxus-stores-macro v0.7.10
   Compiling dioxus-html-internal-macro v0.7.10
   Compiling zip v8.6.0
   Compiling serde_derive v1.0.229
   Compiling thiserror-impl v2.0.21
   Compiling async-trait v0.1.92
   Compiling tokio-macros v2.7.2
   Compiling dioxus-core-macro v0.7.10
   Compiling pin-project v1.1.13
   Compiling tokio v1.53.1
   Compiling rhai v1.26.1
   Compiling tracing v0.1.44
   Compiling generational-box v0.7.10
   Compiling warnings v0.2.1
   Compiling kiutils_sexpr v0.1.1
   Compiling darling_macro v0.21.3
   Compiling darling v0.21.3
   Compiling enumset_derive v0.15.0
   Compiling enumset v1.1.14
   Compiling subsecond-types v0.7.10
   Compiling boardstudio-contracts v0.1.0 (/home/chris/.local/share/boardstudio/worktrees/case-model-path-prefix-fix-20261002/contracts/rust)
   Compiling subsecond v0.7.10
   Compiling wasm-bindgen-macro v0.2.129
   Compiling dioxus-core v0.7.10
   Compiling js-sys v0.3.106
   Compiling dioxus-signals v0.7.10
   Compiling dioxus-hooks v0.7.10
   Compiling dioxus-stores v0.7.10
   Compiling dioxus-html v0.7.10
   Compiling dioxus v0.7.10
   Compiling boardstudio_core v0.1.0 (/home/chris/.local/share/boardstudio/worktrees/case-model-path-prefix-fix-20261002/core)
   Compiling boardstudio-application v0.1.0 (/home/chris/.local/share/boardstudio/worktrees/case-model-path-prefix-fix-20261002/application)
warning: fields `contours` and `path_assets` are never read
  --> src/case_preview.rs:87:16
   |
83 | pub(crate) struct NativePreviewSnapshot {
   |                   --------------------- fields in this struct
...
87 |     pub(crate) contours: Vec<boardstudio_core::model::Contour>,
   |                ^^^^^^^^
88 |     pub(crate) path_assets: BTreeMap<String, String>,
   |                ^^^^^^^^^^^
   |
   = note: `NativePreviewSnapshot` has derived impls for the traits `Debug` and `Clone`, but these are intentionally ignored during dead code analysis
   = note: `#[warn(dead_code)]` (part of `#[warn(unused)]`) on by default

warning: function `prepare_artifact` is never used
   --> src/case_preview.rs:510:15
    |
510 | pub(crate) fn prepare_artifact(id: String, capture: &NativePreviewCapture) -> ArtifactRequest {
    |               ^^^^^^^^^^^^^^^^

warning: associated items `new` and `is_current_owner` are never used
  --> src/presentation/model_delivery.rs:37:19
   |
36 | impl ModelOwnerIdentity {
   | ----------------------- associated items in this implementation
37 |     pub(crate) fn new(
   |                   ^^^
...
64 |     pub(crate) fn is_current_owner(
   |                   ^^^^^^^^^^^^^^^^

warning: associated function `new` is never used
  --> src/presentation/model_delivery.rs:98:19
   |
97 | impl ModelBatchIdentity {
   | ----------------------- associated function in this implementation
98 |     pub(crate) fn new(
   |                   ^^^

warning: fields `positions`, `normals`, and `colors` are never read
   --> src/presentation/model_delivery.rs:311:16
    |
310 | pub(crate) struct ValidatedMesh {
    |                   ------------- fields in this struct
311 |     pub(crate) positions: Rc<[f32]>,
    |                ^^^^^^^^^
312 |     pub(crate) normals: Rc<[f32]>,
    |                ^^^^^^^
313 |     pub(crate) colors: Option<Rc<[f32]>>,
    |                ^^^^^^
    |
    = note: `ValidatedMesh` has derived impls for the traits `Debug` and `Clone`, but these are intentionally ignored during dead code analysis

warning: constant `PITCH_MM` is never used
 --> src/matrix_setup_operation.rs:5:7
  |
5 | const PITCH_MM: f64 = 19.05;
  |       ^^^^^^^^

warning: constant `MAX_MATRIX_CELLS` is never used
 --> src/matrix_setup_operation.rs:6:7
  |
6 | const MAX_MATRIX_CELLS: u32 = 4096;
  |       ^^^^^^^^^^^^^^^^

warning: enum `MatrixSetupPreset` is never used
 --> src/matrix_setup_operation.rs:9:17
  |
9 | pub(crate) enum MatrixSetupPreset {
  |                 ^^^^^^^^^^^^^^^^^

warning: struct `MatrixSetupRequest` is never constructed
  --> src/matrix_setup_operation.rs:21:19
   |
21 | pub(crate) struct MatrixSetupRequest {
   |                   ^^^^^^^^^^^^^^^^^^

warning: methods `as_str` and `config` are never used
  --> src/matrix_setup_operation.rs:28:19
   |
27 | impl MatrixSetupPreset {
   | ---------------------- methods in this implementation
28 |     pub(crate) fn as_str(self) -> &'static str {
   |                   ^^^^^^
...
41 |     fn config(self) -> PresetConfig {
   |        ^^^^^^

warning: struct `PresetConfig` is never constructed
  --> src/matrix_setup_operation.rs:95:8
   |
95 | struct PresetConfig {
   |        ^^^^^^^^^^^^

warning: struct `PreparedMatrix` is never constructed
   --> src/matrix_setup_operation.rs:102:19
    |
102 | pub(crate) struct PreparedMatrix {
    |                   ^^^^^^^^^^^^^^

warning: function `next_matrix_id` is never used
   --> src/matrix_setup_operation.rs:107:15
    |
107 | pub(crate) fn next_matrix_id(
    |               ^^^^^^^^^^^^^^

warning: function `prepare_matrix` is never used
   --> src/matrix_setup_operation.rs:142:15
    |
142 | pub(crate) fn prepare_matrix(
    |               ^^^^^^^^^^^^^^

warning: function `required_catalogue_definition` is never used
   --> src/matrix_setup_operation.rs:320:4
    |
320 | fn required_catalogue_definition<'a>(
    |    ^^^^^^^^^^^^^^^^^^^^^^^^^^^^^

warning: function `snapshot_definition` is never used
   --> src/matrix_setup_operation.rs:337:4
    |
337 | fn snapshot_definition(
    |    ^^^^^^^^^^^^^^^^^^^

warning: `boardstudio-web` (bin "boardstudio-web" test) generated 16 warnings
    Finished `test` profile [unoptimized + debuginfo] target(s) in 34.22s
     Running unittests src/main.rs (web/target/debug/deps/boardstudio_web-c4538c4ed2f66b4b)

running 1 test
test model_delivery::tests::core_packaged_preview_path_joins_the_native_table_to_its_exact_descriptor ... FAILED

failures:

---- model_delivery::tests::core_packaged_preview_path_joins_the_native_table_to_its_exact_descriptor stdout ----

thread 'model_delivery::tests::core_packaged_preview_path_joins_the_native_table_to_its_exact_descriptor' (2957333) panicked at src/presentation/model_delivery.rs:1126:9:
assertion `left == right` failed
  left: [("preview-switch-row", NoAssetId)]
 right: [("preview-switch-row", Packaged(ResolvedModelAsset { id: "ergogen:model:kiswitch/SW_Cherry_MX_PCB.stp", sha256: "ddf0fb3a776faa6105303efb98e39645e044c43b3ac03cbfe75d8eda28e297f4", filename: "SW_Cherry_MX_PCB.stp", source: Packaged { url_path: "assets/ergogen-models/model-dd931656985824ce.stp" } }))]
note: run with `RUST_BACKTRACE=1` environment variable to display a backtrace


failures:
    model_delivery::tests::core_packaged_preview_path_joins_the_native_table_to_its_exact_descriptor

test result: FAILED. 0 passed; 1 failed; 0 ignored; 0 measured; 95 filtered out; finished in 0.00s

error: test failed, to rerun pass `--bin boardstudio-web`
