   Compiling boardstudio-web v0.1.0 (/home/chris/.local/share/boardstudio/worktrees/case-model-path-prefix-fix-20261002/web)
warning: struct `ArchiveOptionCaptures` is never constructed
  --> src/archive_export.rs:14:19
   |
14 | pub(crate) struct ArchiveOptionCaptures(BTreeMap<OperationId, bool>);
   |                   ^^^^^^^^^^^^^^^^^^^^^
   |
   = note: `#[warn(dead_code)]` (part of `#[warn(unused)]`) on by default

warning: methods `capture`, `take`, and `remove` are never used
  --> src/archive_export.rs:17:19
   |
16 | impl ArchiveOptionCaptures {
   | -------------------------- methods in this implementation
17 |     pub(crate) fn capture(&mut self, operation: OperationId, embed_used_models: bool) {
   |                   ^^^^^^^
...
21 |     pub(crate) fn take(&mut self, operation: OperationId) -> Option<bool> {
   |                   ^^^^
...
25 |     pub(crate) fn remove(&mut self, operation: OperationId) {
   |                   ^^^^^^

warning: struct `ArchiveExportOptions` is never constructed
  --> src/archive_export.rs:33:19
   |
33 | pub(crate) struct ArchiveExportOptions {
   |                   ^^^^^^^^^^^^^^^^^^^^

warning: methods `embed_used_models`, `set_embed_used_models`, `begin_archive`, `settle`, `cancel`, and `dispatch` are never used
  --> src/archive_export.rs:48:19
   |
47 | impl ArchiveExportOptions {
   | ------------------------- methods in this implementation
48 |     pub(crate) fn embed_used_models(&self) -> bool {
   |                   ^^^^^^^^^^^^^^^^^
...
52 |     pub(crate) fn set_embed_used_models(&self, value: bool) -> bool {
   |                   ^^^^^^^^^^^^^^^^^^^^^
...
56 |     pub(crate) fn begin_archive(&self, operation: OperationId) {
   |                   ^^^^^^^^^^^^^
...
62 |     pub(crate) fn settle(&self, operation: OperationId) {
   |                   ^^^^^^
...
66 |     pub(crate) fn cancel(&self, operation: OperationId) {
   |                   ^^^^^^
...
72 |     pub(crate) fn dispatch<T>(
   |                   ^^^^^^^^

warning: function `archive_filename` is never used
  --> src/archive_export.rs:94:15
   |
94 | pub(crate) fn archive_filename(accepted_project_name: &str) -> String {
   |               ^^^^^^^^^^^^^^^^

warning: struct `BundledModel` is never constructed
 --> src/bundled_models.rs:2:19
  |
2 | pub(crate) struct BundledModel {
  |                   ^^^^^^^^^^^^

warning: static `BUNDLED_MODELS` is never used
 --> /home/chris/.local/share/boardstudio/worktrees/case-model-path-prefix-fix-20261002/web/target/debug/build/boardstudio-web-7f5dbd7e7c24048d/out/bundled_ergogen_models.rs:1:19
  |
1 | pub(super) static BUNDLED_MODELS: &[BundledModel] = &[
  |                   ^^^^^^^^^^^^^^

warning: function `bundled_model` is never used
  --> src/bundled_models.rs:13:15
   |
13 | pub(crate) fn bundled_model(id: &str) -> Option<&'static BundledModel> {
   |               ^^^^^^^^^^^^^

warning: struct `PreparedArchive` is never constructed
 --> src/portable_archive.rs:5:19
  |
5 | pub(crate) struct PreparedArchive {
  |                   ^^^^^^^^^^^^^^^

warning: function `prepare_archive` is never used
  --> src/portable_archive.rs:10:15
   |
10 | pub(crate) fn prepare_archive(
   |               ^^^^^^^^^^^^^^^

warning: function `hex_digest` is never used
  --> src/portable_archive.rs:98:4
   |
98 | fn hex_digest(bytes: &[u8]) -> String {
   |    ^^^^^^^^^^

warning: function `referenced_models` is never used
   --> src/portable_archive.rs:110:15
    |
110 | pub(crate) fn referenced_models(
    |               ^^^^^^^^^^^^^^^^^

warning: fields `contours` and `path_assets` are never read
  --> src/case_preview.rs:87:16
   |
83 | pub(crate) struct NativePreviewSnapshot {
   |                   --------------------- fields in this struct
...
87 |     pub(crate) contours: Vec<boardstudio_core::model::Contour>,
   |                ^^^^^^^^
88 |     pub(crate) path_assets: BTreeMap<String, String>,
   |                ^^^^^^^^^^^
   |
   = note: `NativePreviewSnapshot` has derived impls for the traits `Debug` and `Clone`, but these are intentionally ignored during dead code analysis
   = note: `#[warn(dead_code)]` (part of `#[warn(unused)]`) on by default

warning: function `prepare_artifact` is never used
   --> src/case_preview.rs:510:15
    |
510 | pub(crate) fn prepare_artifact(id: String, capture: &NativePreviewCapture) -> ArtifactRequest {
    |               ^^^^^^^^^^^^^^^^

warning: associated items `new` and `is_current_owner` are never used
  --> src/presentation/model_delivery.rs:37:19
   |
36 | impl ModelOwnerIdentity {
   | ----------------------- associated items in this implementation
37 |     pub(crate) fn new(
   |                   ^^^
...
64 |     pub(crate) fn is_current_owner(
   |                   ^^^^^^^^^^^^^^^^

warning: associated function `new` is never used
  --> src/presentation/model_delivery.rs:98:19
   |
97 | impl ModelBatchIdentity {
   | ----------------------- associated function in this implementation
98 |     pub(crate) fn new(
   |                   ^^^

warning: fields `positions`, `normals`, and `colors` are never read
   --> src/presentation/model_delivery.rs:321:16
    |
320 | pub(crate) struct ValidatedMesh {
    |                   ------------- fields in this struct
321 |     pub(crate) positions: Rc<[f32]>,
    |                ^^^^^^^^^
322 |     pub(crate) normals: Rc<[f32]>,
    |                ^^^^^^^
323 |     pub(crate) colors: Option<Rc<[f32]>>,
    |                ^^^^^^
    |
    = note: `ValidatedMesh` has derived impls for the traits `Debug` and `Clone`, but these are intentionally ignored during dead code analysis

warning: constant `PITCH_MM` is never used
 --> src/matrix_setup_operation.rs:5:7
  |
5 | const PITCH_MM: f64 = 19.05;
  |       ^^^^^^^^

warning: constant `MAX_MATRIX_CELLS` is never used
 --> src/matrix_setup_operation.rs:6:7
  |
6 | const MAX_MATRIX_CELLS: u32 = 4096;
  |       ^^^^^^^^^^^^^^^^

warning: enum `MatrixSetupPreset` is never used
 --> src/matrix_setup_operation.rs:9:17
  |
9 | pub(crate) enum MatrixSetupPreset {
  |                 ^^^^^^^^^^^^^^^^^

warning: struct `MatrixSetupRequest` is never constructed
  --> src/matrix_setup_operation.rs:21:19
   |
21 | pub(crate) struct MatrixSetupRequest {
   |                   ^^^^^^^^^^^^^^^^^^

warning: methods `as_str` and `config` are never used
  --> src/matrix_setup_operation.rs:28:19
   |
27 | impl MatrixSetupPreset {
   | ---------------------- methods in this implementation
28 |     pub(crate) fn as_str(self) -> &'static str {
   |                   ^^^^^^
...
41 |     fn config(self) -> PresetConfig {
   |        ^^^^^^

warning: struct `PresetConfig` is never constructed
  --> src/matrix_setup_operation.rs:95:8
   |
95 | struct PresetConfig {
   |        ^^^^^^^^^^^^

warning: struct `PreparedMatrix` is never constructed
   --> src/matrix_setup_operation.rs:102:19
    |
102 | pub(crate) struct PreparedMatrix {
    |                   ^^^^^^^^^^^^^^

warning: function `next_matrix_id` is never used
   --> src/matrix_setup_operation.rs:107:15
    |
107 | pub(crate) fn next_matrix_id(
    |               ^^^^^^^^^^^^^^

warning: function `prepare_matrix` is never used
   --> src/matrix_setup_operation.rs:142:15
    |
142 | pub(crate) fn prepare_matrix(
    |               ^^^^^^^^^^^^^^

warning: function `required_catalogue_definition` is never used
   --> src/matrix_setup_operation.rs:320:4
    |
320 | fn required_catalogue_definition<'a>(
    |    ^^^^^^^^^^^^^^^^^^^^^^^^^^^^^

warning: function `snapshot_definition` is never used
   --> src/matrix_setup_operation.rs:337:4
    |
337 | fn snapshot_definition(
    |    ^^^^^^^^^^^^^^^^^^^

warning: `boardstudio-web` (bin "boardstudio-web" test) generated 16 warnings
warning: `boardstudio-web` (bin "boardstudio-web") generated 12 warnings
warning: use of deprecated method `presentation::panel::KeymapPanelPropsBuilder::<((std::rc::Rc<presentation::view::KeymapView>,), (boardstudio_application::Scope,), (std::string::String,), __selected_key_id, (bool,), __layer_feedback, (dioxus::prelude::Callback<std::string::String>,), (dioxus::prelude::Callback<presentation::layer_edit::KeymapLayerOperation>,), (dioxus::prelude::Callback<std::string::String>,), (), __firmware_export_enabled, __keys_editor, __macros_editor, __encoders_editor)>::build`: Missing required field on_export
   --> tests/keymap_panel_lifecycle/harness.rs:146:31
    |
146 |       rsx! { panel::KeymapPanel {
    |  _______________________________^
147 | |         view:keymap_view(&scope), scope, active_layer_id, selected_key_id,
148 | |         layer_operations_enabled:true, layer_feedback,
149 | |         on_layer: move |id| *probe.layer.borrow_mut()=id,
...   |
154 | |         encoders_editor: rsx!{ div { "Encoder editor" } },
155 | |     } }
    | |_____^
    |
    = note: `#[warn(deprecated)]` on by default

error[E0061]: this method takes 1 argument but 0 arguments were supplied
   --> tests/keymap_panel_lifecycle/harness.rs:146:31
    |
146 |       rsx! { panel::KeymapPanel {
    |  _______________________________^
147 | |         view:keymap_view(&scope), scope, active_layer_id, selected_key_id,
148 | |         layer_operations_enabled:true, layer_feedback,
149 | |         on_layer: move |id| *probe.layer.borrow_mut()=id,
...   |
154 | |         encoders_editor: rsx!{ div { "Encoder editor" } },
155 | |     } }
    | |_____^ argument #1 of type `KeymapPanelPropsBuilder_Error_Missing_required_field_on_export` is missing
    |
note: method defined here
   --> tests/keymap_panel_lifecycle/../../src/presentation/keymap/panel.rs:8:1
    |
  8 | #[component]
    | ^^^^^^^^^^^^
    = note: this error originates in the derive macro `Props` (in Nightly builds, run with -Z macro-backtrace for more info)
help: provide the argument
    |
155 |     }(/* KeymapPanelPropsBuilder_Error_Missing_required_field_on_export */) }
    |      ++++++++++++++++++++++++++++++++++++++++++++++++++++++++++++++++++++++

For more information about this error, try `rustc --explain E0061`.
warning: `boardstudio-web` (test "keymap_panel_lifecycle") generated 1 warning
error: could not compile `boardstudio-web` (test "keymap_panel_lifecycle") due to 1 previous error; 1 warning emitted
warning: build failed, waiting for other jobs to finish...
