    Blocking waiting for file lock on build directory
   Compiling proc-macro2 v1.0.107
   Compiling quote v1.0.47
   Compiling portable-atomic v1.15.0
    Checking cfg-if v1.0.5
   Compiling wasm-bindgen-shared v0.2.129
   Compiling rustversion v1.0.23
   Compiling bumpalo v3.20.3
    Checking pin-project-lite v0.2.17
    Checking unicode-ident v1.0.26
   Compiling version_check v0.9.5
    Checking memchr v2.8.3
    Checking futures-core v0.3.34
    Checking slab v0.4.12
    Checking futures-io v0.3.34
    Checking futures-task v0.3.34
    Checking futures-sink v0.3.34
   Compiling serde_core v1.0.229
   Compiling serde v1.0.229
   Compiling thiserror v2.0.21
    Checking smallvec v1.16.2
   Compiling zmij v1.0.23
   Compiling autocfg v1.5.1
   Compiling parking_lot_core v0.9.12
   Compiling libm v0.2.16
    Checking scopeguard v1.2.0
    Checking konst_macro_rules v0.2.19
    Checking lock_api v0.4.14
   Compiling unicode-xid v0.2.6
   Compiling anyhow v1.0.104
    Checking futures-channel v0.3.34
    Checking rustc-hash v2.1.3
   Compiling slotmap v1.1.1
    Checking konst v0.2.20
    Checking longest-increasing-subsequence v0.1.0
    Checking dioxus-core-types v0.7.10
   Compiling lazy-js-bundle v0.7.10
   Compiling fnv v1.0.7
   Compiling crunchy v0.2.4
   Compiling unicode-segmentation v1.13.3
   Compiling serde_json v1.0.151
    Checking parking_lot v0.12.5
   Compiling libc v0.2.189
   Compiling ident_case v1.0.1
   Compiling proc-macro2-diagnostics v0.10.1
    Checking bitflags v2.13.2
    Checking itoa v1.0.18
   Compiling tiny-keccak v2.0.2
    Checking typenum v1.20.1
   Compiling num-traits v0.2.19
   Compiling once_cell v1.21.4
   Compiling zerocopy v0.8.59
   Compiling smartstring v1.0.1
   Compiling ahash v0.8.12
   Compiling crc32fast v1.5.2
   Compiling convert_case v0.8.0
   Compiling getrandom v0.3.4
   Compiling dioxus-interpreter-js v0.7.10
   Compiling dioxus-document v0.7.10
   Compiling wasm-bindgen v0.2.129
    Checking tracing-core v0.1.36
    Checking keyboard-types v0.7.0
    Checking static_assertions v1.1.0
    Checking zlib-rs v0.6.8
    Checking equivalent v1.0.2
   Compiling const-oid v0.10.2
   Compiling syn v3.0.6
   Compiling syn v2.0.119
    Checking bytes v1.12.1
    Checking hashbrown v0.17.1
    Checking rustc-hash v1.1.0
   Compiling digest v0.11.3
    Checking sledgehammer_utils v0.3.1
   Compiling dioxus-web v0.7.10
    Checking i_float v5.0.0
    Checking typed-path v0.12.3
    Checking thin-vec v0.2.20
    Checking i_key_sort v0.11.0
   Compiling const_format_proc_macros v0.2.34
    Checking hybrid-array v0.4.15
    Checking i_tree v0.19.0
   Compiling sha2 v0.11.0
    Checking indexmap v2.14.2
    Checking i_shape v5.0.0
    Checking send_wrapper v0.6.0
    Checking flate2 v1.1.10
   Compiling dioxus-config-macro v0.7.10
    Checking euclid v0.22.14
   Compiling getrandom v0.2.17
    Checking i_overlay v9.0.0
    Checking dioxus-config-macros v0.7.10
    Checking nu-ansi-term v0.50.3
    Checking block-buffer v0.12.1
    Checking crypto-common v0.2.2
   Compiling const-random-macro v0.1.16
    Checking wasm-bindgen-test-shared v0.2.129
    Checking cast v0.3.0
    Checking oorandom v11.1.5
    Checking zip v8.6.0
    Checking const-random v0.1.18
    Checking const_format v0.2.36
   Compiling darling_core v0.21.3
   Compiling boardstudio-web v0.1.0 (/home/chris/.local/share/boardstudio/worktrees/case-model-path-prefix-fix-20261002/web)
   Compiling dioxus-rsx v0.7.10
   Compiling wasm-bindgen-macro-support v0.2.129
   Compiling tracing-attributes v0.1.31
   Compiling pin-project-internal v1.1.13
   Compiling warnings-macro v0.2.0
   Compiling dioxus-html-internal-macro v0.7.10
   Compiling sledgehammer_bindgen_macro v0.6.5
   Compiling rhai_codegen v3.2.0
   Compiling dioxus-stores-macro v0.7.10
   Compiling futures-macro v0.3.34
   Compiling serde_derive v1.0.229
   Compiling thiserror-impl v2.0.21
   Compiling async-trait v0.1.92
   Compiling wasm-bindgen-test-macro v0.3.79
   Compiling tokio-macros v2.7.2
   Compiling dioxus-core-macro v0.7.10
    Checking futures-util v0.3.34
    Checking tokio v1.53.1
    Checking pin-project v1.1.13
    Checking tracing v0.1.44
    Checking kiutils_sexpr v0.1.1
    Checking generational-box v0.7.10
    Checking warnings v0.2.1
   Compiling darling_macro v0.21.3
   Compiling darling v0.21.3
   Compiling enumset_derive v0.15.0
    Checking enumset v1.1.14
    Checking subsecond-types v0.7.10
    Checking boardstudio-contracts v0.1.0 (/home/chris/.local/share/boardstudio/worktrees/case-model-path-prefix-fix-20261002/contracts/rust)
   Compiling wasm-bindgen-macro v0.2.129
    Checking js-sys v0.3.106
    Checking dioxus-cli-config v0.7.10
    Checking sledgehammer_bindgen v0.6.0
    Checking wasm-bindgen-futures v0.4.79
    Checking web-sys v0.3.106
    Checking web-time v1.1.0
    Checking gloo-timers v0.3.0
    Checking serde-wasm-bindgen v0.6.5
    Checking wasm-bindgen-test v0.3.79
    Checking rhai v1.26.1
    Checking boardstudio_core v0.1.0 (/home/chris/.local/share/boardstudio/worktrees/case-model-path-prefix-fix-20261002/core)
    Checking subsecond v0.7.10
    Checking wasm-streams v0.4.2
    Checking dioxus-core v0.7.10
    Checking dioxus-signals v0.7.10
    Checking dioxus-devtools-types v0.7.10
    Checking dioxus-history v0.7.10
    Checking dioxus-hooks v0.7.10
    Checking dioxus-devtools v0.7.10
    Checking dioxus-stores v0.7.10
    Checking dioxus-html v0.7.10
    Checking boardstudio-application v0.1.0 (/home/chris/.local/share/boardstudio/worktrees/case-model-path-prefix-fix-20261002/application)
    Checking dioxus v0.7.10
    Finished `dev` profile [unoptimized + debuginfo] target(s) in 41.51s
