rustc-version: rustc --version
cargo-version: cargo --version
dx-version: dx --version
wasm-pack-version: wasm-pack --version
node-version: node --version
pnpm-version: pnpm --version
core: wasm-pack build /home/chris/.local/share/boardstudio/worktrees/migration-m1-continuation-20261001/core --target web --release --locked
core-worker: wasm-pack build /home/chris/.local/share/boardstudio/worktrees/migration-m1-continuation-20261001/web --target web --out-name m1_core_worker --out-dir /home/chris/.local/share/boardstudio/worktrees/migration-m1-continuation-20261001/web/target/builds/frontend-six-stream-tools-handles-20261003/core-worker --release --locked --no-default-features --features core-worker
cad-worker: wasm-pack build /home/chris/.local/share/boardstudio/worktrees/migration-m1-continuation-20261001/web --target web --out-name m1_cad_worker --out-dir /home/chris/.local/share/boardstudio/worktrees/migration-m1-continuation-20261001/web/target/builds/frontend-six-stream-tools-handles-20261003/cad-worker --release --locked --no-default-features --features cad-worker
renderer: wasm-pack build /home/chris/.local/share/boardstudio/worktrees/migration-m1-continuation-20261001/renderer --target web --out-dir /home/chris/.local/share/boardstudio/worktrees/migration-m1-continuation-20261001/web/target/builds/frontend-six-stream-tools-handles-20261003/renderer --out-name boardstudio_renderer_wasm --release --locked
cad: pnpm --dir cad run build:wasm
fixtures: node /home/chris/.local/share/boardstudio/worktrees/migration-m1-continuation-20261001/scripts/prepare-m1-fixtures.mjs /home/chris/.local/share/boardstudio/worktrees/migration-m1-continuation-20261001/web/target/builds/frontend-six-stream-tools-handles-20261003/fixtures
node:internal/modules/run_main:111
    triggerUncaughtException(
    ^

[Error: ENOENT: no such file or directory, open '/home/chris/.local/share/boardstudio/worktrees/migration-m1-continuation-20261001/ergogen/library/vendor/keebio/3d_models/SK6812MINI-E%20v1.step'] {
  errno: -2,
  code: 'ENOENT',
  syscall: 'open',
  path: '/home/chris/.local/share/boardstudio/worktrees/migration-m1-continuation-20261001/ergogen/library/vendor/keebio/3d_models/SK6812MINI-E%20v1.step'
}

Node.js v26.10.0

