    Checking boardstudio-application v0.1.0 (/home/chris/.local/share/boardstudio/worktrees/migration-m1-continuation-20261001/application)
    Checking boardstudio-web v0.1.0 (/home/chris/.local/share/boardstudio/worktrees/migration-m1-continuation-20261001/web)
error[E0277]: a value of type `std::vec::Vec<(&str, &boardstudio_core::model::ExportPlan)>` cannot be built from an iterator over elements of type `(&str, &boardstudio_core::electrical::ElectricalPlan)`
   --> src/pcb_handoff.rs:228:14
    |
228 |             .collect()
    |              ^^^^^^^ value of type `std::vec::Vec<(&str, &boardstudio_core::model::ExportPlan)>` cannot be built from `std::iter::Iterator<Item=(&str, &boardstudio_core::electrical::ElectricalPlan)>`
    |
help: the trait `FromIterator<(&_, &boardstudio_core::electrical::ElectricalPlan)>` is not implemented for `std::vec::Vec<(&str, &boardstudio_core::model::ExportPlan)>`
      but trait `FromIterator<(&_, &boardstudio_core::model::ExportPlan)>` is implemented for it
   --> /rustc/88d9e12ae178fab0fb5cc050a94da85685d449ea/library/alloc/src/vec/mod.rs:3938:0
    = help: for that trait implementation, expected `boardstudio_core::model::ExportPlan`, found `boardstudio_core::electrical::ElectricalPlan`
note: the method call chain might not have had the expected associated types
   --> src/pcb_handoff.rs:227:14
    |
 28 |     populations: Vec<(String, ElectricalPlan)>,
    |     ----------- this expression has type `Vec<(String, ElectricalPlan)>`
...
226 |             .iter()
    |              ------ `Iterator::Item` is `&(String, ElectricalPlan)` here
227 |             .map(|(name, plan)| (name.as_str(), plan))
    |              ^^^^^^^^^^^^^^^^^^^^^^^^^^^^^^^^^^^^^^^^^ `Iterator::Item` changed to `(&str, &ElectricalPlan)` here
note: required by a bound in `std::iter::Iterator::collect`
   --> /rustc/88d9e12ae178fab0fb5cc050a94da85685d449ea/library/core/src/iter/traits/iterator.rs:2077:4

error[E0308]: mismatched types
   --> src/pcb_handoff.rs:232:57
    |
232 |         .map(|(name, plan)| assembly_instructions(name, plan, draft))
    |                             ---------------------       ^^^^ expected `&ElectricalPlan`, found `&&ExportPlan`
    |                             |
    |                             arguments to this function are incorrect
    |
    = note: expected reference `&boardstudio_core::electrical::ElectricalPlan`
               found reference `&&boardstudio_core::model::ExportPlan`
note: function defined here
   --> src/pcb_handoff.rs:384:4
    |
384 | fn assembly_instructions(name: &str, plan: &ElectricalPlan, draft: bool) -> String {
    |    ^^^^^^^^^^^^^^^^^^^^^             ---------------------

error[E0609]: no field `jumpers` on type `&&boardstudio_core::model::ExportPlan`
   --> src/pcb_handoff.rs:241:50
    |
241 |         for (recipe_index, recipe) in population.jumpers.iter().enumerate() {
    |                                                  ^^^^^^^ unknown field
    |
    = note: available fields are: `snapshot_token`, `fingerprint`, `revision`, `target`, `jobs` ... and 5 others

error[E0382]: use of moved value
   --> src/presentation/objects/layout_transform_toolbar.rs:402:28
    |
 99 | #[component]
    | ------------ move occurs because value has type `presentation::objects::layout_toolbar::LayoutSnapSettings`, which does not implement the `Copy` trait
...
329 |     let move_drag = Rc::new(move |event: PointerEvent| {
    |                             -------------------------- value moved into closure here
...
376 |             &snap_settings,
    |              ------------- variable moved due to use in closure
...
402 |     let end_drag = Rc::new(move |event: PointerEvent| {
    |                            ^^^^^^^^^^^^^^^^^^^^^^^^^^ value used here after move
...
452 |                     &snap_settings,
    |                      ------------- use occurs due to use in closure

error[E0382]: use of moved value
   --> src/presentation/objects/layout_transform_toolbar.rs:402:28
    |
 99 | #[component]
    | ------------ move occurs because value has type `std::vec::Vec<presentation::outline_snapping::Origin>`, which does not implement the `Copy` trait
...
329 |     let move_drag = Rc::new(move |event: PointerEvent| {
    |                             -------------------------- value moved into closure here
...
377 |             &snap_origins,
    |              ------------ variable moved due to use in closure
...
402 |     let end_drag = Rc::new(move |event: PointerEvent| {
    |                            ^^^^^^^^^^^^^^^^^^^^^^^^^^ value used here after move
...
453 |                     &snap_origins,
    |                      ------------ use occurs due to use in closure

Some errors have detailed explanations: E0277, E0308, E0382, E0609.
For more information about an error, try `rustc --explain E0277`.
error: could not compile `boardstudio-web` (bin "boardstudio-web") due to 5 previous errors
warning: build failed, waiting for other jobs to finish...
error: could not compile `boardstudio-web` (bin "boardstudio-web" test) due to 5 previous errors
