   Compiling proc-macro2 v1.0.107
    Checking slab v0.4.12
   Compiling serde_core v1.0.229
   Compiling serde v1.0.229
    Checking once_cell v1.21.4
   Compiling num-traits v0.2.19
   Compiling serde_json v1.0.151
    Checking futures-util v0.3.34
    Checking ahash v0.8.12
   Compiling quote v1.0.47
   Compiling syn v3.0.6
   Compiling syn v2.0.119
   Compiling wasm-bindgen-macro-support v0.2.129
   Compiling rhai_codegen v3.2.0
   Compiling serde_derive v1.0.229
   Compiling thiserror-impl v2.0.21
    Checking thiserror v2.0.21
    Checking kiutils_sexpr v0.1.1
    Checking boardstudio-contracts v0.1.0 (/home/chris/.local/share/boardstudio/worktrees/migration-m1-continuation-20261001/contracts/rust)
   Compiling wasm-bindgen-macro v0.2.129
    Checking wasm-bindgen v0.2.129
    Checking js-sys v0.3.106
    Checking getrandom v0.3.4
    Checking web-time v1.1.0
    Checking web-sys v0.3.106
    Checking wasm-bindgen-futures v0.4.79
    Checking serde-wasm-bindgen v0.6.5
    Checking rhai v1.26.1
    Checking boardstudio_core v0.1.0 (/home/chris/.local/share/boardstudio/worktrees/migration-m1-continuation-20261001/core)
    Checking boardstudio-web v0.1.0 (/home/chris/.local/share/boardstudio/worktrees/migration-m1-continuation-20261001/web)
    Finished `dev` profile [unoptimized + debuginfo] target(s) in 19.82s
