    Checking boardstudio-application v0.1.0 (/home/chris/.local/share/boardstudio/worktrees/migration-m1-continuation-20261001/application)
    Checking boardstudio-web v0.1.0 (/home/chris/.local/share/boardstudio/worktrees/migration-m1-continuation-20261001/web)
error: no rules expected `(`
   --> src/presentation/objects/layout_transform_toolbar.rs:142:9
    |
142 |         (&active_owner, &active_context, &active_tool),
    |         ^ no rules expected this token in macro call
    |
note: while trying to match `||`
   --> /home/chris/.cargo/registry/src/index.crates.io-1949cf8c6b5b557f/dioxus-hooks-0.7.10/src/use_reactive.rs:136:6
    |
136 |     (|| $($rest:tt)*) => { use_reactive( (), move |_| $($rest)* ) };
    |      ^^

error: no rules expected `(`
    --> src/presentation.rs:2696:30
     |
2696 |     use_effect(use_reactive!((&active_workspace,), {
     |                              ^ no rules expected this token in macro call
     |
note: while trying to match `||`
    --> /home/chris/.cargo/registry/src/index.crates.io-1949cf8c6b5b557f/dioxus-hooks-0.7.10/src/use_reactive.rs:136:6
     |
 136 |     (|| $($rest:tt)*) => { use_reactive( (), move |_| $($rest)* ) };
     |      ^^

error: no rules expected `(`
    --> src/presentation.rs:5065:30
     |
5065 |     use_effect(use_reactive!((&transform_tool_owner,), {
     |                              ^ no rules expected this token in macro call
     |
note: while trying to match `||`
    --> /home/chris/.cargo/registry/src/index.crates.io-1949cf8c6b5b557f/dioxus-hooks-0.7.10/src/use_reactive.rs:136:6
     |
 136 |     (|| $($rest:tt)*) => { use_reactive( (), move |_| $($rest)* ) };
     |      ^^

error: expected identifier
    --> src/presentation.rs:7684:49
     |
7684 | ...                   let mut active_tool = layout_transform_tool;
     |                                           ^

error: could not compile `boardstudio-web` (bin "boardstudio-web") due to 4 previous errors
warning: build failed, waiting for other jobs to finish...
error: could not compile `boardstudio-web` (bin "boardstudio-web" test) due to 4 previous errors
