warning: struct `BundledModel` is never constructed
 --> src/bundled_models.rs:2:19
  |
2 | pub(crate) struct BundledModel {
  |                   ^^^^^^^^^^^^
  |
  = note: `#[warn(dead_code)]` (part of `#[warn(unused)]`) on by default

warning: static `BUNDLED_MODELS` is never used
 --> /home/chris/.local/share/boardstudio/worktrees/f56-physical-intents-ticket06-20261002/web/target/debug/build/boardstudio-web-0d582d7570962d38/out/bundled_ergogen_models.rs:1:19
  |
1 | pub(super) static BUNDLED_MODELS: &[BundledModel] = &[
  |                   ^^^^^^^^^^^^^^

warning: function `bundled_model` is never used
  --> src/bundled_models.rs:12:15
   |
12 | pub(crate) fn bundled_model(id: &str) -> Option<&'static BundledModel> {
   |               ^^^^^^^^^^^^^

warning: struct `PreparedArchive` is never constructed
 --> src/portable_archive.rs:5:19
  |
5 | pub(crate) struct PreparedArchive {
  |                   ^^^^^^^^^^^^^^^

warning: function `prepare_archive` is never used
  --> src/portable_archive.rs:10:15
   |
10 | pub(crate) fn prepare_archive(
   |               ^^^^^^^^^^^^^^^

warning: function `hex_digest` is never used
  --> src/portable_archive.rs:98:4
   |
98 | fn hex_digest(bytes: &[u8]) -> String {
   |    ^^^^^^^^^^

warning: function `referenced_models` is never used
   --> src/portable_archive.rs:110:15
    |
110 | pub(crate) fn referenced_models(
    |               ^^^^^^^^^^^^^^^^^

warning: `boardstudio-web` (bin "boardstudio-web") generated 7 warnings
   Compiling boardstudio-web v0.1.0 (/home/chris/.local/share/boardstudio/worktrees/keymap-search-owner-repair-20261002/web)
    Finished `test` profile [unoptimized + debuginfo] target(s) in 1.24s
     Running tests/keymap_panel_lifecycle.rs (/home/chris/.local/share/boardstudio/worktrees/f56-physical-intents-ticket06-20261002/web/target/debug/deps/keymap_panel_lifecycle-c41df0616c72b219)

running 6 tests
test presentation::selection_change_returns_from_macros_to_keys_like_the_reference_owner ... ok
test presentation::same_owner_rerender_and_editor_tabs_preserve_search ... ok
test presentation::new_scope_with_identical_key_ids_resets_search ... ok
test presentation::canvas_selection_clears_a_filter_that_would_hide_the_current_key ... ok
test presentation::layer_and_operation_feedback_updates_keep_the_same_selection_search ... ok
test presentation::selected_key_change_clears_the_search_from_the_previous_selection ... ok

test result: ok. 6 passed; 0 failed; 0 ignored; 0 measured; 0 filtered out; finished in 0.00s

