warning: struct `BundledModel` is never constructed
 --> src/bundled_models.rs:2:19
  |
2 | pub(crate) struct BundledModel {
  |                   ^^^^^^^^^^^^
  |
  = note: `#[warn(dead_code)]` (part of `#[warn(unused)]`) on by default

warning: static `BUNDLED_MODELS` is never used
 --> /home/chris/.local/share/boardstudio/worktrees/f56-physical-intents-ticket06-20261002/web/target/debug/build/boardstudio-web-0d582d7570962d38/out/bundled_ergogen_models.rs:1:19
  |
1 | pub(super) static BUNDLED_MODELS: &[BundledModel] = &[
  |                   ^^^^^^^^^^^^^^

warning: function `bundled_model` is never used
  --> src/bundled_models.rs:12:15
   |
12 | pub(crate) fn bundled_model(id: &str) -> Option<&'static BundledModel> {
   |               ^^^^^^^^^^^^^

warning: struct `PreparedArchive` is never constructed
 --> src/portable_archive.rs:5:19
  |
5 | pub(crate) struct PreparedArchive {
  |                   ^^^^^^^^^^^^^^^

warning: function `prepare_archive` is never used
  --> src/portable_archive.rs:10:15
   |
10 | pub(crate) fn prepare_archive(
   |               ^^^^^^^^^^^^^^^

warning: function `hex_digest` is never used
  --> src/portable_archive.rs:98:4
   |
98 | fn hex_digest(bytes: &[u8]) -> String {
   |    ^^^^^^^^^^

warning: function `referenced_models` is never used
   --> src/portable_archive.rs:110:15
    |
110 | pub(crate) fn referenced_models(
    |               ^^^^^^^^^^^^^^^^^

   Compiling boardstudio-web v0.1.0 (/home/chris/.local/share/boardstudio/worktrees/keymap-search-owner-repair-20261002/web)
warning: `boardstudio-web` (bin "boardstudio-web") generated 7 warnings
    Finished `test` profile [unoptimized + debuginfo] target(s) in 1.93s
     Running tests/keymap_panel_lifecycle.rs (/home/chris/.local/share/boardstudio/worktrees/f56-physical-intents-ticket06-20261002/web/target/debug/deps/keymap_panel_lifecycle-c41df0616c72b219)

running 6 tests
test presentation::selected_key_change_clears_the_search_from_the_previous_selection ... FAILED
test presentation::selection_change_returns_from_macros_to_keys_like_the_reference_owner ... FAILED
test presentation::canvas_selection_clears_a_filter_that_would_hide_the_current_key ... FAILED
test presentation::new_scope_with_identical_key_ids_resets_search ... FAILED
test presentation::same_owner_rerender_and_editor_tabs_preserve_search ... ok
test presentation::layer_and_operation_feedback_updates_keep_the_same_selection_search ... ok

failures:

---- presentation::selected_key_change_clears_the_search_from_the_previous_selection stdout ----

thread 'presentation::selected_key_change_clears_the_search_from_the_previous_selection' (2623543) panicked at tests/keymap_panel_lifecycle/harness.rs:247:5:
assertion `left == right` failed: accepted chooser selection must reset the Inspector search like React
  left: "SW17"
 right: ""
note: run with `RUST_BACKTRACE=1` environment variable to display a backtrace

---- presentation::selection_change_returns_from_macros_to_keys_like_the_reference_owner stdout ----

thread 'presentation::selection_change_returns_from_macros_to_keys_like_the_reference_owner' (2623544) panicked at tests/keymap_panel_lifecycle/harness.rs:346:5:
new selection must show Keys again, mounting its search field

---- presentation::canvas_selection_clears_a_filter_that_would_hide_the_current_key stdout ----

thread 'presentation::canvas_selection_clears_a_filter_that_would_hide_the_current_key' (2623539) panicked at tests/keymap_panel_lifecycle/harness.rs:329:5:
assertion `left == right` failed: canvas-selected SW18 must not be excluded by the old SW17 filter
  left: "SW17"
 right: ""

---- presentation::new_scope_with_identical_key_ids_resets_search stdout ----

thread 'presentation::new_scope_with_identical_key_ids_resets_search' (2623541) panicked at tests/keymap_panel_lifecycle/harness.rs:299:5:
assertion `left == right` failed
  left: "SW17"
 right: ""


failures:
    presentation::canvas_selection_clears_a_filter_that_would_hide_the_current_key
    presentation::new_scope_with_identical_key_ids_resets_search
    presentation::selected_key_change_clears_the_search_from_the_previous_selection
    presentation::selection_change_returns_from_macros_to_keys_like_the_reference_owner

test result: FAILED. 2 passed; 4 failed; 0 ignored; 0 measured; 0 filtered out; finished in 0.00s

error: test failed, to rerun pass `--test keymap_panel_lifecycle`
