   Compiling boardstudio-contracts v0.1.0 (/home/chris/.local/share/boardstudio/worktrees/new17-compact-guide-repair-20261002/contracts/rust)
   Compiling tokio-macros v2.7.2
   Compiling boardstudio-web v0.1.0 (/home/chris/.local/share/boardstudio/worktrees/new17-compact-guide-repair-20261002/web)
   Compiling boardstudio_core v0.1.0 (/home/chris/.local/share/boardstudio/worktrees/new17-compact-guide-repair-20261002/core)
   Compiling tokio v1.53.1
   Compiling boardstudio-application v0.1.0 (/home/chris/.local/share/boardstudio/worktrees/new17-compact-guide-repair-20261002/application)
warning: struct `BundledModel` is never constructed
 --> src/bundled_models.rs:2:19
  |
2 | pub(crate) struct BundledModel {
  |                   ^^^^^^^^^^^^
  |
  = note: `#[warn(dead_code)]` (part of `#[warn(unused)]`) on by default

warning: static `BUNDLED_MODELS` is never used
 --> /home/chris/.local/share/boardstudio/worktrees/case-model-delivery-20261002/web/target/debug/build/boardstudio-web-0d582d7570962d38/out/bundled_ergogen_models.rs:1:19
  |
1 | pub(super) static BUNDLED_MODELS: &[BundledModel] = &[
  |                   ^^^^^^^^^^^^^^

warning: function `bundled_model` is never used
  --> src/bundled_models.rs:12:15
   |
12 | pub(crate) fn bundled_model(id: &str) -> Option<&'static BundledModel> {
   |               ^^^^^^^^^^^^^

warning: struct `PreparedArchive` is never constructed
 --> src/portable_archive.rs:5:19
  |
5 | pub(crate) struct PreparedArchive {
  |                   ^^^^^^^^^^^^^^^

warning: function `prepare_archive` is never used
  --> src/portable_archive.rs:10:15
   |
10 | pub(crate) fn prepare_archive(
   |               ^^^^^^^^^^^^^^^

warning: function `hex_digest` is never used
  --> src/portable_archive.rs:98:4
   |
98 | fn hex_digest(bytes: &[u8]) -> String {
   |    ^^^^^^^^^^

warning: function `referenced_models` is never used
   --> src/portable_archive.rs:110:15
    |
110 | pub(crate) fn referenced_models(
    |               ^^^^^^^^^^^^^^^^^

warning: `boardstudio-web` (bin "boardstudio-web") generated 7 warnings
    Finished `test` profile [unoptimized + debuginfo] target(s) in 24.71s
     Running unittests src/lib.rs (/home/chris/.local/share/boardstudio/worktrees/case-model-delivery-20261002/web/target/debug/deps/boardstudio_web-60a0666db5699cbf)

running 19 tests
test cad_jobs::tests::cad_revision_boundary_rejects_values_that_would_lose_integer_identity ... ok
test cad_jobs::tests::scope_or_scene_revision_mismatch_is_rejected_before_core_work ... ok
test matrix_transform_operation::tests::column_splay_uses_existing_affect_and_origin_operations ... ok
test cad_jobs::tests::completed_cad_reply_requires_current_operation_and_valid_payload ... ok
test cad_jobs::tests::exact_accepts_public_case_payload_without_optional_bounds ... ok
test matrix_transform_operation::tests::cell_edit_preserves_order_and_untouched_cell_fields ... ok
test matrix_transform_operation::tests::linked_layout_rejects_y_mirror_at_the_operation_boundary ... ok
test matrix_transform_operation::tests::key_reset_preserves_assembly_and_cell_identity ... ok
test matrix_transform_operation::tests::empty_key_cell_edit_adds_a_semantic_cell_without_part_ids ... ok
test cad_jobs::tests::flipped_instance_reflects_only_its_board_parts_and_scene_transform ... ok
test cad_jobs::tests::captured_document_and_scene_prepare_through_the_public_core_provider ... ok
test matrix_transform_operation::tests::row_offset_changes_only_the_selected_row_and_preserves_other_matrix_data ... ok
test offline::tests::path_hex_encoding_separates_root_and_subpath_cache_names ... ok
test matrix_transform_operation::tests::remaining_numeric_fields_map_to_their_existing_matrix_properties ... ok
test core_protocol::tests::text_frame_preserves_full_u64_revision_without_a_js_number_round_trip ... ok
test persistence_contract::tests::allows_safe_json_integer_values ... ok
test offline::tests::validates_complete_normalized_manifest ... ok
test persistence_contract::tests::rejects_unsafe_json_integer_values_before_indexeddb_serialization ... ok
test persistence_contract::tests::asset_sha256_matches_standard_digest ... ok

test result: ok. 19 passed; 0 failed; 0 ignored; 0 measured; 0 filtered out; finished in 0.00s

     Running unittests src/main.rs (/home/chris/.local/share/boardstudio/worktrees/case-model-delivery-20261002/web/target/debug/deps/boardstudio_web-d59ae8eced5da74e)

running 57 tests
test bundled_models::tests::lookup_preserves_nested_reference_filenames_from_react_catalogue ... ok
test bundled_models::tests::lookup_preserves_react_thqwgd_source_to_saved_name_aliases ... ok
test bundled_models::tests::lookup_does_not_turn_unknown_identifiers_into_static_paths ... ok
test case_display::tests::partial_reference_alias_colors_remain_resettable ... ok
test case_display::tests::gasket_upper_lower_share_color_without_changing_visibility ... ok
test case_display::tests::pcb_color_reads_reference_alias_and_changes_or_resets_all_aliases ... ok
test closure_clearance::tests::key_rounding_matches_javascript_fixed_decimal_behavior ... ok
test case_generation_admission::tests::unconfigured_unready_physical_scope_disables_case_generation ... ok
test bundled_models::tests::catalogue_covers_each_react_vendor_model_once_with_safe_static_paths ... ok
test firmware_position_choices::tests::choices_match_reference_defaults_labels_and_order ... ok
test firmware_position_projection::tests::exact_outcome_waits_across_revision_and_save_then_confirms_latest_value ... ok
test closure_clearance::tests::positive_and_negative_zero_deduplicate_to_one_js_compatible_key ... ok
test firmware_position_projection::tests::persistence_failure_keeps_accepted_value_and_moved_target_suppresses_feedback ... ok
test footprint_forms::tests::projects_nested_graphics_into_pad_coordinates_and_decodes_text ... ok
test instance_selection::tests::board_fallback_does_not_replace_explicit_preference ... ok
test closure_clearance::tests::screw_clearance_uses_hole_diameter_and_empty_mounts_remove_owned_projection ... ok
test footprint_forms::tests::projects_native_and_legacy_arcs_and_nested_keepouts ... ok
test closure_clearance::tests::projects_canonical_and_flipped_instance_union_and_preserves_other_parts ... ok
test instance_selection::tests::fallback_uses_board_order_without_requiring_mechanical_configuration ... ok
test matrix_transform_lifecycle::tests::another_field_revision_rejects_a_captured_transform_action ... ok
test matrix_transform_lifecycle::tests::current_target_settles_only_its_observed_outcome ... ok
test matrix_transform_lifecycle::tests::terminal_failure_after_scope_loss_retires_without_retargeting_feedback ... ok
test mechanical_feedback::tests::failed_feedback_survives_token_advance_and_unrelated_field_change ... ok
test matrix_transform_lifecycle::tests::hidden_pending_keeps_its_exact_observer_until_terminal_settlement ... ok
test mechanical_feedback::tests::saved_feedback_is_hidden_after_undo_changes_its_field_again ... ok
test instance_selection::tests::restored_instance_recovers_preference_and_reopen_resets_it ... ok
test mechanical_feedback::tests::rejected_request_reaches_its_field_while_older_request_is_pending ... ok
test instance_selection::tests::automatic_navigation_waits_for_real_session_open_and_save ... ok
test matrix_transform_lifecycle::tests::replacement_token_and_revision_are_independently_checked ... ok
test operation_outcomes::tests::dropped_view_and_unrelated_completion_do_not_acknowledge_current_view ... ok
test mechanical_feedback::tests::summary_relevance_tracks_its_field_not_unrelated_configuration_values ... ok
test operation_outcomes::tests::identical_session_rejections_settle_their_own_operations ... ok
test closure_clearance::tests::safe_mh_reference_and_output_count_boundaries_remain_allocatable ... ok
test physical_setup::tests::selection_reconciliation_requires_the_exact_accepted_proposal ... ok
test physical_setup::tests::new_physical_instances_use_the_existing_mechanical_defaults_factory ... ok
test physical_setup::tests::topology_noop_and_invalid_transport_are_rejected_without_changing_input ... ok
test physical_setup::tests::topology_falls_back_to_board_matching_primary_and_resolved_mechanics_for_shared_construction ... ok
test physical_setup::tests::topology_uses_matching_canonical_board_mechanics_before_the_defaults_factory ... ok
test portable_archive::tests::generated_document_owned_model_does_not_require_a_bundled_provider ... ok
test physical_setup::tests::transport_changes_only_the_transport_field ... ok
test portable_archive::tests::a_disabled_embedding_option_can_keep_local_assets_without_resolving_models ... ok
test portable_archive::tests::generated_unknown_ergogen_model_fails_instead_of_silently_omitting ... ok
test physical_setup::tests::reversible_changes_document_flag_and_only_eligible_existing_part_overrides ... ok
test physical_setup::tests::topology_preserves_flipped_primary_and_shared_construction_and_adds_reversible_secondary ... ok
test portable_archive::tests::selected_closure_matches_react_reference_buckets_and_deduplicates ... ok
test setup_guide_state::creation_tests::closed_or_superseded_completed_creation_releases_the_pending_slot ... ok
test setup_guide_state::tests::accepted_rename_and_undo_replace_the_visible_name ... ok
test setup_guide_state::tests::compact_guide_and_settings_reveal_the_requested_surface ... ok
test setup_guide_state::tests::desktop_reveal_pins_only_the_requested_panel ... ok
test setup_guide_state::tests::unrelated_accepted_edits_preserve_typing_but_project_switch_resets_it ... ok
test renderer_host_source_sync::private_page_host_matches_normalized_library_host ... ok
test closure_clearance::tests::unsafe_or_exhausted_mh_references_fail_before_any_core_edit ... ok
test portable_archive::tests::pack_round_trip_keeps_local_bytes_and_optionally_adds_opaque_model_bytes ... ok
test firmware_position_projection::tests::current_real_plan_preserves_matrix_order_labels_and_selected_board_bindings ... ok
test firmware_position_projection::tests::lifecycle_and_mismatched_plan_never_look_like_current_empty_inputs ... ok
test firmware_position_projection::tests::settled_feedback_survives_plan_refresh_but_not_target_or_key_changes ... ok
test firmware_position_projection::tests::admission_and_exact_session_core_outcome_follow_the_accepted_board ... ok

test result: ok. 57 passed; 0 failed; 0 ignored; 0 measured; 0 filtered out; finished in 0.07s

     Running tests/keycaps_fit_lifecycle.rs (/home/chris/.local/share/boardstudio/worktrees/case-model-delivery-20261002/web/target/debug/deps/keycaps_fit_lifecycle-1ebb86d28ad48661)

running 6 tests
test keycaps_fit::tests::findings_are_deduplicated_severity_sorted_and_grouped_like_react ... ok
test keycaps_fit::tests::same_source_retry_and_failure_keep_retained_result_stale ... ok
test absent_source_settles_without_requests ... ok
test pending_browser_request_does_not_touch_signals_after_inspector_unmounts ... ok
test completed_browser_request_settles_against_mounted_inspector ... ok
test accepted_source_settles_after_one_resolution ... ok

test result: ok. 6 passed; 0 failed; 0 ignored; 0 measured; 0 filtered out; finished in 0.00s

     Running tests/keycaps_projection.rs (/home/chris/.local/share/boardstudio/worktrees/case-model-delivery-20261002/web/target/debug/deps/keycaps_projection-6bf554ee6c0e09ed)

running 7 tests
test keycaps_scene::tests::canvas_text_contrast_uses_effective_cap_color_luminance ... ok
test keycaps_scene::tests::contour_points_keeps_coordinates_ordered_for_svg_path_inputs ... ok
test keycaps_scene::tests::key_binding_labels_match_existing_choices_and_fallbacks ... ok
test keycaps_scene::tests::accepted_board_projection_preserves_membership_pose_and_display_fallbacks ... ok
test keycaps_scene::tests::physical_legend_inheritance_uses_legacy_binding_and_active_scope_is_required ... ok
test keycaps_scene::tests::keycaps_projection_supplies_editable_defaults_without_materializing_config ... ok
test keycaps_scene::tests::explicit_blank_keeps_inherited_binding_search_and_settings_are_not_materialized ... ok

test result: ok. 7 passed; 0 failed; 0 ignored; 0 measured; 0 filtered out; finished in 0.00s

     Running tests/layout_align_effect.rs (/home/chris/.local/share/boardstudio/worktrees/case-model-delivery-20261002/web/target/debug/deps/layout_align_effect-a08255744e0f7c85)

running 10 tests
test completed_old_scope_does_not_wait_for_the_new_scopes_lower_revision ... ok
test layout_align_geometry::state_tests::completed_old_scope_is_not_held_by_a_lower_new_revision ... ok
test layout_align_geometry::state_tests::reference_choice_retains_preferences_when_projection_is_unavailable ... ok
test layout_align_geometry::state_tests::reconciliation_writes_only_changed_authoritative_choices ... ok
test layout_align_geometry::tests::six_anchors_align_the_combined_axis_aligned_bounds ... ok
test layout_align_geometry::tests::column_alignment_delta_uses_matrix_rotation_mirror_and_accumulated_splay ... ok
test layout_align_geometry::tests::missing_exact_envelope_and_nonfinite_bounds_are_rejected ... ok
test layout_align_geometry::tests::transformed_switch_keycap_override_uses_four_rotated_corners ... ok
test mounted_empty_reference_effect_does_not_self_trigger ... ok
test mounted_reference_survives_hidden_workspace_and_falls_back_only_when_ineligible ... ok

test result: ok. 10 passed; 0 failed; 0 ignored; 0 measured; 0 filtered out; finished in 0.07s

     Running tests/physical_setup_lifecycle.rs (/home/chris/.local/share/boardstudio/worktrees/case-model-delivery-20261002/web/target/debug/deps/physical_setup_lifecycle-740144b7e87586b8)

running 20 tests
test operation_outcomes::tests::dropped_view_and_unrelated_completion_do_not_acknowledge_current_view ... ok
test operation_outcomes::tests::identical_session_rejections_settle_their_own_operations ... ok
test physical_setup::tests::topology_noop_and_invalid_transport_are_rejected_without_changing_input ... ok
test physical_setup::tests::selection_reconciliation_requires_the_exact_accepted_proposal ... ok
test physical_setup::tests::new_physical_instances_use_the_existing_mechanical_defaults_factory ... ok
test physical_setup::tests::topology_falls_back_to_board_matching_primary_and_resolved_mechanics_for_shared_construction ... ok
test physical_setup::tests::topology_uses_matching_canonical_board_mechanics_before_the_defaults_factory ... ok
test physical_setup::tests::transport_changes_only_the_transport_field ... ok
test physical_setup::tests::topology_preserves_flipped_primary_and_shared_construction_and_adds_reversible_secondary ... ok
test physical_setup::tests::reversible_changes_document_flag_and_only_eligible_existing_part_overrides ... ok
test presentation::tests::closing_project_stage_during_normalization_prevents_submission ... ok
test presentation::tests::case_transport_keeps_the_rendered_scope ... ok
test presentation::tests::retained_rendered_controls_cannot_retarget_another_project ... ok
test presentation::tests::exact_accepted_proposal_advances_only_its_feedback_attribution ... ok
test presentation::tests::hidden_guide_keeps_observer_and_restores_only_same_owner_result ... ok
test presentation::tests::detached_normalization_and_outcome_survive_unmount_without_signal_access ... ok
test presentation::tests::hidden_success_restores_feedback_for_its_exact_accepted_proposal ... ok
test presentation::tests::delayed_preparation_error_and_noop_do_not_appear_under_new_source ... ok
test presentation::tests::retained_rendered_controls_reject_replaced_token_and_generation ... ok
test presentation::tests::terminal_results_keep_exact_observer_but_never_retarget_feedback ... ok

test result: ok. 20 passed; 0 failed; 0 ignored; 0 measured; 0 filtered out; finished in 0.00s

   Doc-tests boardstudio_web

running 0 tests

test result: ok. 0 passed; 0 failed; 0 ignored; 0 measured; 0 filtered out; finished in 0.00s

