{
  "status": "passed",
  "url": "http://127.0.0.1:48613/",
  "report": {
    "close": "settled",
    "crash": "settled",
    "init_failure": "settled",
    "invalid_stale_unsolicited_rejected": 3,
    "open": "passed",
    "parameter_values": "preserved",
    "precision_cases": [
      "9007199254740991",
      "9007199254740993",
      "18446744073709551615"
    ],
    "prefix": "/",
    "received_bytes": [
      3,
      1,
      4
    ],
    "sender_bytes_after_transfer": 0,
    "serialization": "Rust serde_json text frame; core document encoded/decoded and frame copied across boundary; test buffer copied once to JS and once from JS for assertion",
    "snapshot": "passed",
    "status": "passed",
    "worker_url": "/worker/worker-entry.js"
  }
}
