   Compiling proc-macro2 v1.0.107
    Checking futures-core v0.3.34
    Checking slab v0.4.12
    Checking futures-sink v0.3.34
    Checking futures-io v0.3.34
   Compiling serde_core v1.0.229
   Compiling serde v1.0.229
   Compiling parking_lot_core v0.9.12
    Checking scopeguard v1.2.0
   Compiling slotmap v1.1.1
   Compiling anyhow v1.0.104
    Checking once_cell v1.21.4
   Compiling unicode-xid v0.2.6
    Checking konst_macro_rules v0.2.19
    Checking rustc-hash v2.1.3
    Checking longest-increasing-subsequence v0.1.0
    Checking dioxus-core-types v0.7.10
    Checking lock_api v0.4.14
    Checking futures-channel v0.3.34
   Compiling lazy-js-bundle v0.7.10
   Compiling unicode-segmentation v1.13.3
   Compiling fnv v1.0.7
   Compiling ident_case v1.0.1
   Compiling proc-macro2-diagnostics v0.10.1
    Checking keyboard-types v0.7.0
    Checking euclid v0.22.14
    Checking konst v0.2.20
    Checking bytes v1.12.1
    Checking rustc-hash v1.1.0
    Checking tracing-core v0.1.36
    Checking ahash v0.8.12
    Checking sledgehammer_utils v0.3.1
    Checking send_wrapper v0.6.0
    Checking dioxus-config-macros v0.7.10
    Checking parking_lot v0.12.5
   Compiling dioxus-interpreter-js v0.7.10
   Compiling dioxus-document v0.7.10
   Compiling dioxus-web v0.7.10
   Compiling convert_case v0.8.0
   Compiling quote v1.0.47
   Compiling syn v3.0.6
   Compiling syn v2.0.119
   Compiling const_format_proc_macros v0.2.34
   Compiling dioxus-config-macro v0.7.10
    Checking const_format v0.2.36
    Checking serde_json v1.0.151
   Compiling wasm-bindgen-macro-support v0.2.129
   Compiling darling_core v0.21.3
   Compiling dioxus-rsx v0.7.10
   Compiling futures-macro v0.3.34
   Compiling serde_derive v1.0.229
   Compiling thiserror-impl v2.0.21
   Compiling async-trait v0.1.92
   Compiling tracing-attributes v0.1.31
   Compiling pin-project-internal v1.1.13
   Compiling warnings-macro v0.2.0
   Compiling sledgehammer_bindgen_macro v0.6.5
   Compiling dioxus-html-internal-macro v0.7.10
   Compiling dioxus-stores-macro v0.7.10
   Compiling rhai_codegen v3.2.0
    Checking futures-util v0.3.34
   Compiling dioxus-core-macro v0.7.10
    Checking pin-project v1.1.13
    Checking tracing v0.1.44
    Checking thiserror v2.0.21
    Checking generational-box v0.7.10
    Checking warnings v0.2.1
    Checking kiutils_sexpr v0.1.1
   Compiling darling_macro v0.21.3
   Compiling darling v0.21.3
   Compiling enumset_derive v0.15.0
    Checking enumset v1.1.14
    Checking subsecond-types v0.7.10
    Checking boardstudio-contracts v0.1.0 (/home/chris/.local/share/boardstudio/worktrees/p1-u64-repair-20261001/contracts/rust)
   Compiling wasm-bindgen-macro v0.2.129
    Checking wasm-bindgen v0.2.129
    Checking js-sys v0.3.106
    Checking dioxus-cli-config v0.7.10
    Checking sledgehammer_bindgen v0.6.0
    Checking getrandom v0.3.4
    Checking web-sys v0.3.106
    Checking wasm-bindgen-futures v0.4.79
    Checking web-time v1.1.0
    Checking serde-wasm-bindgen v0.6.5
    Checking gloo-timers v0.3.0
    Checking rhai v1.26.1
    Checking boardstudio_core v0.1.0 (/home/chris/.local/share/boardstudio/worktrees/p1-u64-repair-20261001/core)
    Checking subsecond v0.7.10
    Checking wasm-streams v0.4.2
    Checking dioxus-core v0.7.10
    Checking dioxus-signals v0.7.10
    Checking dioxus-devtools-types v0.7.10
    Checking dioxus-history v0.7.10
    Checking dioxus-hooks v0.7.10
    Checking dioxus-devtools v0.7.10
    Checking dioxus-stores v0.7.10
    Checking dioxus-html v0.7.10
    Checking dioxus v0.7.10
    Checking boardstudio-p1-core v0.0.0 (/home/chris/.local/share/boardstudio/worktrees/p1-u64-repair-20261001/.scratch/prototypes/p1-core)
    Finished `dev` profile [unoptimized + debuginfo] target(s) in 43.28s
