   Compiling unicode-ident v1.0.26
    Checking cfg-if v1.0.5
    Checking typenum v1.20.1
    Checking portable-atomic v1.15.0
    Checking serde_core v1.0.229
    Checking libm v0.2.16
    Checking zerocopy v0.8.59
    Checking equivalent v1.0.2
    Checking zlib-rs v0.6.8
    Checking futures-task v0.3.34
    Checking futures-core v0.3.34
    Checking pin-project-lite v0.2.17
    Checking slab v0.4.12
    Checking static_assertions v1.1.0
    Checking memchr v2.8.3
   Compiling getrandom v0.2.17
    Checking hashbrown v0.17.1
   Compiling proc-macro2 v1.0.107
   Compiling wasm-bindgen-shared v0.2.129
    Checking smartstring v1.0.1
    Checking crc32fast v1.5.2
    Checking zmij v1.0.23
    Checking num-traits v0.2.19
    Checking futures-util v0.3.34
   Compiling const-random-macro v0.1.16
    Checking i_tree v0.19.0
    Checking thin-vec v0.2.20
    Checking i_key_sort v0.11.0
    Checking once_cell v1.21.4
    Checking smallvec v1.16.2
    Checking const-random v0.1.18
    Checking typed-path v0.12.3
    Checking cpufeatures v0.3.1
    Checking itoa v1.0.18
    Checking bitflags v2.13.2
   Compiling quote v1.0.47
    Checking indexmap v2.14.2
   Compiling syn v3.0.6
   Compiling syn v2.0.119
    Checking i_float v5.0.0
    Checking flate2 v1.1.10
    Checking hybrid-array v0.4.15
    Checking i_shape v5.0.0
    Checking zip v8.6.0
    Checking i_overlay v9.0.0
    Checking block-buffer v0.12.1
    Checking crypto-common v0.2.2
    Checking digest v0.11.3
    Checking serde_json v1.0.151
    Checking sha2 v0.11.0
    Checking ahash v0.8.12
   Compiling rhai_codegen v3.2.0
   Compiling wasm-bindgen-macro-support v0.2.129
   Compiling thiserror-impl v2.0.21
   Compiling serde_derive v1.0.229
    Checking rhai v1.26.1
    Checking thiserror v2.0.21
    Checking kiutils_sexpr v0.1.1
    Checking serde v1.0.229
    Checking boardstudio-contracts v0.1.0 (/home/chris/.local/share/boardstudio/worktrees/p1-u64-repair-20261001/contracts/rust)
   Compiling wasm-bindgen-macro v0.2.129
    Checking wasm-bindgen v0.2.129
    Checking js-sys v0.3.106
    Checking boardstudio_core v0.1.0 (/home/chris/.local/share/boardstudio/worktrees/p1-u64-repair-20261001/core)
    Checking boardstudio-p1-core v0.0.0 (/home/chris/.local/share/boardstudio/worktrees/p1-u64-repair-20261001/.scratch/prototypes/p1-core)
    Finished `dev` profile [unoptimized + debuginfo] target(s) in 18.91s
