  0.00s  INFO Building project...
  0.90s  INFO Compiled [  1/207]: cfg_if
  0.94s  INFO Compiled [  2/207]: pin_project_lite
  0.95s  INFO Compiled [  3/207]: unicode_ident
  0.95s  INFO Compiled [  4/207]: futures_sink
  0.95s  INFO Compiled [  5/207]: unicode_ident
  1.01s  INFO Compiled [  6/207]: futures_core
  1.06s  INFO Compiled [  7/207]: build-script-build
  1.07s  INFO Compiled [  8/207]: build-script-build
  1.07s  INFO Compiled [  9/207]: futures_io
  1.07s  INFO Compiled [ 10/207]: futures_task
  1.12s  INFO Compiled [ 14/207]: slab
  1.13s  INFO Compiled [ 15/207]: build-script-build
  1.15s  INFO Compiled [ 16/207]: scopeguard
  1.17s  INFO Compiled [ 17/207]: build-script-build
  1.17s  INFO Compiled [ 18/207]: build-script-build
  1.19s  INFO Compiled [ 19/207]: build-script-build
  1.19s  INFO Compiled [ 20/207]: bumpalo
  1.21s  INFO Compiled [ 23/207]: build-script-build
  1.21s  INFO Compiled [ 25/207]: version_check
  1.24s  INFO Compiled [ 27/207]: smallvec
  1.25s  INFO Compiled [ 28/207]: build-script-build
  1.29s  INFO Compiled [ 29/207]: unicode_xid
  1.32s  INFO Compiled [ 31/207]: konst_macro_rules
  1.35s  INFO Compiled [ 33/207]: build-script-build
  1.36s  INFO Compiled [ 34/207]: build-script-build
  1.39s  INFO Compiled [ 36/207]: wasm_bindgen_shared
  1.43s  INFO Compiled [ 38/207]: longest_increasing_subsequence
  1.43s  INFO Compiled [ 39/207]: rustc_hash
  1.48s  INFO Compiled [ 40/207]: lock_api
  1.48s  INFO Compiled [ 41/207]: build-script-build
  1.49s  INFO Compiled [ 42/207]: fnv
  1.54s  INFO Compiled [ 43/207]: dioxus_core_types
  1.55s  INFO Compiled [ 44/207]: futures_channel
  1.57s  INFO Compiled [ 46/207]: parking_lot_core
  1.58s  INFO Compiled [ 47/207]: ident_case
  1.60s  INFO Compiled [ 48/207]: autocfg
  1.65s  INFO Compiled [ 49/207]: build-script-build
  1.69s  INFO Compiled [ 51/207]: lazy_js_bundle
  1.72s  INFO Compiled [ 52/207]: build-script-build
  1.72s  INFO Compiled [ 53/207]: build-script-build
  1.76s  INFO Compiled [ 55/207]: konst
  1.76s  INFO Compiled [ 56/207]: build-script-build
  1.77s  INFO Compiled [ 57/207]: rustversion
  1.80s  INFO Compiled [ 59/207]: build-script-build
  1.81s  INFO Compiled [ 60/207]: crunchy
  1.84s  INFO Compiled [ 63/207]: memchr
  1.86s  INFO Compiled [ 64/207]: cfg_if
  1.89s  INFO Compiled [ 65/207]: portable_atomic
  1.90s  INFO Compiled [ 66/207]: build-script-build
  1.93s  INFO Compiled [ 68/207]: wasm_bindgen_shared
  1.95s  INFO Compiled [ 69/207]: build-script-build
  1.99s  INFO Compiled [ 71/207]: build-script-build
  1.99s  INFO Compiled [ 72/207]: unicode_segmentation
  2.07s  INFO Compiled [ 74/207]: build-script-build
  2.13s  INFO Compiled [ 75/207]: once_cell
  2.13s  INFO Compiled [ 76/207]: itoa
  2.16s  INFO Compiled [ 78/207]: bitflags
  2.16s  INFO Compiled [ 79/207]: zmij
  2.16s  INFO Compiled [ 80/207]: once_cell
  2.20s  INFO Compiled [ 81/207]: tiny_keccak
  2.28s  INFO Compiled [ 82/207]: build-script-build
  2.29s  INFO Compiled [ 83/207]: build-script-build
  2.32s  INFO Compiled [ 84/207]: convert_case
  2.34s  INFO Compiled [ 85/207]: build-script-build
  2.35s  INFO Compiled [ 86/207]: build-script-build
  2.39s  INFO Compiled [ 88/207]: rustc_hash
  2.39s  INFO Compiled [ 89/207]: anyhow
  2.40s  INFO Compiled [ 90/207]: proc_macro2
  2.44s  INFO Compiled [ 91/207]: quote
  2.45s  INFO Compiled [ 92/207]: build-script-build
  2.59s  INFO Compiled [ 94/207]: parking_lot
  2.60s  INFO Compiled [ 95/207]: build-script-build
  2.64s  INFO Compiled [ 98/207]: build-script-build
  2.75s  INFO Compiled [102/207]: sledgehammer_utils
  2.76s  INFO Compiled [103/207]: static_assertions
  2.78s  INFO Compiled [104/207]: build-script-build
  2.81s  INFO Compiled [106/207]: equivalent
  2.98s  INFO Compiled [107/207]: crc32fast
  2.99s  INFO Compiled [108/207]: num_traits
  3.06s  INFO Compiled [109/207]: smartstring
  3.07s  INFO Compiled [110/207]: send_wrapper
  3.27s  INFO Compiled [111/207]: i_key_sort
  3.29s  INFO Compiled [112/207]: typenum
  3.32s  INFO Compiled [113/207]: const_format_proc_macros
  3.34s  INFO Compiled [114/207]: tracing_core
  3.41s  INFO Compiled [115/207]: keyboard_types
  3.42s  INFO Compiled [116/207]: bytes
  3.46s  INFO Compiled [117/207]: hashbrown
  3.48s  INFO Compiled [118/207]: libc
  3.51s  INFO Compiled [119/207]: i_tree
  3.55s  INFO Compiled [120/207]: dioxus_config_macros
  3.59s  INFO Compiled [121/207]: dioxus_config_macro
  3.60s  INFO Compiled [122/207]: getrandom
  3.63s  INFO Compiled [123/207]: thin_vec
  3.81s  INFO Compiled [124/207]: const_format
  3.85s  INFO Compiled [125/207]: const_random_macro
  3.87s  INFO Compiled [126/207]: hybrid_array
  3.88s  INFO Compiled [127/207]: libm
  3.90s  INFO Compiled [128/207]: const_random
  3.91s  INFO Compiled [129/207]: euclid
  3.92s  INFO Compiled [130/207]: i_float
  3.98s  INFO Compiled [131/207]: block_buffer
  4.16s  INFO Compiled [132/207]: indexmap
  4.20s  INFO Compiled [133/207]: i_shape
  4.60s  INFO Compiled [134/207]: typed_path
  4.65s  INFO Compiled [135/207]: zlib_rs
  4.67s  INFO Compiled [136/207]: flate2
  4.68s  INFO Compiled [137/207]: serde_core
  4.68s  INFO Compiled [138/207]: digest
  5.12s  INFO Compiled [139/207]: crypto_common
  5.39s  INFO Compiled [140/207]: zip
  5.44s  INFO Compiled [141/207]: i_overlay
  5.52s  INFO Compiled [142/207]: sha2
  5.53s  INFO Compiled [143/207]: serde_json
  5.92s  INFO Compiled [144/207]: proc_macro2_diagnostics
  6.01s  INFO Compiled [145/207]: zerocopy
  6.14s  INFO Compiled [146/207]: ahash
  6.14s  INFO Compiled [147/207]: syn
  6.15s  INFO Compiled [148/207]: syn
  6.42s  INFO Compiled [149/207]: dioxus_html_internal_macro
  6.43s  INFO Compiled [150/207]: warnings_macro
  6.70s  INFO Compiled [151/207]: dioxus_stores_macro
  6.75s  INFO Compiled [152/207]: futures_macro
  6.79s  INFO Compiled [153/207]: async_trait
  6.91s  INFO Compiled [154/207]: pin_project_internal
  6.96s  INFO Compiled [155/207]: pin_project
  7.02s  INFO Compiled [156/207]: dioxus_rsx
  7.03s  INFO Compiled [157/207]: tracing_attributes
  7.07s  INFO Compiled [158/207]: sledgehammer_bindgen_macro
  7.08s  INFO Compiled [159/207]: rhai_codegen
  7.12s  INFO Compiled [160/207]: thiserror_impl
  7.17s  INFO Compiled [161/207]: thiserror
  7.23s  INFO Compiled [162/207]: warnings
  7.26s  INFO Compiled [163/207]: tracing
  7.32s  INFO Compiled [164/207]: kiutils_sexpr
  7.43s  INFO Compiled [165/207]: generational_box
  7.64s  INFO Compiled [166/207]: darling_core
  7.77s  INFO Compiled [167/207]: dioxus_core_macro
  7.79s  INFO Compiled [168/207]: darling_macro
  7.82s  INFO Compiled [169/207]: darling
  8.13s  INFO Compiled [170/207]: serde_derive
  8.36s  INFO Compiled [171/207]: enumset_derive
  8.50s  INFO Compiled [172/207]: serde
  8.51s  INFO Compiled [173/207]: subsecond_types
  8.61s  INFO Compiled [174/207]: enumset
  8.72s  INFO Compiled [175/207]: boardstudio_contracts
  8.80s  INFO Compiled [176/207]: wasm_bindgen_macro_support
  8.88s  INFO Compiled [177/207]: slotmap
  8.93s  INFO Compiled [178/207]: wasm_bindgen_macro
  8.95s  INFO Compiled [179/207]: futures_util
  9.69s  INFO Compiled [180/207]: sledgehammer_bindgen
  9.75s  INFO Compiled [181/207]: getrandom
  9.76s  INFO Compiled [182/207]: dioxus_cli_config
  9.77s  INFO Compiled [183/207]: wasm_bindgen
 15.04s  INFO Compiled [184/207]: wasm_bindgen_futures
 15.14s  INFO Compiled [185/207]: web_time
 15.17s  INFO Compiled [186/207]: gloo_timers
 15.28s  INFO Compiled [187/207]: serde_wasm_bindgen
 15.56s  INFO Compiled [188/207]: js_sys
 24.49s  INFO Compiled [189/207]: subsecond
 24.59s  INFO Compiled [190/207]: web_sys
 24.87s  INFO Compiled [191/207]: dioxus_interpreter_js
 25.12s  INFO Compiled [192/207]: rhai
 25.24s  INFO Compiled [193/207]: wasm_streams
 25.83s  INFO Compiled [194/207]: dioxus_devtools_types
 25.86s  INFO Compiled [195/207]: dioxus_history
 26.21s  INFO Compiled [196/207]: dioxus_signals
 26.23s  INFO Compiled [197/207]: dioxus_core
 26.38s  INFO Compiled [198/207]: dioxus_devtools
 26.49s  INFO Compiled [199/207]: dioxus_hooks
 26.55s  INFO Compiled [200/207]: dioxus_stores
 27.38s  INFO Compiled [201/207]: dioxus_html
 27.63s  INFO Compiled [202/207]: dioxus_document
 27.92s  INFO Compiled [203/207]: dioxus
 28.09s  INFO Compiled [204/207]: dioxus_web
 44.50s  INFO Compiled [205/207]: boardstudio_core
 44.85s  INFO Compiled [206/207]: boardstudio_p1_core
 55.90s  INFO Compiled [207/207]: boardstudio-p1-core
 55.99s  INFO Bundling app...
 56.14s  INFO Running wasm-bindgen...
 62.38s  INFO Copying asset (1/2): /home/chris/.local/share/boardstudio/worktrees/p1-u64-repair-20261001/.scratch/prototypes/p1-core/target/dx/boardstudio-p1-core/release/web/public/wasm/boardstudio-p1-core_bg.wasm
 62.40s  INFO Copying asset (2/2): /home/chris/.local/share/boardstudio/worktrees/p1-u64-repair-20261001/.scratch/prototypes/p1-core/target/dx/boardstudio-p1-core/release/web/public/wasm/boardstudio-p1-core.js
 62.40s  INFO Client build completed successfully! 🚀 path="/home/chris/.local/share/boardstudio/worktrees/p1-u64-repair-20261001/.scratch/prototypes/p1-core/target/dx/boardstudio-p1-core/release/web/public"
