
test_document_and_unrelated_index_churn_do_not_change_gate_identity (__main__.MigrationGateReceiptTests.test_document_and_unrelated_index_churn_do_not_change_gate_identity) ... FAIL
test_final_fingerprint_preserves_maintained_source_index_and_config_drift (__main__.MigrationGateReceiptTests.test_final_fingerprint_preserves_maintained_source_index_and_config_drift) ... FAIL

======================================================================
FAIL: test_document_and_unrelated_index_churn_do_not_change_gate_identity (__main__.MigrationGateReceiptTests.test_document_and_unrelated_index_churn_do_not_change_gate_identity)
----------------------------------------------------------------------
Traceback (most recent call last):
  File "/tmp/migration-fingerprint-fix-ytutdn5t/test-migration-gate-receipts.py", line 85, in test_document_and_unrelated_index_churn_do_not_change_gate_identity
    self.assertEqual(fingerprint, receipts.source_fingerprint(self.root))
    ~~~~~~~~~~~~~~~~^^^^^^^^^^^^^^^^^^^^^^^^^^^^^^^^^^^^^^^^^^^^^^^^^^^^^
AssertionError: '1cd65e406108e685d3c81670011df805c206d76b75a936ee33ff584fddfc533d' != '926c5e606db8831996235990857bf5583e5d33b5416e066d6f4bf9c1fee76cdb'
- 1cd65e406108e685d3c81670011df805c206d76b75a936ee33ff584fddfc533d
+ 926c5e606db8831996235990857bf5583e5d33b5416e066d6f4bf9c1fee76cdb


======================================================================
FAIL: test_final_fingerprint_preserves_maintained_source_index_and_config_drift (__main__.MigrationGateReceiptTests.test_final_fingerprint_preserves_maintained_source_index_and_config_drift)
----------------------------------------------------------------------
Traceback (most recent call last):
  File "/tmp/migration-fingerprint-fix-ytutdn5t/test-migration-gate-receipts.py", line 102, in test_final_fingerprint_preserves_maintained_source_index_and_config_drift
    self.assertEqual(before, receipts.source_fingerprint(self.root))
    ~~~~~~~~~~~~~~~~^^^^^^^^^^^^^^^^^^^^^^^^^^^^^^^^^^^^^^^^^^^^^^^^
AssertionError: '4b8ff1cb47fb634aaf291c1716ff07e772b1b06ec0ede8f939f7fffbf38c07e0' != '25a7a3c85df1c1ddc35b6240f9af19fa178853c73134ab08bc7457640702f022'
- 4b8ff1cb47fb634aaf291c1716ff07e772b1b06ec0ede8f939f7fffbf38c07e0
+ 25a7a3c85df1c1ddc35b6240f9af19fa178853c73134ab08bc7457640702f022


----------------------------------------------------------------------
Ran 2 tests in 0.060s

FAILED (failures=2)
