   Compiling boardstudio-web v0.1.0 (/home/chris/.local/share/boardstudio/worktrees/f35a-layout-component-refresh-20261003/web)
    Finished `dev` profile [unoptimized + debuginfo] target(s) in 11.05s
[INFO]: ⬇️  Installing wasm-bindgen...
    Finished `test` profile [unoptimized + debuginfo] target(s) in 0.24s
     Running unittests src/main.rs (/home/chris/.local/share/boardstudio/worktrees/f73b-layout-layer-controls-20261002/web/target/wasm32-unknown-unknown/debug/deps/boardstudio_web-058d17bba630f887.wasm)
Running headless tests in Chrome on `http://127.0.0.1:44605/`
Try find `webdriver.json` for configure browser's capabilities:
Not found
Loading Wasm module...
using deprecated parameters for the initialization function; pass a single object instead

running 6 tests
Invoking test: presentation::layout_component_inspector_tests::standalone_component_projection_preserves_accepted_owner_and_metadata
test presentation::layout_component_inspector_tests::standalone_component_projection_preserves_accepted_owner_and_metadata ... ok
Invoking test: presentation::layout_component_inspector_tests::relations_summary_uses_layout_membership_before_constraint_source
test presentation::layout_component_inspector_tests::relations_summary_uses_layout_membership_before_constraint_source ... ok
Invoking test: presentation::layout_component_inspector_tests::mounted_component_margin_enter_commits_and_escape_restores_the_accepted_value
test presentation::layout_component_inspector_tests::mounted_component_margin_enter_commits_and_escape_restores_the_accepted_value ... ok
Invoking test: presentation::layout_component_inspector_tests::mounted_component_inspector_production_handler_rejects_selection_aba_and_unmount
test presentation::layout_component_inspector_tests::mounted_component_inspector_production_handler_rejects_selection_aba_and_unmount ... ok
Invoking test: presentation::layout_component_inspector_tests::mounted_component_drafts_survive_unrelated_acceptance_and_blur_uses_latest_owner
test presentation::layout_component_inspector_tests::mounted_component_drafts_survive_unrelated_acceptance_and_blur_uses_latest_owner ... ok
Invoking test: presentation::layout_component_inspector_tests::component_projection_rejects_ambiguous_and_non_standalone_selection
test presentation::layout_component_inspector_tests::component_projection_rejects_ambiguous_and_non_standalone_selection ... ok

test result: ok. 6 passed; 0 failed; 0 ignored; 148 filtered out; finished in 0.79s

