Running headless tests in Chrome on `http://127.0.0.1:40939/`
Try find `webdriver.json` for configure browser's capabilities:
Ok
Loading Wasm module...

running 1 test
test presentation::mechanical_settings::contextual_layer_tests::custom_profile_geometry_controls_read_apply_edit_and_remove_assigned_profile ... FAIL

failures:

---- presentation::mechanical_settings::contextual_layer_tests::custom_profile_geometry_controls_read_apply_edit_and_remove_assigned_profile output ----
    error output:
        panicked at src/presentation/mechanical_settings.rs:4904:9:
        real Core rejected the UI mapping: Some("A mechanical purpose mapping needs either a source id or both kind and layer")
        
        Stack:
        
        Error
            at http://127.0.0.1:45803/wasm-bindgen-test:1717:25
            at logError (http://127.0.0.1:45803/wasm-bindgen-test:2935:18)
            at __wbg_new_9a14630036bbdb92 (http://127.0.0.1:45803/wasm-bindgen-test:1716:57)
            at boardstudio_web-ade5ef492b9e030c.wasm.<<wasm_bindgen_test[dbba4523c43e7f95]::__rt::Context>::new::panic_handling::Error>::new::__wbg_new_9a14630036bbdb92 externref shim (http://127.0.0.1:45803/wasm-bindgen-test_bg.wasm:wasm-function[211312]:0x272722f)
            at boardstudio_web-ade5ef492b9e030c.wasm.<<wasm_bindgen_test[dbba4523c43e7f95]::__rt::Context>::new::panic_handling::Error>::new (http://127.0.0.1:45803/wasm-bindgen-test_bg.wasm:wasm-function[120509]:0x2350ed4)
            at boardstudio_web-ade5ef492b9e030c.wasm.<wasm_bindgen_test[dbba4523c43e7f95]::__rt::Context>::new::panic_handling (http://127.0.0.1:45803/wasm-bindgen-test_bg.wasm:wasm-function[39320]:0x1a2aec5)
            at boardstudio_web-ade5ef492b9e030c.wasm.<wasm_bindgen_test[dbba4523c43e7f95]::__rt::Context>::new::{closure#0}::{closure#0} (http://127.0.0.1:45803/wasm-bindgen-test_bg.wasm:wasm-function[126673]:0x23af3aa)
            at boardstudio_web-ade5ef492b9e030c.wasm.std[2b356c9112ee3216]::panicking::panic_with_hook (http://127.0.0.1:45803/wasm-bindgen-test_bg.wasm:wasm-function[33252]:0x18d8789)
            at boardstudio_web-ade5ef492b9e030c.wasm.std[2b356c9112ee3216]::panicking::panic_handler::{closure#0} (http://127.0.0.1:45803/wasm-bindgen-test_bg.wasm:wasm-function[70055]:0x1ef0aa9)
            at boardstudio_web-ade5ef492b9e030c.wasm.std[2b356c9112ee3216]::sys::backtrace::__rust_end_short_backtrace::<std[2b356c9112ee3216]::panicking::panic_handler::{closure#0}, !> (http://127.0.0.1:45803/wasm-bindgen-test_bg.wasm:wasm-function[214221]:0x272fe13)
        
        
    
    JS exception that was thrown:
        RuntimeError: unreachable
            at boardstudio_web-ade5ef492b9e030c.wasm.__rustc[4b1ee1ef74718a7b]::__rust_abort (http://127.0.0.1:45803/wasm-bindgen-test_bg.wasm:wasm-function[214853]:0x27310f7)
            at boardstudio_web-ade5ef492b9e030c.wasm.__rustc[4b1ee1ef74718a7b]::__rust_start_panic (http://127.0.0.1:45803/wasm-bindgen-test_bg.wasm:wasm-function[214752]:0x2730f32)
            at boardstudio_web-ade5ef492b9e030c.wasm.__rustc[4b1ee1ef74718a7b]::rust_panic (http://127.0.0.1:45803/wasm-bindgen-test_bg.wasm:wasm-function[212098]:0x2729b89)
            at boardstudio_web-ade5ef492b9e030c.wasm.std[2b356c9112ee3216]::panicking::panic_with_hook (http://127.0.0.1:45803/wasm-bindgen-test_bg.wasm:wasm-function[33252]:0x18d87fc)
            at boardstudio_web-ade5ef492b9e030c.wasm.std[2b356c9112ee3216]::panicking::panic_handler::{closure#0} (http://127.0.0.1:45803/wasm-bindgen-test_bg.wasm:wasm-function[70055]:0x1ef0aa9)
            at boardstudio_web-ade5ef492b9e030c.wasm.std[2b356c9112ee3216]::sys::backtrace::__rust_end_short_backtrace::<std[2b356c9112ee3216]::panicking::panic_handler::{closure#0}, !> (http://127.0.0.1:45803/wasm-bindgen-test_bg.wasm:wasm-function[214221]:0x272fe13)
            at boardstudio_web-ade5ef492b9e030c.wasm.__rustc[4b1ee1ef74718a7b]::rust_begin_unwind (http://127.0.0.1:45803/wasm-bindgen-test_bg.wasm:wasm-function[164517]:0x258f846)
            at boardstudio_web-ade5ef492b9e030c.wasm.core[f0fd674eaa06beef]::panicking::panic_fmt (http://127.0.0.1:45803/wasm-bindgen-test_bg.wasm:wasm-function[124312]:0x238be9a)
            at boardstudio_web-ade5ef492b9e030c.wasm.boardstudio_web[3dae6c1d955382c8]::presentation::mechanical_settings::contextual_layer_tests::custom_profile_geometry_controls_read_apply_edit_and_remove_assigned_profile::{closure#0} (http://127.0.0.1:45803/wasm-bindgen-test_bg.wasm:wasm-function[775]:0x3bc03c)
            at boardstudio_web-ade5ef492b9e030c.wasm.<wasm_bindgen_test[dbba4523c43e7f95]::__rt::Context>::execute_async::<boardstudio_web[3dae6c1d955382c8]::presentation::mechanical_settings::contextual_layer_tests::custom_profile_geometry_controls_read_apply_edit_and_remove_assigned_profile::{closure#0}, boardstudio_web[3dae6c1d955382c8]::presentation::mechanical_settings::contextual_layer_tests::custom_profile_geometry_controls_read_apply_edit_and_remove_assigned_profile>::{closure#0} (http://127.0.0.1:45803/wasm-bindgen-test_bg.wasm:wasm-function[26593]:0x17153cd)

failures:

    presentation::mechanical_settings::contextual_layer_tests::custom_profile_geometry_controls_read_apply_edit_and_remove_assigned_profile

test result: FAILED. 0 passed; 1 failed; 0 ignored; 316 filtered out; finished in 0.38s

console output:
    using deprecated parameters for the initialization function; pass a single object instead
    Invoking test: presentation::mechanical_settings::contextual_layer_tests::custom_profile_geometry_controls_read_apply_edit_and_remove_assigned_profile
    panicked at src/presentation/mechanical_settings.rs:4904:9:
    real Core rejected the UI mapping: Some("A mechanical purpose mapping needs either a source id or both kind and layer")
    
    Stack:
    
    Error
        at http://127.0.0.1:45803/wasm-bindgen-test:1717:25
        at logError (http://127.0.0.1:45803/wasm-bindgen-test:2935:18)
        at __wbg_new_9a14630036bbdb92 (http://127.0.0.1:45803/wasm-bindgen-test:1716:57)
        at boardstudio_web-ade5ef492b9e030c.wasm.<<wasm_bindgen_test[dbba4523c43e7f95]::__rt::Context>::new::panic_handling::Error>::new::__wbg_new_9a14630036bbdb92 externref shim (http://127.0.0.1:45803/wasm-bindgen-test_bg.wasm:wasm-function[211312]:0x272722f)
        at boardstudio_web-ade5ef492b9e030c.wasm.<<wasm_bindgen_test[dbba4523c43e7f95]::__rt::Context>::new::panic_handling::Error>::new (http://127.0.0.1:45803/wasm-bindgen-test_bg.wasm:wasm-function[120509]:0x2350ed4)
        at boardstudio_web-ade5ef492b9e030c.wasm.<wasm_bindgen_test[dbba4523c43e7f95]::__rt::Context>::new::panic_handling (http://127.0.0.1:45803/wasm-bindgen-test_bg.wasm:wasm-function[39320]:0x1a2aec5)
        at boardstudio_web-ade5ef492b9e030c.wasm.<wasm_bindgen_test[dbba4523c43e7f95]::__rt::Context>::new::{closure#0}::{closure#0} (http://127.0.0.1:45803/wasm-bindgen-test_bg.wasm:wasm-function[126673]:0x23af3aa)
        at boardstudio_web-ade5ef492b9e030c.wasm.std[2b356c9112ee3216]::panicking::panic_with_hook (http://127.0.0.1:45803/wasm-bindgen-test_bg.wasm:wasm-function[33252]:0x18d8789)
        at boardstudio_web-ade5ef492b9e030c.wasm.std[2b356c9112ee3216]::panicking::panic_handler::{closure#0} (http://127.0.0.1:45803/wasm-bindgen-test_bg.wasm:wasm-function[70055]:0x1ef0aa9)
        at boardstudio_web-ade5ef492b9e030c.wasm.std[2b356c9112ee3216]::sys::backtrace::__rust_end_short_backtrace::<std[2b356c9112ee3216]::panicking::panic_handler::{closure#0}, !> (http://127.0.0.1:45803/wasm-bindgen-test_bg.wasm:wasm-function[214221]:0x272fe13)
    
    

warning: unused import: `ProjectDoc`
 --> src/presentation/case_controller.rs:9:82
  |
9 |     CaseBody, CaseKind, EditCommand, EditOperation, EditPhase, Mount, MountKind, ProjectDoc, Vec2,
  |                                                                                  ^^^^^^^^^^
  |
  = note: `#[warn(unused_imports)]` (part of `#[warn(unused)]`) on by default

warning: unused import: `wasm_bindgen_futures::spawn_local`
  --> src/presentation/mechanical_settings.rs:20:5
   |
20 | use wasm_bindgen_futures::spawn_local;
   |     ^^^^^^^^^^^^^^^^^^^^^^^^^^^^^^^^^

warning: unused import: `dioxus::prelude::*`
    --> src/presentation/pcb_module_inspector.rs:1078:9
     |
1078 |     use dioxus::prelude::*;
     |         ^^^^^^^^^^^^^^^^^^

warning: unused imports: `SessionEpoch` and `SnapshotToken`
    --> src/presentation/pcb_wiring.rs:1111:35
     |
1111 |     use boardstudio_application::{SessionEpoch, SnapshotToken};
     |                                   ^^^^^^^^^^^^  ^^^^^^^^^^^^^

warning: use of deprecated unit struct `presentation::mechanical_settings::ManufacturingControls::{closure#2}::_::Warning`: Keys are only allowed on the first node in the block.
    --> src/presentation/mechanical_settings.rs:2754:38
     |
2754 | ...                   key: "process-thickness:{target.part_id}",
     |                            ^^^^^^^^^^^^^^^^^^^^^^^^^^^^^^^^^^^^
     |
     = note: `#[warn(deprecated)]` on by default

warning: variable does not need to be mutable
   --> src/presentation/objects/matrix_transform_inspector_tests.rs:693:9
    |
693 |     let mut dom = VirtualDom::new(matrix_transform_host);
    |         ----^^^
    |         |
    |         help: remove this `mut`
    |
    = note: `#[warn(unused_mut)]` (part of `#[warn(unused)]`) on by default

warning: variable does not need to be mutable
    --> src/presentation/mechanical_settings.rs:3212:9
     |
3212 |     let mut geometry_state = use_signal(|| None::<MechanicalGeometry>);
     |         ----^^^^^^^^^^^^^^
     |         |
     |         help: remove this `mut`

warning: variable does not need to be mutable
    --> src/presentation/mechanical_settings.rs:3213:9
     |
3213 |     let mut selected = use_signal(|| Vec::<String>::new());
     |         ----^^^^^^^^
     |         |
     |         help: remove this `mut`

warning: variable does not need to be mutable
    --> src/presentation/mechanical_settings.rs:3214:9
     |
3214 |     let mut purposes = use_signal(|| Vec::<MechanicalPurposeMapping>::new());
     |         ----^^^^^^^^
     |         |
     |         help: remove this `mut`

warning: variable does not need to be mutable
    --> src/presentation/mechanical_settings.rs:3215:9
     |
3215 |     let mut busy = use_signal(|| false);
     |         ----^^^^
     |         |
     |         help: remove this `mut`

warning: variable does not need to be mutable
    --> src/presentation/mechanical_settings.rs:3216:9
     |
3216 |     let mut error = use_signal(String::new);
     |         ----^^^^^
     |         |
     |         help: remove this `mut`

warning: variable does not need to be mutable
    --> src/presentation/mechanical_settings.rs:3322:37
     |
3322 | ...                   let mut sequence = props.request_sequence;
     |                           ----^^^^^^^^
     |                           |
     |                           help: remove this `mut`

warning: variable does not need to be mutable
    --> src/presentation/mechanical_settings.rs:4769:13
     |
4769 |         let mut extracted_definition_ids = use_signal(Vec::<String>::new);
     |             ----^^^^^^^^^^^^^^^^^^^^^^^^
     |             |
     |             help: remove this `mut`

warning: variable does not need to be mutable
    --> src/presentation/parts/preview.rs:1120:13
     |
1120 |         let mut selection = use_signal(|| None::<(Option<Scope>, String)>);
     |             ----^^^^^^^^^
     |             |
     |             help: remove this `mut`

warning: struct `ModuleGroup` is never constructed
  --> src/presentation/parts/modules_catalogue.rs:32:19
   |
32 | pub(super) struct ModuleGroup {
   |                   ^^^^^^^^^^^
   |
   = note: `#[warn(dead_code)]` (part of `#[warn(unused)]`) on by default

warning: method `matches` is never used
  --> src/presentation/parts/modules_catalogue.rs:39:12
   |
38 | impl ModuleGroup {
   | ---------------- method in this implementation
39 |     pub fn matches(&self, query: &str) -> bool {
   |            ^^^^^^^

warning: function `group_choices` is never used
   --> src/presentation/parts/modules_catalogue.rs:328:15
    |
328 | pub(super) fn group_choices(entries: &[ModuleEntry]) -> Vec<ModuleGroup> {
    |               ^^^^^^^^^^^^^

warning: unused `std::result::Result` that must be used
   --> src/presentation/layout_component_inspector_tests.rs:964:5
    |
964 |     x.blur();
    |     ^^^^^^^^
    |
    = note: this `Result` may be an `Err` variant, which should be handled
    = note: `#[warn(unused_must_use)]` (part of `#[warn(unused)]`) on by default
help: use `let _ = ...` to ignore the resulting value
    |
964 |     let _ = x.blur();
    |     +++++++

warning: unused `std::result::Result` that must be used
    --> src/presentation/mechanical_settings.rs:5472:9
     |
5472 |         input.blur();
     |         ^^^^^^^^^^^^
     |
     = note: this `Result` may be an `Err` variant, which should be handled
help: use `let _ = ...` to ignore the resulting value
     |
5472 |         let _ = input.blur();
     |         +++++++

warning: unused `std::result::Result` that must be used
    --> src/presentation/mechanical_settings.rs:5491:9
     |
5491 |         input.blur();
     |         ^^^^^^^^^^^^
     |
     = note: this `Result` may be an `Err` variant, which should be handled
help: use `let _ = ...` to ignore the resulting value
     |
5491 |         let _ = input.blur();
     |         +++++++

warning: unused `std::result::Result` that must be used
    --> src/presentation/mechanical_settings.rs:5508:9
     |
5508 |         input.blur();
     |         ^^^^^^^^^^^^
     |
     = note: this `Result` may be an `Err` variant, which should be handled
help: use `let _ = ...` to ignore the resulting value
     |
5508 |         let _ = input.blur();
     |         +++++++

warning: `boardstudio-web` (bin "boardstudio-web" test) generated 21 warnings (run `cargo fix --bin "boardstudio-web" -p boardstudio-web --tests` to apply 13 suggestions)
warning: variable does not need to be mutable
    --> src/presentation/mechanical_settings.rs:3212:9
     |
3212 |     let mut geometry_state = use_signal(|| None::<MechanicalGeometry>);
     |         ----^^^^^^^^^^^^^^
     |         |
     |         help: remove this `mut`
     |
     = note: `#[warn(unused_mut)]` (part of `#[warn(unused)]`) on by default

warning: function `standard_profile_reply_matches` is never used
   --> src/presentation/parts/mechanical_profile.rs:148:15
    |
148 | pub(crate) fn standard_profile_reply_matches(
    |               ^^^^^^^^^^^^^^^^^^^^^^^^^^^^^^
    |
    = note: `#[warn(dead_code)]` (part of `#[warn(unused)]`) on by default

warning: struct `ModuleGroup` is never constructed
  --> src/presentation/parts/modules_catalogue.rs:32:19
   |
32 | pub(super) struct ModuleGroup {
   |                   ^^^^^^^^^^^

warning: `boardstudio-web` (bin "boardstudio-web") generated 13 warnings (10 duplicates) (run `cargo fix --bin "boardstudio-web" -p boardstudio-web` to apply 1 suggestion)
    Finished `dev` profile [unoptimized + debuginfo] target(s) in 0.29s
warning: unused import: `ProjectDoc`
 --> src/presentation/case_controller.rs:9:82
  |
9 |     CaseBody, CaseKind, EditCommand, EditOperation, EditPhase, Mount, MountKind, ProjectDoc, Vec2,
  |                                                                                  ^^^^^^^^^^
  |
  = note: `#[warn(unused_imports)]` (part of `#[warn(unused)]`) on by default

warning: unused import: `wasm_bindgen_futures::spawn_local`
  --> src/presentation/mechanical_settings.rs:20:5
   |
20 | use wasm_bindgen_futures::spawn_local;
   |     ^^^^^^^^^^^^^^^^^^^^^^^^^^^^^^^^^

warning: unused import: `dioxus::prelude::*`
    --> src/presentation/pcb_module_inspector.rs:1078:9
     |
1078 |     use dioxus::prelude::*;
     |         ^^^^^^^^^^^^^^^^^^

warning: unused imports: `SessionEpoch` and `SnapshotToken`
    --> src/presentation/pcb_wiring.rs:1111:35
     |
1111 |     use boardstudio_application::{SessionEpoch, SnapshotToken};
     |                                   ^^^^^^^^^^^^  ^^^^^^^^^^^^^

warning: use of deprecated unit struct `presentation::mechanical_settings::ManufacturingControls::{closure#2}::_::Warning`: Keys are only allowed on the first node in the block.
    --> src/presentation/mechanical_settings.rs:2754:38
     |
2754 | ...                   key: "process-thickness:{target.part_id}",
     |                            ^^^^^^^^^^^^^^^^^^^^^^^^^^^^^^^^^^^^
     |
     = note: `#[warn(deprecated)]` on by default

warning: variable does not need to be mutable
   --> src/presentation/objects/matrix_transform_inspector_tests.rs:693:9
    |
693 |     let mut dom = VirtualDom::new(matrix_transform_host);
    |         ----^^^
    |         |
    |         help: remove this `mut`
    |
    = note: `#[warn(unused_mut)]` (part of `#[warn(unused)]`) on by default

warning: variable does not need to be mutable
    --> src/presentation/mechanical_settings.rs:3212:9
     |
3212 |     let mut geometry_state = use_signal(|| None::<MechanicalGeometry>);
     |         ----^^^^^^^^^^^^^^
     |         |
     |         help: remove this `mut`

warning: variable does not need to be mutable
    --> src/presentation/mechanical_settings.rs:3213:9
     |
3213 |     let mut selected = use_signal(|| Vec::<String>::new());
     |         ----^^^^^^^^
     |         |
     |         help: remove this `mut`

warning: variable does not need to be mutable
    --> src/presentation/mechanical_settings.rs:3214:9
     |
3214 |     let mut purposes = use_signal(|| Vec::<MechanicalPurposeMapping>::new());
     |         ----^^^^^^^^
     |         |
     |         help: remove this `mut`

warning: variable does not need to be mutable
    --> src/presentation/mechanical_settings.rs:3215:9
     |
3215 |     let mut busy = use_signal(|| false);
     |         ----^^^^
     |         |
     |         help: remove this `mut`

warning: variable does not need to be mutable
    --> src/presentation/mechanical_settings.rs:3216:9
     |
3216 |     let mut error = use_signal(String::new);
     |         ----^^^^^
     |         |
     |         help: remove this `mut`

warning: variable does not need to be mutable
    --> src/presentation/mechanical_settings.rs:3322:37
     |
3322 | ...                   let mut sequence = props.request_sequence;
     |                           ----^^^^^^^^
     |                           |
     |                           help: remove this `mut`

warning: variable does not need to be mutable
    --> src/presentation/mechanical_settings.rs:4769:13
     |
4769 |         let mut extracted_definition_ids = use_signal(Vec::<String>::new);
     |             ----^^^^^^^^^^^^^^^^^^^^^^^^
     |             |
     |             help: remove this `mut`

warning: variable does not need to be mutable
    --> src/presentation/parts/preview.rs:1120:13
     |
1120 |         let mut selection = use_signal(|| None::<(Option<Scope>, String)>);
     |             ----^^^^^^^^^
     |             |
     |             help: remove this `mut`

warning: struct `ModuleGroup` is never constructed
  --> src/presentation/parts/modules_catalogue.rs:32:19
   |
32 | pub(super) struct ModuleGroup {
   |                   ^^^^^^^^^^^
   |
   = note: `#[warn(dead_code)]` (part of `#[warn(unused)]`) on by default

warning: method `matches` is never used
  --> src/presentation/parts/modules_catalogue.rs:39:12
   |
38 | impl ModuleGroup {
   | ---------------- method in this implementation
39 |     pub fn matches(&self, query: &str) -> bool {
   |            ^^^^^^^

warning: function `group_choices` is never used
   --> src/presentation/parts/modules_catalogue.rs:328:15
    |
328 | pub(super) fn group_choices(entries: &[ModuleEntry]) -> Vec<ModuleGroup> {
    |               ^^^^^^^^^^^^^

warning: unused `std::result::Result` that must be used
   --> src/presentation/layout_component_inspector_tests.rs:964:5
    |
964 |     x.blur();
    |     ^^^^^^^^
    |
    = note: this `Result` may be an `Err` variant, which should be handled
    = note: `#[warn(unused_must_use)]` (part of `#[warn(unused)]`) on by default
help: use `let _ = ...` to ignore the resulting value
    |
964 |     let _ = x.blur();
    |     +++++++

warning: unused `std::result::Result` that must be used
    --> src/presentation/mechanical_settings.rs:5472:9
     |
5472 |         input.blur();
     |         ^^^^^^^^^^^^
     |
     = note: this `Result` may be an `Err` variant, which should be handled
help: use `let _ = ...` to ignore the resulting value
     |
5472 |         let _ = input.blur();
     |         +++++++

warning: unused `std::result::Result` that must be used
    --> src/presentation/mechanical_settings.rs:5491:9
     |
5491 |         input.blur();
     |         ^^^^^^^^^^^^
     |
     = note: this `Result` may be an `Err` variant, which should be handled
help: use `let _ = ...` to ignore the resulting value
     |
5491 |         let _ = input.blur();
     |         +++++++

warning: unused `std::result::Result` that must be used
    --> src/presentation/mechanical_settings.rs:5508:9
     |
5508 |         input.blur();
     |         ^^^^^^^^^^^^
     |
     = note: this `Result` may be an `Err` variant, which should be handled
help: use `let _ = ...` to ignore the resulting value
     |
5508 |         let _ = input.blur();
     |         +++++++

warning: `boardstudio-web` (bin "boardstudio-web" test) generated 21 warnings (run `cargo fix --bin "boardstudio-web" -p boardstudio-web --tests` to apply 13 suggestions)
    Finished `test` profile [unoptimized + debuginfo] target(s) in 0.24s
     Running unittests src/main.rs (target/wasm32-unknown-unknown/debug/deps/boardstudio_web-ade5ef492b9e030c.wasm)
Error: some tests failed
error: test failed, to rerun pass `--bin boardstudio-web`

Caused by:
  process didn't exit successfully: `/home/chris/.cache/.wasm-pack/wasm-bindgen-9411bdb1a3e2bbb9/wasm-bindgen-test-runner /home/chris/.local/share/boardstudio/worktrees/migration-m1-continuation-20261001/web/target/wasm32-unknown-unknown/debug/deps/boardstudio_web-ade5ef492b9e030c.wasm 'presentation::mechanical_settings::contextual_layer_tests::custom_profile_geometry_controls_read_apply_edit_and_remove_assigned_profile'` (exit status: 1)
note: test exited abnormally; to see the full output pass --no-capture to the harness.
Error: Running Wasm tests with wasm-bindgen-test failed
Caused by: Running Wasm tests with wasm-bindgen-test failed
Caused by: failed to execute `cargo test`: exited with exit status: 1
  full command: cd "web" && CARGO_TARGET_WASM32_UNKNOWN_UNKNOWN_RUNNER="/home/chris/.cache/.wasm-pack/wasm-bindgen-9411bdb1a3e2bbb9/wasm-bindgen-test-runner" CHROMEDRIVER="/usr/bin/chromedriver" WASM_BINDGEN_TEST_ONLY_WEB="1" "cargo" "test" "--target" "wasm32-unknown-unknown" "--no-default-features" "--features" "page" "--bin" "boardstudio-web" "--" "presentation::mechanical_settings::contextual_layer_tests::custom_profile_geometry_controls_read_apply_edit_and_remove_assigned_profile"
