run-wasm-tests: [1/1] presentation::mechanical_settings::contextual_layer_tests::
{'executed': 9, 'failed': ['presentation::mechanical_settings::contextual_layer_tests::assigned_profile_adds_component_clearance_polygon_without_extraction', 'presentation::mechanical_settings::contextual_layer_tests::custom_profile_geometry_controls_read_apply_edit_and_remove_assigned_profile'], 'problems': []}
--- presentation::mechanical_settings::contextual_layer_tests:: ---
5445 |         let _ = input.blur();
     |         +++++++

warning: unused `std::result::Result` that must be used
    --> src/presentation/mechanical_settings.rs:5464:9
     |
5464 |         input.blur();
     |         ^^^^^^^^^^^^
     |
     = note: this `Result` may be an `Err` variant, which should be handled
help: use `let _ = ...` to ignore the resulting value
     |
5464 |         let _ = input.blur();
     |         +++++++

warning: unused `std::result::Result` that must be used
    --> src/presentation/mechanical_settings.rs:5481:9
     |
5481 |         input.blur();
     |         ^^^^^^^^^^^^
     |
     = note: this `Result` may be an `Err` variant, which should be handled
help: use `let _ = ...` to ignore the resulting value
     |
5481 |         let _ = input.blur();
     |         +++++++

warning: `boardstudio-web` (bin "boardstudio-web" test) generated 20 warnings (run `cargo fix --bin "boardstudio-web" -p boardstudio-web --tests` to apply 12 suggestions)
    Finished `test` profile [unoptimized + debuginfo] target(s) in 0.11s
     Running unittests src/main.rs (target/wasm32-unknown-unknown/debug/deps/boardstudio_web-ade5ef492b9e030c.wasm)
Error: some tests failed
error: test failed, to rerun pass `--bin boardstudio-web`

Caused by:
  process didn't exit successfully: `/home/chris/.cache/.wasm-pack/wasm-bindgen-9411bdb1a3e2bbb9/wasm-bindgen-test-runner /home/chris/.local/share/boardstudio/worktrees/migration-m1-continuation-20261001/web/target/wasm32-unknown-unknown/debug/deps/boardstudio_web-ade5ef492b9e030c.wasm 'presentation::mechanical_settings::contextual_layer_tests::'` (exit status: 1)
note: test exited abnormally; to see the full output pass --no-capture to the harness.
Error: Running Wasm tests with wasm-bindgen-test failed
Caused by: Running Wasm tests with wasm-bindgen-test failed
Caused by: failed to execute `cargo test`: exited with exit status: 1
  full command: cd "web" && CARGO_TARGET_WASM32_UNKNOWN_UNKNOWN_RUNNER="/home/chris/.cache/.wasm-pack/wasm-bindgen-9411bdb1a3e2bbb9/wasm-bindgen-test-runner" CHROMEDRIVER="/usr/bin/chromedriver" WASM_BINDGEN_TEST_ONLY_WEB="1" "cargo" "test" "--target" "wasm32-unknown-unknown" "--no-default-features" "--features" "page" "--bin" "boardstudio-web" "--" "presentation::mechanical_settings::contextual_layer_tests::"
