   Compiling boardstudio-web v0.1.0 (/home/chris/.local/share/boardstudio/worktrees/migration-m1-continuation-20261001/web)
warning: unused import: `ProjectDoc`
 --> src/presentation/case_controller.rs:9:82
  |
9 |     CaseBody, CaseKind, EditCommand, EditOperation, EditPhase, Mount, MountKind, ProjectDoc, Vec2,
  |                                                                                  ^^^^^^^^^^
  |
  = note: `#[warn(unused_imports)]` (part of `#[warn(unused)]`) on by default

warning: unused imports: `SessionEpoch` and `SnapshotToken`
    --> src/presentation/pcb_wiring.rs:1111:35
     |
1111 |     use boardstudio_application::{SessionEpoch, SnapshotToken};
     |                                   ^^^^^^^^^^^^  ^^^^^^^^^^^^^

warning: use of deprecated unit struct `presentation::mechanical_settings::ManufacturingControls::{closure#2}::_::Warning`: Keys are only allowed on the first node in the block.
    --> src/presentation/mechanical_settings.rs:2753:38
     |
2753 | ...                   key: "process-thickness:{target.part_id}",
     |                            ^^^^^^^^^^^^^^^^^^^^^^^^^^^^^^^^^^^^
     |
     = note: `#[warn(deprecated)]` on by default

warning: variable does not need to be mutable
    --> src/presentation/mechanical_settings.rs:3208:9
     |
3208 |     let mut geometry_state = use_signal(|| None::<MechanicalGeometry>);
     |         ----^^^^^^^^^^^^^^
     |         |
     |         help: remove this `mut`
     |
     = note: `#[warn(unused_mut)]` (part of `#[warn(unused)]`) on by default

warning: variable does not need to be mutable
    --> src/presentation/mechanical_settings.rs:3209:9
     |
3209 |     let mut selected = use_signal(|| Vec::<String>::new());
     |         ----^^^^^^^^
     |         |
     |         help: remove this `mut`

warning: variable does not need to be mutable
    --> src/presentation/mechanical_settings.rs:3210:9
     |
3210 |     let mut purposes = use_signal(|| Vec::<MechanicalPurposeMapping>::new());
     |         ----^^^^^^^^
     |         |
     |         help: remove this `mut`

warning: variable does not need to be mutable
    --> src/presentation/mechanical_settings.rs:3211:9
     |
3211 |     let mut busy = use_signal(|| false);
     |         ----^^^^
     |         |
     |         help: remove this `mut`

warning: variable does not need to be mutable
    --> src/presentation/mechanical_settings.rs:3212:9
     |
3212 |     let mut error = use_signal(String::new);
     |         ----^^^^^
     |         |
     |         help: remove this `mut`

warning: variable does not need to be mutable
    --> src/presentation/mechanical_settings.rs:3318:37
     |
3318 | ...                   let mut sequence = props.request_sequence;
     |                           ----^^^^^^^^
     |                           |
     |                           help: remove this `mut`

warning: function `standard_profile_reply_matches` is never used
   --> src/presentation/parts/mechanical_profile.rs:148:15
    |
148 | pub(crate) fn standard_profile_reply_matches(
    |               ^^^^^^^^^^^^^^^^^^^^^^^^^^^^^^
    |
    = note: `#[warn(dead_code)]` (part of `#[warn(unused)]`) on by default

warning: struct `ModuleGroup` is never constructed
  --> src/presentation/parts/modules_catalogue.rs:32:19
   |
32 | pub(super) struct ModuleGroup {
   |                   ^^^^^^^^^^^

warning: method `matches` is never used
  --> src/presentation/parts/modules_catalogue.rs:39:12
   |
38 | impl ModuleGroup {
   | ---------------- method in this implementation
39 |     pub fn matches(&self, query: &str) -> bool {
   |            ^^^^^^^

warning: function `group_choices` is never used
   --> src/presentation/parts/modules_catalogue.rs:328:15
    |
328 | pub(super) fn group_choices(entries: &[ModuleEntry]) -> Vec<ModuleGroup> {
    |               ^^^^^^^^^^^^^

error[E0382]: borrow of moved value: `root`
    --> src/presentation/mechanical_settings.rs:4899:13
     |
4808 |         let root = document.create_element("div").unwrap();
     |             ---- move occurs because `root` has type `web_sys::Element`, which does not implement the `Copy` trait
...
4813 |             dioxus_web::Config::new().rootnode(root.into()),
     |                                                     ------ `root` moved due to this method call
...
4899 |             root.query_selector("select[aria-label='Purpose for Dwgs.User']")
     |             ^^^^ value borrowed here after move
     |
note: `into` takes ownership of the receiver `self`, which moves `root`
    --> /rustc/88d9e12ae178fab0fb5cc050a94da85685d449ea/library/core/src/convert/mod.rs:456:12
help: you can `clone` the value and consume it, but this might not be your desired behavior
     |
4813 |             dioxus_web::Config::new().rootnode(root.clone().into()),
     |                                                    ++++++++

warning: variable does not need to be mutable
   --> src/presentation/objects/matrix_transform_inspector_tests.rs:693:9
    |
693 |     let mut dom = VirtualDom::new(matrix_transform_host);
    |         ----^^^
    |         |
    |         help: remove this `mut`
    |
    = note: `#[warn(unused_mut)]` (part of `#[warn(unused)]`) on by default

warning: variable does not need to be mutable
    --> src/presentation/mechanical_settings.rs:3208:9
     |
3208 |     let mut geometry_state = use_signal(|| None::<MechanicalGeometry>);
     |         ----^^^^^^^^^^^^^^
     |         |
     |         help: remove this `mut`

warning: variable does not need to be mutable
    --> src/presentation/mechanical_settings.rs:4719:13
     |
4719 |         let mut extracted_definition_ids = use_signal(Vec::<String>::new);
     |             ----^^^^^^^^^^^^^^^^^^^^^^^^
     |             |
     |             help: remove this `mut`

warning: variable does not need to be mutable
    --> src/presentation/parts/preview.rs:1120:13
     |
1120 |         let mut selection = use_signal(|| None::<(Option<Scope>, String)>);
     |             ----^^^^^^^^^
     |             |
     |             help: remove this `mut`

For more information about this error, try `rustc --explain E0382`.
warning: `boardstudio-web` (bin "boardstudio-web" test) generated 12 warnings (7 duplicates)
error: could not compile `boardstudio-web` (bin "boardstudio-web" test) due to 1 previous error; 12 warnings emitted
warning: build failed, waiting for other jobs to finish...
warning: `boardstudio-web` (bin "boardstudio-web") generated 12 warnings (run `cargo fix --bin "boardstudio-web" -p boardstudio-web` to apply 7 suggestions)
Error: Compilation of your program failed
Caused by: Compilation of your program failed
Caused by: failed to execute `cargo build`: exited with exit status: 101
  full command: cd "web" && CARGO_BUILD_TARGET="wasm32-unknown-unknown" "cargo" "build" "--tests" "--no-default-features" "--features" "page" "--bin" "boardstudio-web"
migration-deliver: focused-test status=failed command_exit=1 started=2026-10-05T07:04:48+00:00 ended=2026-10-05T07:05:00+00:00 duration=11.59s
