   Compiling boardstudio-web v0.1.0 (/home/chris/.local/share/boardstudio/worktrees/frontend-layout-transform-fields-20261002/web)
warning: constant `PITCH_MM` is never used
 --> src/matrix_setup_operation.rs:5:7
  |
5 | const PITCH_MM: f64 = 19.05;
  |       ^^^^^^^^
  |
  = note: `#[warn(dead_code)]` (part of `#[warn(unused)]`) on by default

warning: constant `MAX_MATRIX_CELLS` is never used
 --> src/matrix_setup_operation.rs:6:7
  |
6 | const MAX_MATRIX_CELLS: u32 = 4096;
  |       ^^^^^^^^^^^^^^^^

warning: enum `MatrixSetupPreset` is never used
 --> src/matrix_setup_operation.rs:9:17
  |
9 | pub(crate) enum MatrixSetupPreset {
  |                 ^^^^^^^^^^^^^^^^^

warning: struct `MatrixSetupRequest` is never constructed
  --> src/matrix_setup_operation.rs:21:19
   |
21 | pub(crate) struct MatrixSetupRequest {
   |                   ^^^^^^^^^^^^^^^^^^

warning: methods `as_str` and `config` are never used
  --> src/matrix_setup_operation.rs:28:19
   |
27 | impl MatrixSetupPreset {
   | ---------------------- methods in this implementation
28 |     pub(crate) fn as_str(self) -> &'static str {
   |                   ^^^^^^
...
41 |     fn config(self) -> PresetConfig {
   |        ^^^^^^

warning: struct `PresetConfig` is never constructed
  --> src/matrix_setup_operation.rs:95:8
   |
95 | struct PresetConfig {
   |        ^^^^^^^^^^^^

warning: struct `PreparedMatrix` is never constructed
   --> src/matrix_setup_operation.rs:102:19
    |
102 | pub(crate) struct PreparedMatrix {
    |                   ^^^^^^^^^^^^^^

warning: function `next_matrix_id` is never used
   --> src/matrix_setup_operation.rs:107:15
    |
107 | pub(crate) fn next_matrix_id(
    |               ^^^^^^^^^^^^^^

warning: function `prepare_matrix` is never used
   --> src/matrix_setup_operation.rs:142:15
    |
142 | pub(crate) fn prepare_matrix(
    |               ^^^^^^^^^^^^^^

warning: function `required_catalogue_definition` is never used
   --> src/matrix_setup_operation.rs:320:4
    |
320 | fn required_catalogue_definition<'a>(
    |    ^^^^^^^^^^^^^^^^^^^^^^^^^^^^^

warning: function `snapshot_definition` is never used
   --> src/matrix_setup_operation.rs:337:4
    |
337 | fn snapshot_definition(
    |    ^^^^^^^^^^^^^^^^^^^

warning: `boardstudio-web` (bin "boardstudio-web" test) generated 11 warnings
    Finished `test` profile [unoptimized + debuginfo] target(s) in 2.45s
     Running unittests src/lib.rs (web/target/debug/deps/boardstudio_web-70dded22e0c0a9c1)

running 19 tests
test cad_jobs::tests::cad_revision_boundary_rejects_values_that_would_lose_integer_identity ... ok
test cad_jobs::tests::completed_cad_reply_requires_current_operation_and_valid_payload ... ok
test cad_jobs::tests::scope_or_scene_revision_mismatch_is_rejected_before_core_work ... ok
test cad_jobs::tests::exact_accepts_public_case_payload_without_optional_bounds ... ok
test matrix_transform_operation::tests::cell_edit_preserves_order_and_untouched_cell_fields ... ok
test matrix_transform_operation::tests::column_splay_uses_existing_affect_and_origin_operations ... ok
test matrix_transform_operation::tests::key_reset_preserves_assembly_and_cell_identity ... ok
test matrix_transform_operation::tests::linked_layout_rejects_y_mirror_at_the_operation_boundary ... ok
test cad_jobs::tests::captured_document_and_scene_prepare_through_the_public_core_provider ... ok
test matrix_transform_operation::tests::empty_key_cell_edit_adds_a_semantic_cell_without_part_ids ... ok
test cad_jobs::tests::flipped_instance_reflects_only_its_board_parts_and_scene_transform ... ok
test matrix_transform_operation::tests::remaining_numeric_fields_map_to_their_existing_matrix_properties ... ok
test matrix_transform_operation::tests::row_offset_changes_only_the_selected_row_and_preserves_other_matrix_data ... ok
test offline::tests::path_hex_encoding_separates_root_and_subpath_cache_names ... ok
test core_protocol::tests::text_frame_preserves_full_u64_revision_without_a_js_number_round_trip ... ok
test persistence_contract::tests::allows_safe_json_integer_values ... ok
test persistence_contract::tests::asset_sha256_matches_standard_digest ... ok
test persistence_contract::tests::rejects_unsafe_json_integer_values_before_indexeddb_serialization ... ok
test offline::tests::validates_complete_normalized_manifest ... ok

test result: ok. 19 passed; 0 failed; 0 ignored; 0 measured; 0 filtered out; finished in 0.00s

     Running unittests src/main.rs (web/target/debug/deps/boardstudio_web-c0024ae15df42a9f)

running 41 tests
test case_display::tests::gasket_upper_lower_share_color_without_changing_visibility ... ok
test case_display::tests::partial_reference_alias_colors_remain_resettable ... ok
test case_display::tests::pcb_color_reads_reference_alias_and_changes_or_resets_all_aliases ... ok
test case_generation_admission::tests::unconfigured_unready_physical_scope_disables_case_generation ... ok
test closure_clearance::tests::key_rounding_matches_javascript_fixed_decimal_behavior ... ok
test firmware_position_projection::tests::exact_outcome_waits_across_revision_and_save_then_confirms_latest_value ... ok
test firmware_position_projection::tests::persistence_failure_keeps_accepted_value_and_moved_target_suppresses_feedback ... ok
test closure_clearance::tests::positive_and_negative_zero_deduplicate_to_one_js_compatible_key ... ok
test closure_clearance::tests::screw_clearance_uses_hole_diameter_and_empty_mounts_remove_owned_projection ... ok
test closure_clearance::tests::projects_canonical_and_flipped_instance_union_and_preserves_other_parts ... ok
test footprint_forms::tests::projects_native_and_legacy_arcs_and_nested_keepouts ... ok
test footprint_forms::tests::projects_nested_graphics_into_pad_coordinates_and_decodes_text ... ok
test instance_selection::tests::board_fallback_does_not_replace_explicit_preference ... ok
test instance_selection::tests::fallback_uses_board_order_without_requiring_mechanical_configuration ... ok
test instance_selection::tests::restored_instance_recovers_preference_and_reopen_resets_it ... ok
test matrix_transform_lifecycle::tests::another_field_revision_rejects_a_captured_transform_action ... ok
test closure_clearance::tests::safe_mh_reference_and_output_count_boundaries_remain_allocatable ... ok
test instance_selection::tests::automatic_navigation_waits_for_real_session_open_and_save ... ok
test matrix_transform_lifecycle::tests::current_target_settles_only_its_observed_outcome ... ok
test matrix_transform_lifecycle::tests::hidden_pending_keeps_its_exact_observer_until_terminal_settlement ... ok
test matrix_transform_lifecycle::tests::replacement_token_and_revision_are_independently_checked ... ok
test matrix_transform_lifecycle::tests::terminal_failure_after_scope_loss_retires_without_retargeting_feedback ... ok
test mechanical_feedback::tests::failed_feedback_survives_token_advance_and_unrelated_field_change ... ok
test mechanical_feedback::tests::rejected_request_reaches_its_field_while_older_request_is_pending ... ok
test mechanical_feedback::tests::saved_feedback_is_hidden_after_undo_changes_its_field_again ... ok
test mechanical_feedback::tests::summary_relevance_tracks_its_field_not_unrelated_configuration_values ... ok
test operation_outcomes::tests::dropped_view_and_unrelated_completion_do_not_acknowledge_current_view ... ok
test operation_outcomes::tests::identical_session_rejections_settle_their_own_operations ... ok
test physical_setup::tests::topology_noop_and_invalid_transport_are_rejected_without_changing_input ... ok
test physical_setup::tests::new_physical_instances_use_the_existing_mechanical_defaults_factory ... ok
test physical_setup::tests::topology_falls_back_to_board_matching_primary_and_resolved_mechanics_for_shared_construction ... ok
test physical_setup::tests::reversible_changes_document_flag_and_only_eligible_existing_part_overrides ... ok
test physical_setup::tests::transport_changes_only_the_transport_field ... ok
test physical_setup::tests::topology_preserves_flipped_primary_and_shared_construction_and_adds_reversible_secondary ... ok
test physical_setup::tests::topology_uses_matching_canonical_board_mechanics_before_the_defaults_factory ... ok
test renderer_host_source_sync::private_page_host_matches_normalized_library_host ... ok
test closure_clearance::tests::unsafe_or_exhausted_mh_references_fail_before_any_core_edit ... ok
test firmware_position_projection::tests::lifecycle_and_mismatched_plan_never_look_like_current_empty_inputs ... ok
test firmware_position_projection::tests::current_real_plan_preserves_matrix_order_labels_and_selected_board_bindings ... ok
test firmware_position_projection::tests::settled_feedback_survives_plan_refresh_but_not_target_or_key_changes ... ok
test firmware_position_projection::tests::admission_and_exact_session_core_outcome_follow_the_accepted_board ... ok

test result: ok. 41 passed; 0 failed; 0 ignored; 0 measured; 0 filtered out; finished in 0.07s

     Running tests/matrix_setup_lifecycle.rs (web/target/debug/deps/matrix_setup_lifecycle-702265f2bd02eb57)

running 11 tests
test operation_outcomes::tests::dropped_view_and_unrelated_completion_do_not_acknowledge_current_view ... ok
test operation_outcomes::tests::identical_session_rejections_settle_their_own_operations ... ok
test presentation::tests::admitted_outcome_survives_editor_unmount_until_exact_terminal ... ok
test presentation::tests::detached_normalization_after_editor_unmount_never_touches_disposed_signals ... ok
test presentation::tests::configured_board_instance_can_open_matrix_setup ... ok
test presentation::tests::nonexistent_physical_instance_cannot_open_matrix_setup ... ok
test presentation::tests::hidden_pending_waits_for_exact_terminal_then_releases_without_selection ... ok
test presentation::tests::completed_creation_without_accepted_snapshot_releases_its_slot ... ok
test presentation::tests::current_saved_completion_selects_the_created_matrix_exactly_once ... ok
test presentation::tests::changed_accepted_token_during_normalization_never_submits ... ok
test presentation::tests::completed_old_project_retires_before_replacement_revision_checks ... ok

test result: ok. 11 passed; 0 failed; 0 ignored; 0 measured; 0 filtered out; finished in 0.00s

     Running tests/matrix_setup_operation.rs (web/target/debug/deps/matrix_setup_operation-cac9c6ef2c04fbf7)

running 5 tests
test generated_matrix_identity_skips_existing_matrix_definition_and_member_ids ... ok
test matrix_setup_rejects_invalid_size_or_missing_real_catalogue_entries ... ok
test matrix_setup_builds_the_reference_mx_rgb_cell_recipe_and_owned_definition_snapshots ... ok
test matrix_setup_maps_every_reference_preset_without_losing_construction_flags ... ok
test matrix_setup_uses_saved_session_history_selection_and_reopen ... ok

test result: ok. 5 passed; 0 failed; 0 ignored; 0 measured; 0 filtered out; finished in 0.00s

   Doc-tests boardstudio_web

running 0 tests

test result: ok. 0 passed; 0 failed; 0 ignored; 0 measured; 0 filtered out; finished in 0.00s

