   Compiling boardstudio-web v0.1.0 (/home/chris/.local/share/boardstudio/worktrees/pcb07-contextual-part-inspector-20261002/web)
    Finished `test` profile [unoptimized + debuginfo] target(s) in 6.91s
     Running unittests src/main.rs (web/target/wasm32-unknown-unknown/debug/deps/boardstudio_web-5309d98e1ff1470e.wasm)
Running headless tests in Chrome on `http://127.0.0.1:41531/`
Try find `webdriver.json` for configure browser's capabilities:
Not found
Loading Wasm module...
using deprecated parameters for the initialization function; pass a single object instead

running 6 tests
Invoking test: presentation::pcb_wiring::part_connections::tests::terminal_mapping_moves_only_target_pins_and_preserves_other_boards
test presentation::pcb_wiring::part_connections::tests::terminal_mapping_moves_only_target_pins_and_preserves_other_boards ... ok
Invoking test: presentation::pcb_wiring::part_connections::tests::mapping_rejects_net_from_another_board
test presentation::pcb_wiring::part_connections::tests::mapping_rejects_net_from_another_board ... ok
Invoking test: presentation::pcb_wiring::part_connections::tests::mapping_rejects_hidden_or_inherited_targets
test presentation::pcb_wiring::part_connections::tests::mapping_rejects_hidden_or_inherited_targets ... ok
Invoking test: presentation::pcb_wiring::part_connections::tests::legacy_net_with_selected_board_part_pin_is_selectable
test presentation::pcb_wiring::part_connections::tests::legacy_net_with_selected_board_part_pin_is_selectable ... ok
Invoking test: presentation::pcb_wiring::part_connections::tests::creating_named_net_adds_it_only_to_selected_board
test presentation::pcb_wiring::part_connections::tests::creating_named_net_adds_it_only_to_selected_board ... ok
Invoking test: presentation::pcb_wiring::controller::part_net_identity_tests::rendered_part_action_is_rejected_after_board_selection_or_snapshot_changes
test presentation::pcb_wiring::controller::part_net_identity_tests::rendered_part_action_is_rejected_after_board_selection_or_snapshot_changes ... ok

test result: ok. 6 passed; 0 failed; 0 ignored; 4 filtered out; finished in 0.03s

