    Checking boardstudio-web v0.1.0 (/home/chris/.local/share/boardstudio/worktrees/migration-m1-continuation-20261001/web)
error: unused import: `MountedModule`
 --> src/presentation/pcb_module_inspector.rs:6:62
  |
6 |     EditCommand, EditOperation, EditPhase, ModuleAttachment, MountedModule, Side,
  |                                                              ^^^^^^^^^^^^^
  |
  = note: `-D unused-imports` implied by `-D warnings`
  = help: to override `-D warnings` add `#[allow(unused_imports)]`

error[E0308]: mismatched types
  --> src/presentation/pcb_module_footprints.rs:73:35
   |
73 |                 if event.key() == "Enter" || event.key() == " " {
   |                    -----------    ^^^^^^^ expected `Key`, found `&str`
   |                    |
   |                    expected because this is `dioxus::prelude::Key`

error[E0308]: mismatched types
  --> src/presentation/pcb_module_footprints.rs:73:61
   |
73 |                 if event.key() == "Enter" || event.key() == " " {
   |                                              -----------    ^^^ expected `Key`, found `&str`
   |                                              |
   |                                              expected because this is `dioxus::prelude::Key`

error[E0369]: binary operation `==` cannot be applied to type `std::rc::Rc<runtime::Runtime>`
   --> src/presentation/pcb_module_inspector.rs:32:1
    |
 32 | #[component]
    | ^^^^^^^^^^^^
    |
note: an implementation of `std::cmp::PartialEq` might be missing for `runtime::Runtime`
   --> src/runtime.rs:340:1
    |
340 | pub struct Runtime {
    | ^^^^^^^^^^^^^^^^^^ must implement `std::cmp::PartialEq`
    = note: this error originates in the attribute macro `component` (in Nightly builds, run with -Z macro-backtrace for more info)
help: consider annotating `runtime::Runtime` with `#[derive(PartialEq)]`
   --> src/runtime.rs:340:1
    |
340 + #[derive(PartialEq)]
341 | pub struct Runtime {
    |

error: use of deprecated method `presentation::pcb_scene::PcbScenePropsBuilder::<((boardstudio_application::AcceptedSnapshot,), (boardstudio_application::Scope,), (std::vec::Vec<std::string::String>,), (u64,), (dioxus::prelude::Callback<presentation::pcb_scene::PcbPartHit>,), (dioxus::prelude::Callback<presentation::pcb_scene::PcbPartPointerDown>,), ())>::build`: Missing required field on_module_select
   --> src/presentation/pcb_scene.rs:433:32
    |
433 |                   svg { PcbScene {
    |  ________________________________^
434 | |                     snapshot,
435 | |                     scope,
436 | |                     selected_ids: Vec::new(),
...   |
439 | |                     on_part_pointer_down: |_| {},
440 | |                 } }
    | |_________________^
    |
    = note: `-D deprecated` implied by `-D warnings`
    = help: to override `-D warnings` add `#[allow(deprecated)]`

error[E0061]: this method takes 1 argument but 0 arguments were supplied
   --> src/presentation/pcb_scene.rs:433:32
    |
433 |                   svg { PcbScene {
    |  ________________________________^
434 | |                     snapshot,
435 | |                     scope,
436 | |                     selected_ids: Vec::new(),
...   |
439 | |                     on_part_pointer_down: |_| {},
440 | |                 } }
    | |_________________^ argument #1 of type `presentation::pcb_scene::PcbScenePropsBuilder_Error_Missing_required_field_on_module_select` is missing
    |
note: method defined here
   --> src/presentation/pcb_scene.rs:32:10
    |
 32 | #[derive(Props, Clone, PartialEq)]
    |          ^^^^^
    = note: this error originates in the derive macro `Props` (in Nightly builds, run with -Z macro-backtrace for more info)
help: provide the argument
    |
440 |                 }(/* presentation::pcb_scene::PcbScenePropsBuilder_Error_Missing_required_field_on_module_select */) }
    |                  +++++++++++++++++++++++++++++++++++++++++++++++++++++++++++++++++++++++++++++++++++++++++++++++++++

error: unreachable pattern
   --> src/presentation/objects/layout_align_controller.rs:897:11
    |
858 |         TreeContext::Row { .. } | TreeContext::MountedModule { .. } => None,
    |                                   --------------------------------- matches all the relevant values
...
897 |         | TreeContext::MountedModule { .. } => None,
    |           ^^^^^^^^^^^^^^^^^^^^^^^^^^^^^^^^^ no value can reach this
    |
    = note: `-D unreachable-patterns` implied by `-D warnings`
    = help: to override `-D warnings` add `#[allow(unreachable_patterns)]`

error[E0596]: cannot borrow `adapter.selected_context` as mutable, as it is not declared as mutable
    --> src/presentation.rs:3611:13
     |
3611 | /             adapter
3612 | |                 .selected_context
     | |_________________________________^ cannot borrow as mutable
     |
help: consider changing this to be mutable
     |
3578 |         let mut adapter = adapter.clone();
     |             +++

error[E0596]: cannot borrow `adapter.anchor_scope` as mutable, as it is not declared as mutable
    --> src/presentation.rs:3617:13
     |
3617 |             adapter.anchor_scope.set(None);
     |             ^^^^^^^^^^^^^^^^^^^^ cannot borrow as mutable
     |
help: consider changing this to be mutable
     |
3578 |         let mut adapter = adapter.clone();
     |             +++

error: unused variable: `snapshot`
    --> src/presentation.rs:3596:22
     |
3596 |             let Some(snapshot) = model.accepted.as_ref().filter(|snapshot| {
     |                      ^^^^^^^^ help: if this is intentional, prefix it with an underscore: `_snapshot`
     |
     = note: `-D unused-variables` implied by `-D warnings`
     = help: to override `-D warnings` add `#[allow(unused_variables)]`

Some errors have detailed explanations: E0308, E0369, E0596.
For more information about an error, try `rustc --explain E0308`.
error: could not compile `boardstudio-web` (bin "boardstudio-web") due to 8 previous errors
warning: build failed, waiting for other jobs to finish...
Some errors have detailed explanations: E0061, E0308, E0369, E0596.
For more information about an error, try `rustc --explain E0061`.
error: could not compile `boardstudio-web` (bin "boardstudio-web" test) due to 10 previous errors
