    Checking boardstudio-web v0.1.0 (/home/chris/.local/share/boardstudio/worktrees/migration-m1-continuation-20261001/web)
error: this `if` statement can be collapsed
   --> src/presentation/pcb_module_inspector.rs:217:43
    |
217 | ...t| if let Ok(number) = event.value().parse::<f64>() { if number.is_finite() { draft.with_mut(|value| value.at.x = number); } }
    |       ^^^^^^^^^^^^^^^^^^^^^^^^^^^^^^^^^^^^^^^^^^^^^^^^^^^^^^^^^^^^^^^^^^^^^^^^^^^^^^^^^^^^^^^^^^^^^^^^^^^^^^^^^^^^^^^^^^^^^^^^^^^
    |
    = help: for further information visit https://rust-lang.github.io/rust-clippy/rust-1.98.0/index.html#collapsible_if
    = note: `-D clippy::collapsible-if` implied by `-D warnings`
    = help: to override `-D warnings` add `#[allow(clippy::collapsible_if)]`
help: collapse nested if block
    |
217 -                     oninput: move |event| if let Ok(number) = event.value().parse::<f64>() { if number.is_finite() { draft.with_mut(|value| value.at.x = number); } }
217 +                     oninput: move |event| if let Ok(number) = event.value().parse::<f64>() && number.is_finite() { draft.with_mut(|value| value.at.x = number); }
    |

error: this `if` statement can be collapsed
   --> src/presentation/pcb_module_inspector.rs:222:43
    |
222 | ...t| if let Ok(number) = event.value().parse::<f64>() { if number.is_finite() { draft.with_mut(|value| value.at.y = number); } }
    |       ^^^^^^^^^^^^^^^^^^^^^^^^^^^^^^^^^^^^^^^^^^^^^^^^^^^^^^^^^^^^^^^^^^^^^^^^^^^^^^^^^^^^^^^^^^^^^^^^^^^^^^^^^^^^^^^^^^^^^^^^^^^
    |
    = help: for further information visit https://rust-lang.github.io/rust-clippy/rust-1.98.0/index.html#collapsible_if
help: collapse nested if block
    |
222 -                     oninput: move |event| if let Ok(number) = event.value().parse::<f64>() { if number.is_finite() { draft.with_mut(|value| value.at.y = number); } }
222 +                     oninput: move |event| if let Ok(number) = event.value().parse::<f64>() && number.is_finite() { draft.with_mut(|value| value.at.y = number); }
    |

error: this `if` statement can be collapsed
   --> src/presentation/pcb_module_inspector.rs:227:43
    |
227 | ...t| if let Ok(number) = event.value().parse::<f64>() { if number.is_finite() { draft.with_mut(|value| value.rotation = number); } }
    |       ^^^^^^^^^^^^^^^^^^^^^^^^^^^^^^^^^^^^^^^^^^^^^^^^^^^^^^^^^^^^^^^^^^^^^^^^^^^^^^^^^^^^^^^^^^^^^^^^^^^^^^^^^^^^^^^^^^^^^^^^^^^^^^^
    |
    = help: for further information visit https://rust-lang.github.io/rust-clippy/rust-1.98.0/index.html#collapsible_if
help: collapse nested if block
    |
227 -                     oninput: move |event| if let Ok(number) = event.value().parse::<f64>() { if number.is_finite() { draft.with_mut(|value| value.rotation = number); } }
227 +                     oninput: move |event| if let Ok(number) = event.value().parse::<f64>() && number.is_finite() { draft.with_mut(|value| value.rotation = number); }
    |

error: this `if` statement can be collapsed
   --> src/presentation/pcb_module_inspector.rs:232:43
    |
232 | ...t| if let Ok(number) = event.value().parse::<f64>() { if number.is_finite() && number >= 0.0 { draft.with_mut(|value| value.gap = number); } }
    |       ^^^^^^^^^^^^^^^^^^^^^^^^^^^^^^^^^^^^^^^^^^^^^^^^^^^^^^^^^^^^^^^^^^^^^^^^^^^^^^^^^^^^^^^^^^^^^^^^^^^^^^^^^^^^^^^^^^^^^^^^^^^^^^^^^^^^^^^^^^^
    |
    = help: for further information visit https://rust-lang.github.io/rust-clippy/rust-1.98.0/index.html#collapsible_if
help: collapse nested if block
    |
232 -                     oninput: move |event| if let Ok(number) = event.value().parse::<f64>() { if number.is_finite() && number >= 0.0 { draft.with_mut(|value| value.gap = number); } }
232 +                     oninput: move |event| if let Ok(number) = event.value().parse::<f64>() && number.is_finite() && number >= 0.0 { draft.with_mut(|value| value.gap = number); }
    |

error: could not compile `boardstudio-web` (bin "boardstudio-web") due to 4 previous errors
warning: build failed, waiting for other jobs to finish...
error: could not compile `boardstudio-web` (bin "boardstudio-web" test) due to 4 previous errors
