    Checking boardstudio-web v0.1.0 (/home/chris/.local/share/boardstudio/worktrees/migration-m1-continuation-20261001/web)
error[E0425]: cannot find value `aria_label` in module `dioxus_elements::svg`
   --> src/presentation/parts/modules_catalogue.rs:378:36
    |
378 | ...   svg { role: "img", aria_label: "{definition.name} source board and components", view_box: "{view_box}", style: "flex: 1; widt...
    |                          ^^^^^^^^^^ not found in `dioxus_elements::svg`

error[E0308]: mismatched types
  --> src/presentation/layout_findings.rs:80:35
   |
80 |                 if event.key() == "Escape" {
   |                    -----------    ^^^^^^^^ expected `Key`, found `&str`
   |                    |
   |                    expected because this is `dioxus::prelude::Key`

error[E0308]: mismatched types
    --> src/presentation.rs:6532:39
     |
6532 |                     document: Rc::new(document.clone()),
     |                               ------- ^^^^^^^^^^^^^^^^ expected `ProjectDoc`, found `Arc<ProjectDoc>`
     |                               |
     |                               arguments to this function are incorrect
     |
     = note: expected struct `boardstudio_core::model::ProjectDoc`
                found struct `std::sync::Arc<boardstudio_core::model::ProjectDoc>`
note: associated function defined here
    --> /rustc/88d9e12ae178fab0fb5cc050a94da85685d449ea/library/alloc/src/rc.rs:419:11

error[E0596]: cannot borrow `focused_finding` as mutable, as it is not declared as mutable
    --> src/presentation.rs:1203:5
     |
1203 |     focused_finding.set(Some(keycaps_finding_marker::FocusedFinding {
     |     ^^^^^^^^^^^^^^^ cannot borrow as mutable
     |
help: consider changing this to be mutable
     |
1108 |     mut focused_finding: Signal<Option<keycaps_finding_marker::FocusedFinding>>,
     |     +++

Some errors have detailed explanations: E0308, E0425, E0596.
For more information about an error, try `rustc --explain E0308`.
error: could not compile `boardstudio-web` (bin "boardstudio-web") due to 4 previous errors
warning: build failed, waiting for other jobs to finish...
error: could not compile `boardstudio-web` (bin "boardstudio-web" test) due to 4 previous errors
