    Checking boardstudio_core v0.1.0 (/home/chris/.local/share/boardstudio/worktrees/migration-m1-continuation-20261001/core)
    Checking boardstudio-application v0.1.0 (/home/chris/.local/share/boardstudio/worktrees/migration-m1-continuation-20261001/application)
    Checking boardstudio-web v0.1.0 (/home/chris/.local/share/boardstudio/worktrees/migration-m1-continuation-20261001/web)
error[E0308]: mismatched types
  --> src/presentation/geometry_scripts.rs:49:77
   |
49 |             let owner_changed = observed_identity.borrow().as_ref() != Some(&identity);
   |                                                                        ---- ^^^^^^^^^ expected `&(String, u64, Option<...>)`, found `&(String, SessionEpoch, Option<...>)`
   |                                                                        |
   |                                                                        arguments to this enum variant are incorrect
   |
   = note: expected reference `&(std::string::String, u64, std::option::Option<_>)`
              found reference `&(std::string::String, boardstudio_application::SessionEpoch, std::option::Option<_>)`
help: the type constructed contains `&(std::string::String, boardstudio_application::SessionEpoch, std::option::Option<(std::string::String, std::string::String, std::string::String, bool)>)` due to the type of the argument passed
  --> src/presentation/geometry_scripts.rs:49:72
   |
49 |             let owner_changed = observed_identity.borrow().as_ref() != Some(&identity);
   |                                                                        ^^^^^---------^
   |                                                                             |
   |                                                                             this argument influences the type of `Some`
note: tuple variant defined here
  --> /rustc/88d9e12ae178fab0fb5cc050a94da85685d449ea/library/core/src/option.rs:606:4

error[E0308]: mismatched types
  --> src/presentation/geometry_scripts.rs:50:52
   |
50 |             *observed_identity.borrow_mut() = Some(identity.clone());
   |                                               ---- ^^^^^^^^^^^^^^^^ expected `(String, u64, Option<...>)`, found `(String, SessionEpoch, Option<...>)`
   |                                               |
   |                                               arguments to this enum variant are incorrect
   |
   = note: expected tuple `(std::string::String, u64, std::option::Option<_>)`
              found tuple `(std::string::String, boardstudio_application::SessionEpoch, std::option::Option<_>)`
help: the type constructed contains `(std::string::String, boardstudio_application::SessionEpoch, std::option::Option<(std::string::String, std::string::String, std::string::String, bool)>)` due to the type of the argument passed
  --> src/presentation/geometry_scripts.rs:50:47
   |
50 |             *observed_identity.borrow_mut() = Some(identity.clone());
   |                                               ^^^^^----------------^
   |                                                    |
   |                                                    this argument influences the type of `Some`
note: tuple variant defined here
  --> /rustc/88d9e12ae178fab0fb5cc050a94da85685d449ea/library/core/src/option.rs:606:4

For more information about this error, try `rustc --explain E0308`.
error: could not compile `boardstudio-web` (bin "boardstudio-web") due to 2 previous errors
warning: build failed, waiting for other jobs to finish...
error: could not compile `boardstudio-web` (bin "boardstudio-web" test) due to 2 previous errors
