holed-plate/cold: p95 314.9 -> 138.6 ms; completion true, paint true, RSS true; copy 93888 / 177120 B; transfer 46944 / 70848 B
holed-plate/warm-uncached: p95 40.7 -> 11.7 ms; completion true, paint true, RSS true; copy 93888 / 177120 B; transfer 46944 / 70848 B
holed-plate/cache-hit: p95 2.0 -> 1.7 ms; completion true, paint true, RSS true; copy 0 / 106272 B; transfer 0 / 70848 B
holed-plate/region-edit: p95 113.7 -> 36.5 ms; completion true, paint true, RSS true; copy 73152 / 182880 B; transfer 36576 / 73152 B
holed-plate/preview-export: p95 120.3 -> 49.2 ms; completion true, paint true, RSS true; copy 281664 / 318816 B; transfer 496621 / 497485 B
holed-plate/direct-export: p95 112.8 -> 80.2 ms; completion true, paint true, RSS true; copy 141696 / 141696 B; transfer 426637 / 426637 B
holed-plate/cancel-retry: p95 199.2 -> 125.4 ms; completion true, paint true, RSS true; copy 93888 / 177120 B; transfer 46944 / 70848 B
boss-tray/cold: p95 662.1 -> 306.0 ms; completion true, paint true, RSS true; copy 387648 / 969120 B; transfer 193824 / 387648 B
boss-tray/warm-uncached: p95 264.1 -> 86.8 ms; completion true, paint true, RSS true; copy 387648 / 969120 B; transfer 193824 / 387648 B
boss-tray/cache-hit: p95 2.8 -> 1.9 ms; completion true, paint true, RSS true; copy 0 / 581472 B; transfer 0 / 387648 B
boss-tray/region-edit: p95 274.7 -> 62.1 ms; completion true, paint true, RSS true; copy 391104 / 977760 B; transfer 195552 / 391104 B
boss-tray/preview-export: p95 234.9 -> 109.0 ms; completion true, paint true, RSS true; copy 1162944 / 1744416 B; transfer 796395 / 990219 B
boss-tray/direct-export: p95 216.8 -> 102.8 ms; completion true, paint true, RSS true; copy 775296 / 775296 B; transfer 602571 / 602571 B
boss-tray/cancel-retry: p95 641.6 -> 361.8 ms; completion true, paint true, RSS true; copy 387648 / 969120 B; transfer 193824 / 387648 B
gasketed-pair/cold: p95 261.5 -> 169.6 ms; completion true, paint true, RSS true; copy 17280 / 43200 B; transfer 8640 / 17280 B
gasketed-pair/warm-uncached: p95 37.7 -> 25.6 ms; completion true, paint true, RSS true; copy 17280 / 43200 B; transfer 8640 / 17280 B
gasketed-pair/cache-hit: p95 1.6 -> 1.6 ms; completion true, paint true, RSS true; copy 0 / 25920 B; transfer 0 / 17280 B
gasketed-pair/region-edit: p95 34.2 -> 32.2 ms; completion true, paint true, RSS true; copy 14400 / 48960 B; transfer 7200 / 23040 B
gasketed-pair/preview-export: p95 52.8 -> 38.9 ms; completion true, paint true, RSS true; copy 51840 / 77760 B; transfer 144802 / 153442 B
gasketed-pair/direct-export: p95 57.6 -> 40.3 ms; completion true, paint true, RSS true; copy 34560 / 34560 B; transfer 136162 / 136162 B
gasketed-pair/cancel-retry: p95 259.4 -> 198.5 ms; completion true, paint true, RSS true; copy 17280 / 43200 B; transfer 8640 / 17280 B
split-assembly/cold: p95 171.9 -> 138.0 ms; completion true, paint true, RSS true; copy 11520 / 28800 B; transfer 5760 / 11520 B
split-assembly/warm-uncached: p95 21.9 -> 15.4 ms; completion true, paint true, RSS true; copy 11520 / 28800 B; transfer 5760 / 11520 B
split-assembly/cache-hit: p95 1.5 -> 1.5 ms; completion true, paint true, RSS true; copy 0 / 17280 B; transfer 0 / 11520 B
split-assembly/region-edit: p95 14.4 -> 13.0 ms; completion true, paint true, RSS true; copy 5760 / 26496 B; transfer 2880 / 13824 B
split-assembly/preview-export: p95 38.5 -> 28.6 ms; completion true, paint true, RSS true; copy 34560 / 51840 B; transfer 111333 / 117093 B
split-assembly/direct-export: p95 37.4 -> 38.2 ms; completion true, paint true, RSS true; copy 23040 / 23040 B; transfer 105573 / 105573 B
split-assembly/cancel-retry: p95 251.0 -> 230.3 ms; completion true, paint true, RSS true; copy 11520 / 28800 B; transfer 5760 / 11520 B
imported-multi-solid/cold: p95 1343.0 -> 743.1 ms; completion true, paint true, RSS true; copy 300816 / 300816 B; transfer 300816 / 300816 B
imported-multi-solid/warm-uncached: p95 473.6 -> 319.4 ms; completion true, paint true, RSS true; copy 300816 / 300816 B; transfer 300816 / 300816 B
