$ node app/scripts/run-cad-benchmark.mjs -- --output /home/chris/.local/share/boardstudio/worktrees/migration-m1-continuation-20261001/.scratch/m1-production/evidence/performance/runs/reference-gates-20261002T002536Z/cad --port 46884
Failed to load resource: the server responded with a status of 404 (Not Found)
session 1/5: holed-plate cold (1)
session 1/5: holed-plate warm-uncached (20)
session 1/5: holed-plate cache-hit (20)
session 1/5: holed-plate region-edit (20)
session 1/5: holed-plate preview-export (20)
session 1/5: holed-plate direct-export (20)
session 1/5: holed-plate cancel-retry (1)
session 1/5: boss-tray cold (1)
session 1/5: boss-tray warm-uncached (20)
session 1/5: boss-tray cache-hit (20)
session 1/5: boss-tray region-edit (20)
session 1/5: boss-tray preview-export (20)
session 1/5: boss-tray direct-export (20)
session 1/5: boss-tray cancel-retry (1)
session 1/5: gasketed-pair cold (1)
session 1/5: gasketed-pair warm-uncached (20)
session 1/5: gasketed-pair cache-hit (20)
session 1/5: gasketed-pair region-edit (20)
session 1/5: gasketed-pair preview-export (20)
session 1/5: gasketed-pair direct-export (20)
session 1/5: gasketed-pair cancel-retry (1)
session 1/5: split-assembly cold (1)
session 1/5: split-assembly warm-uncached (20)
session 1/5: split-assembly cache-hit (20)
session 1/5: split-assembly region-edit (20)
session 1/5: split-assembly preview-export (20)
session 1/5: split-assembly direct-export (20)
session 1/5: split-assembly cancel-retry (1)
session 1/5: imported-multi-solid cold (1)
session 1/5: imported-multi-solid warm-uncached (20)
Failed to load resource: the server responded with a status of 404 (Not Found)
session 2/5: holed-plate cold (1)
session 2/5: holed-plate warm-uncached (20)
session 2/5: holed-plate cache-hit (20)
session 2/5: holed-plate region-edit (20)
session 2/5: holed-plate preview-export (20)
session 2/5: holed-plate direct-export (20)
session 2/5: holed-plate cancel-retry (1)
session 2/5: boss-tray cold (1)
session 2/5: boss-tray warm-uncached (20)
session 2/5: boss-tray cache-hit (20)
session 2/5: boss-tray region-edit (20)
session 2/5: boss-tray preview-export (20)
session 2/5: boss-tray direct-export (20)
session 2/5: boss-tray cancel-retry (1)
session 2/5: gasketed-pair cold (1)
session 2/5: gasketed-pair warm-uncached (20)
session 2/5: gasketed-pair cache-hit (20)
session 2/5: gasketed-pair region-edit (20)
session 2/5: gasketed-pair preview-export (20)
session 2/5: gasketed-pair direct-export (20)
session 2/5: gasketed-pair cancel-retry (1)
session 2/5: split-assembly cold (1)
session 2/5: split-assembly warm-uncached (20)
session 2/5: split-assembly cache-hit (20)
session 2/5: split-assembly region-edit (20)
session 2/5: split-assembly preview-export (20)
session 2/5: split-assembly direct-export (20)
session 2/5: split-assembly cancel-retry (1)
session 2/5: imported-multi-solid cold (1)
session 2/5: imported-multi-solid warm-uncached (20)
Failed to load resource: the server responded with a status of 404 (Not Found)
session 3/5: holed-plate cold (1)
session 3/5: holed-plate warm-uncached (20)
session 3/5: holed-plate cache-hit (20)
session 3/5: holed-plate region-edit (20)
session 3/5: holed-plate preview-export (20)
session 3/5: holed-plate direct-export (20)
session 3/5: holed-plate cancel-retry (1)
session 3/5: boss-tray cold (1)
session 3/5: boss-tray warm-uncached (20)
session 3/5: boss-tray cache-hit (20)
session 3/5: boss-tray region-edit (20)
session 3/5: boss-tray preview-export (20)
session 3/5: boss-tray direct-export (20)
session 3/5: boss-tray cancel-retry (1)
session 3/5: gasketed-pair cold (1)
session 3/5: gasketed-pair warm-uncached (20)
session 3/5: gasketed-pair cache-hit (20)
session 3/5: gasketed-pair region-edit (20)
session 3/5: gasketed-pair preview-export (20)
session 3/5: gasketed-pair direct-export (20)
session 3/5: gasketed-pair cancel-retry (1)
session 3/5: split-assembly cold (1)
session 3/5: split-assembly warm-uncached (20)
session 3/5: split-assembly cache-hit (20)
session 3/5: split-assembly region-edit (20)
session 3/5: split-assembly preview-export (20)
session 3/5: split-assembly direct-export (20)
session 3/5: split-assembly cancel-retry (1)
session 3/5: imported-multi-solid cold (1)
session 3/5: imported-multi-solid warm-uncached (20)
Failed to load resource: the server responded with a status of 404 (Not Found)
session 4/5: holed-plate cold (1)
session 4/5: holed-plate warm-uncached (20)
session 4/5: holed-plate cache-hit (20)
session 4/5: holed-plate region-edit (20)
session 4/5: holed-plate preview-export (20)
session 4/5: holed-plate direct-export (20)
session 4/5: holed-plate cancel-retry (1)
session 4/5: boss-tray cold (1)
session 4/5: boss-tray warm-uncached (20)
session 4/5: boss-tray cache-hit (20)
session 4/5: boss-tray region-edit (20)
session 4/5: boss-tray preview-export (20)
session 4/5: boss-tray direct-export (20)
session 4/5: boss-tray cancel-retry (1)
session 4/5: gasketed-pair cold (1)
session 4/5: gasketed-pair warm-uncached (20)
session 4/5: gasketed-pair cache-hit (20)
session 4/5: gasketed-pair region-edit (20)
session 4/5: gasketed-pair preview-export (20)
session 4/5: gasketed-pair direct-export (20)
session 4/5: gasketed-pair cancel-retry (1)
session 4/5: split-assembly cold (1)
session 4/5: split-assembly warm-uncached (20)
session 4/5: split-assembly cache-hit (20)
session 4/5: split-assembly region-edit (20)
session 4/5: split-assembly preview-export (20)
session 4/5: split-assembly direct-export (20)
session 4/5: split-assembly cancel-retry (1)
session 4/5: imported-multi-solid cold (1)
session 4/5: imported-multi-solid warm-uncached (20)
Failed to load resource: the server responded with a status of 404 (Not Found)
session 5/5: holed-plate cold (1)
session 5/5: holed-plate warm-uncached (20)
session 5/5: holed-plate cache-hit (20)
session 5/5: holed-plate region-edit (20)
session 5/5: holed-plate preview-export (20)
session 5/5: holed-plate direct-export (20)
session 5/5: holed-plate cancel-retry (1)
session 5/5: boss-tray cold (1)
session 5/5: boss-tray warm-uncached (20)
session 5/5: boss-tray cache-hit (20)
session 5/5: boss-tray region-edit (20)
session 5/5: boss-tray preview-export (20)
session 5/5: boss-tray direct-export (20)
session 5/5: boss-tray cancel-retry (1)
session 5/5: gasketed-pair cold (1)
session 5/5: gasketed-pair warm-uncached (20)
session 5/5: gasketed-pair cache-hit (20)
session 5/5: gasketed-pair region-edit (20)
session 5/5: gasketed-pair preview-export (20)
session 5/5: gasketed-pair direct-export (20)
session 5/5: gasketed-pair cancel-retry (1)
session 5/5: split-assembly cold (1)
session 5/5: split-assembly warm-uncached (20)
session 5/5: split-assembly cache-hit (20)
session 5/5: split-assembly region-edit (20)
session 5/5: split-assembly preview-export (20)
session 5/5: split-assembly direct-export (20)
session 5/5: split-assembly cancel-retry (1)
session 5/5: imported-multi-solid cold (1)
session 5/5: imported-multi-solid warm-uncached (20)
